AlmaLinux/RockyLinux/RHEL 9 detected
Setting up the Key4hep software stack release latest-opt from CVMFS
Use the following command to reproduce the current environment: 

        source /cvmfs/sw.hsf.org/key4hep/setup.sh -r 2026-04-08

If you have any issues, comments or requests, open an issue at https://github.com/key4hep/key4hep-spack/issues
Tip: A new -d flag can be used to access debug builds, otherwise the default is the optimized build
| Writing log to 'whizard.log'
|=============================================================================|
|                                                                             |
|    WW             WW  WW   WW  WW  WWWWWW      WW      WWWWW    WWWW        |
|     WW    WW     WW   WW   WW  WW     WW      WWWW     WW  WW   WW  WW      |
|      WW  WW WW  WW    WWWWWWW  WW    WW      WW  WW    WWWWW    WW   WW     |
|       WWWW   WWWW     WW   WW  WW   WW      WWWWWWWW   WW  WW   WW  WW      |
|        WW     WW      WW   WW  WW  WWWWWW  WW      WW  WW   WW  WWWW        |
|                                                                             |
|                                                                             |
|                                        W                                    |
|                                       sW                                    |
|                                       WW                                    |
|                                      sWW                                    |
|                                      WWW                                    |
|                                     wWWW                                    |
|                                    wWWWW                                    |
|                                    WW WW                                    |
|                                    WW WW                                    |
|                                   wWW WW                                    |
|                                  wWW  WW                                    |
|                                  WW   WW                                    |
|                                  WW   WW                                    |
|                                 WW    WW                                    |
|                                 WW    WW                                    |
|                                WW     WW                                    |
|                                WW     WW                                    |
|           wwwwww              WW      WW                                    |
|              WWWWWww          WW      WW                                    |
|                 WWWWWwwwww   WW       WW                                    |
|                     wWWWwwwwwWW       WW                                    |
|                 wWWWWWWWWWWwWWW       WW                                    |
|                wWWWWW       wW        WWWWWWW                               |
|                  WWWW       wW        WW  wWWWWWWWwww                       |
|                   WWWW                      wWWWWWWWwwww                    |
|                     WWWW                      WWWW     WWw                  |
|                       WWWWww                   WWWW                         |
|                           WWWwwww              WWWW                         |
|                               wWWWWwww       wWWWWW                         |
|                                     WwwwwwwwwWWW                            |
|                                                                             |
|                                                                             |
|                                                                             |
|  by:   Wolfgang Kilian, Thorsten Ohl, Juergen Reuter                        |
|        with contributions from Christian Speckner                           |
|        Contact: <whizard@desy.de>                                           |
|                                                                             |
|  if you use WHIZARD please cite:                                            |
|        W. Kilian, T. Ohl, J. Reuter,  Eur.Phys.J.C71 (2011) 1742            |
|                                          [arXiv: 0708.4233 [hep-ph]]        |
|        M. Moretti, T. Ohl, J. Reuter, arXiv: hep-ph/0102195                 |
|                                                                             |
|=============================================================================|
|                               WHIZARD 3.1.5
|=============================================================================|
| Reading model file '/cvmfs/sw.hsf.org/key4hep/releases/2026-04-08/x86_64-almalinux9-gcc14.2.0-opt/whizard/3.1.5-nmagsz/share/whizard/models/SM.mdl'
| Preloaded model: SM
| Process library 'default_lib': initialized
| Preloaded library: default_lib
| Reading model file '/cvmfs/sw.hsf.org/key4hep/releases/2026-04-08/x86_64-almalinux9-gcc14.2.0-opt/whizard/3.1.5-nmagsz/share/whizard/models/SM_hadrons.mdl'
| Reading commands from file 'input.sin'
| Switching to model 'SM', scheme 'default'
| Process library 'default_lib': recorded process 'tt_prod'
| Process library 'default_lib': recorded process 't_decay'
| Process library 'default_lib': recorded process 'tbar_decay'
| Integrate: current process library needs compilation
| Process library 'default_lib': compiling ...
| Process library 'default_lib': writing makefile
| Process library 'default_lib': writing driver
| Process library 'default_lib': creating source code
  RM        tt_prod_i1.f90,.mod,.lo
  RM        t_decay_i1.f90,.mod,.lo
  RM        tbar_decay_i1.f90,.mod,.lo
  OMEGA     tt_prod_i1.f90
[1/1] e- e+ -> t tbar ... allowed. [time: 0.33 secs, total: 0.33 secs, remaining: 0.00 secs]
all processes done. [total time: 0.33 secs]
SUMMARY: 6 fusions, 2 propagators, 2 diagrams
SUMMARY: 4 vertices
  OMEGA     t_decay_i1.f90
[1/1] t -> b mu+ numu ... allowed. [time: 0.33 secs, total: 0.33 secs, remaining: 0.00 secs]
all processes done. [total time: 0.33 secs]
SUMMARY: 3 fusions, 1 propagators, 1 diagrams
SUMMARY: 1 vertices
  OMEGA     tbar_decay_i1.f90
[1/1] tbar -> bbar e- nuebar ... allowed. [time: 0.33 secs, total: 0.33 secs, remaining: 0.00 secs]
all processes done. [total time: 0.33 secs]
SUMMARY: 3 fusions, 1 propagators, 1 diagrams
SUMMARY: 1 vertices
| Process library 'default_lib': compiling sources
  FC        default_lib.lo
| Process library 'default_lib': linking
  FCLD      default_lib.la
| Process library 'default_lib': loading
| Process library 'default_lib': ... success.
| Integrate: compilation done
| RNG: Initializing TAO random-number generator
| RNG: Setting seed for random-number generator to 19671
| Initializing integration for process t_decay:
| Beam structure: [any particles]
| Beam data (decay):
|   t  (mass = 1.7310000E+02 GeV)
| Phase space: generating configuration ...
| Phase space: ... success.
| Phase space: writing configuration file 't_decay.i1.phs'
| ------------------------------------------------------------------------
| Process [decay]: 't_decay'
|   Library name  = 'default_lib'
|   Process index = 2
|   Process components:
|     1: 't_decay_i1':   t => b, mu+, numu [omega]
| ------------------------------------------------------------------------
| Phase space: 2 channels, 5 dimensions
| Phase space: found 2 channels, collected in 2 groves.
| Phase space: Using 2 equivalences between channels.
| Phase space: wood
Warning: No cuts have been defined.
| OpenMP: Using 1 thread
| Starting integration for process 't_decay'
| Integrate: iterations = 3:5000:"gw", 3:20000
| Integrator: 2 chains, 2 channels, 5 dimensions
| Integrator: Using VAMP channel equivalences
| Integrator: 5000 initial calls, 20 bins, stratified = T
| Integrator: VAMP
|=============================================================================|
| It      Calls  Integral[GeV] Error[GeV]  Err[%]    Acc  Eff[%]   Chi2 N[It] |
|=============================================================================|
   1       5000  1.6483599E-01  1.47E-03    0.89    0.63*  38.22
   2       4999  1.6295706E-01  8.29E-04    0.51    0.36*  62.25
   3       4998  1.6413101E-01  6.14E-04    0.37    0.26*  57.71
|-----------------------------------------------------------------------------|
   3      14997  1.6382812E-01  4.68E-04    0.29    0.35   57.71    0.91   3
|-----------------------------------------------------------------------------|
   4      19999  1.6341426E-01  3.08E-04    0.19    0.27   57.07
   5      19999  1.6373819E-01  3.08E-04    0.19    0.27*  56.38
   6      19999  1.6333036E-01  3.06E-04    0.19    0.27*  55.62
|-----------------------------------------------------------------------------|
   6      59997  1.6349370E-01  1.78E-04    0.11    0.27   55.62    0.49   3
|=============================================================================|
| Time estimate for generating 10000 events: 0d:00h:00m:00s
| RNG: Initializing TAO random-number generator
| RNG: Setting seed for random-number generator to 19672
| Initializing integration for process tbar_decay:
| Beam structure: [any particles]
| Beam data (decay):
|   tbar  (mass = 1.7310000E+02 GeV)
| Phase space: generating configuration ...
| Phase space: ... success.
| Phase space: writing configuration file 'tbar_decay.i1.phs'
| ------------------------------------------------------------------------
| Process [decay]: 'tbar_decay'
|   Library name  = 'default_lib'
|   Process index = 3
|   Process components:
|     1: 'tbar_decay_i1':   tbar => bbar, e-, nuebar [omega]
| ------------------------------------------------------------------------
| Phase space: 2 channels, 5 dimensions
| Phase space: found 2 channels, collected in 2 groves.
| Phase space: Using 2 equivalences between channels.
| Phase space: wood
Warning: No cuts have been defined.
| OpenMP: Using 1 thread
| Starting integration for process 'tbar_decay'
| Integrate: iterations = 3:5000:"gw", 3:20000
| Integrator: 2 chains, 2 channels, 5 dimensions
| Integrator: Using VAMP channel equivalences
| Integrator: 5000 initial calls, 20 bins, stratified = T
| Integrator: VAMP
|=============================================================================|
| It      Calls  Integral[GeV] Error[GeV]  Err[%]    Acc  Eff[%]   Chi2 N[It] |
|=============================================================================|
   1       5000  1.6120278E-01  1.50E-03    0.93    0.66*  37.37
   2       4999  1.6279382E-01  8.53E-04    0.52    0.37*  60.67
   3       4998  1.6297305E-01  6.19E-04    0.38    0.27*  65.56
|-----------------------------------------------------------------------------|
   3      14997  1.6274025E-01  4.75E-04    0.29    0.36   65.56    0.60   3
|-----------------------------------------------------------------------------|
   4      19999  1.6370332E-01  3.08E-04    0.19    0.27*  62.06
   5      19999  1.6356783E-01  3.10E-04    0.19    0.27   61.69
   6      19999  1.6348912E-01  3.10E-04    0.19    0.27   61.57
|-----------------------------------------------------------------------------|
   6      59997  1.6358711E-01  1.79E-04    0.11    0.27   61.57    0.12   3
|=============================================================================|
| Time estimate for generating 10000 events: 0d:00h:00m:00s
sqrts =  5.000000000000E+02
?isr_handler = true
$isr_handler_mode = "recoil"
?keep_beams = true
?keep_remnants = true
isr_mass =  5.109970000000E-04
isr_alpha =  7.297352569300E-03
?diagonal_decay = false
?isotropic_decay = false
?polarized_events = true
| RNG: Initializing TAO random-number generator
| RNG: Setting seed for random-number generator to 19673
| Initializing integration for process tt_prod:
| Beam structure: e-, e+ => isr
|   polarization (beam 1):
|     @(+1: +1: ( 1.000000000000E+00, 0.000000000000E+00))
|   polarization (beam 2):
|     @(-1: -1: ( 1.000000000000E+00, 0.000000000000E+00))
|   polarization degree = 1.0000000, 1.0000000
| Beam data (collision):
|   e-  (mass = 5.1099700E-04 GeV)  polarized
|   e+  (mass = 5.1099700E-04 GeV)  polarized
|   sqrts = 5.000000000000E+02 GeV
| Phase space: generating configuration ...
| Phase space: ... success.
| Phase space: writing configuration file 'tt_prod.i1.phs'
| ------------------------------------------------------------------------
| Process [scattering]: 'tt_prod'
|   Library name  = 'default_lib'
|   Process index = 1
|   Process components:
|     1: 'tt_prod_i1':   e-, e+ => t, tbar [omega]
| ------------------------------------------------------------------------
| Phase space: 1 channels, 2 dimensions
| Phase space: found 1 channel, collected in 1 grove.
| Phase space: Using 1 equivalence between channels.
| Phase space: wood
| Beam structure: isr, none => none, isr
| Beam structure: 1 channels, 2 dimensions
Warning: No cuts have been defined.
| OpenMP: Using 1 thread
| Starting integration for process 'tt_prod'
| Integrate: iterations = 5:20000:"gw", 5:50000
| Integrator: 1 chains, 1 channels, 4 dimensions
| Integrator: Using VAMP channel equivalences
| Integrator: 20000 initial calls, 20 bins, stratified = T
| Integrator: VAMP
|=============================================================================|
| It      Calls  Integral[fb]  Error[fb]   Err[%]    Acc  Eff[%]   Chi2 N[It] |
|=============================================================================|
   1      20000  6.3129622E+02  6.93E-01    0.11    0.16*  23.40
   2      20000  6.3166918E+02  4.92E-01    0.08    0.11*  46.97
   3      20000  6.3157909E+02  4.94E-01    0.08    0.11   40.15
   4      20000  6.3178027E+02  4.21E-01    0.07    0.09*  33.87
   5      20000  6.3125456E+02  3.89E-01    0.06    0.09*  40.22
|-----------------------------------------------------------------------------|
   5     100000  6.3152490E+02  2.10E-01    0.03    0.11   40.22    0.26   5
|-----------------------------------------------------------------------------|
   6      48384  6.3094787E+02  2.44E-01    0.04    0.09*  41.07
   7      48384  6.3175804E+02  2.42E-01    0.04    0.08*  41.12
   8      48384  6.3108043E+02  2.48E-01    0.04    0.09   41.08
   9      48384  6.3079665E+02  2.46E-01    0.04    0.09*  41.06
  10      48384  6.3076773E+02  2.46E-01    0.04    0.09   41.05
|-----------------------------------------------------------------------------|
  10     241920  6.3107470E+02  1.10E-01    0.02    0.09   41.05    2.77   5
|=============================================================================|
| Time estimate for generating 10000 events: 0d:00h:00m:01s
| Unstable particle t: computed branching ratios:
|   t_decay: 1.0000000E+00   b, mu+, numu
|   Total width = 1.6349370E-01 GeV (computed)
|               = 1.5230000E+00 GeV (preset)
|   Decay options: helicity treated exactly
| Unstable particle tbar: computed branching ratios:
|   tbar_decay: 1.0000000E+00   bbar, e-, nuebar
|   Total width = 1.6358711E-01 GeV (computed)
|               = 1.5230000E+00 GeV (preset)
|   Decay options: helicity treated exactly
seed = 3400001
n_events = 10000
$sample = "ee_ttbar_mupem_RL100_sc_ISR_500GeV__shard_0001"
?polarized_events = true
| Starting simulation for process 'tt_prod'
| Simulate: using integration grids from file 'tt_prod.m1.vg'
| Simulate: activating decays
| Simulate: activating ISR handler
| Simulate: ISR/EPA handler mode: pair recoil
| Simulate: using integration grids from file 't_decay.m1.vg'
| Simulate: using integration grids from file 'tbar_decay.m1.vg'
| RNG: Initializing TAO random-number generator
| RNG: Setting seed for random-number generator to 24897
| OpenMP: Using 1 thread
| Simulation: requested number of events = 10000
|             corr. to luminosity [fb-1] =   1.5846E+01
| Events: writing to LHEF file 'ee_ttbar_mupem_RL100_sc_ISR_500GeV__shard_0001.lhe'
| Events: writing to raw file 'ee_ttbar_mupem_RL100_sc_ISR_500GeV__shard_0001.evx'
| Events: generating 10000 unweighted, polarized events ...
| Events: event normalization mode '1'
|         ... event sample complete.
| Events: actual unweighting efficiency =  41.40 %
| Events: closing LHEF file 'ee_ttbar_mupem_RL100_sc_ISR_500GeV__shard_0001.lhe'
| Events: closing raw file 'ee_ttbar_mupem_RL100_sc_ISR_500GeV__shard_0001.evx'
| There were no errors and    3 warning(s).
| WHIZARD run finished.
|=============================================================================|
