000 (6052601.000.000) 08/16 22:30:20 Job submitted from host: <188.185.133.2:9618?addrs=188.185.133.2-9618+[2001-1458-d03-2--100-208]-9618&alias=bigbird102.cern.ch&noUDP&sock=schedd_5723_1498>
    DAG Node: P_A10_S0
...
040 (6052601.000.000) 08/16 22:31:18 Started transferring input files
	Transferring to host: <188.185.196.52:9618?addrs=188.185.196.52-9618+[2001-1458-303-23--100-30]-9618&alias=b9p16p0444.cern.ch&noUDP&sock=slot1_3_6845_abef_29492>
...
040 (6052601.000.000) 08/16 22:31:18 Finished transferring input files
...
001 (6052601.000.000) 08/16 22:31:19 Job executing on host: <188.185.196.52:9618?addrs=188.185.196.52-9618+[2001-1458-303-23--100-30]-9618&alias=b9p16p0444.cern.ch&noUDP&sock=startd_6164_91dc>
	SlotName: slot1_3@b9p16p0444.cern.ch
	CondorScratchDir = "/pool/condor/dir_3979100"
	Cpus = 1
	Disk = 6148980
	GPUs = 0
	Memory = 3000
...
006 (6052601.000.000) 08/16 22:31:27 Image size of job updated: 6388
	7  -  MemoryUsage of job (MB)
	6388  -  ResidentSetSize of job (KB)
...
006 (6052601.000.000) 08/16 22:36:27 Image size of job updated: 110764
	109  -  MemoryUsage of job (MB)
	110764  -  ResidentSetSize of job (KB)
...
006 (6052601.000.000) 08/16 22:41:28 Image size of job updated: 110932
	109  -  MemoryUsage of job (MB)
	110932  -  ResidentSetSize of job (KB)
...
006 (6052601.000.000) 08/16 22:44:57 Image size of job updated: 111272
	109  -  MemoryUsage of job (MB)
	110932  -  ResidentSetSize of job (KB)
...
040 (6052601.000.000) 08/16 22:44:57 Started transferring output files
...
040 (6052601.000.000) 08/16 22:44:57 Finished transferring output files
...
005 (6052601.000.000) 08/16 22:44:58 Job terminated.
	(1) Normal termination (return value 0)
		Usr 0 00:13:14, Sys 0 00:00:05  -  Run Remote Usage
		Usr 0 00:00:00, Sys 0 00:00:00  -  Run Local Usage
		Usr 0 00:13:14, Sys 0 00:00:05  -  Total Remote Usage
		Usr 0 00:00:00, Sys 0 00:00:00  -  Total Local Usage
	16459  -  Run Bytes Sent By Job
	7151  -  Run Bytes Received By Job
	16459  -  Total Bytes Sent By Job
	7151  -  Total Bytes Received By Job
	Partitionable Resources :    Usage  Request Allocated 
	   Cpus                 :     0.99        1         1 
	   Disk (KB)            :  9654     6144000   6148980 
	   GPUs                 :                           0 
	   Memory (MB)          :   109        3000      3000 
	   TimeExecute (s)      :   818                       
	   TimeSlotBusy (s)     :   822                       
...
