000 (6052557.000.000) 08/16 22:30:19 Job submitted from host: <188.185.133.2:9618?addrs=188.185.133.2-9618+[2001-1458-d03-2--100-208]-9618&alias=bigbird102.cern.ch&noUDP&sock=schedd_5723_1498>
    DAG Node: P_A04_S4
...
040 (6052557.000.000) 08/16 22:31:07 Started transferring input files
	Transferring to host: <188.185.193.141:9618?addrs=188.185.193.141-9618+[2001-1458-303-20--100-89]-9618&alias=b9p19p3773.cern.ch&noUDP&sock=slot1_23_5695_6481_31769>
...
040 (6052557.000.000) 08/16 22:31:07 Finished transferring input files
...
001 (6052557.000.000) 08/16 22:31:08 Job executing on host: <188.185.193.141:9618?addrs=188.185.193.141-9618+[2001-1458-303-20--100-89]-9618&alias=b9p19p3773.cern.ch&noUDP&sock=startd_4621_333a>
	SlotName: slot1_23@b9p19p3773.cern.ch
	CondorScratchDir = "/pool/condor/dir_835375"
	Cpus = 1
	Disk = 6146731
	GPUs = 0
	Memory = 3000
...
006 (6052557.000.000) 08/16 22:31:17 Image size of job updated: 17684
	18  -  MemoryUsage of job (MB)
	17684  -  ResidentSetSize of job (KB)
...
006 (6052557.000.000) 08/16 22:36:18 Image size of job updated: 126932
	124  -  MemoryUsage of job (MB)
	126932  -  ResidentSetSize of job (KB)
...
006 (6052557.000.000) 08/16 22:46:20 Image size of job updated: 126936
	124  -  MemoryUsage of job (MB)
	126936  -  ResidentSetSize of job (KB)
...
040 (6052557.000.000) 08/16 22:52:14 Started transferring output files
...
040 (6052557.000.000) 08/16 22:52:14 Finished transferring output files
...
005 (6052557.000.000) 08/16 22:52:14 Job terminated.
	(1) Normal termination (return value 0)
		Usr 0 00:20:34, Sys 0 00:00:05  -  Run Remote Usage
		Usr 0 00:00:00, Sys 0 00:00:00  -  Run Local Usage
		Usr 0 00:20:34, Sys 0 00:00:05  -  Total Remote Usage
		Usr 0 00:00:00, Sys 0 00:00:00  -  Total Local Usage
	16528  -  Run Bytes Sent By Job
	7151  -  Run Bytes Received By Job
	16528  -  Total Bytes Sent By Job
	7151  -  Total Bytes Received By Job
	Partitionable Resources :    Usage  Request Allocated 
	   Cpus                 :     0.99        1         1 
	   Disk (KB)            : 39673     6144000   6146731 
	   GPUs                 :                           0 
	   Memory (MB)          :   124        3000      3000 
	   TimeExecute (s)      :  1266                       
	   TimeSlotBusy (s)     :  1268                       
...
