000 (6052639.000.000) 08/16 22:30:26 Job submitted from host: <188.185.133.2:9618?addrs=188.185.133.2-9618+[2001-1458-d03-2--100-208]-9618&alias=bigbird102.cern.ch&noUDP&sock=schedd_5723_1498>
    DAG Node: P_A14_S6
...
040 (6052639.000.000) 08/16 22:31:25 Started transferring input files
	Transferring to host: <188.185.197.69:9618?addrs=188.185.197.69-9618+[2001-1458-303-24--100-41]-9618&alias=b9p14p2599.cern.ch&noUDP&sock=slot1_32_4435_9bcd_23533>
...
040 (6052639.000.000) 08/16 22:31:25 Finished transferring input files
...
001 (6052639.000.000) 08/16 22:31:26 Job executing on host: <188.185.197.69:9618?addrs=188.185.197.69-9618+[2001-1458-303-24--100-41]-9618&alias=b9p14p2599.cern.ch&noUDP&sock=startd_3421_1994>
	SlotName: slot1_32@b9p14p2599.cern.ch
	CondorScratchDir = "/pool/condor/dir_758081"
	Cpus = 1
	Disk = 6151216
	GPUs = 0
	Memory = 3000
...
006 (6052639.000.000) 08/16 22:31:35 Image size of job updated: 18488
	19  -  MemoryUsage of job (MB)
	18488  -  ResidentSetSize of job (KB)
...
006 (6052639.000.000) 08/16 22:36:36 Image size of job updated: 114632
	112  -  MemoryUsage of job (MB)
	114632  -  ResidentSetSize of job (KB)
...
006 (6052639.000.000) 08/16 22:41:36 Image size of job updated: 114800
	113  -  MemoryUsage of job (MB)
	114800  -  ResidentSetSize of job (KB)
...
006 (6052639.000.000) 08/16 22:46:36 Image size of job updated: 114968
	113  -  MemoryUsage of job (MB)
	114968  -  ResidentSetSize of job (KB)
...
006 (6052639.000.000) 08/16 22:51:37 Image size of job updated: 115020
	113  -  MemoryUsage of job (MB)
	115020  -  ResidentSetSize of job (KB)
...
006 (6052639.000.000) 08/16 22:56:10 Image size of job updated: 115308
	113  -  MemoryUsage of job (MB)
	115020  -  ResidentSetSize of job (KB)
...
040 (6052639.000.000) 08/16 22:56:10 Started transferring output files
...
040 (6052639.000.000) 08/16 22:56:10 Finished transferring output files
...
005 (6052639.000.000) 08/16 22:56:11 Job terminated.
	(1) Normal termination (return value 0)
		Usr 0 00:24:17, Sys 0 00:00:04  -  Run Remote Usage
		Usr 0 00:00:00, Sys 0 00:00:00  -  Run Local Usage
		Usr 0 00:24:17, Sys 0 00:00:04  -  Total Remote Usage
		Usr 0 00:00:00, Sys 0 00:00:00  -  Total Local Usage
	16455  -  Run Bytes Sent By Job
	7151  -  Run Bytes Received By Job
	16455  -  Total Bytes Sent By Job
	7151  -  Total Bytes Received By Job
	Partitionable Resources :    Usage  Request Allocated 
	   Cpus                 :     0.99        1         1 
	   Disk (KB)            :  9654     6144000   6151216 
	   GPUs                 :                           0 
	   Memory (MB)          :   113        3000      3000 
	   TimeExecute (s)      :  1484                       
	   TimeSlotBusy (s)     :  1486                       
...
