000 (6052527.000.000) 08/16 22:30:18 Job submitted from host: <188.185.133.2:9618?addrs=188.185.133.2-9618+[2001-1458-d03-2--100-208]-9618&alias=bigbird102.cern.ch&noUDP&sock=schedd_5723_1498>
    DAG Node: P_A00_S6
...
040 (6052527.000.000) 08/16 22:30:47 Started transferring input files
	Transferring to host: <128.142.162.20:9618?addrs=128.142.162.20-9618+[2001-1458-301-7b--100-d]-9618&alias=b9g42p1027.cern.ch&noUDP&sock=slot1_23_4119_f541_21978>
...
040 (6052527.000.000) 08/16 22:30:47 Finished transferring input files
...
001 (6052527.000.000) 08/16 22:30:48 Job executing on host: <128.142.162.20:9618?addrs=128.142.162.20-9618+[2001-1458-301-7b--100-d]-9618&alias=b9g42p1027.cern.ch&noUDP&sock=startd_3782_b745>
	SlotName: slot1_23@b9g42p1027.cern.ch
	CondorScratchDir = "/pool/condor/dir_1693756"
	Cpus = 1
	Disk = 6146803
	GPUs = 0
	Memory = 3000
...
006 (6052527.000.000) 08/16 22:30:57 Image size of job updated: 28328
	28  -  MemoryUsage of job (MB)
	28328  -  ResidentSetSize of job (KB)
...
006 (6052527.000.000) 08/16 22:35:58 Image size of job updated: 138292
	136  -  MemoryUsage of job (MB)
	138292  -  ResidentSetSize of job (KB)
...
006 (6052527.000.000) 08/16 22:40:59 Image size of job updated: 149896
	147  -  MemoryUsage of job (MB)
	149896  -  ResidentSetSize of job (KB)
...
006 (6052527.000.000) 08/16 22:46:00 Image size of job updated: 161296
	158  -  MemoryUsage of job (MB)
	161296  -  ResidentSetSize of job (KB)
...
006 (6052527.000.000) 08/16 22:46:33 Image size of job updated: 163524
	158  -  MemoryUsage of job (MB)
	161296  -  ResidentSetSize of job (KB)
...
040 (6052527.000.000) 08/16 22:46:33 Started transferring output files
...
040 (6052527.000.000) 08/16 22:46:33 Finished transferring output files
...
005 (6052527.000.000) 08/16 22:46:33 Job terminated.
	(1) Normal termination (return value 0)
		Usr 0 00:15:26, Sys 0 00:00:04  -  Run Remote Usage
		Usr 0 00:00:00, Sys 0 00:00:00  -  Run Local Usage
		Usr 0 00:15:26, Sys 0 00:00:04  -  Total Remote Usage
		Usr 0 00:00:00, Sys 0 00:00:00  -  Total Local Usage
	16720  -  Run Bytes Sent By Job
	7151  -  Run Bytes Received By Job
	16720  -  Total Bytes Sent By Job
	7151  -  Total Bytes Received By Job
	Partitionable Resources :    Usage  Request Allocated 
	   Cpus                 :     0.99        1         1 
	   Disk (KB)            : 39633     6144000   6146803 
	   GPUs                 :                           0 
	   Memory (MB)          :   158        3000      3000 
	   TimeExecute (s)      :   945                       
	   TimeSlotBusy (s)     :   947                       
...
