000 (6052588.000.000) 08/16 22:30:19 Job submitted from host: <188.185.133.2:9618?addrs=188.185.133.2-9618+[2001-1458-d03-2--100-208]-9618&alias=bigbird102.cern.ch&noUDP&sock=schedd_5723_1498>
    DAG Node: P_A08_S3
...
040 (6052588.000.000) 08/16 22:31:12 Started transferring input files
	Transferring to host: <188.185.196.123:9618?addrs=188.185.196.123-9618+[2001-1458-303-23--100-77]-9618&alias=b9p16p2769.cern.ch&noUDP&sock=slot1_36_2873515_048c_16888>
...
040 (6052588.000.000) 08/16 22:31:12 Finished transferring input files
...
001 (6052588.000.000) 08/16 22:31:13 Job executing on host: <188.185.196.123:9618?addrs=188.185.196.123-9618+[2001-1458-303-23--100-77]-9618&alias=b9p16p2769.cern.ch&noUDP&sock=startd_3165_8156>
	SlotName: slot1_36@b9p16p2769.cern.ch
	CondorScratchDir = "/pool/condor/dir_1422667"
	Cpus = 1
	Disk = 6146735
	GPUs = 0
	Memory = 3000
...
006 (6052588.000.000) 08/16 22:31:22 Image size of job updated: 17348
	17  -  MemoryUsage of job (MB)
	17348  -  ResidentSetSize of job (KB)
...
006 (6052588.000.000) 08/16 22:36:23 Image size of job updated: 126936
	124  -  MemoryUsage of job (MB)
	126936  -  ResidentSetSize of job (KB)
...
006 (6052588.000.000) 08/16 22:51:25 Image size of job updated: 126940
	124  -  MemoryUsage of job (MB)
	126940  -  ResidentSetSize of job (KB)
...
006 (6052588.000.000) 08/16 22:56:26 Image size of job updated: 138652
	136  -  MemoryUsage of job (MB)
	138652  -  ResidentSetSize of job (KB)
...
006 (6052588.000.000) 08/16 23:11:28 Image size of job updated: 138656
	136  -  MemoryUsage of job (MB)
	138656  -  ResidentSetSize of job (KB)
...
006 (6052588.000.000) 08/16 23:16:28 Image size of job updated: 150256
	147  -  MemoryUsage of job (MB)
	150256  -  ResidentSetSize of job (KB)
...
006 (6052588.000.000) 08/16 23:31:30 Image size of job updated: 150260
	147  -  MemoryUsage of job (MB)
	150260  -  ResidentSetSize of job (KB)
...
040 (6052588.000.000) 08/16 23:34:24 Started transferring output files
...
040 (6052588.000.000) 08/16 23:34:24 Finished transferring output files
...
005 (6052588.000.000) 08/16 23:34:24 Job terminated.
	(1) Normal termination (return value 0)
		Usr 0 01:02:19, Sys 0 00:00:07  -  Run Remote Usage
		Usr 0 00:00:00, Sys 0 00:00:00  -  Run Local Usage
		Usr 0 01:02:19, Sys 0 00:00:07  -  Total Remote Usage
		Usr 0 00:00:00, Sys 0 00:00:00  -  Total Local Usage
	16660  -  Run Bytes Sent By Job
	7151  -  Run Bytes Received By Job
	16660  -  Total Bytes Sent By Job
	7151  -  Total Bytes Received By Job
	Partitionable Resources :    Usage  Request Allocated 
	   Cpus                 :     0.99        1         1 
	   Disk (KB)            : 39673     6144000   6146735 
	   GPUs                 :                           0 
	   Memory (MB)          :   147        3000      3000 
	   TimeExecute (s)      :  3791                       
	   TimeSlotBusy (s)     :  3793                       
...
