000 (6052568.000.000) 08/16 22:30:19 Job submitted from host: <188.185.133.2:9618?addrs=188.185.133.2-9618+[2001-1458-d03-2--100-208]-9618&alias=bigbird102.cern.ch&noUDP&sock=schedd_5723_1498>
    DAG Node: P_A05_S7
...
040 (6052568.000.000) 08/16 22:31:07 Started transferring input files
	Transferring to host: <188.185.194.66:9618?addrs=188.185.194.66-9618+[2001-1458-303-21--100-3e]-9618&alias=b9p20p0860.cern.ch&noUDP&sock=slot1_34_1532306_f220_29714>
...
040 (6052568.000.000) 08/16 22:31:07 Finished transferring input files
...
001 (6052568.000.000) 08/16 22:31:08 Job executing on host: <188.185.194.66:9618?addrs=188.185.194.66-9618+[2001-1458-303-21--100-3e]-9618&alias=b9p20p0860.cern.ch&noUDP&sock=startd_2668_9ac4>
	SlotName: slot1_34@b9p20p0860.cern.ch
	CondorScratchDir = "/pool/condor/dir_600409"
	Cpus = 1
	Disk = 6148996
	GPUs = 0
	Memory = 3000
...
006 (6052568.000.000) 08/16 22:31:17 Image size of job updated: 18236
	18  -  MemoryUsage of job (MB)
	18236  -  ResidentSetSize of job (KB)
...
006 (6052568.000.000) 08/16 22:36:18 Image size of job updated: 114992
	113  -  MemoryUsage of job (MB)
	114992  -  ResidentSetSize of job (KB)
...
006 (6052568.000.000) 08/16 22:38:00 Image size of job updated: 115332
	113  -  MemoryUsage of job (MB)
	114992  -  ResidentSetSize of job (KB)
...
040 (6052568.000.000) 08/16 22:38:00 Started transferring output files
...
040 (6052568.000.000) 08/16 22:38:00 Finished transferring output files
...
005 (6052568.000.000) 08/16 22:38:01 Job terminated.
	(1) Normal termination (return value 0)
		Usr 0 00:06:28, Sys 0 00:00:04  -  Run Remote Usage
		Usr 0 00:00:00, Sys 0 00:00:00  -  Run Local Usage
		Usr 0 00:06:28, Sys 0 00:00:04  -  Total Remote Usage
		Usr 0 00:00:00, Sys 0 00:00:00  -  Total Local Usage
	16455  -  Run Bytes Sent By Job
	7151  -  Run Bytes Received By Job
	16455  -  Total Bytes Sent By Job
	7151  -  Total Bytes Received By Job
	Partitionable Resources :    Usage  Request Allocated 
	   Cpus                 :     0.99        1         1 
	   Disk (KB)            :  9654     6144000   6148996 
	   GPUs                 :                           0 
	   Memory (MB)          :   113        3000      3000 
	   TimeExecute (s)      :   412                       
	   TimeSlotBusy (s)     :   414                       
...
