000 (6052627.000.000) 08/16 22:30:25 Job submitted from host: <188.185.133.2:9618?addrs=188.185.133.2-9618+[2001-1458-d03-2--100-208]-9618&alias=bigbird102.cern.ch&noUDP&sock=schedd_5723_1498>
    DAG Node: P_A13_S2
...
040 (6052627.000.000) 08/16 22:31:21 Started transferring input files
	Transferring to host: <128.142.248.72:9618?addrs=128.142.248.72-9618+[2001-1458-301-73--100-138]-9618&alias=b9g23p8420.cern.ch&noUDP&sock=slot1_7_5819_c306_23729>
...
040 (6052627.000.000) 08/16 22:31:21 Finished transferring input files
...
001 (6052627.000.000) 08/16 22:31:22 Job executing on host: <128.142.248.72:9618?addrs=128.142.248.72-9618+[2001-1458-301-73--100-138]-9618&alias=b9g23p8420.cern.ch&noUDP&sock=startd_4432_8fd4>
	SlotName: slot1_7@b9g23p8420.cern.ch
	CondorScratchDir = "/pool/condor/dir_1492787"
	Cpus = 1
	Disk = 6148916
	GPUs = 0
	Memory = 3000
...
006 (6052627.000.000) 08/16 22:31:31 Image size of job updated: 13812
	14  -  MemoryUsage of job (MB)
	13812  -  ResidentSetSize of job (KB)
...
006 (6052627.000.000) 08/16 22:36:32 Image size of job updated: 110620
	109  -  MemoryUsage of job (MB)
	110620  -  ResidentSetSize of job (KB)
...
006 (6052627.000.000) 08/16 22:41:33 Image size of job updated: 110788
	109  -  MemoryUsage of job (MB)
	110788  -  ResidentSetSize of job (KB)
...
006 (6052627.000.000) 08/16 22:46:33 Image size of job updated: 122740
	120  -  MemoryUsage of job (MB)
	122740  -  ResidentSetSize of job (KB)
...
006 (6052627.000.000) 08/16 23:16:37 Image size of job updated: 122744
	120  -  MemoryUsage of job (MB)
	122744  -  ResidentSetSize of job (KB)
...
006 (6052627.000.000) 08/16 23:46:38 Image size of job updated: 122748
	120  -  MemoryUsage of job (MB)
	122748  -  ResidentSetSize of job (KB)
...
006 (6052627.000.000) 08/16 23:52:00 Image size of job updated: 124972
	120  -  MemoryUsage of job (MB)
	122748  -  ResidentSetSize of job (KB)
...
040 (6052627.000.000) 08/16 23:52:00 Started transferring output files
...
040 (6052627.000.000) 08/16 23:52:00 Finished transferring output files
...
005 (6052627.000.000) 08/16 23:52:01 Job terminated.
	(1) Normal termination (return value 0)
		Usr 0 01:19:20, Sys 0 00:00:12  -  Run Remote Usage
		Usr 0 00:00:00, Sys 0 00:00:00  -  Run Local Usage
		Usr 0 01:19:20, Sys 0 00:00:12  -  Total Remote Usage
		Usr 0 00:00:00, Sys 0 00:00:00  -  Total Local Usage
	16536  -  Run Bytes Sent By Job
	7151  -  Run Bytes Received By Job
	16536  -  Total Bytes Sent By Job
	7151  -  Total Bytes Received By Job
	Partitionable Resources :    Usage  Request Allocated 
	   Cpus                 :     0.99        1         1 
	   Disk (KB)            : 39673     6144000   6148916 
	   GPUs                 :                           0 
	   Memory (MB)          :   120        3000      3000 
	   TimeExecute (s)      :  4838                       
	   TimeSlotBusy (s)     :  4840                       
...
