000 (6052533.000.000) 08/16 22:30:18 Job submitted from host: <188.185.133.2:9618?addrs=188.185.133.2-9618+[2001-1458-d03-2--100-208]-9618&alias=bigbird102.cern.ch&noUDP&sock=schedd_5723_1498>
    DAG Node: P_A01_S4
...
040 (6052533.000.000) 08/16 22:30:49 Started transferring input files
	Transferring to host: <128.142.33.17:9618?addrs=128.142.33.17-9618+[2001-1458-301-53--100-3e]-9618&alias=b9g34p8058.cern.ch&noUDP&sock=slot1_16_4631_b555_29333>
...
040 (6052533.000.000) 08/16 22:30:49 Finished transferring input files
...
001 (6052533.000.000) 08/16 22:30:50 Job executing on host: <128.142.33.17:9618?addrs=128.142.33.17-9618+[2001-1458-301-53--100-3e]-9618&alias=b9g34p8058.cern.ch&noUDP&sock=startd_4308_8216>
	SlotName: slot1_16@b9g34p8058.cern.ch
	CondorScratchDir = "/pool/condor/dir_1792625"
	Cpus = 1
	Disk = 6144193
	GPUs = 0
	Memory = 3000
...
006 (6052533.000.000) 08/16 22:30:59 Image size of job updated: 24568
	24  -  MemoryUsage of job (MB)
	24568  -  ResidentSetSize of job (KB)
...
006 (6052533.000.000) 08/16 22:36:00 Image size of job updated: 122568
	120  -  MemoryUsage of job (MB)
	122568  -  ResidentSetSize of job (KB)
...
006 (6052533.000.000) 08/16 22:41:01 Image size of job updated: 122576
	120  -  MemoryUsage of job (MB)
	122576  -  ResidentSetSize of job (KB)
...
040 (6052533.000.000) 08/16 22:41:33 Started transferring output files
...
040 (6052533.000.000) 08/16 22:41:33 Finished transferring output files
...
005 (6052533.000.000) 08/16 22:41:33 Job terminated.
	(1) Normal termination (return value 0)
		Usr 0 00:10:24, Sys 0 00:00:03  -  Run Remote Usage
		Usr 0 00:00:00, Sys 0 00:00:00  -  Run Local Usage
		Usr 0 00:10:24, Sys 0 00:00:03  -  Total Remote Usage
		Usr 0 00:00:00, Sys 0 00:00:00  -  Total Local Usage
	16529  -  Run Bytes Sent By Job
	7151  -  Run Bytes Received By Job
	16529  -  Total Bytes Sent By Job
	7151  -  Total Bytes Received By Job
	Partitionable Resources :    Usage  Request Allocated 
	   Cpus                 :        0        1         1 
	   Disk (KB)            :    39636  6144000   6144193 
	   GPUs                 :                           0 
	   Memory (MB)          :      120     3000      3000 
	   TimeExecute (s)      :      643                    
	   TimeSlotBusy (s)     :      645                    
...
