000 (6052575.000.000) 08/16 22:30:19 Job submitted from host: <188.185.133.2:9618?addrs=188.185.133.2-9618+[2001-1458-d03-2--100-208]-9618&alias=bigbird102.cern.ch&noUDP&sock=schedd_5723_1498>
    DAG Node: P_A06_S6
...
040 (6052575.000.000) 08/16 22:31:08 Started transferring input files
	Transferring to host: <188.185.196.173:9618?addrs=188.185.196.173-9618+[2001-1458-303-23--100-a9]-9618&alias=b9p16p8836.cern.ch&noUDP&sock=slot1_12_4075_f4bf_29752>
...
040 (6052575.000.000) 08/16 22:31:08 Finished transferring input files
...
001 (6052575.000.000) 08/16 22:31:09 Job executing on host: <188.185.196.173:9618?addrs=188.185.196.173-9618+[2001-1458-303-23--100-a9]-9618&alias=b9p16p8836.cern.ch&noUDP&sock=startd_3094_ce1c>
	SlotName: slot1_12@b9p16p8836.cern.ch
	CondorScratchDir = "/pool/condor/dir_2246780"
	Cpus = 1
	Disk = 6148939
	GPUs = 0
	Memory = 3000
...
006 (6052575.000.000) 08/16 22:31:18 Image size of job updated: 15128
	15  -  MemoryUsage of job (MB)
	15128  -  ResidentSetSize of job (KB)
...
006 (6052575.000.000) 08/16 22:36:19 Image size of job updated: 122868
	120  -  MemoryUsage of job (MB)
	122868  -  ResidentSetSize of job (KB)
...
006 (6052575.000.000) 08/16 22:41:19 Image size of job updated: 122872
	120  -  MemoryUsage of job (MB)
	122872  -  ResidentSetSize of job (KB)
...
006 (6052575.000.000) 08/16 22:46:19 Image size of job updated: 122876
	120  -  MemoryUsage of job (MB)
	122876  -  ResidentSetSize of job (KB)
...
006 (6052575.000.000) 08/16 22:51:20 Image size of job updated: 134536
	132  -  MemoryUsage of job (MB)
	134536  -  ResidentSetSize of job (KB)
...
006 (6052575.000.000) 08/16 23:16:22 Image size of job updated: 134540
	132  -  MemoryUsage of job (MB)
	134540  -  ResidentSetSize of job (KB)
...
040 (6052575.000.000) 08/16 23:16:53 Started transferring output files
...
040 (6052575.000.000) 08/16 23:16:53 Finished transferring output files
...
005 (6052575.000.000) 08/16 23:16:53 Job terminated.
	(1) Normal termination (return value 0)
		Usr 0 00:45:00, Sys 0 00:00:06  -  Run Remote Usage
		Usr 0 00:00:00, Sys 0 00:00:00  -  Run Local Usage
		Usr 0 00:45:00, Sys 0 00:00:06  -  Total Remote Usage
		Usr 0 00:00:00, Sys 0 00:00:00  -  Total Local Usage
	17118  -  Run Bytes Sent By Job
	7151  -  Run Bytes Received By Job
	17118  -  Total Bytes Sent By Job
	7151  -  Total Bytes Received By Job
	Partitionable Resources :    Usage  Request Allocated 
	   Cpus                 :     0.99        1         1 
	   Disk (KB)            : 39675     6144000   6148939 
	   GPUs                 :                           0 
	   Memory (MB)          :   132        3000      3000 
	   TimeExecute (s)      :  2744                       
	   TimeSlotBusy (s)     :  2746                       
...
