000 (6052571.000.000) 08/16 22:30:19 Job submitted from host: <188.185.133.2:9618?addrs=188.185.133.2-9618+[2001-1458-d03-2--100-208]-9618&alias=bigbird102.cern.ch&noUDP&sock=schedd_5723_1498>
    DAG Node: P_A06_S2
...
040 (6052571.000.000) 08/16 22:31:01 Started transferring input files
	Transferring to host: <188.185.192.54:9618?addrs=188.185.192.54-9618+[2001-1458-303-1f--100-32]-9618&alias=b9p13p6922.cern.ch&noUDP&sock=slot1_38_9497_3edb_31591>
...
040 (6052571.000.000) 08/16 22:31:01 Finished transferring input files
...
001 (6052571.000.000) 08/16 22:31:02 Job executing on host: <188.185.192.54:9618?addrs=188.185.192.54-9618+[2001-1458-303-1f--100-32]-9618&alias=b9p13p6922.cern.ch&noUDP&sock=startd_8511_6aa3>
	SlotName: slot1_38@b9p13p6922.cern.ch
	CondorScratchDir = "/pool/condor/dir_3790610"
	Cpus = 1
	Disk = 6146579
	GPUs = 0
	Memory = 3000
...
006 (6052571.000.000) 08/16 22:31:11 Image size of job updated: 51256
	51  -  MemoryUsage of job (MB)
	51256  -  ResidentSetSize of job (KB)
...
006 (6052571.000.000) 08/16 22:36:12 Image size of job updated: 122720
	120  -  MemoryUsage of job (MB)
	122720  -  ResidentSetSize of job (KB)
...
006 (6052571.000.000) 08/16 22:41:13 Image size of job updated: 122724
	120  -  MemoryUsage of job (MB)
	122724  -  ResidentSetSize of job (KB)
...
006 (6052571.000.000) 08/16 22:46:13 Image size of job updated: 134384
	132  -  MemoryUsage of job (MB)
	134384  -  ResidentSetSize of job (KB)
...
006 (6052571.000.000) 08/16 23:05:23 Image size of job updated: 134392
	132  -  MemoryUsage of job (MB)
	134384  -  ResidentSetSize of job (KB)
...
040 (6052571.000.000) 08/16 23:05:23 Started transferring output files
...
040 (6052571.000.000) 08/16 23:05:23 Finished transferring output files
...
005 (6052571.000.000) 08/16 23:05:24 Job terminated.
	(1) Normal termination (return value 0)
		Usr 0 00:33:58, Sys 0 00:00:05  -  Run Remote Usage
		Usr 0 00:00:00, Sys 0 00:00:00  -  Run Local Usage
		Usr 0 00:33:58, Sys 0 00:00:05  -  Total Remote Usage
		Usr 0 00:00:00, Sys 0 00:00:00  -  Total Local Usage
	17121  -  Run Bytes Sent By Job
	7151  -  Run Bytes Received By Job
	17121  -  Total Bytes Sent By Job
	7151  -  Total Bytes Received By Job
	Partitionable Resources :    Usage  Request Allocated 
	   Cpus                 :     0.99        1         1 
	   Disk (KB)            : 39675     6144000   6146579 
	   GPUs                 :                           0 
	   Memory (MB)          :   132        3000      3000 
	   TimeExecute (s)      :  2061                       
	   TimeSlotBusy (s)     :  2063                       
...
