000 (6052625.000.000) 08/16 22:30:25 Job submitted from host: <188.185.133.2:9618?addrs=188.185.133.2-9618+[2001-1458-d03-2--100-208]-9618&alias=bigbird102.cern.ch&noUDP&sock=schedd_5723_1498>
    DAG Node: P_A13_S0
...
040 (6052625.000.000) 08/16 22:31:21 Started transferring input files
	Transferring to host: <188.185.195.151:9618?addrs=188.185.195.151-9618+[2001-1458-303-22--100-93]-9618&alias=b9p17p6289.cern.ch&noUDP&sock=slot1_14_3947_c4ba_29505>
...
040 (6052625.000.000) 08/16 22:31:21 Finished transferring input files
...
001 (6052625.000.000) 08/16 22:31:22 Job executing on host: <188.185.195.151:9618?addrs=188.185.195.151-9618+[2001-1458-303-22--100-93]-9618&alias=b9p17p6289.cern.ch&noUDP&sock=startd_3901_570a>
	SlotName: slot1_14@b9p17p6289.cern.ch
	CondorScratchDir = "/pool/condor/dir_3256040"
	Cpus = 1
	Disk = 6146806
	GPUs = 0
	Memory = 3000
...
006 (6052625.000.000) 08/16 22:31:31 Image size of job updated: 18220
	18  -  MemoryUsage of job (MB)
	18220  -  ResidentSetSize of job (KB)
...
006 (6052625.000.000) 08/16 22:36:32 Image size of job updated: 114808
	113  -  MemoryUsage of job (MB)
	114808  -  ResidentSetSize of job (KB)
...
006 (6052625.000.000) 08/16 22:41:33 Image size of job updated: 115312
	113  -  MemoryUsage of job (MB)
	115312  -  ResidentSetSize of job (KB)
...
006 (6052625.000.000) 08/16 22:46:33 Image size of job updated: 126928
	124  -  MemoryUsage of job (MB)
	126928  -  ResidentSetSize of job (KB)
...
006 (6052625.000.000) 08/16 23:31:38 Image size of job updated: 126932
	124  -  MemoryUsage of job (MB)
	126932  -  ResidentSetSize of job (KB)
...
040 (6052625.000.000) 08/16 23:40:29 Started transferring output files
...
040 (6052625.000.000) 08/16 23:40:29 Finished transferring output files
...
005 (6052625.000.000) 08/16 23:40:29 Job terminated.
	(1) Normal termination (return value 0)
		Usr 0 01:08:17, Sys 0 00:00:07  -  Run Remote Usage
		Usr 0 00:00:00, Sys 0 00:00:00  -  Run Local Usage
		Usr 0 01:08:17, Sys 0 00:00:07  -  Total Remote Usage
		Usr 0 00:00:00, Sys 0 00:00:00  -  Total Local Usage
	16536  -  Run Bytes Sent By Job
	7151  -  Run Bytes Received By Job
	16536  -  Total Bytes Sent By Job
	7151  -  Total Bytes Received By Job
	Partitionable Resources :    Usage  Request Allocated 
	   Cpus                 :     1.00        1         1 
	   Disk (KB)            : 39673     6144000   6146806 
	   GPUs                 :                           0 
	   Memory (MB)          :   124        3000      3000 
	   TimeExecute (s)      :  4147                       
	   TimeSlotBusy (s)     :  4149                       
...
