000 (6052526.000.000) 08/16 22:30:18 Job submitted from host: <188.185.133.2:9618?addrs=188.185.133.2-9618+[2001-1458-d03-2--100-208]-9618&alias=bigbird102.cern.ch&noUDP&sock=schedd_5723_1498>
    DAG Node: P_A00_S5
...
040 (6052526.000.000) 08/16 22:30:47 Started transferring input files
	Transferring to host: <128.142.33.61:9618?addrs=128.142.33.61-9618+[2001-1458-301-53--100-3a]-9618&alias=b9g34p5098.cern.ch&noUDP&sock=slot1_28_4777_941b_29813>
...
040 (6052526.000.000) 08/16 22:30:47 Finished transferring input files
...
001 (6052526.000.000) 08/16 22:30:48 Job executing on host: <128.142.33.61:9618?addrs=128.142.33.61-9618+[2001-1458-301-53--100-3a]-9618&alias=b9g34p5098.cern.ch&noUDP&sock=startd_4471_5006>
	SlotName: slot1_28@b9g34p5098.cern.ch
	CondorScratchDir = "/pool/condor/dir_3665065"
	Cpus = 1
	Disk = 6146683
	GPUs = 0
	Memory = 3000
...
006 (6052526.000.000) 08/16 22:30:57 Image size of job updated: 32080
	32  -  MemoryUsage of job (MB)
	32080  -  ResidentSetSize of job (KB)
...
006 (6052526.000.000) 08/16 22:35:58 Image size of job updated: 138352
	136  -  MemoryUsage of job (MB)
	138352  -  ResidentSetSize of job (KB)
...
006 (6052526.000.000) 08/16 22:40:59 Image size of job updated: 149952
	147  -  MemoryUsage of job (MB)
	149952  -  ResidentSetSize of job (KB)
...
006 (6052526.000.000) 08/16 22:46:00 Image size of job updated: 161352
	158  -  MemoryUsage of job (MB)
	161352  -  ResidentSetSize of job (KB)
...
006 (6052526.000.000) 08/16 22:47:43 Image size of job updated: 161360
	158  -  MemoryUsage of job (MB)
	161352  -  ResidentSetSize of job (KB)
...
040 (6052526.000.000) 08/16 22:47:43 Started transferring output files
...
040 (6052526.000.000) 08/16 22:47:43 Finished transferring output files
...
005 (6052526.000.000) 08/16 22:47:43 Job terminated.
	(1) Normal termination (return value 0)
		Usr 0 00:16:31, Sys 0 00:00:05  -  Run Remote Usage
		Usr 0 00:00:00, Sys 0 00:00:00  -  Run Local Usage
		Usr 0 00:16:31, Sys 0 00:00:05  -  Total Remote Usage
		Usr 0 00:00:00, Sys 0 00:00:00  -  Total Local Usage
	16721  -  Run Bytes Sent By Job
	7151  -  Run Bytes Received By Job
	16721  -  Total Bytes Sent By Job
	7151  -  Total Bytes Received By Job
	Partitionable Resources :    Usage  Request Allocated 
	   Cpus                 :     0.99        1         1 
	   Disk (KB)            : 39637     6144000   6146683 
	   GPUs                 :                           0 
	   Memory (MB)          :   158        3000      3000 
	   TimeExecute (s)      :  1015                       
	   TimeSlotBusy (s)     :  1017                       
...
