000 (6052570.000.000) 08/16 22:30:19 Job submitted from host: <188.185.133.2:9618?addrs=188.185.133.2-9618+[2001-1458-d03-2--100-208]-9618&alias=bigbird102.cern.ch&noUDP&sock=schedd_5723_1498>
    DAG Node: P_A06_S1
...
040 (6052570.000.000) 08/16 22:31:00 Started transferring input files
	Transferring to host: <128.142.248.164:9618?addrs=128.142.248.164-9618+[2001-1458-301-73--100-a3]-9618&alias=b9g23p1155.cern.ch&noUDP&sock=slot1_40_5357_3db3_23447>
...
040 (6052570.000.000) 08/16 22:31:00 Finished transferring input files
...
001 (6052570.000.000) 08/16 22:31:01 Job executing on host: <128.142.248.164:9618?addrs=128.142.248.164-9618+[2001-1458-301-73--100-a3]-9618&alias=b9g23p1155.cern.ch&noUDP&sock=startd_4106_f3f4>
	SlotName: slot1_40@b9g23p1155.cern.ch
	CondorScratchDir = "/pool/condor/dir_3536004"
	Cpus = 1
	Disk = 6146630
	GPUs = 0
	Memory = 3000
...
006 (6052570.000.000) 08/16 22:31:10 Image size of job updated: 22060
	22  -  MemoryUsage of job (MB)
	22060  -  ResidentSetSize of job (KB)
...
006 (6052570.000.000) 08/16 22:36:11 Image size of job updated: 122724
	120  -  MemoryUsage of job (MB)
	122724  -  ResidentSetSize of job (KB)
...
006 (6052570.000.000) 08/16 22:41:11 Image size of job updated: 122728
	120  -  MemoryUsage of job (MB)
	122728  -  ResidentSetSize of job (KB)
...
006 (6052570.000.000) 08/16 22:46:11 Image size of job updated: 122732
	120  -  MemoryUsage of job (MB)
	122732  -  ResidentSetSize of job (KB)
...
006 (6052570.000.000) 08/16 22:51:11 Image size of job updated: 134388
	132  -  MemoryUsage of job (MB)
	134388  -  ResidentSetSize of job (KB)
...
006 (6052570.000.000) 08/16 23:06:13 Image size of job updated: 134392
	132  -  MemoryUsage of job (MB)
	134392  -  ResidentSetSize of job (KB)
...
006 (6052570.000.000) 08/16 23:16:13 Image size of job updated: 134396
	132  -  MemoryUsage of job (MB)
	134396  -  ResidentSetSize of job (KB)
...
040 (6052570.000.000) 08/16 23:17:13 Started transferring output files
...
040 (6052570.000.000) 08/16 23:17:13 Finished transferring output files
...
005 (6052570.000.000) 08/16 23:17:13 Job terminated.
	(1) Normal termination (return value 0)
		Usr 0 00:45:32, Sys 0 00:00:05  -  Run Remote Usage
		Usr 0 00:00:00, Sys 0 00:00:00  -  Run Local Usage
		Usr 0 00:45:32, Sys 0 00:00:05  -  Total Remote Usage
		Usr 0 00:00:00, Sys 0 00:00:00  -  Total Local Usage
	17121  -  Run Bytes Sent By Job
	7151  -  Run Bytes Received By Job
	17121  -  Total Bytes Sent By Job
	7151  -  Total Bytes Received By Job
	Partitionable Resources :    Usage  Request Allocated 
	   Cpus                 :     0.99        1         1 
	   Disk (KB)            : 39675     6144000   6146630 
	   GPUs                 :                           0 
	   Memory (MB)          :   132        3000      3000 
	   TimeExecute (s)      :  2772                       
	   TimeSlotBusy (s)     :  2774                       
...
