000 (6052552.000.000) 08/16 22:30:19 Job submitted from host: <188.185.133.2:9618?addrs=188.185.133.2-9618+[2001-1458-d03-2--100-208]-9618&alias=bigbird102.cern.ch&noUDP&sock=schedd_5723_1498>
    DAG Node: P_A03_S7
...
040 (6052552.000.000) 08/16 22:30:56 Started transferring input files
	Transferring to host: <188.185.195.180:9618?addrs=188.185.195.180-9618+[2001-1458-303-22--100-b0]-9618&alias=b9p17p8869.cern.ch&noUDP&sock=slot1_22_4018_cb5c_30883>
...
040 (6052552.000.000) 08/16 22:30:56 Finished transferring input files
...
001 (6052552.000.000) 08/16 22:30:57 Job executing on host: <188.185.195.180:9618?addrs=188.185.195.180-9618+[2001-1458-303-22--100-b0]-9618&alias=b9p17p8869.cern.ch&noUDP&sock=startd_3096_2d4d>
	SlotName: slot1_22@b9p17p8869.cern.ch
	CondorScratchDir = "/pool/condor/dir_3085335"
	Cpus = 1
	Disk = 6146767
	GPUs = 0
	Memory = 3000
...
006 (6052552.000.000) 08/16 22:31:05 Image size of job updated: 24112
	24  -  MemoryUsage of job (MB)
	24112  -  ResidentSetSize of job (KB)
...
006 (6052552.000.000) 08/16 22:36:05 Image size of job updated: 124896
	122  -  MemoryUsage of job (MB)
	124896  -  ResidentSetSize of job (KB)
...
006 (6052552.000.000) 08/16 22:41:06 Image size of job updated: 136612
	134  -  MemoryUsage of job (MB)
	136612  -  ResidentSetSize of job (KB)
...
006 (6052552.000.000) 08/16 22:46:06 Image size of job updated: 148212
	145  -  MemoryUsage of job (MB)
	148212  -  ResidentSetSize of job (KB)
...
006 (6052552.000.000) 08/16 22:51:07 Image size of job updated: 159608
	156  -  MemoryUsage of job (MB)
	159608  -  ResidentSetSize of job (KB)
...
006 (6052552.000.000) 08/16 22:53:56 Image size of job updated: 161840
	156  -  MemoryUsage of job (MB)
	159608  -  ResidentSetSize of job (KB)
...
040 (6052552.000.000) 08/16 22:53:56 Started transferring output files
...
040 (6052552.000.000) 08/16 22:53:56 Finished transferring output files
...
005 (6052552.000.000) 08/16 22:53:56 Job terminated.
	(1) Normal termination (return value 0)
		Usr 0 00:22:34, Sys 0 00:00:04  -  Run Remote Usage
		Usr 0 00:00:00, Sys 0 00:00:00  -  Run Local Usage
		Usr 0 00:22:34, Sys 0 00:00:04  -  Total Remote Usage
		Usr 0 00:00:00, Sys 0 00:00:00  -  Total Local Usage
	16728  -  Run Bytes Sent By Job
	7151  -  Run Bytes Received By Job
	16728  -  Total Bytes Sent By Job
	7151  -  Total Bytes Received By Job
	Partitionable Resources :    Usage  Request Allocated 
	   Cpus                 :     0.99        1         1 
	   Disk (KB)            : 39673     6144000   6146767 
	   GPUs                 :                           0 
	   Memory (MB)          :   156        3000      3000 
	   TimeExecute (s)      :  1379                       
	   TimeSlotBusy (s)     :  1381                       
...
