000 (6052624.000.000) 08/16 22:30:25 Job submitted from host: <188.185.133.2:9618?addrs=188.185.133.2-9618+[2001-1458-d03-2--100-208]-9618&alias=bigbird102.cern.ch&noUDP&sock=schedd_5723_1498>
    DAG Node: P_A12_S7
...
040 (6052624.000.000) 08/16 22:31:05 Started transferring input files
	Transferring to host: <188.185.194.173:9618?addrs=188.185.194.173-9618+[2001-1458-303-21--100-a9]-9618&alias=b9p20p5678.cern.ch&noUDP&sock=slot1_6_3839_ac35_29494>
...
040 (6052624.000.000) 08/16 22:31:05 Finished transferring input files
...
001 (6052624.000.000) 08/16 22:31:06 Job executing on host: <188.185.194.173:9618?addrs=188.185.194.173-9618+[2001-1458-303-21--100-a9]-9618&alias=b9p20p5678.cern.ch&noUDP&sock=startd_3087_00f3>
	SlotName: slot1_6@b9p20p5678.cern.ch
	CondorScratchDir = "/pool/condor/dir_2583173"
	Cpus = 1
	Disk = 6146374
	GPUs = 0
	Memory = 3000
...
006 (6052624.000.000) 08/16 22:31:15 Image size of job updated: 17684
	18  -  MemoryUsage of job (MB)
	17684  -  ResidentSetSize of job (KB)
...
006 (6052624.000.000) 08/16 22:36:16 Image size of job updated: 126920
	124  -  MemoryUsage of job (MB)
	126920  -  ResidentSetSize of job (KB)
...
006 (6052624.000.000) 08/16 22:51:18 Image size of job updated: 126924
	124  -  MemoryUsage of job (MB)
	126924  -  ResidentSetSize of job (KB)
...
006 (6052624.000.000) 08/16 23:01:19 Image size of job updated: 126928
	124  -  MemoryUsage of job (MB)
	126928  -  ResidentSetSize of job (KB)
...
006 (6052624.000.000) 08/16 23:11:20 Image size of job updated: 138588
	136  -  MemoryUsage of job (MB)
	138588  -  ResidentSetSize of job (KB)
...
006 (6052624.000.000) 08/17 00:01:24 Image size of job updated: 138592
	136  -  MemoryUsage of job (MB)
	138592  -  ResidentSetSize of job (KB)
...
006 (6052624.000.000) 08/17 00:13:35 Image size of job updated: 140816
	136  -  MemoryUsage of job (MB)
	138592  -  ResidentSetSize of job (KB)
...
040 (6052624.000.000) 08/17 00:13:35 Started transferring output files
...
040 (6052624.000.000) 08/17 00:13:35 Finished transferring output files
...
005 (6052624.000.000) 08/17 00:13:35 Job terminated.
	(1) Normal termination (return value 0)
		Usr 0 01:41:21, Sys 0 00:00:09  -  Run Remote Usage
		Usr 0 00:00:00, Sys 0 00:00:00  -  Run Local Usage
		Usr 0 01:41:21, Sys 0 00:00:09  -  Total Remote Usage
		Usr 0 00:00:00, Sys 0 00:00:00  -  Total Local Usage
	17125  -  Run Bytes Sent By Job
	7151  -  Run Bytes Received By Job
	17125  -  Total Bytes Sent By Job
	7151  -  Total Bytes Received By Job
	Partitionable Resources :    Usage  Request Allocated 
	   Cpus                 :     0.99        1         1 
	   Disk (KB)            : 39675     6144000   6146374 
	   GPUs                 :                           0 
	   Memory (MB)          :   136        3000      3000 
	   TimeExecute (s)      :  6149                       
	   TimeSlotBusy (s)     :  6151                       
...
