000 (6052607.000.000) 08/16 22:30:20 Job submitted from host: <188.185.133.2:9618?addrs=188.185.133.2-9618+[2001-1458-d03-2--100-208]-9618&alias=bigbird102.cern.ch&noUDP&sock=schedd_5723_1498>
    DAG Node: P_A10_S6
...
040 (6052607.000.000) 08/16 22:31:19 Started transferring input files
	Transferring to host: <188.185.192.95:9618?addrs=188.185.192.95-9618+[2001-1458-303-1f--100-5b]-9618&alias=b9p13p6479.cern.ch&noUDP&sock=slot1_8_4280_65a7_30714>
...
040 (6052607.000.000) 08/16 22:31:19 Finished transferring input files
...
001 (6052607.000.000) 08/16 22:31:20 Job executing on host: <188.185.192.95:9618?addrs=188.185.192.95-9618+[2001-1458-303-1f--100-5b]-9618&alias=b9p13p6479.cern.ch&noUDP&sock=startd_3228_b7cd>
	SlotName: slot1_8@b9p13p6479.cern.ch
	CondorScratchDir = "/pool/condor/dir_422453"
	Cpus = 1
	Disk = 6144592
	GPUs = 0
	Memory = 3000
...
006 (6052607.000.000) 08/16 22:31:29 Image size of job updated: 58812
	58  -  MemoryUsage of job (MB)
	58812  -  ResidentSetSize of job (KB)
...
006 (6052607.000.000) 08/16 22:36:30 Image size of job updated: 114668
	112  -  MemoryUsage of job (MB)
	114668  -  ResidentSetSize of job (KB)
...
006 (6052607.000.000) 08/16 22:41:31 Image size of job updated: 114836
	113  -  MemoryUsage of job (MB)
	114836  -  ResidentSetSize of job (KB)
...
006 (6052607.000.000) 08/16 22:45:00 Image size of job updated: 117516
	113  -  MemoryUsage of job (MB)
	114836  -  ResidentSetSize of job (KB)
...
040 (6052607.000.000) 08/16 22:45:00 Started transferring output files
...
040 (6052607.000.000) 08/16 22:45:00 Finished transferring output files
...
005 (6052607.000.000) 08/16 22:45:01 Job terminated.
	(1) Normal termination (return value 0)
		Usr 0 00:13:23, Sys 0 00:00:04  -  Run Remote Usage
		Usr 0 00:00:00, Sys 0 00:00:00  -  Run Local Usage
		Usr 0 00:13:23, Sys 0 00:00:04  -  Total Remote Usage
		Usr 0 00:00:00, Sys 0 00:00:00  -  Total Local Usage
	16455  -  Run Bytes Sent By Job
	7151  -  Run Bytes Received By Job
	16455  -  Total Bytes Sent By Job
	7151  -  Total Bytes Received By Job
	Partitionable Resources :    Usage  Request Allocated 
	   Cpus                 :     0.99        1         1 
	   Disk (KB)            :  9655     6144000   6144592 
	   GPUs                 :                           0 
	   Memory (MB)          :   113        3000      3000 
	   TimeExecute (s)      :   820                       
	   TimeSlotBusy (s)     :   822                       
...
