000 (6052562.000.000) 08/16 22:30:19 Job submitted from host: <188.185.133.2:9618?addrs=188.185.133.2-9618+[2001-1458-d03-2--100-208]-9618&alias=bigbird102.cern.ch&noUDP&sock=schedd_5723_1498>
    DAG Node: P_A05_S1
...
040 (6052562.000.000) 08/16 22:30:59 Started transferring input files
	Transferring to host: <188.185.197.62:9618?addrs=188.185.197.62-9618+[2001-1458-303-24--100-3a]-9618&alias=b9p14p6906.cern.ch&noUDP&sock=slot1_26_6469_bee0_23898>
...
040 (6052562.000.000) 08/16 22:30:59 Finished transferring input files
...
001 (6052562.000.000) 08/16 22:31:00 Job executing on host: <188.185.197.62:9618?addrs=188.185.197.62-9618+[2001-1458-303-24--100-3a]-9618&alias=b9p14p6906.cern.ch&noUDP&sock=startd_5376_113b>
	SlotName: slot1_26@b9p14p6906.cern.ch
	CondorScratchDir = "/pool/condor/dir_340561"
	Cpus = 1
	Disk = 6146860
	GPUs = 0
	Memory = 3000
...
006 (6052562.000.000) 08/16 22:31:08 Image size of job updated: 20984
	21  -  MemoryUsage of job (MB)
	20984  -  ResidentSetSize of job (KB)
...
006 (6052562.000.000) 08/16 22:36:08 Image size of job updated: 115148
	113  -  MemoryUsage of job (MB)
	115148  -  ResidentSetSize of job (KB)
...
006 (6052562.000.000) 08/16 22:37:26 Image size of job updated: 115320
	113  -  MemoryUsage of job (MB)
	115148  -  ResidentSetSize of job (KB)
...
040 (6052562.000.000) 08/16 22:37:26 Started transferring output files
...
040 (6052562.000.000) 08/16 22:37:26 Finished transferring output files
...
005 (6052562.000.000) 08/16 22:37:26 Job terminated.
	(1) Normal termination (return value 0)
		Usr 0 00:06:06, Sys 0 00:00:03  -  Run Remote Usage
		Usr 0 00:00:00, Sys 0 00:00:00  -  Run Local Usage
		Usr 0 00:06:06, Sys 0 00:00:03  -  Total Remote Usage
		Usr 0 00:00:00, Sys 0 00:00:00  -  Total Local Usage
	16454  -  Run Bytes Sent By Job
	7151  -  Run Bytes Received By Job
	16454  -  Total Bytes Sent By Job
	7151  -  Total Bytes Received By Job
	Partitionable Resources :    Usage  Request Allocated 
	   Cpus                 :        0        1         1 
	   Disk (KB)            :     9654  6144000   6146860 
	   GPUs                 :                           0 
	   Memory (MB)          :      113     3000      3000 
	   TimeExecute (s)      :      386                    
	   TimeSlotBusy (s)     :      388                    
...
