000 (6052581.000.000) 08/16 22:30:19 Job submitted from host: <188.185.133.2:9618?addrs=188.185.133.2-9618+[2001-1458-d03-2--100-208]-9618&alias=bigbird102.cern.ch&noUDP&sock=schedd_5723_1498>
    DAG Node: P_A07_S4
...
040 (6052581.000.000) 08/16 22:32:47 Started transferring input files
	Transferring to host: <188.185.192.24:9618?addrs=188.185.192.24-9618+[2001-1458-303-1f--100-14]-9618&alias=b9p13p3802.cern.ch&noUDP&sock=slot1_3_6582_5d45_31105>
...
040 (6052581.000.000) 08/16 22:32:47 Finished transferring input files
...
001 (6052581.000.000) 08/16 22:32:48 Job executing on host: <188.185.192.24:9618?addrs=188.185.192.24-9618+[2001-1458-303-1f--100-14]-9618&alias=b9p13p3802.cern.ch&noUDP&sock=startd_4976_b359>
	SlotName: slot1_3@b9p13p3802.cern.ch
	CondorScratchDir = "/pool/condor/dir_2444303"
	Cpus = 1
	Disk = 6146835
	GPUs = 0
	Memory = 3000
...
006 (6052581.000.000) 08/16 22:32:56 Image size of job updated: 25480
	25  -  MemoryUsage of job (MB)
	25480  -  ResidentSetSize of job (KB)
...
006 (6052581.000.000) 08/16 22:37:56 Image size of job updated: 126784
	124  -  MemoryUsage of job (MB)
	126784  -  ResidentSetSize of job (KB)
...
006 (6052581.000.000) 08/16 22:42:57 Image size of job updated: 126792
	124  -  MemoryUsage of job (MB)
	126792  -  ResidentSetSize of job (KB)
...
006 (6052581.000.000) 08/16 22:47:58 Image size of job updated: 138500
	136  -  MemoryUsage of job (MB)
	138500  -  ResidentSetSize of job (KB)
...
006 (6052581.000.000) 08/16 22:52:59 Image size of job updated: 138508
	136  -  MemoryUsage of job (MB)
	138508  -  ResidentSetSize of job (KB)
...
006 (6052581.000.000) 08/16 22:58:00 Image size of job updated: 150104
	147  -  MemoryUsage of job (MB)
	150104  -  ResidentSetSize of job (KB)
...
006 (6052581.000.000) 08/16 23:03:00 Image size of job updated: 161504
	158  -  MemoryUsage of job (MB)
	161504  -  ResidentSetSize of job (KB)
...
006 (6052581.000.000) 08/16 23:13:02 Image size of job updated: 172356
	169  -  MemoryUsage of job (MB)
	172356  -  ResidentSetSize of job (KB)
...
006 (6052581.000.000) 08/16 23:23:04 Image size of job updated: 183804
	180  -  MemoryUsage of job (MB)
	183804  -  ResidentSetSize of job (KB)
...
006 (6052581.000.000) 08/16 23:33:04 Image size of job updated: 194736
	191  -  MemoryUsage of job (MB)
	194736  -  ResidentSetSize of job (KB)
...
006 (6052581.000.000) 08/16 23:38:05 Image size of job updated: 194744
	191  -  MemoryUsage of job (MB)
	194744  -  ResidentSetSize of job (KB)
...
006 (6052581.000.000) 08/16 23:43:05 Image size of job updated: 206172
	202  -  MemoryUsage of job (MB)
	206172  -  ResidentSetSize of job (KB)
...
006 (6052581.000.000) 08/16 23:48:06 Image size of job updated: 217388
	213  -  MemoryUsage of job (MB)
	217388  -  ResidentSetSize of job (KB)
...
006 (6052581.000.000) 08/16 23:53:07 Image size of job updated: 217392
	213  -  MemoryUsage of job (MB)
	217392  -  ResidentSetSize of job (KB)
...
006 (6052581.000.000) 08/16 23:56:44 Image size of job updated: 219620
	213  -  MemoryUsage of job (MB)
	217392  -  ResidentSetSize of job (KB)
...
040 (6052581.000.000) 08/16 23:56:44 Started transferring output files
...
040 (6052581.000.000) 08/16 23:56:44 Finished transferring output files
...
005 (6052581.000.000) 08/16 23:56:44 Job terminated.
	(1) Normal termination (return value 0)
		Usr 0 01:22:54, Sys 0 00:00:10  -  Run Remote Usage
		Usr 0 00:00:00, Sys 0 00:00:00  -  Run Local Usage
		Usr 0 01:22:54, Sys 0 00:00:10  -  Total Remote Usage
		Usr 0 00:00:00, Sys 0 00:00:00  -  Total Local Usage
	17052  -  Run Bytes Sent By Job
	7151  -  Run Bytes Received By Job
	17052  -  Total Bytes Sent By Job
	7151  -  Total Bytes Received By Job
	Partitionable Resources :    Usage  Request Allocated 
	   Cpus                 :     0.99        1         1 
	   Disk (KB)            : 39676     6144000   6146835 
	   GPUs                 :                           0 
	   Memory (MB)          :   213        3000      3000 
	   TimeExecute (s)      :  5036                       
	   TimeSlotBusy (s)     :  5039                       
...
