000 (6052610.000.000) 08/16 22:30:20 Job submitted from host: <188.185.133.2:9618?addrs=188.185.133.2-9618+[2001-1458-d03-2--100-208]-9618&alias=bigbird102.cern.ch&noUDP&sock=schedd_5723_1498>
    DAG Node: P_A11_S1
...
040 (6052610.000.000) 08/16 22:31:19 Started transferring input files
	Transferring to host: <128.142.161.141:9618?addrs=128.142.161.141-9618+[2001-1458-301-b9--100-a]-9618&alias=b9g03p9248.cern.ch&noUDP&sock=slot1_18_3359_7822_30036>
...
040 (6052610.000.000) 08/16 22:31:19 Finished transferring input files
...
001 (6052610.000.000) 08/16 22:31:20 Job executing on host: <128.142.161.141:9618?addrs=128.142.161.141-9618+[2001-1458-301-b9--100-a]-9618&alias=b9g03p9248.cern.ch&noUDP&sock=startd_2577_2fa6>
	SlotName: slot1_18@b9g03p9248.cern.ch
	CondorScratchDir = "/pool/condor/dir_644267"
	Cpus = 1
	Disk = 6148909
	GPUs = 0
	Memory = 3000
...
006 (6052610.000.000) 08/16 22:31:28 Image size of job updated: 13416
	14  -  MemoryUsage of job (MB)
	13416  -  ResidentSetSize of job (KB)
...
006 (6052610.000.000) 08/16 22:36:28 Image size of job updated: 122856
	120  -  MemoryUsage of job (MB)
	122856  -  ResidentSetSize of job (KB)
...
006 (6052610.000.000) 08/16 22:41:29 Image size of job updated: 122860
	120  -  MemoryUsage of job (MB)
	122860  -  ResidentSetSize of job (KB)
...
006 (6052610.000.000) 08/16 22:51:30 Image size of job updated: 122864
	120  -  MemoryUsage of job (MB)
	122864  -  ResidentSetSize of job (KB)
...
006 (6052610.000.000) 08/16 22:56:30 Image size of job updated: 134524
	132  -  MemoryUsage of job (MB)
	134524  -  ResidentSetSize of job (KB)
...
006 (6052610.000.000) 08/16 23:31:35 Image size of job updated: 134528
	132  -  MemoryUsage of job (MB)
	134528  -  ResidentSetSize of job (KB)
...
006 (6052610.000.000) 08/16 23:38:40 Image size of job updated: 136752
	132  -  MemoryUsage of job (MB)
	134528  -  ResidentSetSize of job (KB)
...
040 (6052610.000.000) 08/16 23:38:40 Started transferring output files
...
040 (6052610.000.000) 08/16 23:38:40 Finished transferring output files
...
005 (6052610.000.000) 08/16 23:38:40 Job terminated.
	(1) Normal termination (return value 0)
		Usr 0 01:06:28, Sys 0 00:00:07  -  Run Remote Usage
		Usr 0 00:00:00, Sys 0 00:00:00  -  Run Local Usage
		Usr 0 01:06:28, Sys 0 00:00:07  -  Total Remote Usage
		Usr 0 00:00:00, Sys 0 00:00:00  -  Total Local Usage
	17120  -  Run Bytes Sent By Job
	7151  -  Run Bytes Received By Job
	17120  -  Total Bytes Sent By Job
	7151  -  Total Bytes Received By Job
	Partitionable Resources :    Usage  Request Allocated 
	   Cpus                 :     0.99        1         1 
	   Disk (KB)            : 39675     6144000   6148909 
	   GPUs                 :                           0 
	   Memory (MB)          :   132        3000      3000 
	   TimeExecute (s)      :  4040                       
	   TimeSlotBusy (s)     :  4042                       
...
