000 (6052546.000.000) 08/16 22:30:18 Job submitted from host: <188.185.133.2:9618?addrs=188.185.133.2-9618+[2001-1458-d03-2--100-208]-9618&alias=bigbird102.cern.ch&noUDP&sock=schedd_5723_1498>
    DAG Node: P_A03_S1
...
040 (6052546.000.000) 08/16 22:30:54 Started transferring input files
	Transferring to host: <188.185.192.39:9618?addrs=188.185.192.39-9618+[2001-1458-303-1f--100-23]-9618&alias=b9p13p8738.cern.ch&noUDP&sock=slot1_37_10898_6074_30731>
...
040 (6052546.000.000) 08/16 22:30:54 Finished transferring input files
...
001 (6052546.000.000) 08/16 22:30:55 Job executing on host: <188.185.192.39:9618?addrs=188.185.192.39-9618+[2001-1458-303-1f--100-23]-9618&alias=b9p13p8738.cern.ch&noUDP&sock=startd_9202_6295>
	SlotName: slot1_37@b9p13p8738.cern.ch
	CondorScratchDir = "/pool/condor/dir_1184349"
	Cpus = 1
	Disk = 6146195
	GPUs = 0
	Memory = 3000
...
006 (6052546.000.000) 08/16 22:31:04 Image size of job updated: 26140
	26  -  MemoryUsage of job (MB)
	26140  -  ResidentSetSize of job (KB)
...
006 (6052546.000.000) 08/16 22:36:05 Image size of job updated: 126792
	124  -  MemoryUsage of job (MB)
	126792  -  ResidentSetSize of job (KB)
...
006 (6052546.000.000) 08/16 22:41:05 Image size of job updated: 138508
	136  -  MemoryUsage of job (MB)
	138508  -  ResidentSetSize of job (KB)
...
006 (6052546.000.000) 08/16 22:46:06 Image size of job updated: 150108
	147  -  MemoryUsage of job (MB)
	150108  -  ResidentSetSize of job (KB)
...
006 (6052546.000.000) 08/16 22:51:06 Image size of job updated: 161508
	158  -  MemoryUsage of job (MB)
	161508  -  ResidentSetSize of job (KB)
...
006 (6052546.000.000) 08/16 22:53:05 Image size of job updated: 161512
	158  -  MemoryUsage of job (MB)
	161508  -  ResidentSetSize of job (KB)
...
040 (6052546.000.000) 08/16 22:53:05 Started transferring output files
...
040 (6052546.000.000) 08/16 22:53:05 Finished transferring output files
...
005 (6052546.000.000) 08/16 22:53:06 Job terminated.
	(1) Normal termination (return value 0)
		Usr 0 00:21:45, Sys 0 00:00:04  -  Run Remote Usage
		Usr 0 00:00:00, Sys 0 00:00:00  -  Run Local Usage
		Usr 0 00:21:45, Sys 0 00:00:04  -  Total Remote Usage
		Usr 0 00:00:00, Sys 0 00:00:00  -  Total Local Usage
	16727  -  Run Bytes Sent By Job
	7151  -  Run Bytes Received By Job
	16727  -  Total Bytes Sent By Job
	7151  -  Total Bytes Received By Job
	Partitionable Resources :    Usage  Request Allocated 
	   Cpus                 :     0.99        1         1 
	   Disk (KB)            : 39673     6144000   6146195 
	   GPUs                 :                           0 
	   Memory (MB)          :   158        3000      3000 
	   TimeExecute (s)      :  1330                       
	   TimeSlotBusy (s)     :  1332                       
...
