000 (6052620.000.000) 08/16 22:30:20 Job submitted from host: <188.185.133.2:9618?addrs=188.185.133.2-9618+[2001-1458-d03-2--100-208]-9618&alias=bigbird102.cern.ch&noUDP&sock=schedd_5723_1498>
    DAG Node: P_A12_S3
...
040 (6052620.000.000) 08/16 22:31:04 Started transferring input files
	Transferring to host: <128.142.248.240:9618?addrs=128.142.248.240-9618+[2001-1458-301-73--100-ef]-9618&alias=b9g23p3798.cern.ch&noUDP&sock=slot1_32_9322_f134_23500>
...
040 (6052620.000.000) 08/16 22:31:04 Finished transferring input files
...
001 (6052620.000.000) 08/16 22:31:05 Job executing on host: <128.142.248.240:9618?addrs=128.142.248.240-9618+[2001-1458-301-73--100-ef]-9618&alias=b9g23p3798.cern.ch&noUDP&sock=startd_8292_3366>
	SlotName: slot1_32@b9g23p3798.cern.ch
	CondorScratchDir = "/pool/condor/dir_3459009"
	Cpus = 1
	Disk = 6149033
	GPUs = 0
	Memory = 3000
...
006 (6052620.000.000) 08/16 22:31:14 Image size of job updated: 11788
	12  -  MemoryUsage of job (MB)
	11788  -  ResidentSetSize of job (KB)
...
006 (6052620.000.000) 08/16 22:36:15 Image size of job updated: 122716
	120  -  MemoryUsage of job (MB)
	122716  -  ResidentSetSize of job (KB)
...
006 (6052620.000.000) 08/16 23:01:17 Image size of job updated: 122720
	120  -  MemoryUsage of job (MB)
	122720  -  ResidentSetSize of job (KB)
...
006 (6052620.000.000) 08/16 23:11:17 Image size of job updated: 122724
	120  -  MemoryUsage of job (MB)
	122724  -  ResidentSetSize of job (KB)
...
006 (6052620.000.000) 08/16 23:16:18 Image size of job updated: 134380
	132  -  MemoryUsage of job (MB)
	134380  -  ResidentSetSize of job (KB)
...
006 (6052620.000.000) 08/17 00:01:22 Image size of job updated: 134384
	132  -  MemoryUsage of job (MB)
	134384  -  ResidentSetSize of job (KB)
...
006 (6052620.000.000) 08/17 00:21:24 Image size of job updated: 134388
	132  -  MemoryUsage of job (MB)
	134388  -  ResidentSetSize of job (KB)
...
006 (6052620.000.000) 08/17 00:31:55 Image size of job updated: 136612
	132  -  MemoryUsage of job (MB)
	134388  -  ResidentSetSize of job (KB)
...
040 (6052620.000.000) 08/17 00:31:55 Started transferring output files
...
040 (6052620.000.000) 08/17 00:31:55 Finished transferring output files
...
005 (6052620.000.000) 08/17 00:31:55 Job terminated.
	(1) Normal termination (return value 0)
		Usr 0 01:59:05, Sys 0 00:00:12  -  Run Remote Usage
		Usr 0 00:00:00, Sys 0 00:00:00  -  Run Local Usage
		Usr 0 01:59:05, Sys 0 00:00:12  -  Total Remote Usage
		Usr 0 00:00:00, Sys 0 00:00:00  -  Total Local Usage
	17122  -  Run Bytes Sent By Job
	7151  -  Run Bytes Received By Job
	17122  -  Total Bytes Sent By Job
	7151  -  Total Bytes Received By Job
	Partitionable Resources :    Usage  Request Allocated 
	   Cpus                 :     0.99        1         1 
	   Disk (KB)            : 39675     6144000   6149033 
	   GPUs                 :                           0 
	   Memory (MB)          :   132        3000      3000 
	   TimeExecute (s)      :  7250                       
	   TimeSlotBusy (s)     :  7252                       
...
