000 (6052524.000.000) 08/16 22:30:18 Job submitted from host: <188.185.133.2:9618?addrs=188.185.133.2-9618+[2001-1458-d03-2--100-208]-9618&alias=bigbird102.cern.ch&noUDP&sock=schedd_5723_1498>
    DAG Node: P_A00_S3
...
040 (6052524.000.000) 08/16 22:30:46 Started transferring input files
	Transferring to host: <128.142.162.86:9618?addrs=128.142.162.86-9618+[2001-1458-301-7d--100-f]-9618&alias=b9g42p2030.cern.ch&noUDP&sock=slot1_21_5184_58cc_1492>
...
040 (6052524.000.000) 08/16 22:30:46 Finished transferring input files
...
001 (6052524.000.000) 08/16 22:30:47 Job executing on host: <128.142.162.86:9618?addrs=128.142.162.86-9618+[2001-1458-301-7d--100-f]-9618&alias=b9g42p2030.cern.ch&noUDP&sock=startd_4328_39fb>
	SlotName: slot1_21@b9g42p2030.cern.ch
	CondorScratchDir = "/pool/condor/dir_1446273"
	Cpus = 1
	Disk = 6146729
	GPUs = 0
	Memory = 3000
...
006 (6052524.000.000) 08/16 22:30:56 Image size of job updated: 36676
	36  -  MemoryUsage of job (MB)
	36676  -  ResidentSetSize of job (KB)
...
006 (6052524.000.000) 08/16 22:35:57 Image size of job updated: 138296
	136  -  MemoryUsage of job (MB)
	138296  -  ResidentSetSize of job (KB)
...
006 (6052524.000.000) 08/16 22:40:58 Image size of job updated: 149900
	147  -  MemoryUsage of job (MB)
	149900  -  ResidentSetSize of job (KB)
...
006 (6052524.000.000) 08/16 22:45:59 Image size of job updated: 161300
	158  -  MemoryUsage of job (MB)
	161300  -  ResidentSetSize of job (KB)
...
006 (6052524.000.000) 08/16 22:47:16 Image size of job updated: 161304
	158  -  MemoryUsage of job (MB)
	161300  -  ResidentSetSize of job (KB)
...
040 (6052524.000.000) 08/16 22:47:16 Started transferring output files
...
040 (6052524.000.000) 08/16 22:47:16 Finished transferring output files
...
005 (6052524.000.000) 08/16 22:47:16 Job terminated.
	(1) Normal termination (return value 0)
		Usr 0 00:16:09, Sys 0 00:00:04  -  Run Remote Usage
		Usr 0 00:00:00, Sys 0 00:00:00  -  Run Local Usage
		Usr 0 00:16:09, Sys 0 00:00:04  -  Total Remote Usage
		Usr 0 00:00:00, Sys 0 00:00:00  -  Total Local Usage
	16721  -  Run Bytes Sent By Job
	7151  -  Run Bytes Received By Job
	16721  -  Total Bytes Sent By Job
	7151  -  Total Bytes Received By Job
	Partitionable Resources :    Usage  Request Allocated 
	   Cpus                 :     1.00        1         1 
	   Disk (KB)            : 39633     6144000   6146729 
	   GPUs                 :                           0 
	   Memory (MB)          :   158        3000      3000 
	   TimeExecute (s)      :   989                       
	   TimeSlotBusy (s)     :   991                       
...
