000 (6052530.000.000) 08/16 22:30:18 Job submitted from host: <188.185.133.2:9618?addrs=188.185.133.2-9618+[2001-1458-d03-2--100-208]-9618&alias=bigbird102.cern.ch&noUDP&sock=schedd_5723_1498>
    DAG Node: P_A01_S1
...
040 (6052530.000.000) 08/16 22:30:48 Started transferring input files
	Transferring to host: <188.185.196.161:9618?addrs=188.185.196.161-9618+[2001-1458-303-23--100-9d]-9618&alias=b9p16p2782.cern.ch&noUDP&sock=slot1_34_5548_d15b_29971>
...
040 (6052530.000.000) 08/16 22:30:48 Finished transferring input files
...
001 (6052530.000.000) 08/16 22:30:49 Job executing on host: <188.185.196.161:9618?addrs=188.185.196.161-9618+[2001-1458-303-23--100-9d]-9618&alias=b9p16p2782.cern.ch&noUDP&sock=startd_4394_7f3b>
	SlotName: slot1_34@b9p16p2782.cern.ch
	CondorScratchDir = "/pool/condor/dir_2236889"
	Cpus = 1
	Disk = 6146776
	GPUs = 0
	Memory = 3000
...
006 (6052530.000.000) 08/16 22:30:57 Image size of job updated: 28328
	28  -  MemoryUsage of job (MB)
	28328  -  ResidentSetSize of job (KB)
...
006 (6052530.000.000) 08/16 22:35:58 Image size of job updated: 124924
	122  -  MemoryUsage of job (MB)
	124924  -  ResidentSetSize of job (KB)
...
006 (6052530.000.000) 08/16 22:40:59 Image size of job updated: 124928
	122  -  MemoryUsage of job (MB)
	124928  -  ResidentSetSize of job (KB)
...
040 (6052530.000.000) 08/16 22:43:10 Started transferring output files
...
040 (6052530.000.000) 08/16 22:43:10 Finished transferring output files
...
005 (6052530.000.000) 08/16 22:43:10 Job terminated.
	(1) Normal termination (return value 0)
		Usr 0 00:12:01, Sys 0 00:00:04  -  Run Remote Usage
		Usr 0 00:00:00, Sys 0 00:00:00  -  Run Local Usage
		Usr 0 00:12:01, Sys 0 00:00:04  -  Total Remote Usage
		Usr 0 00:00:00, Sys 0 00:00:00  -  Total Local Usage
	16532  -  Run Bytes Sent By Job
	7151  -  Run Bytes Received By Job
	16532  -  Total Bytes Sent By Job
	7151  -  Total Bytes Received By Job
	Partitionable Resources :    Usage  Request Allocated 
	   Cpus                 :     0.99        1         1 
	   Disk (KB)            : 39672     6144000   6146776 
	   GPUs                 :                           0 
	   Memory (MB)          :   122        3000      3000 
	   TimeExecute (s)      :   741                       
	   TimeSlotBusy (s)     :   743                       
...
