000 (6052618.000.000) 08/16 22:30:20 Job submitted from host: <188.185.133.2:9618?addrs=188.185.133.2-9618+[2001-1458-d03-2--100-208]-9618&alias=bigbird102.cern.ch&noUDP&sock=schedd_5723_1498>
    DAG Node: P_A12_S1
...
040 (6052618.000.000) 08/16 22:31:03 Started transferring input files
	Transferring to host: <188.185.196.47:9618?addrs=188.185.196.47-9618+[2001-1458-303-23--100-2b]-9618&alias=b9p16p7553.cern.ch&noUDP&sock=slot1_15_6543_e2a3_30255>
...
040 (6052618.000.000) 08/16 22:31:03 Finished transferring input files
...
001 (6052618.000.000) 08/16 22:31:04 Job executing on host: <188.185.196.47:9618?addrs=188.185.196.47-9618+[2001-1458-303-23--100-2b]-9618&alias=b9p16p7553.cern.ch&noUDP&sock=startd_5842_b45e>
	SlotName: slot1_15@b9p16p7553.cern.ch
	CondorScratchDir = "/pool/condor/dir_1608750"
	Cpus = 1
	Disk = 6146853
	GPUs = 0
	Memory = 3000
...
006 (6052618.000.000) 08/16 22:31:13 Image size of job updated: 20108
	20  -  MemoryUsage of job (MB)
	20108  -  ResidentSetSize of job (KB)
...
006 (6052618.000.000) 08/16 22:36:14 Image size of job updated: 126920
	124  -  MemoryUsage of job (MB)
	126920  -  ResidentSetSize of job (KB)
...
006 (6052618.000.000) 08/16 22:51:16 Image size of job updated: 126924
	124  -  MemoryUsage of job (MB)
	126924  -  ResidentSetSize of job (KB)
...
006 (6052618.000.000) 08/16 23:06:17 Image size of job updated: 126928
	124  -  MemoryUsage of job (MB)
	126928  -  ResidentSetSize of job (KB)
...
006 (6052618.000.000) 08/16 23:11:18 Image size of job updated: 138584
	136  -  MemoryUsage of job (MB)
	138584  -  ResidentSetSize of job (KB)
...
006 (6052618.000.000) 08/16 23:16:19 Image size of job updated: 138588
	136  -  MemoryUsage of job (MB)
	138588  -  ResidentSetSize of job (KB)
...
006 (6052618.000.000) 08/17 00:11:22 Image size of job updated: 138592
	136  -  MemoryUsage of job (MB)
	138592  -  ResidentSetSize of job (KB)
...
040 (6052618.000.000) 08/17 00:21:57 Started transferring output files
...
040 (6052618.000.000) 08/17 00:21:57 Finished transferring output files
...
005 (6052618.000.000) 08/17 00:21:57 Job terminated.
	(1) Normal termination (return value 0)
		Usr 0 01:49:41, Sys 0 00:00:09  -  Run Remote Usage
		Usr 0 00:00:00, Sys 0 00:00:00  -  Run Local Usage
		Usr 0 01:49:41, Sys 0 00:00:09  -  Total Remote Usage
		Usr 0 00:00:00, Sys 0 00:00:00  -  Total Local Usage
	17124  -  Run Bytes Sent By Job
	7151  -  Run Bytes Received By Job
	17124  -  Total Bytes Sent By Job
	7151  -  Total Bytes Received By Job
	Partitionable Resources :    Usage  Request Allocated 
	   Cpus                 :     0.99        1         1 
	   Disk (KB)            : 39675     6144000   6146853 
	   GPUs                 :                           0 
	   Memory (MB)          :   136        3000      3000 
	   TimeExecute (s)      :  6653                       
	   TimeSlotBusy (s)     :  6655                       
...
