000 (6052566.000.000) 08/16 22:30:19 Job submitted from host: <188.185.133.2:9618?addrs=188.185.133.2-9618+[2001-1458-d03-2--100-208]-9618&alias=bigbird102.cern.ch&noUDP&sock=schedd_5723_1498>
    DAG Node: P_A05_S5
...
040 (6052566.000.000) 08/16 22:32:46 Started transferring input files
	Transferring to host: <188.185.192.107:9618?addrs=188.185.192.107-9618+[2001-1458-303-1f--100-67]-9618&alias=b9p13p5496.cern.ch&noUDP&sock=slot1_25_5733_2ac2_28218>
...
040 (6052566.000.000) 08/16 22:32:46 Finished transferring input files
...
001 (6052566.000.000) 08/16 22:32:47 Job executing on host: <188.185.192.107:9618?addrs=188.185.192.107-9618+[2001-1458-303-1f--100-67]-9618&alias=b9p13p5496.cern.ch&noUDP&sock=startd_4697_546d>
	SlotName: slot1_25@b9p13p5496.cern.ch
	CondorScratchDir = "/pool/condor/dir_1101663"
	Cpus = 1
	Disk = 6146692
	GPUs = 0
	Memory = 3000
...
006 (6052566.000.000) 08/16 22:32:56 Image size of job updated: 28184
	28  -  MemoryUsage of job (MB)
	28184  -  ResidentSetSize of job (KB)
...
006 (6052566.000.000) 08/16 22:37:56 Image size of job updated: 110948
	109  -  MemoryUsage of job (MB)
	110948  -  ResidentSetSize of job (KB)
...
006 (6052566.000.000) 08/16 22:39:03 Image size of job updated: 113344
	109  -  MemoryUsage of job (MB)
	110948  -  ResidentSetSize of job (KB)
...
040 (6052566.000.000) 08/16 22:39:03 Started transferring output files
...
040 (6052566.000.000) 08/16 22:39:03 Finished transferring output files
...
005 (6052566.000.000) 08/16 22:39:03 Job terminated.
	(1) Normal termination (return value 0)
		Usr 0 00:06:01, Sys 0 00:00:03  -  Run Remote Usage
		Usr 0 00:00:00, Sys 0 00:00:00  -  Run Local Usage
		Usr 0 00:06:01, Sys 0 00:00:03  -  Total Remote Usage
		Usr 0 00:00:00, Sys 0 00:00:00  -  Total Local Usage
	16453  -  Run Bytes Sent By Job
	7151  -  Run Bytes Received By Job
	16453  -  Total Bytes Sent By Job
	7151  -  Total Bytes Received By Job
	Partitionable Resources :    Usage  Request Allocated 
	   Cpus                 :     0.99        1         1 
	   Disk (KB)            :  9655     6144000   6146692 
	   GPUs                 :                           0 
	   Memory (MB)          :   109        3000      3000 
	   TimeExecute (s)      :   376                       
	   TimeSlotBusy (s)     :   378                       
...
