000 (6052523.000.000) 08/16 22:30:18 Job submitted from host: <188.185.133.2:9618?addrs=188.185.133.2-9618+[2001-1458-d03-2--100-208]-9618&alias=bigbird102.cern.ch&noUDP&sock=schedd_5723_1498>
    DAG Node: P_A00_S2
...
040 (6052523.000.000) 08/16 22:30:46 Started transferring input files
	Transferring to host: <128.142.162.11:9618?addrs=128.142.162.11-9618+[2001-1458-301-7b--100-4]-9618&alias=b9g42p1026.cern.ch&noUDP&sock=slot1_20_3632_d28d_22408>
...
040 (6052523.000.000) 08/16 22:30:46 Finished transferring input files
...
001 (6052523.000.000) 08/16 22:30:47 Job executing on host: <128.142.162.11:9618?addrs=128.142.162.11-9618+[2001-1458-301-7b--100-4]-9618&alias=b9g42p1026.cern.ch&noUDP&sock=startd_3247_c01a>
	SlotName: slot1_20@b9g42p1026.cern.ch
	CondorScratchDir = "/pool/condor/dir_3080935"
	Cpus = 1
	Disk = 6146780
	GPUs = 0
	Memory = 3000
...
006 (6052523.000.000) 08/16 22:30:56 Image size of job updated: 38624
	38  -  MemoryUsage of job (MB)
	38624  -  ResidentSetSize of job (KB)
...
006 (6052523.000.000) 08/16 22:35:57 Image size of job updated: 140336
	138  -  MemoryUsage of job (MB)
	140336  -  ResidentSetSize of job (KB)
...
006 (6052523.000.000) 08/16 22:40:58 Image size of job updated: 163336
	160  -  MemoryUsage of job (MB)
	163336  -  ResidentSetSize of job (KB)
...
006 (6052523.000.000) 08/16 22:43:33 Image size of job updated: 163344
	160  -  MemoryUsage of job (MB)
	163336  -  ResidentSetSize of job (KB)
...
040 (6052523.000.000) 08/16 22:43:33 Started transferring output files
...
040 (6052523.000.000) 08/16 22:43:33 Finished transferring output files
...
005 (6052523.000.000) 08/16 22:43:33 Job terminated.
	(1) Normal termination (return value 0)
		Usr 0 00:12:32, Sys 0 00:00:03  -  Run Remote Usage
		Usr 0 00:00:00, Sys 0 00:00:00  -  Run Local Usage
		Usr 0 00:12:32, Sys 0 00:00:03  -  Total Remote Usage
		Usr 0 00:00:00, Sys 0 00:00:00  -  Total Local Usage
	16723  -  Run Bytes Sent By Job
	7151  -  Run Bytes Received By Job
	16723  -  Total Bytes Sent By Job
	7151  -  Total Bytes Received By Job
	Partitionable Resources :    Usage  Request Allocated 
	   Cpus                 :     1.00        1         1 
	   Disk (KB)            : 39633     6144000   6146780 
	   GPUs                 :                           0 
	   Memory (MB)          :   160        3000      3000 
	   TimeExecute (s)      :   766                       
	   TimeSlotBusy (s)     :   768                       
...
