000 (6052545.000.000) 08/16 22:30:18 Job submitted from host: <188.185.133.2:9618?addrs=188.185.133.2-9618+[2001-1458-d03-2--100-208]-9618&alias=bigbird102.cern.ch&noUDP&sock=schedd_5723_1498>
    DAG Node: P_A03_S0
...
040 (6052545.000.000) 08/16 22:30:54 Started transferring input files
	Transferring to host: <188.185.194.142:9618?addrs=188.185.194.142-9618+[2001-1458-303-21--100-8a]-9618&alias=b9p20p3585.cern.ch&noUDP&sock=slot1_24_3957_d07a_30330>
...
040 (6052545.000.000) 08/16 22:30:54 Finished transferring input files
...
001 (6052545.000.000) 08/16 22:30:55 Job executing on host: <188.185.194.142:9618?addrs=188.185.194.142-9618+[2001-1458-303-21--100-8a]-9618&alias=b9p20p3585.cern.ch&noUDP&sock=startd_3910_8364>
	SlotName: slot1_24@b9p20p3585.cern.ch
	CondorScratchDir = "/pool/condor/dir_2749012"
	Cpus = 1
	Disk = 6146873
	GPUs = 0
	Memory = 3000
...
006 (6052545.000.000) 08/16 22:31:03 Image size of job updated: 26196
	26  -  MemoryUsage of job (MB)
	26196  -  ResidentSetSize of job (KB)
...
006 (6052545.000.000) 08/16 22:36:03 Image size of job updated: 126940
	124  -  MemoryUsage of job (MB)
	126940  -  ResidentSetSize of job (KB)
...
006 (6052545.000.000) 08/16 22:41:04 Image size of job updated: 138656
	136  -  MemoryUsage of job (MB)
	138656  -  ResidentSetSize of job (KB)
...
006 (6052545.000.000) 08/16 22:46:05 Image size of job updated: 150260
	147  -  MemoryUsage of job (MB)
	150260  -  ResidentSetSize of job (KB)
...
006 (6052545.000.000) 08/16 22:51:05 Image size of job updated: 161656
	158  -  MemoryUsage of job (MB)
	161656  -  ResidentSetSize of job (KB)
...
006 (6052545.000.000) 08/16 22:54:48 Image size of job updated: 161664
	158  -  MemoryUsage of job (MB)
	161656  -  ResidentSetSize of job (KB)
...
040 (6052545.000.000) 08/16 22:54:48 Started transferring output files
...
040 (6052545.000.000) 08/16 22:54:48 Finished transferring output files
...
005 (6052545.000.000) 08/16 22:54:48 Job terminated.
	(1) Normal termination (return value 0)
		Usr 0 00:23:27, Sys 0 00:00:04  -  Run Remote Usage
		Usr 0 00:00:00, Sys 0 00:00:00  -  Run Local Usage
		Usr 0 00:23:27, Sys 0 00:00:04  -  Total Remote Usage
		Usr 0 00:00:00, Sys 0 00:00:00  -  Total Local Usage
	16727  -  Run Bytes Sent By Job
	7151  -  Run Bytes Received By Job
	16727  -  Total Bytes Sent By Job
	7151  -  Total Bytes Received By Job
	Partitionable Resources :    Usage  Request Allocated 
	   Cpus                 :     0.99        1         1 
	   Disk (KB)            : 39673     6144000   6146873 
	   GPUs                 :                           0 
	   Memory (MB)          :   158        3000      3000 
	   TimeExecute (s)      :  1433                       
	   TimeSlotBusy (s)     :  1436                       
...
