000 (6052548.000.000) 08/16 22:30:18 Job submitted from host: <188.185.133.2:9618?addrs=188.185.133.2-9618+[2001-1458-d03-2--100-208]-9618&alias=bigbird102.cern.ch&noUDP&sock=schedd_5723_1498>
    DAG Node: P_A03_S3
...
040 (6052548.000.000) 08/16 22:30:55 Started transferring input files
	Transferring to host: <188.185.194.82:9618?addrs=188.185.194.82-9618+[2001-1458-303-21--100-4e]-9618&alias=b9p20p5054.cern.ch&noUDP&sock=slot1_23_1564702_dbc5_29936>
...
040 (6052548.000.000) 08/16 22:30:55 Finished transferring input files
...
001 (6052548.000.000) 08/16 22:30:56 Job executing on host: <188.185.194.82:9618?addrs=188.185.194.82-9618+[2001-1458-303-21--100-4e]-9618&alias=b9p20p5054.cern.ch&noUDP&sock=startd_5718_a69f>
	SlotName: slot1_23@b9p20p5054.cern.ch
	CondorScratchDir = "/pool/condor/dir_3911970"
	Cpus = 1
	Disk = 6149038
	GPUs = 0
	Memory = 3000
...
006 (6052548.000.000) 08/16 22:31:04 Image size of job updated: 25540
	25  -  MemoryUsage of job (MB)
	25540  -  ResidentSetSize of job (KB)
...
006 (6052548.000.000) 08/16 22:36:04 Image size of job updated: 126924
	124  -  MemoryUsage of job (MB)
	126924  -  ResidentSetSize of job (KB)
...
006 (6052548.000.000) 08/16 22:41:04 Image size of job updated: 138640
	136  -  MemoryUsage of job (MB)
	138640  -  ResidentSetSize of job (KB)
...
006 (6052548.000.000) 08/16 22:46:04 Image size of job updated: 138644
	136  -  MemoryUsage of job (MB)
	138644  -  ResidentSetSize of job (KB)
...
006 (6052548.000.000) 08/16 22:51:04 Image size of job updated: 150244
	147  -  MemoryUsage of job (MB)
	150244  -  ResidentSetSize of job (KB)
...
006 (6052548.000.000) 08/16 22:56:05 Image size of job updated: 161640
	158  -  MemoryUsage of job (MB)
	161640  -  ResidentSetSize of job (KB)
...
006 (6052548.000.000) 08/16 23:00:59 Image size of job updated: 161648
	158  -  MemoryUsage of job (MB)
	161640  -  ResidentSetSize of job (KB)
...
040 (6052548.000.000) 08/16 23:00:59 Started transferring output files
...
040 (6052548.000.000) 08/16 23:00:59 Finished transferring output files
...
005 (6052548.000.000) 08/16 23:00:59 Job terminated.
	(1) Normal termination (return value 0)
		Usr 0 00:29:30, Sys 0 00:00:05  -  Run Remote Usage
		Usr 0 00:00:00, Sys 0 00:00:00  -  Run Local Usage
		Usr 0 00:29:30, Sys 0 00:00:05  -  Total Remote Usage
		Usr 0 00:00:00, Sys 0 00:00:00  -  Total Local Usage
	16725  -  Run Bytes Sent By Job
	7151  -  Run Bytes Received By Job
	16725  -  Total Bytes Sent By Job
	7151  -  Total Bytes Received By Job
	Partitionable Resources :    Usage  Request Allocated 
	   Cpus                 :     0.99        1         1 
	   Disk (KB)            : 39673     6144000   6149038 
	   GPUs                 :                           0 
	   Memory (MB)          :   158        3000      3000 
	   TimeExecute (s)      :  1803                       
	   TimeSlotBusy (s)     :  1806                       
...
