000 (6052534.000.000) 08/16 22:30:18 Job submitted from host: <188.185.133.2:9618?addrs=188.185.133.2-9618+[2001-1458-d03-2--100-208]-9618&alias=bigbird102.cern.ch&noUDP&sock=schedd_5723_1498>
    DAG Node: P_A01_S5
...
040 (6052534.000.000) 08/16 22:30:50 Started transferring input files
	Transferring to host: <128.142.162.29:9618?addrs=128.142.162.29-9618+[2001-1458-301-7b--100-16]-9618&alias=b9g42p1018.cern.ch&noUDP&sock=slot1_16_3975_7f3b_22729>
...
040 (6052534.000.000) 08/16 22:30:50 Finished transferring input files
...
001 (6052534.000.000) 08/16 22:30:51 Job executing on host: <128.142.162.29:9618?addrs=128.142.162.29-9618+[2001-1458-301-7b--100-16]-9618&alias=b9g42p1018.cern.ch&noUDP&sock=startd_3650_2cc5>
	SlotName: slot1_16@b9g42p1018.cern.ch
	CondorScratchDir = "/pool/condor/dir_4185725"
	Cpus = 1
	Disk = 6146641
	GPUs = 0
	Memory = 3000
...
006 (6052534.000.000) 08/16 22:31:00 Image size of job updated: 32064
	32  -  MemoryUsage of job (MB)
	32064  -  ResidentSetSize of job (KB)
...
006 (6052534.000.000) 08/16 22:36:01 Image size of job updated: 126576
	124  -  MemoryUsage of job (MB)
	126576  -  ResidentSetSize of job (KB)
...
006 (6052534.000.000) 08/16 22:41:01 Image size of job updated: 126580
	124  -  MemoryUsage of job (MB)
	126580  -  ResidentSetSize of job (KB)
...
006 (6052534.000.000) 08/16 22:42:47 Image size of job updated: 128804
	124  -  MemoryUsage of job (MB)
	126580  -  ResidentSetSize of job (KB)
...
040 (6052534.000.000) 08/16 22:42:47 Started transferring output files
...
040 (6052534.000.000) 08/16 22:42:47 Finished transferring output files
...
005 (6052534.000.000) 08/16 22:42:48 Job terminated.
	(1) Normal termination (return value 0)
		Usr 0 00:11:34, Sys 0 00:00:04  -  Run Remote Usage
		Usr 0 00:00:00, Sys 0 00:00:00  -  Run Local Usage
		Usr 0 00:11:34, Sys 0 00:00:04  -  Total Remote Usage
		Usr 0 00:00:00, Sys 0 00:00:00  -  Total Local Usage
	16530  -  Run Bytes Sent By Job
	7151  -  Run Bytes Received By Job
	16530  -  Total Bytes Sent By Job
	7151  -  Total Bytes Received By Job
	Partitionable Resources :    Usage  Request Allocated 
	   Cpus                 :     0.99        1         1 
	   Disk (KB)            : 39632     6144000   6146641 
	   GPUs                 :                           0 
	   Memory (MB)          :   124        3000      3000 
	   TimeExecute (s)      :   716                       
	   TimeSlotBusy (s)     :   718                       
...
