000 (6052543.000.000) 08/16 22:30:18 Job submitted from host: <188.185.133.2:9618?addrs=188.185.133.2-9618+[2001-1458-d03-2--100-208]-9618&alias=bigbird102.cern.ch&noUDP&sock=schedd_5723_1498>
    DAG Node: P_A02_S6
...
040 (6052543.000.000) 08/16 22:30:54 Started transferring input files
	Transferring to host: <128.142.248.13:9618?addrs=128.142.248.13-9618+[2001-1458-301-73--100-fd]-9618&alias=b9g23p7326.cern.ch&noUDP&sock=slot1_24_5884_8f68_22894>
...
040 (6052543.000.000) 08/16 22:30:54 Finished transferring input files
...
001 (6052543.000.000) 08/16 22:30:55 Job executing on host: <128.142.248.13:9618?addrs=128.142.248.13-9618+[2001-1458-301-73--100-fd]-9618&alias=b9g23p7326.cern.ch&noUDP&sock=startd_4518_8cf9>
	SlotName: slot1_24@b9g23p7326.cern.ch
	CondorScratchDir = "/pool/condor/dir_547946"
	Cpus = 1
	Disk = 6146754
	GPUs = 0
	Memory = 3000
...
006 (6052543.000.000) 08/16 22:31:03 Image size of job updated: 26044
	26  -  MemoryUsage of job (MB)
	26044  -  ResidentSetSize of job (KB)
...
006 (6052543.000.000) 08/16 22:34:25 Image size of job updated: 115184
	26  -  MemoryUsage of job (MB)
	26044  -  ResidentSetSize of job (KB)
...
040 (6052543.000.000) 08/16 22:34:25 Started transferring output files
...
040 (6052543.000.000) 08/16 22:34:25 Finished transferring output files
...
005 (6052543.000.000) 08/16 22:34:25 Job terminated.
	(1) Normal termination (return value 0)
		Usr 0 00:03:12, Sys 0 00:00:04  -  Run Remote Usage
		Usr 0 00:00:00, Sys 0 00:00:00  -  Run Local Usage
		Usr 0 00:03:12, Sys 0 00:00:04  -  Total Remote Usage
		Usr 0 00:00:00, Sys 0 00:00:00  -  Total Local Usage
	16451  -  Run Bytes Sent By Job
	7151  -  Run Bytes Received By Job
	16451  -  Total Bytes Sent By Job
	7151  -  Total Bytes Received By Job
	Partitionable Resources :    Usage  Request Allocated 
	   Cpus                 :        0        1         1 
	   Disk (KB)            :     8411  6144000   6146754 
	   GPUs                 :                           0 
	   Memory (MB)          :       26     3000      3000 
	   TimeExecute (s)      :      210                    
	   TimeSlotBusy (s)     :      213                    
...
