000 (6052613.000.000) 08/16 22:30:20 Job submitted from host: <188.185.133.2:9618?addrs=188.185.133.2-9618+[2001-1458-d03-2--100-208]-9618&alias=bigbird102.cern.ch&noUDP&sock=schedd_5723_1498>
    DAG Node: P_A11_S4
...
040 (6052613.000.000) 08/16 22:31:20 Started transferring input files
	Transferring to host: <188.185.197.22:9618?addrs=188.185.197.22-9618+[2001-1458-303-24--100-12]-9618&alias=b9p14p6928.cern.ch&noUDP&sock=slot1_31_3146_6439_23539>
...
040 (6052613.000.000) 08/16 22:31:20 Finished transferring input files
...
001 (6052613.000.000) 08/16 22:31:21 Job executing on host: <188.185.197.22:9618?addrs=188.185.197.22-9618+[2001-1458-303-24--100-12]-9618&alias=b9p14p6928.cern.ch&noUDP&sock=startd_2536_1044>
	SlotName: slot1_31@b9p14p6928.cern.ch
	CondorScratchDir = "/pool/condor/dir_1628661"
	Cpus = 1
	Disk = 6146637
	GPUs = 0
	Memory = 3000
...
006 (6052613.000.000) 08/16 22:31:30 Image size of job updated: 13944
	14  -  MemoryUsage of job (MB)
	13944  -  ResidentSetSize of job (KB)
...
006 (6052613.000.000) 08/16 22:36:31 Image size of job updated: 122856
	120  -  MemoryUsage of job (MB)
	122856  -  ResidentSetSize of job (KB)
...
006 (6052613.000.000) 08/16 22:46:32 Image size of job updated: 122860
	120  -  MemoryUsage of job (MB)
	122860  -  ResidentSetSize of job (KB)
...
006 (6052613.000.000) 08/16 22:56:33 Image size of job updated: 122864
	120  -  MemoryUsage of job (MB)
	122864  -  ResidentSetSize of job (KB)
...
006 (6052613.000.000) 08/16 23:01:33 Image size of job updated: 134524
	132  -  MemoryUsage of job (MB)
	134524  -  ResidentSetSize of job (KB)
...
006 (6052613.000.000) 08/16 23:46:36 Image size of job updated: 134528
	132  -  MemoryUsage of job (MB)
	134528  -  ResidentSetSize of job (KB)
...
040 (6052613.000.000) 08/16 23:52:41 Started transferring output files
...
040 (6052613.000.000) 08/16 23:52:41 Finished transferring output files
...
005 (6052613.000.000) 08/16 23:52:41 Job terminated.
	(1) Normal termination (return value 0)
		Usr 0 01:20:15, Sys 0 00:00:09  -  Run Remote Usage
		Usr 0 00:00:00, Sys 0 00:00:00  -  Run Local Usage
		Usr 0 01:20:15, Sys 0 00:00:09  -  Total Remote Usage
		Usr 0 00:00:00, Sys 0 00:00:00  -  Total Local Usage
	17118  -  Run Bytes Sent By Job
	7151  -  Run Bytes Received By Job
	17118  -  Total Bytes Sent By Job
	7151  -  Total Bytes Received By Job
	Partitionable Resources :    Usage  Request Allocated 
	   Cpus                 :     0.99        1         1 
	   Disk (KB)            : 39675     6144000   6146637 
	   GPUs                 :                           0 
	   Memory (MB)          :   132        3000      3000 
	   TimeExecute (s)      :  4880                       
	   TimeSlotBusy (s)     :  4882                       
...
