000 (6052636.000.000) 08/16 22:30:26 Job submitted from host: <188.185.133.2:9618?addrs=188.185.133.2-9618+[2001-1458-d03-2--100-208]-9618&alias=bigbird102.cern.ch&noUDP&sock=schedd_5723_1498>
    DAG Node: P_A14_S3
...
040 (6052636.000.000) 08/16 22:31:24 Started transferring input files
	Transferring to host: <188.185.196.132:9618?addrs=188.185.196.132-9618+[2001-1458-303-23--100-80]-9618&alias=b9p16p6169.cern.ch&noUDP&sock=slot1_25_3269_0e5e_27751>
...
040 (6052636.000.000) 08/16 22:31:24 Finished transferring input files
...
001 (6052636.000.000) 08/16 22:31:25 Job executing on host: <188.185.196.132:9618?addrs=188.185.196.132-9618+[2001-1458-303-23--100-80]-9618&alias=b9p16p6169.cern.ch&noUDP&sock=startd_2537_bfdc>
	SlotName: slot1_25@b9p16p6169.cern.ch
	CondorScratchDir = "/pool/condor/dir_2405"
	Cpus = 1
	Disk = 6144842
	GPUs = 0
	Memory = 3000
...
006 (6052636.000.000) 08/16 22:31:33 Image size of job updated: 18020
	18  -  MemoryUsage of job (MB)
	18020  -  ResidentSetSize of job (KB)
...
006 (6052636.000.000) 08/16 22:36:33 Image size of job updated: 114656
	112  -  MemoryUsage of job (MB)
	114656  -  ResidentSetSize of job (KB)
...
006 (6052636.000.000) 08/16 22:41:34 Image size of job updated: 114824
	113  -  MemoryUsage of job (MB)
	114824  -  ResidentSetSize of job (KB)
...
006 (6052636.000.000) 08/16 22:46:34 Image size of job updated: 114992
	113  -  MemoryUsage of job (MB)
	114992  -  ResidentSetSize of job (KB)
...
006 (6052636.000.000) 08/16 22:51:35 Image size of job updated: 115160
	113  -  MemoryUsage of job (MB)
	115160  -  ResidentSetSize of job (KB)
...
006 (6052636.000.000) 08/16 22:53:45 Image size of job updated: 115332
	113  -  MemoryUsage of job (MB)
	115160  -  ResidentSetSize of job (KB)
...
040 (6052636.000.000) 08/16 22:53:45 Started transferring output files
...
040 (6052636.000.000) 08/16 22:53:45 Finished transferring output files
...
005 (6052636.000.000) 08/16 22:53:45 Job terminated.
	(1) Normal termination (return value 0)
		Usr 0 00:21:54, Sys 0 00:00:05  -  Run Remote Usage
		Usr 0 00:00:00, Sys 0 00:00:00  -  Run Local Usage
		Usr 0 00:21:54, Sys 0 00:00:05  -  Total Remote Usage
		Usr 0 00:00:00, Sys 0 00:00:00  -  Total Local Usage
	16454  -  Run Bytes Sent By Job
	7151  -  Run Bytes Received By Job
	16454  -  Total Bytes Sent By Job
	7151  -  Total Bytes Received By Job
	Partitionable Resources :    Usage  Request Allocated 
	   Cpus                 :     0.99        1         1 
	   Disk (KB)            :  9654     6144000   6144842 
	   GPUs                 :                           0 
	   Memory (MB)          :   113        3000      3000 
	   TimeExecute (s)      :  1340                       
	   TimeSlotBusy (s)     :  1342                       
...
