000 (6052553.000.000) 08/16 22:30:19 Job submitted from host: <188.185.133.2:9618?addrs=188.185.133.2-9618+[2001-1458-d03-2--100-208]-9618&alias=bigbird102.cern.ch&noUDP&sock=schedd_5723_1498>
    DAG Node: P_A04_S0
...
040 (6052553.000.000) 08/16 22:30:56 Started transferring input files
	Transferring to host: <188.185.195.31:9618?addrs=188.185.195.31-9618+[2001-1458-303-22--100-1b]-9618&alias=b9p17p1001.cern.ch&noUDP&sock=slot1_30_7758_f675_31432>
...
040 (6052553.000.000) 08/16 22:30:56 Finished transferring input files
...
001 (6052553.000.000) 08/16 22:30:57 Job executing on host: <188.185.195.31:9618?addrs=188.185.195.31-9618+[2001-1458-303-22--100-1b]-9618&alias=b9p17p1001.cern.ch&noUDP&sock=startd_6986_64b6>
	SlotName: slot1_30@b9p17p1001.cern.ch
	CondorScratchDir = "/pool/condor/dir_1063371"
	Cpus = 1
	Disk = 6146717
	GPUs = 0
	Memory = 3000
...
006 (6052553.000.000) 08/16 22:31:05 Image size of job updated: 26152
	26  -  MemoryUsage of job (MB)
	26152  -  ResidentSetSize of job (KB)
...
006 (6052553.000.000) 08/16 22:36:05 Image size of job updated: 126932
	124  -  MemoryUsage of job (MB)
	126932  -  ResidentSetSize of job (KB)
...
006 (6052553.000.000) 08/16 22:46:06 Image size of job updated: 126936
	124  -  MemoryUsage of job (MB)
	126936  -  ResidentSetSize of job (KB)
...
006 (6052553.000.000) 08/16 22:49:12 Image size of job updated: 129160
	124  -  MemoryUsage of job (MB)
	126936  -  ResidentSetSize of job (KB)
...
040 (6052553.000.000) 08/16 22:49:12 Started transferring output files
...
040 (6052553.000.000) 08/16 22:49:12 Finished transferring output files
...
005 (6052553.000.000) 08/16 22:49:12 Job terminated.
	(1) Normal termination (return value 0)
		Usr 0 00:17:51, Sys 0 00:00:04  -  Run Remote Usage
		Usr 0 00:00:00, Sys 0 00:00:00  -  Run Local Usage
		Usr 0 00:17:51, Sys 0 00:00:04  -  Total Remote Usage
		Usr 0 00:00:00, Sys 0 00:00:00  -  Total Local Usage
	16532  -  Run Bytes Sent By Job
	7151  -  Run Bytes Received By Job
	16532  -  Total Bytes Sent By Job
	7151  -  Total Bytes Received By Job
	Partitionable Resources :    Usage  Request Allocated 
	   Cpus                 :     1.00        1         1 
	   Disk (KB)            : 39673     6144000   6146717 
	   GPUs                 :                           0 
	   Memory (MB)          :   124        3000      3000 
	   TimeExecute (s)      :  1095                       
	   TimeSlotBusy (s)     :  1097                       
...
