000 (6052600.000.000) 08/16 22:30:20 Job submitted from host: <188.185.133.2:9618?addrs=188.185.133.2-9618+[2001-1458-d03-2--100-208]-9618&alias=bigbird102.cern.ch&noUDP&sock=schedd_5723_1498>
    DAG Node: P_A09_S7
...
040 (6052600.000.000) 08/16 22:32:46 Started transferring input files
	Transferring to host: <188.185.197.79:9618?addrs=188.185.197.79-9618+[2001-1458-303-24--100-4b]-9618&alias=b9p14p1574.cern.ch&noUDP&sock=slot1_15_10063_0b32_23534>
...
040 (6052600.000.000) 08/16 22:32:46 Finished transferring input files
...
001 (6052600.000.000) 08/16 22:32:47 Job executing on host: <188.185.197.79:9618?addrs=188.185.197.79-9618+[2001-1458-303-24--100-4b]-9618&alias=b9p14p1574.cern.ch&noUDP&sock=startd_9832_833f>
	SlotName: slot1_15@b9p14p1574.cern.ch
	CondorScratchDir = "/pool/condor/dir_1359208"
	Cpus = 1
	Disk = 6146800
	GPUs = 0
	Memory = 3000
...
006 (6052600.000.000) 08/16 22:32:55 Image size of job updated: 30996
	31  -  MemoryUsage of job (MB)
	30996  -  ResidentSetSize of job (KB)
...
006 (6052600.000.000) 08/16 22:37:55 Image size of job updated: 126932
	124  -  MemoryUsage of job (MB)
	126932  -  ResidentSetSize of job (KB)
...
006 (6052600.000.000) 08/16 22:57:58 Image size of job updated: 126936
	124  -  MemoryUsage of job (MB)
	126936  -  ResidentSetSize of job (KB)
...
040 (6052600.000.000) 08/16 23:02:44 Started transferring output files
...
040 (6052600.000.000) 08/16 23:02:44 Finished transferring output files
...
005 (6052600.000.000) 08/16 23:02:44 Job terminated.
	(1) Normal termination (return value 0)
		Usr 0 00:29:35, Sys 0 00:00:04  -  Run Remote Usage
		Usr 0 00:00:00, Sys 0 00:00:00  -  Run Local Usage
		Usr 0 00:29:35, Sys 0 00:00:04  -  Total Remote Usage
		Usr 0 00:00:00, Sys 0 00:00:00  -  Total Local Usage
	16533  -  Run Bytes Sent By Job
	7151  -  Run Bytes Received By Job
	16533  -  Total Bytes Sent By Job
	7151  -  Total Bytes Received By Job
	Partitionable Resources :    Usage  Request Allocated 
	   Cpus                 :     0.99        1         1 
	   Disk (KB)            : 39673     6144000   6146800 
	   GPUs                 :                           0 
	   Memory (MB)          :   124        3000      3000 
	   TimeExecute (s)      :  1797                       
	   TimeSlotBusy (s)     :  1800                       
...
