000 (6052592.000.000) 08/16 22:30:19 Job submitted from host: <188.185.133.2:9618?addrs=188.185.133.2-9618+[2001-1458-d03-2--100-208]-9618&alias=bigbird102.cern.ch&noUDP&sock=schedd_5723_1498>
    DAG Node: P_A08_S7
...
040 (6052592.000.000) 08/16 22:31:14 Started transferring input files
	Transferring to host: <188.185.196.105:9618?addrs=188.185.196.105-9618+[2001-1458-303-23--100-65]-9618&alias=b9p16p0935.cern.ch&noUDP&sock=slot1_2_6872_b211_33147>
...
040 (6052592.000.000) 08/16 22:31:14 Finished transferring input files
...
001 (6052592.000.000) 08/16 22:31:15 Job executing on host: <188.185.196.105:9618?addrs=188.185.196.105-9618+[2001-1458-303-23--100-65]-9618&alias=b9p16p0935.cern.ch&noUDP&sock=startd_6180_8b60>
	SlotName: slot1_2@b9p16p0935.cern.ch
	CondorScratchDir = "/pool/condor/dir_1211721"
	Cpus = 1
	Disk = 6146792
	GPUs = 0
	Memory = 3000
...
006 (6052592.000.000) 08/16 22:31:24 Image size of job updated: 17356
	17  -  MemoryUsage of job (MB)
	17356  -  ResidentSetSize of job (KB)
...
006 (6052592.000.000) 08/16 22:36:25 Image size of job updated: 126928
	124  -  MemoryUsage of job (MB)
	126928  -  ResidentSetSize of job (KB)
...
006 (6052592.000.000) 08/16 22:41:25 Image size of job updated: 126932
	124  -  MemoryUsage of job (MB)
	126932  -  ResidentSetSize of job (KB)
...
006 (6052592.000.000) 08/16 22:56:26 Image size of job updated: 138648
	136  -  MemoryUsage of job (MB)
	138648  -  ResidentSetSize of job (KB)
...
006 (6052592.000.000) 08/16 23:16:29 Image size of job updated: 138652
	136  -  MemoryUsage of job (MB)
	138652  -  ResidentSetSize of job (KB)
...
006 (6052592.000.000) 08/16 23:21:30 Image size of job updated: 150252
	147  -  MemoryUsage of job (MB)
	150252  -  ResidentSetSize of job (KB)
...
006 (6052592.000.000) 08/16 23:36:32 Image size of job updated: 150256
	147  -  MemoryUsage of job (MB)
	150256  -  ResidentSetSize of job (KB)
...
006 (6052592.000.000) 08/16 23:38:58 Image size of job updated: 152480
	147  -  MemoryUsage of job (MB)
	150256  -  ResidentSetSize of job (KB)
...
040 (6052592.000.000) 08/16 23:38:58 Started transferring output files
...
040 (6052592.000.000) 08/16 23:38:58 Finished transferring output files
...
005 (6052592.000.000) 08/16 23:38:58 Job terminated.
	(1) Normal termination (return value 0)
		Usr 0 01:06:37, Sys 0 00:00:11  -  Run Remote Usage
		Usr 0 00:00:00, Sys 0 00:00:00  -  Run Local Usage
		Usr 0 01:06:37, Sys 0 00:00:11  -  Total Remote Usage
		Usr 0 00:00:00, Sys 0 00:00:00  -  Total Local Usage
	16663  -  Run Bytes Sent By Job
	7151  -  Run Bytes Received By Job
	16663  -  Total Bytes Sent By Job
	7151  -  Total Bytes Received By Job
	Partitionable Resources :    Usage  Request Allocated 
	   Cpus                 :     0.99        1         1 
	   Disk (KB)            : 39673     6144000   6146792 
	   GPUs                 :                           0 
	   Memory (MB)          :   147        3000      3000 
	   TimeExecute (s)      :  4063                       
	   TimeSlotBusy (s)     :  4065                       
...
