000 (6052591.000.000) 08/16 22:30:19 Job submitted from host: <188.185.133.2:9618?addrs=188.185.133.2-9618+[2001-1458-d03-2--100-208]-9618&alias=bigbird102.cern.ch&noUDP&sock=schedd_5723_1498>
    DAG Node: P_A08_S6
...
040 (6052591.000.000) 08/16 22:31:13 Started transferring input files
	Transferring to host: <128.142.248.226:9618?addrs=128.142.248.226-9618+[2001-1458-301-73--100-e1]-9618&alias=b9g23p6179.cern.ch&noUDP&sock=slot1_16_6392_7dfd_23051>
...
040 (6052591.000.000) 08/16 22:31:13 Finished transferring input files
...
001 (6052591.000.000) 08/16 22:31:14 Job executing on host: <128.142.248.226:9618?addrs=128.142.248.226-9618+[2001-1458-301-73--100-e1]-9618&alias=b9g23p6179.cern.ch&noUDP&sock=startd_5399_d7e9>
	SlotName: slot1_16@b9g23p6179.cern.ch
	CondorScratchDir = "/pool/condor/dir_3540511"
	Cpus = 1
	Disk = 6146785
	GPUs = 0
	Memory = 3000
...
006 (6052591.000.000) 08/16 22:31:23 Image size of job updated: 14020
	14  -  MemoryUsage of job (MB)
	14020  -  ResidentSetSize of job (KB)
...
006 (6052591.000.000) 08/16 22:36:24 Image size of job updated: 122732
	120  -  MemoryUsage of job (MB)
	122732  -  ResidentSetSize of job (KB)
...
006 (6052591.000.000) 08/16 22:41:24 Image size of job updated: 122736
	120  -  MemoryUsage of job (MB)
	122736  -  ResidentSetSize of job (KB)
...
006 (6052591.000.000) 08/16 22:46:24 Image size of job updated: 134448
	132  -  MemoryUsage of job (MB)
	134448  -  ResidentSetSize of job (KB)
...
006 (6052591.000.000) 08/16 22:56:25 Image size of job updated: 134456
	132  -  MemoryUsage of job (MB)
	134456  -  ResidentSetSize of job (KB)
...
006 (6052591.000.000) 08/16 23:01:26 Image size of job updated: 146052
	143  -  MemoryUsage of job (MB)
	146052  -  ResidentSetSize of job (KB)
...
006 (6052591.000.000) 08/16 23:11:17 Image size of job updated: 148284
	143  -  MemoryUsage of job (MB)
	146052  -  ResidentSetSize of job (KB)
...
040 (6052591.000.000) 08/16 23:11:17 Started transferring output files
...
040 (6052591.000.000) 08/16 23:11:17 Finished transferring output files
...
005 (6052591.000.000) 08/16 23:11:18 Job terminated.
	(1) Normal termination (return value 0)
		Usr 0 00:39:29, Sys 0 00:00:04  -  Run Remote Usage
		Usr 0 00:00:00, Sys 0 00:00:00  -  Run Local Usage
		Usr 0 00:39:29, Sys 0 00:00:04  -  Total Remote Usage
		Usr 0 00:00:00, Sys 0 00:00:00  -  Total Local Usage
	16659  -  Run Bytes Sent By Job
	7151  -  Run Bytes Received By Job
	16659  -  Total Bytes Sent By Job
	7151  -  Total Bytes Received By Job
	Partitionable Resources :    Usage  Request Allocated 
	   Cpus                 :     0.99        1         1 
	   Disk (KB)            : 39673     6144000   6146785 
	   GPUs                 :                           0 
	   Memory (MB)          :   143        3000      3000 
	   TimeExecute (s)      :  2403                       
	   TimeSlotBusy (s)     :  2405                       
...
