000 (6052633.000.000) 08/16 22:30:25 Job submitted from host: <188.185.133.2:9618?addrs=188.185.133.2-9618+[2001-1458-d03-2--100-208]-9618&alias=bigbird102.cern.ch&noUDP&sock=schedd_5723_1498>
    DAG Node: P_A14_S0
...
040 (6052633.000.000) 08/16 22:31:22 Started transferring input files
	Transferring to host: <188.185.192.74:9618?addrs=188.185.192.74-9618+[2001-1458-303-1f--100-46]-9618&alias=b9p13p7172.cern.ch&noUDP&sock=slot1_47_8530_e814_30975>
...
040 (6052633.000.000) 08/16 22:31:22 Finished transferring input files
...
001 (6052633.000.000) 08/16 22:31:23 Job executing on host: <188.185.192.74:9618?addrs=188.185.192.74-9618+[2001-1458-303-1f--100-46]-9618&alias=b9p13p7172.cern.ch&noUDP&sock=startd_7170_9a23>
	SlotName: slot1_47@b9p13p7172.cern.ch
	CondorScratchDir = "/pool/condor/dir_2195974"
	Cpus = 1
	Disk = 6148046
	GPUs = 0
	Memory = 3000
...
006 (6052633.000.000) 08/16 22:31:31 Image size of job updated: 11632
	12  -  MemoryUsage of job (MB)
	11632  -  ResidentSetSize of job (KB)
...
006 (6052633.000.000) 08/16 22:36:31 Image size of job updated: 116552
	114  -  MemoryUsage of job (MB)
	116552  -  ResidentSetSize of job (KB)
...
006 (6052633.000.000) 08/16 22:41:32 Image size of job updated: 116716
	114  -  MemoryUsage of job (MB)
	116716  -  ResidentSetSize of job (KB)
...
006 (6052633.000.000) 08/16 22:51:34 Image size of job updated: 116884
	115  -  MemoryUsage of job (MB)
	116884  -  ResidentSetSize of job (KB)
...
006 (6052633.000.000) 08/16 22:56:34 Image size of job updated: 117104
	115  -  MemoryUsage of job (MB)
	117104  -  ResidentSetSize of job (KB)
...
006 (6052633.000.000) 08/16 22:58:56 Image size of job updated: 117224
	115  -  MemoryUsage of job (MB)
	117104  -  ResidentSetSize of job (KB)
...
040 (6052633.000.000) 08/16 22:58:56 Started transferring output files
...
040 (6052633.000.000) 08/16 22:58:57 Finished transferring output files
...
005 (6052633.000.000) 08/16 22:58:57 Job terminated.
	(1) Normal termination (return value 0)
		Usr 0 00:27:01, Sys 0 00:00:05  -  Run Remote Usage
		Usr 0 00:00:00, Sys 0 00:00:00  -  Run Local Usage
		Usr 0 00:27:01, Sys 0 00:00:05  -  Total Remote Usage
		Usr 0 00:00:00, Sys 0 00:00:00  -  Total Local Usage
	16459  -  Run Bytes Sent By Job
	7151  -  Run Bytes Received By Job
	16459  -  Total Bytes Sent By Job
	7151  -  Total Bytes Received By Job
	Partitionable Resources :    Usage  Request Allocated 
	   Cpus                 :     0.99        1         1 
	   Disk (KB)            :  9655     6144000   6148046 
	   GPUs                 :                           0 
	   Memory (MB)          :   115        3000      3000 
	   TimeExecute (s)      :  1653                       
	   TimeSlotBusy (s)     :  1656                       
...
