000 (6052538.000.000) 08/16 22:30:18 Job submitted from host: <188.185.133.2:9618?addrs=188.185.133.2-9618+[2001-1458-d03-2--100-208]-9618&alias=bigbird102.cern.ch&noUDP&sock=schedd_5723_1498>
    DAG Node: P_A02_S1
...
040 (6052538.000.000) 08/16 22:30:51 Started transferring input files
	Transferring to host: <188.185.197.23:9618?addrs=188.185.197.23-9618+[2001-1458-303-24--100-13]-9618&alias=b9p14p8346.cern.ch&noUDP&sock=slot1_43_7610_aeef_23967>
...
040 (6052538.000.000) 08/16 22:30:51 Finished transferring input files
...
001 (6052538.000.000) 08/16 22:30:52 Job executing on host: <188.185.197.23:9618?addrs=188.185.197.23-9618+[2001-1458-303-24--100-13]-9618&alias=b9p14p8346.cern.ch&noUDP&sock=startd_6744_66ca>
	SlotName: slot1_43@b9p14p8346.cern.ch
	CondorScratchDir = "/pool/condor/dir_317659"
	Cpus = 1
	Disk = 6146778
	GPUs = 0
	Memory = 3000
...
006 (6052538.000.000) 08/16 22:31:01 Image size of job updated: 24576
	24  -  MemoryUsage of job (MB)
	24576  -  ResidentSetSize of job (KB)
...
006 (6052538.000.000) 08/16 22:34:08 Image size of job updated: 111272
	24  -  MemoryUsage of job (MB)
	24576  -  ResidentSetSize of job (KB)
...
040 (6052538.000.000) 08/16 22:34:08 Started transferring output files
...
040 (6052538.000.000) 08/16 22:34:08 Finished transferring output files
...
005 (6052538.000.000) 08/16 22:34:08 Job terminated.
	(1) Normal termination (return value 0)
		Usr 0 00:03:01, Sys 0 00:00:03  -  Run Remote Usage
		Usr 0 00:00:00, Sys 0 00:00:00  -  Run Local Usage
		Usr 0 00:03:01, Sys 0 00:00:03  -  Total Remote Usage
		Usr 0 00:00:00, Sys 0 00:00:00  -  Total Local Usage
	16454  -  Run Bytes Sent By Job
	7151  -  Run Bytes Received By Job
	16454  -  Total Bytes Sent By Job
	7151  -  Total Bytes Received By Job
	Partitionable Resources :    Usage  Request Allocated 
	   Cpus                 :     0.26        1         1 
	   Disk (KB)            :  8466     6144000   6146778 
	   GPUs                 :                           0 
	   Memory (MB)          :    24        3000      3000 
	   TimeExecute (s)      :   196                       
	   TimeSlotBusy (s)     :   198                       
...
