000 (6052572.000.000) 08/16 22:30:19 Job submitted from host: <188.185.133.2:9618?addrs=188.185.133.2-9618+[2001-1458-d03-2--100-208]-9618&alias=bigbird102.cern.ch&noUDP&sock=schedd_5723_1498>
    DAG Node: P_A06_S3
...
040 (6052572.000.000) 08/16 22:31:01 Started transferring input files
	Transferring to host: <128.142.248.122:9618?addrs=128.142.248.122-9618+[2001-1458-301-73--100-16a]-9618&alias=b9g23p2132.cern.ch&noUDP&sock=slot1_52_7537_3f8c_23785>
...
040 (6052572.000.000) 08/16 22:31:01 Finished transferring input files
...
001 (6052572.000.000) 08/16 22:31:02 Job executing on host: <128.142.248.122:9618?addrs=128.142.248.122-9618+[2001-1458-301-73--100-16a]-9618&alias=b9g23p2132.cern.ch&noUDP&sock=startd_6630_34ff>
	SlotName: slot1_52@b9g23p2132.cern.ch
	CondorScratchDir = "/pool/condor/dir_1772449"
	Cpus = 1
	Disk = 6145694
	GPUs = 0
	Memory = 3000
...
006 (6052572.000.000) 08/16 22:31:11 Image size of job updated: 21420
	21  -  MemoryUsage of job (MB)
	21420  -  ResidentSetSize of job (KB)
...
006 (6052572.000.000) 08/16 22:36:12 Image size of job updated: 122712
	120  -  MemoryUsage of job (MB)
	122712  -  ResidentSetSize of job (KB)
...
006 (6052572.000.000) 08/16 22:46:13 Image size of job updated: 122720
	120  -  MemoryUsage of job (MB)
	122720  -  ResidentSetSize of job (KB)
...
006 (6052572.000.000) 08/16 22:51:14 Image size of job updated: 134376
	132  -  MemoryUsage of job (MB)
	134376  -  ResidentSetSize of job (KB)
...
006 (6052572.000.000) 08/16 23:11:16 Image size of job updated: 134380
	132  -  MemoryUsage of job (MB)
	134380  -  ResidentSetSize of job (KB)
...
006 (6052572.000.000) 08/16 23:20:36 Image size of job updated: 136608
	132  -  MemoryUsage of job (MB)
	134380  -  ResidentSetSize of job (KB)
...
040 (6052572.000.000) 08/16 23:20:36 Started transferring output files
...
040 (6052572.000.000) 08/16 23:20:36 Finished transferring output files
...
005 (6052572.000.000) 08/16 23:20:36 Job terminated.
	(1) Normal termination (return value 0)
		Usr 0 00:48:47, Sys 0 00:00:06  -  Run Remote Usage
		Usr 0 00:00:00, Sys 0 00:00:00  -  Run Local Usage
		Usr 0 00:48:47, Sys 0 00:00:06  -  Total Remote Usage
		Usr 0 00:00:00, Sys 0 00:00:00  -  Total Local Usage
	17119  -  Run Bytes Sent By Job
	7151  -  Run Bytes Received By Job
	17119  -  Total Bytes Sent By Job
	7151  -  Total Bytes Received By Job
	Partitionable Resources :    Usage  Request Allocated 
	   Cpus                 :     0.99        1         1 
	   Disk (KB)            : 39675     6144000   6145694 
	   GPUs                 :                           0 
	   Memory (MB)          :   132        3000      3000 
	   TimeExecute (s)      :  2974                       
	   TimeSlotBusy (s)     :  2976                       
...
