000 (6052555.000.000) 08/16 22:30:19 Job submitted from host: <188.185.133.2:9618?addrs=188.185.133.2-9618+[2001-1458-d03-2--100-208]-9618&alias=bigbird102.cern.ch&noUDP&sock=schedd_5723_1498>
    DAG Node: P_A04_S2
...
040 (6052555.000.000) 08/16 22:30:57 Started transferring input files
	Transferring to host: <188.185.196.142:9618?addrs=188.185.196.142-9618+[2001-1458-303-23--100-8a]-9618&alias=b9p16p3107.cern.ch&noUDP&sock=slot1_17_3938_6d59_29818>
...
040 (6052555.000.000) 08/16 22:30:57 Finished transferring input files
...
001 (6052555.000.000) 08/16 22:30:58 Job executing on host: <188.185.196.142:9618?addrs=188.185.196.142-9618+[2001-1458-303-23--100-8a]-9618&alias=b9p16p3107.cern.ch&noUDP&sock=startd_3893_da48>
	SlotName: slot1_17@b9p16p3107.cern.ch
	CondorScratchDir = "/pool/condor/dir_123083"
	Cpus = 1
	Disk = 6146714
	GPUs = 0
	Memory = 3000
...
006 (6052555.000.000) 08/16 22:31:06 Image size of job updated: 61836
	61  -  MemoryUsage of job (MB)
	61836  -  ResidentSetSize of job (KB)
...
006 (6052555.000.000) 08/16 22:36:06 Image size of job updated: 126940
	124  -  MemoryUsage of job (MB)
	126940  -  ResidentSetSize of job (KB)
...
006 (6052555.000.000) 08/16 22:50:04 Image size of job updated: 126944
	124  -  MemoryUsage of job (MB)
	126940  -  ResidentSetSize of job (KB)
...
040 (6052555.000.000) 08/16 22:50:04 Started transferring output files
...
040 (6052555.000.000) 08/16 22:50:04 Finished transferring output files
...
005 (6052555.000.000) 08/16 22:50:05 Job terminated.
	(1) Normal termination (return value 0)
		Usr 0 00:18:50, Sys 0 00:00:04  -  Run Remote Usage
		Usr 0 00:00:00, Sys 0 00:00:00  -  Run Local Usage
		Usr 0 00:18:50, Sys 0 00:00:04  -  Total Remote Usage
		Usr 0 00:00:00, Sys 0 00:00:00  -  Total Local Usage
	16531  -  Run Bytes Sent By Job
	7151  -  Run Bytes Received By Job
	16531  -  Total Bytes Sent By Job
	7151  -  Total Bytes Received By Job
	Partitionable Resources :    Usage  Request Allocated 
	   Cpus                 :     0.99        1         1 
	   Disk (KB)            : 39673     6144000   6146714 
	   GPUs                 :                           0 
	   Memory (MB)          :   124        3000      3000 
	   TimeExecute (s)      :  1146                       
	   TimeSlotBusy (s)     :  1148                       
...
