000 (6052522.000.000) 08/16 22:30:18 Job submitted from host: <188.185.133.2:9618?addrs=188.185.133.2-9618+[2001-1458-d03-2--100-208]-9618&alias=bigbird102.cern.ch&noUDP&sock=schedd_5723_1498>
    DAG Node: P_A00_S1
...
040 (6052522.000.000) 08/16 22:30:46 Started transferring input files
	Transferring to host: <128.142.162.28:9618?addrs=128.142.162.28-9618+[2001-1458-301-7b--100-15]-9618&alias=b9g42p1023.cern.ch&noUDP&sock=slot1_2_3866_b256_21633>
...
040 (6052522.000.000) 08/16 22:30:46 Finished transferring input files
...
001 (6052522.000.000) 08/16 22:30:47 Job executing on host: <128.142.162.28:9618?addrs=128.142.162.28-9618+[2001-1458-301-7b--100-15]-9618&alias=b9g42p1023.cern.ch&noUDP&sock=startd_3519_51dc>
	SlotName: slot1_2@b9g42p1023.cern.ch
	CondorScratchDir = "/pool/condor/dir_1015947"
	Cpus = 1
	Disk = 6146783
	GPUs = 0
	Memory = 3000
...
006 (6052522.000.000) 08/16 22:30:55 Image size of job updated: 45556
	45  -  MemoryUsage of job (MB)
	45556  -  ResidentSetSize of job (KB)
...
006 (6052522.000.000) 08/16 22:35:56 Image size of job updated: 138300
	136  -  MemoryUsage of job (MB)
	138300  -  ResidentSetSize of job (KB)
...
006 (6052522.000.000) 08/16 22:40:55 Image size of job updated: 163528
	136  -  MemoryUsage of job (MB)
	138300  -  ResidentSetSize of job (KB)
...
040 (6052522.000.000) 08/16 22:40:55 Started transferring output files
...
040 (6052522.000.000) 08/16 22:40:55 Finished transferring output files
...
005 (6052522.000.000) 08/16 22:40:55 Job terminated.
	(1) Normal termination (return value 0)
		Usr 0 00:09:56, Sys 0 00:00:03  -  Run Remote Usage
		Usr 0 00:00:00, Sys 0 00:00:00  -  Run Local Usage
		Usr 0 00:09:56, Sys 0 00:00:03  -  Total Remote Usage
		Usr 0 00:00:00, Sys 0 00:00:00  -  Total Local Usage
	16723  -  Run Bytes Sent By Job
	7151  -  Run Bytes Received By Job
	16723  -  Total Bytes Sent By Job
	7151  -  Total Bytes Received By Job
	Partitionable Resources :    Usage  Request Allocated 
	   Cpus                 :     1.00        1         1 
	   Disk (KB)            : 39633     6144000   6146783 
	   GPUs                 :                           0 
	   Memory (MB)          :   136        3000      3000 
	   TimeExecute (s)      :   608                       
	   TimeSlotBusy (s)     :   610                       
...
