000 (6052596.000.000) 08/16 22:30:19 Job submitted from host: <188.185.133.2:9618?addrs=188.185.133.2-9618+[2001-1458-d03-2--100-208]-9618&alias=bigbird102.cern.ch&noUDP&sock=schedd_5723_1498>
    DAG Node: P_A09_S3
...
040 (6052596.000.000) 08/16 22:31:15 Started transferring input files
	Transferring to host: <188.185.192.165:9618?addrs=188.185.192.165-9618+[2001-1458-303-1f--100-a1]-9618&alias=b9p13p9228.cern.ch&noUDP&sock=slot1_40_8136_4c44_30571>
...
040 (6052596.000.000) 08/16 22:31:15 Finished transferring input files
...
001 (6052596.000.000) 08/16 22:31:16 Job executing on host: <188.185.192.165:9618?addrs=188.185.192.165-9618+[2001-1458-303-1f--100-a1]-9618&alias=b9p13p9228.cern.ch&noUDP&sock=startd_7047_3bfd>
	SlotName: slot1_40@b9p13p9228.cern.ch
	CondorScratchDir = "/pool/condor/dir_2085323"
	Cpus = 1
	Disk = 6146776
	GPUs = 0
	Memory = 3000
...
006 (6052596.000.000) 08/16 22:31:25 Image size of job updated: 13184
	13  -  MemoryUsage of job (MB)
	13184  -  ResidentSetSize of job (KB)
...
006 (6052596.000.000) 08/16 22:36:25 Image size of job updated: 110784
	109  -  MemoryUsage of job (MB)
	110784  -  ResidentSetSize of job (KB)
...
006 (6052596.000.000) 08/16 22:41:25 Image size of job updated: 122736
	120  -  MemoryUsage of job (MB)
	122736  -  ResidentSetSize of job (KB)
...
006 (6052596.000.000) 08/16 23:01:27 Image size of job updated: 122740
	120  -  MemoryUsage of job (MB)
	122740  -  ResidentSetSize of job (KB)
...
006 (6052596.000.000) 08/16 23:11:27 Image size of job updated: 122744
	120  -  MemoryUsage of job (MB)
	122744  -  ResidentSetSize of job (KB)
...
006 (6052596.000.000) 08/16 23:16:28 Image size of job updated: 124968
	123  -  MemoryUsage of job (MB)
	124968  -  ResidentSetSize of job (KB)
...
040 (6052596.000.000) 08/16 23:16:33 Started transferring output files
...
040 (6052596.000.000) 08/16 23:16:33 Finished transferring output files
...
005 (6052596.000.000) 08/16 23:16:33 Job terminated.
	(1) Normal termination (return value 0)
		Usr 0 00:44:30, Sys 0 00:00:07  -  Run Remote Usage
		Usr 0 00:00:00, Sys 0 00:00:00  -  Run Local Usage
		Usr 0 00:44:30, Sys 0 00:00:07  -  Total Remote Usage
		Usr 0 00:00:00, Sys 0 00:00:00  -  Total Local Usage
	16530  -  Run Bytes Sent By Job
	7151  -  Run Bytes Received By Job
	16530  -  Total Bytes Sent By Job
	7151  -  Total Bytes Received By Job
	Partitionable Resources :    Usage  Request Allocated 
	   Cpus                 :     0.99        1         1 
	   Disk (KB)            : 39673     6144000   6146776 
	   GPUs                 :                           0 
	   Memory (MB)          :   123        3000      3000 
	   TimeExecute (s)      :  2717                       
	   TimeSlotBusy (s)     :  2719                       
...
