000 (6052549.000.000) 08/16 22:30:18 Job submitted from host: <188.185.133.2:9618?addrs=188.185.133.2-9618+[2001-1458-d03-2--100-208]-9618&alias=bigbird102.cern.ch&noUDP&sock=schedd_5723_1498>
    DAG Node: P_A03_S4
...
040 (6052549.000.000) 08/16 22:30:55 Started transferring input files
	Transferring to host: <188.185.195.105:9618?addrs=188.185.195.105-9618+[2001-1458-303-22--100-65]-9618&alias=b9p17p4939.cern.ch&noUDP&sock=slot1_10_6388_ac7d_32781>
...
040 (6052549.000.000) 08/16 22:30:55 Finished transferring input files
...
001 (6052549.000.000) 08/16 22:30:56 Job executing on host: <188.185.195.105:9618?addrs=188.185.195.105-9618+[2001-1458-303-22--100-65]-9618&alias=b9p17p4939.cern.ch&noUDP&sock=startd_5504_dd5b>
	SlotName: slot1_10@b9p17p4939.cern.ch
	CondorScratchDir = "/pool/condor/dir_929021"
	Cpus = 1
	Disk = 6146728
	GPUs = 0
	Memory = 3000
...
006 (6052549.000.000) 08/16 22:31:04 Image size of job updated: 22128
	22  -  MemoryUsage of job (MB)
	22128  -  ResidentSetSize of job (KB)
...
006 (6052549.000.000) 08/16 22:36:04 Image size of job updated: 122884
	121  -  MemoryUsage of job (MB)
	122884  -  ResidentSetSize of job (KB)
...
006 (6052549.000.000) 08/16 22:41:05 Image size of job updated: 134600
	132  -  MemoryUsage of job (MB)
	134600  -  ResidentSetSize of job (KB)
...
006 (6052549.000.000) 08/16 22:46:05 Image size of job updated: 134604
	132  -  MemoryUsage of job (MB)
	134604  -  ResidentSetSize of job (KB)
...
006 (6052549.000.000) 08/16 22:51:06 Image size of job updated: 146204
	143  -  MemoryUsage of job (MB)
	146204  -  ResidentSetSize of job (KB)
...
006 (6052549.000.000) 08/16 22:56:07 Image size of job updated: 157600
	154  -  MemoryUsage of job (MB)
	157600  -  ResidentSetSize of job (KB)
...
006 (6052549.000.000) 08/16 23:01:08 Image size of job updated: 157604
	154  -  MemoryUsage of job (MB)
	157604  -  ResidentSetSize of job (KB)
...
006 (6052549.000.000) 08/16 23:03:33 Image size of job updated: 159832
	154  -  MemoryUsage of job (MB)
	157604  -  ResidentSetSize of job (KB)
...
040 (6052549.000.000) 08/16 23:03:33 Started transferring output files
...
040 (6052549.000.000) 08/16 23:03:33 Finished transferring output files
...
005 (6052549.000.000) 08/16 23:03:33 Job terminated.
	(1) Normal termination (return value 0)
		Usr 0 00:31:58, Sys 0 00:00:06  -  Run Remote Usage
		Usr 0 00:00:00, Sys 0 00:00:00  -  Run Local Usage
		Usr 0 00:31:58, Sys 0 00:00:06  -  Total Remote Usage
		Usr 0 00:00:00, Sys 0 00:00:00  -  Total Local Usage
	16723  -  Run Bytes Sent By Job
	7151  -  Run Bytes Received By Job
	16723  -  Total Bytes Sent By Job
	7151  -  Total Bytes Received By Job
	Partitionable Resources :    Usage  Request Allocated 
	   Cpus                 :     0.99        1         1 
	   Disk (KB)            : 39673     6144000   6146728 
	   GPUs                 :                           0 
	   Memory (MB)          :   154        3000      3000 
	   TimeExecute (s)      :  1957                       
	   TimeSlotBusy (s)     :  1959                       
...
