000 (6052528.000.000) 08/16 22:30:18 Job submitted from host: <188.185.133.2:9618?addrs=188.185.133.2-9618+[2001-1458-d03-2--100-208]-9618&alias=bigbird102.cern.ch&noUDP&sock=schedd_5723_1498>
    DAG Node: P_A00_S7
...
040 (6052528.000.000) 08/16 22:30:48 Started transferring input files
	Transferring to host: <128.142.33.16:9618?addrs=128.142.33.16-9618+[2001-1458-301-53--100-d]-9618&alias=b9g34p3570.cern.ch&noUDP&sock=slot1_25_4347_9aca_27780>
...
040 (6052528.000.000) 08/16 22:30:48 Finished transferring input files
...
001 (6052528.000.000) 08/16 22:30:49 Job executing on host: <128.142.33.16:9618?addrs=128.142.33.16-9618+[2001-1458-301-53--100-d]-9618&alias=b9g34p3570.cern.ch&noUDP&sock=startd_3979_d76d>
	SlotName: slot1_25@b9g34p3570.cern.ch
	CondorScratchDir = "/pool/condor/dir_1425157"
	Cpus = 1
	Disk = 6146585
	GPUs = 0
	Memory = 3000
...
006 (6052528.000.000) 08/16 22:30:58 Image size of job updated: 27576
	27  -  MemoryUsage of job (MB)
	27576  -  ResidentSetSize of job (KB)
...
006 (6052528.000.000) 08/16 22:35:59 Image size of job updated: 124552
	122  -  MemoryUsage of job (MB)
	124552  -  ResidentSetSize of job (KB)
...
006 (6052528.000.000) 08/16 22:41:00 Image size of job updated: 136268
	134  -  MemoryUsage of job (MB)
	136268  -  ResidentSetSize of job (KB)
...
006 (6052528.000.000) 08/16 22:46:01 Image size of job updated: 147872
	145  -  MemoryUsage of job (MB)
	147872  -  ResidentSetSize of job (KB)
...
006 (6052528.000.000) 08/16 22:50:53 Image size of job updated: 159272
	145  -  MemoryUsage of job (MB)
	147872  -  ResidentSetSize of job (KB)
...
040 (6052528.000.000) 08/16 22:50:53 Started transferring output files
...
040 (6052528.000.000) 08/16 22:50:53 Finished transferring output files
...
005 (6052528.000.000) 08/16 22:50:53 Job terminated.
	(1) Normal termination (return value 0)
		Usr 0 00:19:35, Sys 0 00:00:06  -  Run Remote Usage
		Usr 0 00:00:00, Sys 0 00:00:00  -  Run Local Usage
		Usr 0 00:19:35, Sys 0 00:00:06  -  Total Remote Usage
		Usr 0 00:00:00, Sys 0 00:00:00  -  Total Local Usage
	16724  -  Run Bytes Sent By Job
	7151  -  Run Bytes Received By Job
	16724  -  Total Bytes Sent By Job
	7151  -  Total Bytes Received By Job
	Partitionable Resources :    Usage  Request Allocated 
	   Cpus                 :     0.99        1         1 
	   Disk (KB)            : 39637     6144000   6146585 
	   GPUs                 :                           0 
	   Memory (MB)          :   145        3000      3000 
	   TimeExecute (s)      :  1204                       
	   TimeSlotBusy (s)     :  1206                       
...
