000 (6052559.000.000) 08/16 22:30:19 Job submitted from host: <188.185.133.2:9618?addrs=188.185.133.2-9618+[2001-1458-d03-2--100-208]-9618&alias=bigbird102.cern.ch&noUDP&sock=schedd_5723_1498>
    DAG Node: P_A04_S6
...
040 (6052559.000.000) 08/16 22:30:58 Started transferring input files
	Transferring to host: <128.142.248.102:9618?addrs=128.142.248.102-9618+[2001-1458-301-73--100-156]-9618&alias=b9g23p4569.cern.ch&noUDP&sock=slot1_26_5233_df2e_23564>
...
040 (6052559.000.000) 08/16 22:30:58 Finished transferring input files
...
001 (6052559.000.000) 08/16 22:30:59 Job executing on host: <128.142.248.102:9618?addrs=128.142.248.102-9618+[2001-1458-301-73--100-156]-9618&alias=b9g23p4569.cern.ch&noUDP&sock=startd_3997_3022>
	SlotName: slot1_26@b9g23p4569.cern.ch
	CondorScratchDir = "/pool/condor/dir_270665"
	Cpus = 1
	Disk = 6146043
	GPUs = 0
	Memory = 3000
...
006 (6052559.000.000) 08/16 22:31:08 Image size of job updated: 26156
	26  -  MemoryUsage of job (MB)
	26156  -  ResidentSetSize of job (KB)
...
006 (6052559.000.000) 08/16 22:36:09 Image size of job updated: 126800
	124  -  MemoryUsage of job (MB)
	126800  -  ResidentSetSize of job (KB)
...
006 (6052559.000.000) 08/16 22:46:10 Image size of job updated: 126804
	124  -  MemoryUsage of job (MB)
	126804  -  ResidentSetSize of job (KB)
...
040 (6052559.000.000) 08/16 22:48:58 Started transferring output files
...
040 (6052559.000.000) 08/16 22:48:58 Finished transferring output files
...
005 (6052559.000.000) 08/16 22:48:58 Job terminated.
	(1) Normal termination (return value 0)
		Usr 0 00:17:32, Sys 0 00:00:05  -  Run Remote Usage
		Usr 0 00:00:00, Sys 0 00:00:00  -  Run Local Usage
		Usr 0 00:17:32, Sys 0 00:00:05  -  Total Remote Usage
		Usr 0 00:00:00, Sys 0 00:00:00  -  Total Local Usage
	16528  -  Run Bytes Sent By Job
	7151  -  Run Bytes Received By Job
	16528  -  Total Bytes Sent By Job
	7151  -  Total Bytes Received By Job
	Partitionable Resources :    Usage  Request Allocated 
	   Cpus                 :     0.99        1         1 
	   Disk (KB)            : 39673     6144000   6146043 
	   GPUs                 :                           0 
	   Memory (MB)          :   124        3000      3000 
	   TimeExecute (s)      :  1079                       
	   TimeSlotBusy (s)     :  1081                       
...
