000 (6052617.000.000) 08/16 22:30:20 Job submitted from host: <188.185.133.2:9618?addrs=188.185.133.2-9618+[2001-1458-d03-2--100-208]-9618&alias=bigbird102.cern.ch&noUDP&sock=schedd_5723_1498>
    DAG Node: P_A12_S0
...
040 (6052617.000.000) 08/16 22:31:03 Started transferring input files
	Transferring to host: <188.185.194.119:9618?addrs=188.185.194.119-9618+[2001-1458-303-21--100-73]-9618&alias=b9p20p0758.cern.ch&noUDP&sock=slot1_23_6394_e6bd_30373>
...
040 (6052617.000.000) 08/16 22:31:03 Finished transferring input files
...
001 (6052617.000.000) 08/16 22:31:04 Job executing on host: <188.185.194.119:9618?addrs=188.185.194.119-9618+[2001-1458-303-21--100-73]-9618&alias=b9p20p0758.cern.ch&noUDP&sock=startd_5477_584c>
	SlotName: slot1_23@b9p20p0758.cern.ch
	CondorScratchDir = "/pool/condor/dir_2289506"
	Cpus = 1
	Disk = 6146966
	GPUs = 0
	Memory = 3000
...
006 (6052617.000.000) 08/16 22:31:13 Image size of job updated: 18228
	18  -  MemoryUsage of job (MB)
	18228  -  ResidentSetSize of job (KB)
...
006 (6052617.000.000) 08/16 22:36:14 Image size of job updated: 126916
	124  -  MemoryUsage of job (MB)
	126916  -  ResidentSetSize of job (KB)
...
006 (6052617.000.000) 08/16 22:51:15 Image size of job updated: 126920
	124  -  MemoryUsage of job (MB)
	126920  -  ResidentSetSize of job (KB)
...
006 (6052617.000.000) 08/16 23:11:16 Image size of job updated: 126924
	124  -  MemoryUsage of job (MB)
	126924  -  ResidentSetSize of job (KB)
...
006 (6052617.000.000) 08/16 23:16:17 Image size of job updated: 138580
	136  -  MemoryUsage of job (MB)
	138580  -  ResidentSetSize of job (KB)
...
006 (6052617.000.000) 08/16 23:21:17 Image size of job updated: 138584
	136  -  MemoryUsage of job (MB)
	138584  -  ResidentSetSize of job (KB)
...
006 (6052617.000.000) 08/17 00:21:24 Image size of job updated: 138588
	136  -  MemoryUsage of job (MB)
	138588  -  ResidentSetSize of job (KB)
...
006 (6052617.000.000) 08/17 00:41:37 Image size of job updated: 140812
	136  -  MemoryUsage of job (MB)
	138588  -  ResidentSetSize of job (KB)
...
040 (6052617.000.000) 08/17 00:41:37 Started transferring output files
...
040 (6052617.000.000) 08/17 00:41:37 Finished transferring output files
...
005 (6052617.000.000) 08/17 00:41:37 Job terminated.
	(1) Normal termination (return value 0)
		Usr 0 02:08:57, Sys 0 00:00:14  -  Run Remote Usage
		Usr 0 00:00:00, Sys 0 00:00:00  -  Run Local Usage
		Usr 0 02:08:57, Sys 0 00:00:14  -  Total Remote Usage
		Usr 0 00:00:00, Sys 0 00:00:00  -  Total Local Usage
	17124  -  Run Bytes Sent By Job
	7151  -  Run Bytes Received By Job
	17124  -  Total Bytes Sent By Job
	7151  -  Total Bytes Received By Job
	Partitionable Resources :    Usage  Request Allocated 
	   Cpus                 :     0.99        1         1 
	   Disk (KB)            : 39675     6144000   6146966 
	   GPUs                 :                           0 
	   Memory (MB)          :   136        3000      3000 
	   TimeExecute (s)      :  7833                       
	   TimeSlotBusy (s)     :  7835                       
...
