000 (6052638.000.000) 08/16 22:30:26 Job submitted from host: <188.185.133.2:9618?addrs=188.185.133.2-9618+[2001-1458-d03-2--100-208]-9618&alias=bigbird102.cern.ch&noUDP&sock=schedd_5723_1498>
    DAG Node: P_A14_S5
...
040 (6052638.000.000) 08/16 22:31:23 Started transferring input files
	Transferring to host: <188.185.195.162:9618?addrs=188.185.195.162-9618+[2001-1458-303-22--100-9e]-9618&alias=b9p17p4729.cern.ch&noUDP&sock=slot1_34_6575_6ea4_31562>
...
040 (6052638.000.000) 08/16 22:31:23 Finished transferring input files
...
001 (6052638.000.000) 08/16 22:31:24 Job executing on host: <188.185.195.162:9618?addrs=188.185.195.162-9618+[2001-1458-303-22--100-9e]-9618&alias=b9p17p4729.cern.ch&noUDP&sock=startd_5745_2bae>
	SlotName: slot1_34@b9p17p4729.cern.ch
	CondorScratchDir = "/pool/condor/dir_2821742"
	Cpus = 1
	Disk = 6146523
	GPUs = 0
	Memory = 3000
...
006 (6052638.000.000) 08/16 22:31:33 Image size of job updated: 25636
	26  -  MemoryUsage of job (MB)
	25636  -  ResidentSetSize of job (KB)
...
006 (6052638.000.000) 08/16 22:36:34 Image size of job updated: 114656
	112  -  MemoryUsage of job (MB)
	114656  -  ResidentSetSize of job (KB)
...
006 (6052638.000.000) 08/16 22:41:34 Image size of job updated: 114824
	113  -  MemoryUsage of job (MB)
	114824  -  ResidentSetSize of job (KB)
...
006 (6052638.000.000) 08/16 22:46:35 Image size of job updated: 114992
	113  -  MemoryUsage of job (MB)
	114992  -  ResidentSetSize of job (KB)
...
006 (6052638.000.000) 08/16 22:51:36 Image size of job updated: 115332
	113  -  MemoryUsage of job (MB)
	115332  -  ResidentSetSize of job (KB)
...
040 (6052638.000.000) 08/16 22:52:22 Started transferring output files
...
040 (6052638.000.000) 08/16 22:52:22 Finished transferring output files
...
005 (6052638.000.000) 08/16 22:52:23 Job terminated.
	(1) Normal termination (return value 0)
		Usr 0 00:20:34, Sys 0 00:00:04  -  Run Remote Usage
		Usr 0 00:00:00, Sys 0 00:00:00  -  Run Local Usage
		Usr 0 00:20:34, Sys 0 00:00:04  -  Total Remote Usage
		Usr 0 00:00:00, Sys 0 00:00:00  -  Total Local Usage
	16457  -  Run Bytes Sent By Job
	7151  -  Run Bytes Received By Job
	16457  -  Total Bytes Sent By Job
	7151  -  Total Bytes Received By Job
	Partitionable Resources :    Usage  Request Allocated 
	   Cpus                 :     0.99        1         1 
	   Disk (KB)            :  9654     6144000   6146523 
	   GPUs                 :                           0 
	   Memory (MB)          :   113        3000      3000 
	   TimeExecute (s)      :  1258                       
	   TimeSlotBusy (s)     :  1260                       
...
