000 (6052606.000.000) 08/16 22:30:20 Job submitted from host: <188.185.133.2:9618?addrs=188.185.133.2-9618+[2001-1458-d03-2--100-208]-9618&alias=bigbird102.cern.ch&noUDP&sock=schedd_5723_1498>
    DAG Node: P_A10_S5
...
040 (6052606.000.000) 08/16 22:31:18 Started transferring input files
	Transferring to host: <188.185.193.120:9618?addrs=188.185.193.120-9618+[2001-1458-303-20--100-74]-9618&alias=b9p19p4506.cern.ch&noUDP&sock=slot1_17_4894_0400_32154>
...
040 (6052606.000.000) 08/16 22:31:18 Finished transferring input files
...
001 (6052606.000.000) 08/16 22:31:19 Job executing on host: <188.185.193.120:9618?addrs=188.185.193.120-9618+[2001-1458-303-20--100-74]-9618&alias=b9p19p4506.cern.ch&noUDP&sock=startd_3964_8d81>
	SlotName: slot1_17@b9p19p4506.cern.ch
	CondorScratchDir = "/pool/condor/dir_1801609"
	Cpus = 1
	Disk = 6146835
	GPUs = 0
	Memory = 3000
...
006 (6052606.000.000) 08/16 22:31:28 Image size of job updated: 61796
	61  -  MemoryUsage of job (MB)
	61796  -  ResidentSetSize of job (KB)
...
006 (6052606.000.000) 08/16 22:36:29 Image size of job updated: 114824
	113  -  MemoryUsage of job (MB)
	114824  -  ResidentSetSize of job (KB)
...
006 (6052606.000.000) 08/16 22:41:30 Image size of job updated: 114992
	113  -  MemoryUsage of job (MB)
	114992  -  ResidentSetSize of job (KB)
...
006 (6052606.000.000) 08/16 22:45:19 Image size of job updated: 115332
	113  -  MemoryUsage of job (MB)
	114992  -  ResidentSetSize of job (KB)
...
040 (6052606.000.000) 08/16 22:45:19 Started transferring output files
...
040 (6052606.000.000) 08/16 22:45:19 Finished transferring output files
...
005 (6052606.000.000) 08/16 22:45:19 Job terminated.
	(1) Normal termination (return value 0)
		Usr 0 00:13:44, Sys 0 00:00:04  -  Run Remote Usage
		Usr 0 00:00:00, Sys 0 00:00:00  -  Run Local Usage
		Usr 0 00:13:44, Sys 0 00:00:04  -  Total Remote Usage
		Usr 0 00:00:00, Sys 0 00:00:00  -  Total Local Usage
	16457  -  Run Bytes Sent By Job
	7151  -  Run Bytes Received By Job
	16457  -  Total Bytes Sent By Job
	7151  -  Total Bytes Received By Job
	Partitionable Resources :    Usage  Request Allocated 
	   Cpus                 :     0.99        1         1 
	   Disk (KB)            :  9654     6144000   6146835 
	   GPUs                 :                           0 
	   Memory (MB)          :   113        3000      3000 
	   TimeExecute (s)      :   840                       
	   TimeSlotBusy (s)     :   842                       
...
