000 (6052567.000.000) 08/16 22:30:19 Job submitted from host: <188.185.133.2:9618?addrs=188.185.133.2-9618+[2001-1458-d03-2--100-208]-9618&alias=bigbird102.cern.ch&noUDP&sock=schedd_5723_1498>
    DAG Node: P_A05_S6
...
040 (6052567.000.000) 08/16 22:31:00 Started transferring input files
	Transferring to host: <188.185.197.97:9618?addrs=188.185.197.97-9618+[2001-1458-303-24--100-5d]-9618&alias=b9p14p3704.cern.ch&noUDP&sock=slot1_15_5509_56b9_23510>
...
040 (6052567.000.000) 08/16 22:31:00 Finished transferring input files
...
001 (6052567.000.000) 08/16 22:31:01 Job executing on host: <188.185.197.97:9618?addrs=188.185.197.97-9618+[2001-1458-303-24--100-5d]-9618&alias=b9p14p3704.cern.ch&noUDP&sock=startd_4444_caf7>
	SlotName: slot1_15@b9p14p3704.cern.ch
	CondorScratchDir = "/pool/condor/dir_1984007"
	Cpus = 1
	Disk = 6146829
	GPUs = 0
	Memory = 3000
...
006 (6052567.000.000) 08/16 22:31:10 Image size of job updated: 26256
	26  -  MemoryUsage of job (MB)
	26256  -  ResidentSetSize of job (KB)
...
006 (6052567.000.000) 08/16 22:36:11 Image size of job updated: 115328
	113  -  MemoryUsage of job (MB)
	115328  -  ResidentSetSize of job (KB)
...
040 (6052567.000.000) 08/16 22:36:22 Started transferring output files
...
040 (6052567.000.000) 08/16 22:36:22 Finished transferring output files
...
005 (6052567.000.000) 08/16 22:36:22 Job terminated.
	(1) Normal termination (return value 0)
		Usr 0 00:05:02, Sys 0 00:00:03  -  Run Remote Usage
		Usr 0 00:00:00, Sys 0 00:00:00  -  Run Local Usage
		Usr 0 00:05:02, Sys 0 00:00:03  -  Total Remote Usage
		Usr 0 00:00:00, Sys 0 00:00:00  -  Total Local Usage
	16452  -  Run Bytes Sent By Job
	7151  -  Run Bytes Received By Job
	16452  -  Total Bytes Sent By Job
	7151  -  Total Bytes Received By Job
	Partitionable Resources :    Usage  Request Allocated 
	   Cpus                 :     0.99        1         1 
	   Disk (KB)            :  9654     6144000   6146829 
	   GPUs                 :                           0 
	   Memory (MB)          :   113        3000      3000 
	   TimeExecute (s)      :   321                       
	   TimeSlotBusy (s)     :   323                       
...
