000 (6052541.000.000) 08/16 22:30:18 Job submitted from host: <188.185.133.2:9618?addrs=188.185.133.2-9618+[2001-1458-d03-2--100-208]-9618&alias=bigbird102.cern.ch&noUDP&sock=schedd_5723_1498>
    DAG Node: P_A02_S4
...
040 (6052541.000.000) 08/16 22:30:53 Started transferring input files
	Transferring to host: <188.185.195.171:9618?addrs=188.185.195.171-9618+[2001-1458-303-22--100-a7]-9618&alias=b9p17p4674.cern.ch&noUDP&sock=slot1_23_6263_9998_32308>
...
040 (6052541.000.000) 08/16 22:30:53 Finished transferring input files
...
001 (6052541.000.000) 08/16 22:30:54 Job executing on host: <188.185.195.171:9618?addrs=188.185.195.171-9618+[2001-1458-303-22--100-a7]-9618&alias=b9p17p4674.cern.ch&noUDP&sock=startd_5245_3653>
	SlotName: slot1_23@b9p17p4674.cern.ch
	CondorScratchDir = "/pool/condor/dir_2183865"
	Cpus = 1
	Disk = 6146762
	GPUs = 0
	Memory = 3000
...
006 (6052541.000.000) 08/16 22:31:02 Image size of job updated: 26284
	26  -  MemoryUsage of job (MB)
	26284  -  ResidentSetSize of job (KB)
...
006 (6052541.000.000) 08/16 22:34:05 Image size of job updated: 115320
	26  -  MemoryUsage of job (MB)
	26284  -  ResidentSetSize of job (KB)
...
040 (6052541.000.000) 08/16 22:34:05 Started transferring output files
...
040 (6052541.000.000) 08/16 22:34:05 Finished transferring output files
...
005 (6052541.000.000) 08/16 22:34:06 Job terminated.
	(1) Normal termination (return value 0)
		Usr 0 00:02:56, Sys 0 00:00:04  -  Run Remote Usage
		Usr 0 00:00:00, Sys 0 00:00:00  -  Run Local Usage
		Usr 0 00:02:56, Sys 0 00:00:04  -  Total Remote Usage
		Usr 0 00:00:00, Sys 0 00:00:00  -  Total Local Usage
	16452  -  Run Bytes Sent By Job
	7151  -  Run Bytes Received By Job
	16452  -  Total Bytes Sent By Job
	7151  -  Total Bytes Received By Job
	Partitionable Resources :    Usage  Request Allocated 
	   Cpus                 :        0        1         1 
	   Disk (KB)            :     8411  6144000   6146762 
	   GPUs                 :                           0 
	   Memory (MB)          :       26     3000      3000 
	   TimeExecute (s)      :      191                    
	   TimeSlotBusy (s)     :      194                    
...
