000 (6052836.000.000) 08/16 23:03:40 Job submitted from host: <188.185.133.2:9618?addrs=188.185.133.2-9618+[2001-1458-d03-2--100-208]-9618&alias=bigbird102.cern.ch&noUDP&sock=schedd_5723_1498>
    DAG Node: C_A03_S4_F0
...
040 (6052836.000.000) 08/16 23:05:21 Started transferring input files
	Transferring to host: <188.185.194.15:9618?addrs=188.185.194.15-9618+[2001-1458-303-21--100-b]-9618&alias=b9p20p3478.cern.ch&noUDP&sock=slot1_10_3812_a614_30081>
...
040 (6052836.000.000) 08/16 23:05:21 Finished transferring input files
...
001 (6052836.000.000) 08/16 23:05:22 Job executing on host: <188.185.194.15:9618?addrs=188.185.194.15-9618+[2001-1458-303-21--100-b]-9618&alias=b9p20p3478.cern.ch&noUDP&sock=startd_2835_2715>
	SlotName: slot1_10@b9p20p3478.cern.ch
	CondorScratchDir = "/pool/condor/dir_2999273"
	Cpus = 1
	Disk = 6146783
	GPUs = 0
	Memory = 3000
...
006 (6052836.000.000) 08/16 23:05:31 Image size of job updated: 29584
	29  -  MemoryUsage of job (MB)
	29584  -  ResidentSetSize of job (KB)
...
006 (6052836.000.000) 08/16 23:10:32 Image size of job updated: 94556
	93  -  MemoryUsage of job (MB)
	94556  -  ResidentSetSize of job (KB)
...
006 (6052836.000.000) 08/16 23:20:33 Image size of job updated: 95228
	93  -  MemoryUsage of job (MB)
	95228  -  ResidentSetSize of job (KB)
...
006 (6052836.000.000) 08/16 23:25:34 Image size of job updated: 106644
	105  -  MemoryUsage of job (MB)
	106644  -  ResidentSetSize of job (KB)
...
006 (6052836.000.000) 08/16 23:35:35 Image size of job updated: 106648
	105  -  MemoryUsage of job (MB)
	106648  -  ResidentSetSize of job (KB)
...
006 (6052836.000.000) 08/16 23:40:35 Image size of job updated: 117488
	115  -  MemoryUsage of job (MB)
	117488  -  ResidentSetSize of job (KB)
...
006 (6052836.000.000) 08/16 23:50:37 Image size of job updated: 117492
	115  -  MemoryUsage of job (MB)
	117492  -  ResidentSetSize of job (KB)
...
006 (6052836.000.000) 08/16 23:53:58 Image size of job updated: 117496
	115  -  MemoryUsage of job (MB)
	117492  -  ResidentSetSize of job (KB)
...
040 (6052836.000.000) 08/16 23:53:58 Started transferring output files
...
040 (6052836.000.000) 08/16 23:53:58 Finished transferring output files
...
005 (6052836.000.000) 08/16 23:53:59 Job terminated.
	(1) Normal termination (return value 0)
		Usr 0 00:47:49, Sys 0 00:00:08  -  Run Remote Usage
		Usr 0 00:00:00, Sys 0 00:00:00  -  Run Local Usage
		Usr 0 00:47:49, Sys 0 00:00:08  -  Total Remote Usage
		Usr 0 00:00:00, Sys 0 00:00:00  -  Total Local Usage
	17250  -  Run Bytes Sent By Job
	10088  -  Run Bytes Received By Job
	17250  -  Total Bytes Sent By Job
	10088  -  Total Bytes Received By Job
	Partitionable Resources :    Usage  Request Allocated 
	   Cpus                 :     0.99        1         1 
	   Disk (KB)            : 39679     6144000   6146783 
	   GPUs                 :                           0 
	   Memory (MB)          :   115        3000      3000 
	   TimeExecute (s)      :  2916                       
	   TimeSlotBusy (s)     :  2918                       
...
