000 (6052655.000.000) 08/16 22:34:49 Job submitted from host: <188.185.133.2:9618?addrs=188.185.133.2-9618+[2001-1458-d03-2--100-208]-9618&alias=bigbird102.cern.ch&noUDP&sock=schedd_5723_1498>
    DAG Node: C_A02_S3_F2
...
040 (6052655.000.000) 08/16 22:37:53 Started transferring input files
	Transferring to host: <188.185.196.119:9618?addrs=188.185.196.119-9618+[2001-1458-303-23--100-73]-9618&alias=b9p16p9531.cern.ch&noUDP&sock=slot1_12_4954_4a83_30480>
...
040 (6052655.000.000) 08/16 22:37:53 Finished transferring input files
...
001 (6052655.000.000) 08/16 22:37:54 Job executing on host: <188.185.196.119:9618?addrs=188.185.196.119-9618+[2001-1458-303-23--100-73]-9618&alias=b9p16p9531.cern.ch&noUDP&sock=startd_3925_cd50>
	SlotName: slot1_12@b9p16p9531.cern.ch
	CondorScratchDir = "/pool/condor/dir_4014406"
	Cpus = 1
	Disk = 6146692
	GPUs = 0
	Memory = 3000
...
006 (6052655.000.000) 08/16 22:38:03 Image size of job updated: 24888
	25  -  MemoryUsage of job (MB)
	24888  -  ResidentSetSize of job (KB)
...
006 (6052655.000.000) 08/16 22:43:04 Image size of job updated: 90504
	89  -  MemoryUsage of job (MB)
	90504  -  ResidentSetSize of job (KB)
...
006 (6052655.000.000) 08/16 23:23:09 Image size of job updated: 90556
	89  -  MemoryUsage of job (MB)
	90556  -  ResidentSetSize of job (KB)
...
006 (6052655.000.000) 08/16 23:28:09 Image size of job updated: 90668
	89  -  MemoryUsage of job (MB)
	90668  -  ResidentSetSize of job (KB)
...
006 (6052655.000.000) 08/16 23:38:10 Image size of job updated: 90724
	89  -  MemoryUsage of job (MB)
	90724  -  ResidentSetSize of job (KB)
...
006 (6052655.000.000) 08/16 23:43:10 Image size of job updated: 90836
	89  -  MemoryUsage of job (MB)
	90836  -  ResidentSetSize of job (KB)
...
006 (6052655.000.000) 08/17 00:03:13 Image size of job updated: 91008
	89  -  MemoryUsage of job (MB)
	91008  -  ResidentSetSize of job (KB)
...
006 (6052655.000.000) 08/17 00:08:13 Image size of job updated: 91176
	90  -  MemoryUsage of job (MB)
	91176  -  ResidentSetSize of job (KB)
...
040 (6052655.000.000) 08/17 00:20:32 Started transferring output files
...
040 (6052655.000.000) 08/17 00:20:32 Finished transferring output files
...
005 (6052655.000.000) 08/17 00:20:32 Job terminated.
	(1) Normal termination (return value 0)
		Usr 0 01:41:46, Sys 0 00:00:09  -  Run Remote Usage
		Usr 0 00:00:00, Sys 0 00:00:00  -  Run Local Usage
		Usr 0 01:41:46, Sys 0 00:00:09  -  Total Remote Usage
		Usr 0 00:00:00, Sys 0 00:00:00  -  Total Local Usage
	16839  -  Run Bytes Sent By Job
	10088  -  Run Bytes Received By Job
	16839  -  Total Bytes Sent By Job
	10088  -  Total Bytes Received By Job
	Partitionable Resources :    Usage  Request Allocated 
	   Cpus                 :     0.99        1         1 
	   Disk (KB)            : 39677     6144000   6146692 
	   GPUs                 :                           0 
	   Memory (MB)          :    90        3000      3000 
	   TimeExecute (s)      :  6158                       
	   TimeSlotBusy (s)     :  6160                       
...
