000 (6052771.000.000) 08/16 22:50:16 Job submitted from host: <188.185.133.2:9618?addrs=188.185.133.2-9618+[2001-1458-d03-2--100-208]-9618&alias=bigbird102.cern.ch&noUDP&sock=schedd_5723_1498>
    DAG Node: C_A00_S0_F1
...
040 (6052771.000.000) 08/16 22:51:13 Started transferring input files
	Transferring to host: <188.185.192.13:9618?addrs=188.185.192.13-9618+[2001-1458-303-1f--100-9]-9618&alias=b9p13p4484.cern.ch&noUDP&sock=slot1_28_9026_6228_33557>
...
040 (6052771.000.000) 08/16 22:51:13 Finished transferring input files
...
001 (6052771.000.000) 08/16 22:51:14 Job executing on host: <188.185.192.13:9618?addrs=188.185.192.13-9618+[2001-1458-303-1f--100-9]-9618&alias=b9p13p4484.cern.ch&noUDP&sock=startd_7558_bce2>
	SlotName: slot1_28@b9p13p4484.cern.ch
	CondorScratchDir = "/pool/condor/dir_3158274"
	Cpus = 1
	Disk = 6146740
	GPUs = 0
	Memory = 3000
...
006 (6052771.000.000) 08/16 22:51:23 Image size of job updated: 28364
	28  -  MemoryUsage of job (MB)
	28364  -  ResidentSetSize of job (KB)
...
006 (6052771.000.000) 08/16 22:56:24 Image size of job updated: 94412
	93  -  MemoryUsage of job (MB)
	94412  -  ResidentSetSize of job (KB)
...
006 (6052771.000.000) 08/16 23:11:26 Image size of job updated: 94416
	93  -  MemoryUsage of job (MB)
	94416  -  ResidentSetSize of job (KB)
...
006 (6052771.000.000) 08/16 23:16:26 Image size of job updated: 94580
	93  -  MemoryUsage of job (MB)
	94580  -  ResidentSetSize of job (KB)
...
006 (6052771.000.000) 08/16 23:21:26 Image size of job updated: 94748
	93  -  MemoryUsage of job (MB)
	94748  -  ResidentSetSize of job (KB)
...
006 (6052771.000.000) 08/16 23:26:27 Image size of job updated: 94800
	93  -  MemoryUsage of job (MB)
	94800  -  ResidentSetSize of job (KB)
...
006 (6052771.000.000) 08/16 23:31:27 Image size of job updated: 95088
	93  -  MemoryUsage of job (MB)
	95088  -  ResidentSetSize of job (KB)
...
040 (6052771.000.000) 08/16 23:33:00 Started transferring output files
...
040 (6052771.000.000) 08/16 23:33:00 Finished transferring output files
...
005 (6052771.000.000) 08/16 23:33:01 Job terminated.
	(1) Normal termination (return value 0)
		Usr 0 00:41:17, Sys 0 00:00:05  -  Run Remote Usage
		Usr 0 00:00:00, Sys 0 00:00:00  -  Run Local Usage
		Usr 0 00:41:17, Sys 0 00:00:05  -  Total Remote Usage
		Usr 0 00:00:00, Sys 0 00:00:00  -  Total Local Usage
	17102  -  Run Bytes Sent By Job
	10088  -  Run Bytes Received By Job
	17102  -  Total Bytes Sent By Job
	10088  -  Total Bytes Received By Job
	Partitionable Resources :    Usage  Request Allocated 
	   Cpus                 :     0.99        1         1 
	   Disk (KB)            : 39678     6144000   6146740 
	   GPUs                 :                           0 
	   Memory (MB)          :    93        3000      3000 
	   TimeExecute (s)      :  2506                       
	   TimeSlotBusy (s)     :  2508                       
...
