000 (6052937.000.000) 08/16 23:40:28 Job submitted from host: <188.185.133.2:9618?addrs=188.185.133.2-9618+[2001-1458-d03-2--100-208]-9618&alias=bigbird102.cern.ch&noUDP&sock=schedd_5723_1498>
    DAG Node: C_A11_S2_F2
...
040 (6052937.000.000) 08/16 23:41:27 Started transferring input files
	Transferring to host: <128.142.248.226:9618?addrs=128.142.248.226-9618+[2001-1458-301-73--100-e1]-9618&alias=b9g23p6179.cern.ch&noUDP&sock=slot1_16_6392_7dfd_23120>
...
040 (6052937.000.000) 08/16 23:41:27 Finished transferring input files
...
001 (6052937.000.000) 08/16 23:41:28 Job executing on host: <128.142.248.226:9618?addrs=128.142.248.226-9618+[2001-1458-301-73--100-e1]-9618&alias=b9g23p6179.cern.ch&noUDP&sock=startd_5399_d7e9>
	SlotName: slot1_16@b9g23p6179.cern.ch
	CondorScratchDir = "/pool/condor/dir_3636678"
	Cpus = 1
	Disk = 6158378
	GPUs = 0
	Memory = 3000
...
006 (6052937.000.000) 08/16 23:41:37 Image size of job updated: 49680
	42  -  MemoryUsage of job (MB)
	42028  -  ResidentSetSize of job (KB)
...
006 (6052937.000.000) 08/16 23:46:38 Image size of job updated: 90284
	89  -  MemoryUsage of job (MB)
	90284  -  ResidentSetSize of job (KB)
...
006 (6052937.000.000) 08/17 00:06:40 Image size of job updated: 90448
	89  -  MemoryUsage of job (MB)
	90448  -  ResidentSetSize of job (KB)
...
006 (6052937.000.000) 08/17 01:01:45 Image size of job updated: 90616
	89  -  MemoryUsage of job (MB)
	90616  -  ResidentSetSize of job (KB)
...
006 (6052937.000.000) 08/17 01:06:46 Image size of job updated: 90956
	89  -  MemoryUsage of job (MB)
	90956  -  ResidentSetSize of job (KB)
...
040 (6052937.000.000) 08/17 01:11:02 Started transferring output files
...
040 (6052937.000.000) 08/17 01:11:02 Finished transferring output files
...
005 (6052937.000.000) 08/17 01:11:02 Job terminated.
	(1) Normal termination (return value 0)
		Usr 0 01:28:54, Sys 0 00:00:06  -  Run Remote Usage
		Usr 0 00:00:00, Sys 0 00:00:00  -  Run Local Usage
		Usr 0 01:28:54, Sys 0 00:00:06  -  Total Remote Usage
		Usr 0 00:00:00, Sys 0 00:00:00  -  Total Local Usage
	17673  -  Run Bytes Sent By Job
	10088  -  Run Bytes Received By Job
	17673  -  Total Bytes Sent By Job
	10088  -  Total Bytes Received By Job
	Partitionable Resources :    Usage  Request Allocated 
	   Cpus                 :     1.00        1         1 
	   Disk (KB)            : 39681     6144000   6158378 
	   GPUs                 :                           0 
	   Memory (MB)          :    89        3000      3000 
	   TimeExecute (s)      :  5374                       
	   TimeSlotBusy (s)     :  5375                       
...
