000 (6052860.000.000) 08/16 23:15:13 Job submitted from host: <188.185.133.2:9618?addrs=188.185.133.2-9618+[2001-1458-d03-2--100-208]-9618&alias=bigbird102.cern.ch&noUDP&sock=schedd_5723_1498>
    DAG Node: C_A09_S0_F0
...
040 (6052860.000.000) 08/16 23:15:29 Started transferring input files
	Transferring to host: <128.142.248.13:9618?addrs=128.142.248.13-9618+[2001-1458-301-73--100-fd]-9618&alias=b9g23p7326.cern.ch&noUDP&sock=slot1_13_5884_8f68_22927>
...
040 (6052860.000.000) 08/16 23:15:29 Finished transferring input files
...
001 (6052860.000.000) 08/16 23:15:30 Job executing on host: <128.142.248.13:9618?addrs=128.142.248.13-9618+[2001-1458-301-73--100-fd]-9618&alias=b9g23p7326.cern.ch&noUDP&sock=startd_4518_8cf9>
	SlotName: slot1_13@b9g23p7326.cern.ch
	CondorScratchDir = "/pool/condor/dir_587357"
	Cpus = 1
	Disk = 6162472
	GPUs = 0
	Memory = 3000
...
006 (6052860.000.000) 08/16 23:15:39 Image size of job updated: 48120
	26  -  MemoryUsage of job (MB)
	26052  -  ResidentSetSize of job (KB)
...
006 (6052860.000.000) 08/16 23:20:40 Image size of job updated: 94412
	93  -  MemoryUsage of job (MB)
	94412  -  ResidentSetSize of job (KB)
...
006 (6052860.000.000) 08/16 23:25:41 Image size of job updated: 94916
	93  -  MemoryUsage of job (MB)
	94916  -  ResidentSetSize of job (KB)
...
006 (6052860.000.000) 08/16 23:30:41 Image size of job updated: 106504
	105  -  MemoryUsage of job (MB)
	106504  -  ResidentSetSize of job (KB)
...
006 (6052860.000.000) 08/16 23:35:42 Image size of job updated: 106508
	105  -  MemoryUsage of job (MB)
	106508  -  ResidentSetSize of job (KB)
...
006 (6052860.000.000) 08/16 23:40:42 Image size of job updated: 106512
	105  -  MemoryUsage of job (MB)
	106512  -  ResidentSetSize of job (KB)
...
006 (6052860.000.000) 08/16 23:45:42 Image size of job updated: 117348
	115  -  MemoryUsage of job (MB)
	117348  -  ResidentSetSize of job (KB)
...
006 (6052860.000.000) 08/16 23:50:43 Image size of job updated: 117352
	115  -  MemoryUsage of job (MB)
	117352  -  ResidentSetSize of job (KB)
...
006 (6052860.000.000) 08/16 23:57:12 Image size of job updated: 117356
	115  -  MemoryUsage of job (MB)
	117352  -  ResidentSetSize of job (KB)
...
040 (6052860.000.000) 08/16 23:57:12 Started transferring output files
...
040 (6052860.000.000) 08/16 23:57:12 Finished transferring output files
...
005 (6052860.000.000) 08/16 23:57:12 Job terminated.
	(1) Normal termination (return value 0)
		Usr 0 00:41:16, Sys 0 00:00:05  -  Run Remote Usage
		Usr 0 00:00:00, Sys 0 00:00:00  -  Run Local Usage
		Usr 0 00:41:16, Sys 0 00:00:05  -  Total Remote Usage
		Usr 0 00:00:00, Sys 0 00:00:00  -  Total Local Usage
	17053  -  Run Bytes Sent By Job
	10088  -  Run Bytes Received By Job
	17053  -  Total Bytes Sent By Job
	10088  -  Total Bytes Received By Job
	Partitionable Resources :    Usage  Request Allocated 
	   Cpus                 :     0.99        1         1 
	   Disk (KB)            : 39679     6144000   6162472 
	   GPUs                 :                           0 
	   Memory (MB)          :   115        3000      3000 
	   TimeExecute (s)      :  2502                       
	   TimeSlotBusy (s)     :  2503                       
...
