000 (6052922.000.000) 08/16 23:38:20 Job submitted from host: <188.185.133.2:9618?addrs=188.185.133.2-9618+[2001-1458-d03-2--100-208]-9618&alias=bigbird102.cern.ch&noUDP&sock=schedd_5723_1498>
    DAG Node: C_A11_S5_F2
...
040 (6052922.000.000) 08/16 23:38:34 Started transferring input files
	Transferring to host: <128.142.33.57:9618?addrs=128.142.33.57-9618+[2001-1458-301-53--100-36]-9618&alias=b9g34p9084.cern.ch&noUDP&sock=slot1_23_7793_9f96_28381>
...
040 (6052922.000.000) 08/16 23:38:34 Finished transferring input files
...
001 (6052922.000.000) 08/16 23:38:35 Job executing on host: <128.142.33.57:9618?addrs=128.142.33.57-9618+[2001-1458-301-53--100-36]-9618&alias=b9g34p9084.cern.ch&noUDP&sock=startd_6748_252b>
	SlotName: slot1_23@b9g34p9084.cern.ch
	CondorScratchDir = "/pool/condor/dir_1364667"
	Cpus = 1
	Disk = 6218297
	GPUs = 0
	Memory = 3000
...
006 (6052922.000.000) 08/16 23:38:44 Image size of job updated: 97648
	96  -  MemoryUsage of job (MB)
	97648  -  ResidentSetSize of job (KB)
...
040 (6052922.000.000) 08/17 01:58:36 Started transferring output files
...
040 (6052922.000.000) 08/17 01:58:37 Finished transferring output files
...
005 (6052922.000.000) 08/17 01:58:37 Job terminated.
	(1) Normal termination (return value 0)
		Usr 0 02:18:55, Sys 0 00:00:12  -  Run Remote Usage
		Usr 0 00:00:00, Sys 0 00:00:00  -  Run Local Usage
		Usr 0 02:18:55, Sys 0 00:00:12  -  Total Remote Usage
		Usr 0 00:00:00, Sys 0 00:00:00  -  Total Local Usage
	17670  -  Run Bytes Sent By Job
	10088  -  Run Bytes Received By Job
	17670  -  Total Bytes Sent By Job
	10088  -  Total Bytes Received By Job
	Partitionable Resources :    Usage  Request Allocated 
	   Cpus                 :     1.00        1         1 
	   Disk (KB)            : 39644     6144000   6218297 
	   GPUs                 :                           0 
	   Memory (MB)          :    96        3000      3000 
	   TimeExecute (s)      :  8401                       
	   TimeSlotBusy (s)     :  8403                       
...
