000 (6052703.000.000) 08/16 22:41:21 Job submitted from host: <188.185.133.2:9618?addrs=188.185.133.2-9618+[2001-1458-d03-2--100-208]-9618&alias=bigbird102.cern.ch&noUDP&sock=schedd_5723_1498>
    DAG Node: C_A01_S2_F2
...
040 (6052703.000.000) 08/16 22:44:18 Started transferring input files
	Transferring to host: <188.185.210.224:9618?addrs=188.185.210.224-9618+[2001-1458-303-15--100-5c]-9618&alias=b9p22p6437.cern.ch&noUDP&sock=slot1_1_4782_19fc_34617>
...
040 (6052703.000.000) 08/16 22:44:18 Finished transferring input files
...
001 (6052703.000.000) 08/16 22:44:19 Job executing on host: <188.185.210.224:9618?addrs=188.185.210.224-9618+[2001-1458-303-15--100-5c]-9618&alias=b9p22p6437.cern.ch&noUDP&sock=startd_4101_85fb>
	SlotName: slot1_1@b9p22p6437.cern.ch
	CondorScratchDir = "/pool/condor/dir_2588417"
	Cpus = 1
	Disk = 6146867
	GPUs = 0
	Memory = 3000
...
006 (6052703.000.000) 08/16 22:44:28 Image size of job updated: 28700
	29  -  MemoryUsage of job (MB)
	28700  -  ResidentSetSize of job (KB)
...
006 (6052703.000.000) 08/16 22:49:29 Image size of job updated: 94640
	93  -  MemoryUsage of job (MB)
	94640  -  ResidentSetSize of job (KB)
...
006 (6052703.000.000) 08/16 23:29:33 Image size of job updated: 94804
	93  -  MemoryUsage of job (MB)
	94804  -  ResidentSetSize of job (KB)
...
006 (6052703.000.000) 08/16 23:34:33 Image size of job updated: 94856
	93  -  MemoryUsage of job (MB)
	94856  -  ResidentSetSize of job (KB)
...
006 (6052703.000.000) 08/16 23:39:34 Image size of job updated: 94972
	93  -  MemoryUsage of job (MB)
	94972  -  ResidentSetSize of job (KB)
...
006 (6052703.000.000) 08/16 23:49:35 Image size of job updated: 95312
	94  -  MemoryUsage of job (MB)
	95312  -  ResidentSetSize of job (KB)
...
040 (6052703.000.000) 08/16 23:55:45 Started transferring output files
...
040 (6052703.000.000) 08/16 23:55:45 Finished transferring output files
...
005 (6052703.000.000) 08/16 23:55:45 Job terminated.
	(1) Normal termination (return value 0)
		Usr 0 01:10:32, Sys 0 00:00:09  -  Run Remote Usage
		Usr 0 00:00:00, Sys 0 00:00:00  -  Run Local Usage
		Usr 0 01:10:32, Sys 0 00:00:09  -  Total Remote Usage
		Usr 0 00:00:00, Sys 0 00:00:00  -  Total Local Usage
	16920  -  Run Bytes Sent By Job
	10088  -  Run Bytes Received By Job
	16920  -  Total Bytes Sent By Job
	10088  -  Total Bytes Received By Job
	Partitionable Resources :    Usage  Request Allocated 
	   Cpus                 :     0.99        1         1 
	   Disk (KB)            : 39697     6144000   6146867 
	   GPUs                 :                           0 
	   Memory (MB)          :    94        3000      3000 
	   TimeExecute (s)      :  4286                       
	   TimeSlotBusy (s)     :  4288                       
...
