000 (6052748.000.000) 08/16 22:47:24 Job submitted from host: <188.185.133.2:9618?addrs=188.185.133.2-9618+[2001-1458-d03-2--100-208]-9618&alias=bigbird102.cern.ch&noUDP&sock=schedd_5723_1498>
    DAG Node: C_A00_S3_F2
...
040 (6052748.000.000) 08/16 22:49:20 Started transferring input files
	Transferring to host: <188.185.214.102:9618?addrs=188.185.214.102-9618+[2001-1458-303-1c--100-62]-9618&alias=b9p29p3838.cern.ch&noUDP&sock=slot1_17_270375_658c_41651>
...
040 (6052748.000.000) 08/16 22:49:20 Finished transferring input files
...
001 (6052748.000.000) 08/16 22:49:21 Job executing on host: <188.185.214.102:9618?addrs=188.185.214.102-9618+[2001-1458-303-1c--100-62]-9618&alias=b9p29p3838.cern.ch&noUDP&sock=startd_3769_cc8a>
	SlotName: slot1_17@b9p29p3838.cern.ch
	CondorScratchDir = "/pool/condor/dir_384051"
	Cpus = 1
	Disk = 6146397
	GPUs = 0
	Memory = 3000
...
006 (6052748.000.000) 08/16 22:49:29 Image size of job updated: 1456
	2  -  MemoryUsage of job (MB)
	1456  -  ResidentSetSize of job (KB)
...
006 (6052748.000.000) 08/16 22:54:29 Image size of job updated: 94632
	93  -  MemoryUsage of job (MB)
	94632  -  ResidentSetSize of job (KB)
...
006 (6052748.000.000) 08/16 23:44:34 Image size of job updated: 94708
	93  -  MemoryUsage of job (MB)
	94708  -  ResidentSetSize of job (KB)
...
006 (6052748.000.000) 08/16 23:59:36 Image size of job updated: 94876
	93  -  MemoryUsage of job (MB)
	94876  -  ResidentSetSize of job (KB)
...
006 (6052748.000.000) 08/17 00:09:37 Image size of job updated: 95044
	93  -  MemoryUsage of job (MB)
	95044  -  ResidentSetSize of job (KB)
...
006 (6052748.000.000) 08/17 00:24:39 Image size of job updated: 95212
	93  -  MemoryUsage of job (MB)
	95212  -  ResidentSetSize of job (KB)
...
006 (6052748.000.000) 08/17 00:29:39 Image size of job updated: 95384
	94  -  MemoryUsage of job (MB)
	95384  -  ResidentSetSize of job (KB)
...
040 (6052748.000.000) 08/17 00:36:06 Started transferring output files
...
040 (6052748.000.000) 08/17 00:36:06 Finished transferring output files
...
005 (6052748.000.000) 08/17 00:36:06 Job terminated.
	(1) Normal termination (return value 0)
		Usr 0 01:44:15, Sys 0 00:00:15  -  Run Remote Usage
		Usr 0 00:00:00, Sys 0 00:00:00  -  Run Local Usage
		Usr 0 01:44:15, Sys 0 00:00:15  -  Total Remote Usage
		Usr 0 00:00:00, Sys 0 00:00:00  -  Total Local Usage
	17105  -  Run Bytes Sent By Job
	10088  -  Run Bytes Received By Job
	17105  -  Total Bytes Sent By Job
	10088  -  Total Bytes Received By Job
	Partitionable Resources :    Usage  Request Allocated 
	   Cpus                 :     0.97        1         1 
	   Disk (KB)            : 39697     6144000   6146397 
	   GPUs                 :                           0 
	   Memory (MB)          :    94        3000      3000 
	   TimeExecute (s)      :  6405                       
	   TimeSlotBusy (s)     :  6407                       
...
