000 (6052643.000.000) 08/16 22:34:13 Job submitted from host: <188.185.133.2:9618?addrs=188.185.133.2-9618+[2001-1458-d03-2--100-208]-9618&alias=bigbird102.cern.ch&noUDP&sock=schedd_5723_1498>
    DAG Node: C_A02_S4_F2
...
040 (6052643.000.000) 08/16 22:34:44 Started transferring input files
	Transferring to host: <188.185.195.127:9618?addrs=188.185.195.127-9618+[2001-1458-303-22--100-7b]-9618&alias=b9p17p7452.cern.ch&noUDP&sock=slot1_25_3214_4dbc_29631>
...
040 (6052643.000.000) 08/16 22:34:44 Finished transferring input files
...
001 (6052643.000.000) 08/16 22:34:45 Job executing on host: <188.185.195.127:9618?addrs=188.185.195.127-9618+[2001-1458-303-22--100-7b]-9618&alias=b9p17p7452.cern.ch&noUDP&sock=startd_2673_08bd>
	SlotName: slot1_25@b9p17p7452.cern.ch
	CondorScratchDir = "/pool/condor/dir_3737989"
	Cpus = 1
	Disk = 6144764
	GPUs = 0
	Memory = 3000
...
006 (6052643.000.000) 08/16 22:34:53 Image size of job updated: 50244
	50  -  MemoryUsage of job (MB)
	50244  -  ResidentSetSize of job (KB)
...
006 (6052643.000.000) 08/16 22:39:53 Image size of job updated: 90508
	89  -  MemoryUsage of job (MB)
	90508  -  ResidentSetSize of job (KB)
...
006 (6052643.000.000) 08/16 23:24:58 Image size of job updated: 90672
	89  -  MemoryUsage of job (MB)
	90672  -  ResidentSetSize of job (KB)
...
006 (6052643.000.000) 08/16 23:29:59 Image size of job updated: 90676
	89  -  MemoryUsage of job (MB)
	90676  -  ResidentSetSize of job (KB)
...
006 (6052643.000.000) 08/16 23:34:59 Image size of job updated: 90840
	89  -  MemoryUsage of job (MB)
	90840  -  ResidentSetSize of job (KB)
...
006 (6052643.000.000) 08/16 23:55:01 Image size of job updated: 91012
	89  -  MemoryUsage of job (MB)
	91012  -  ResidentSetSize of job (KB)
...
006 (6052643.000.000) 08/17 00:05:01 Image size of job updated: 91180
	90  -  MemoryUsage of job (MB)
	91180  -  ResidentSetSize of job (KB)
...
040 (6052643.000.000) 08/17 00:12:28 Started transferring output files
...
040 (6052643.000.000) 08/17 00:12:28 Finished transferring output files
...
005 (6052643.000.000) 08/17 00:12:28 Job terminated.
	(1) Normal termination (return value 0)
		Usr 0 01:36:54, Sys 0 00:00:09  -  Run Remote Usage
		Usr 0 00:00:00, Sys 0 00:00:00  -  Run Local Usage
		Usr 0 01:36:54, Sys 0 00:00:09  -  Total Remote Usage
		Usr 0 00:00:00, Sys 0 00:00:00  -  Total Local Usage
	16840  -  Run Bytes Sent By Job
	10088  -  Run Bytes Received By Job
	16840  -  Total Bytes Sent By Job
	10088  -  Total Bytes Received By Job
	Partitionable Resources :    Usage  Request Allocated 
	   Cpus                 :     0.99        1         1 
	   Disk (KB)            : 39678     6144000   6144764 
	   GPUs                 :                           0 
	   Memory (MB)          :    90        3000      3000 
	   TimeExecute (s)      :  5863                       
	   TimeSlotBusy (s)     :  5864                       
...
