000 (6052933.000.000) 08/16 23:39:07 Job submitted from host: <188.185.133.2:9618?addrs=188.185.133.2-9618+[2001-1458-d03-2--100-208]-9618&alias=bigbird102.cern.ch&noUDP&sock=schedd_5723_1498>
    DAG Node: C_A08_S7_F1
...
040 (6052933.000.000) 08/16 23:39:12 Started transferring input files
	Transferring to host: <188.185.192.159:9618?addrs=188.185.192.159-9618+[2001-1458-303-1f--100-9b]-9618&alias=b9p13p4150.cern.ch&noUDP&sock=slot1_11_3227_769c_30144>
...
040 (6052933.000.000) 08/16 23:39:12 Finished transferring input files
...
001 (6052933.000.000) 08/16 23:39:13 Job executing on host: <188.185.192.159:9618?addrs=188.185.192.159-9618+[2001-1458-303-1f--100-9b]-9618&alias=b9p13p4150.cern.ch&noUDP&sock=startd_2529_431a>
	SlotName: slot1_11@b9p13p4150.cern.ch
	CondorScratchDir = "/pool/condor/dir_1098698"
	Cpus = 1
	Disk = 6146756
	GPUs = 0
	Memory = 3000
...
006 (6052933.000.000) 08/16 23:39:22 Image size of job updated: 32464
	32  -  MemoryUsage of job (MB)
	32464  -  ResidentSetSize of job (KB)
...
006 (6052933.000.000) 08/16 23:44:23 Image size of job updated: 94560
	93  -  MemoryUsage of job (MB)
	94560  -  ResidentSetSize of job (KB)
...
006 (6052933.000.000) 08/17 00:04:24 Image size of job updated: 94612
	93  -  MemoryUsage of job (MB)
	94612  -  ResidentSetSize of job (KB)
...
006 (6052933.000.000) 08/17 00:09:25 Image size of job updated: 94724
	93  -  MemoryUsage of job (MB)
	94724  -  ResidentSetSize of job (KB)
...
006 (6052933.000.000) 08/17 00:14:25 Image size of job updated: 94892
	93  -  MemoryUsage of job (MB)
	94892  -  ResidentSetSize of job (KB)
...
006 (6052933.000.000) 08/17 00:24:26 Image size of job updated: 95232
	93  -  MemoryUsage of job (MB)
	95232  -  ResidentSetSize of job (KB)
...
040 (6052933.000.000) 08/17 00:29:53 Started transferring output files
...
040 (6052933.000.000) 08/17 00:29:53 Finished transferring output files
...
005 (6052933.000.000) 08/17 00:29:54 Job terminated.
	(1) Normal termination (return value 0)
		Usr 0 00:49:56, Sys 0 00:00:08  -  Run Remote Usage
		Usr 0 00:00:00, Sys 0 00:00:00  -  Run Local Usage
		Usr 0 00:49:56, Sys 0 00:00:08  -  Total Remote Usage
		Usr 0 00:00:00, Sys 0 00:00:00  -  Total Local Usage
	17043  -  Run Bytes Sent By Job
	10088  -  Run Bytes Received By Job
	17043  -  Total Bytes Sent By Job
	10088  -  Total Bytes Received By Job
	Partitionable Resources :    Usage  Request Allocated 
	   Cpus                 :     0.99        1         1 
	   Disk (KB)            : 39677     6144000   6146756 
	   GPUs                 :                           0 
	   Memory (MB)          :    93        3000      3000 
	   TimeExecute (s)      :  3040                       
	   TimeSlotBusy (s)     :  3042                       
...
