000 (6052884.000.000) 08/16 23:28:18 Job submitted from host: <188.185.133.2:9618?addrs=188.185.133.2-9618+[2001-1458-d03-2--100-208]-9618&alias=bigbird102.cern.ch&noUDP&sock=schedd_5723_1498>
    DAG Node: C_A08_S2_F0
...
040 (6052884.000.000) 08/16 23:28:51 Started transferring input files
	Transferring to host: <128.142.161.118:9618?addrs=128.142.161.118-9618+[2001-1458-301-b8--100-34]-9618&alias=b9g03p9322.cern.ch&noUDP&sock=slot1_32_3600_468b_41136>
...
040 (6052884.000.000) 08/16 23:28:51 Finished transferring input files
...
001 (6052884.000.000) 08/16 23:28:52 Job executing on host: <128.142.161.118:9618?addrs=128.142.161.118-9618+[2001-1458-301-b8--100-34]-9618&alias=b9g03p9322.cern.ch&noUDP&sock=startd_2587_0b98>
	SlotName: slot1_32@b9g03p9322.cern.ch
	CondorScratchDir = "/pool/condor/dir_721147"
	Cpus = 1
	Disk = 6147057
	GPUs = 0
	Memory = 3000
...
006 (6052884.000.000) 08/16 23:29:02 Image size of job updated: 55220
	54  -  MemoryUsage of job (MB)
	55220  -  ResidentSetSize of job (KB)
...
006 (6052884.000.000) 08/16 23:34:02 Image size of job updated: 94724
	93  -  MemoryUsage of job (MB)
	94724  -  ResidentSetSize of job (KB)
...
006 (6052884.000.000) 08/16 23:39:02 Image size of job updated: 106648
	105  -  MemoryUsage of job (MB)
	106648  -  ResidentSetSize of job (KB)
...
006 (6052884.000.000) 08/16 23:44:03 Image size of job updated: 106652
	105  -  MemoryUsage of job (MB)
	106652  -  ResidentSetSize of job (KB)
...
006 (6052884.000.000) 08/16 23:49:03 Image size of job updated: 117492
	115  -  MemoryUsage of job (MB)
	117492  -  ResidentSetSize of job (KB)
...
006 (6052884.000.000) 08/16 23:54:03 Image size of job updated: 117496
	115  -  MemoryUsage of job (MB)
	117496  -  ResidentSetSize of job (KB)
...
006 (6052884.000.000) 08/16 23:55:02 Image size of job updated: 117500
	115  -  MemoryUsage of job (MB)
	117496  -  ResidentSetSize of job (KB)
...
040 (6052884.000.000) 08/16 23:55:02 Started transferring output files
...
040 (6052884.000.000) 08/16 23:55:02 Finished transferring output files
...
005 (6052884.000.000) 08/16 23:55:02 Job terminated.
	(1) Normal termination (return value 0)
		Usr 0 00:25:50, Sys 0 00:00:03  -  Run Remote Usage
		Usr 0 00:00:00, Sys 0 00:00:00  -  Run Local Usage
		Usr 0 00:25:50, Sys 0 00:00:03  -  Total Remote Usage
		Usr 0 00:00:00, Sys 0 00:00:00  -  Total Local Usage
	17187  -  Run Bytes Sent By Job
	10088  -  Run Bytes Received By Job
	17187  -  Total Bytes Sent By Job
	10088  -  Total Bytes Received By Job
	Partitionable Resources :    Usage  Request Allocated 
	   Cpus                 :     0.99        1         1 
	   Disk (KB)            : 39679     6144000   6147057 
	   GPUs                 :                           0 
	   Memory (MB)          :   115        3000      3000 
	   TimeExecute (s)      :  1570                       
	   TimeSlotBusy (s)     :  1572                       
...
