000 (6052801.000.000) 08/16 22:54:54 Job submitted from host: <188.185.133.2:9618?addrs=188.185.133.2-9618+[2001-1458-d03-2--100-208]-9618&alias=bigbird102.cern.ch&noUDP&sock=schedd_5723_1498>
    DAG Node: C_A03_S0_F1
...
040 (6052801.000.000) 08/16 22:56:16 Started transferring input files
	Transferring to host: <188.185.195.111:9618?addrs=188.185.195.111-9618+[2001-1458-303-22--100-6b]-9618&alias=b9p17p0693.cern.ch&noUDP&sock=slot1_9_3361_e0e2_38661>
...
040 (6052801.000.000) 08/16 22:56:16 Finished transferring input files
...
001 (6052801.000.000) 08/16 22:56:17 Job executing on host: <188.185.195.111:9618?addrs=188.185.195.111-9618+[2001-1458-303-22--100-6b]-9618&alias=b9p17p0693.cern.ch&noUDP&sock=startd_2576_800e>
	SlotName: slot1_9@b9p17p0693.cern.ch
	CondorScratchDir = "/pool/condor/dir_3308937"
	Cpus = 1
	Disk = 6145049
	GPUs = 0
	Memory = 3000
...
006 (6052801.000.000) 08/16 22:56:25 Image size of job updated: 19276
	19  -  MemoryUsage of job (MB)
	19276  -  ResidentSetSize of job (KB)
...
006 (6052801.000.000) 08/16 23:01:25 Image size of job updated: 94568
	93  -  MemoryUsage of job (MB)
	94568  -  ResidentSetSize of job (KB)
...
006 (6052801.000.000) 08/16 23:21:27 Image size of job updated: 94732
	93  -  MemoryUsage of job (MB)
	94732  -  ResidentSetSize of job (KB)
...
006 (6052801.000.000) 08/16 23:26:27 Image size of job updated: 94900
	93  -  MemoryUsage of job (MB)
	94900  -  ResidentSetSize of job (KB)
...
006 (6052801.000.000) 08/16 23:31:28 Image size of job updated: 95240
	94  -  MemoryUsage of job (MB)
	95240  -  ResidentSetSize of job (KB)
...
040 (6052801.000.000) 08/16 23:32:59 Started transferring output files
...
040 (6052801.000.000) 08/16 23:32:59 Finished transferring output files
...
005 (6052801.000.000) 08/16 23:32:59 Job terminated.
	(1) Normal termination (return value 0)
		Usr 0 00:36:09, Sys 0 00:00:05  -  Run Remote Usage
		Usr 0 00:00:00, Sys 0 00:00:00  -  Run Local Usage
		Usr 0 00:36:09, Sys 0 00:00:05  -  Total Remote Usage
		Usr 0 00:00:00, Sys 0 00:00:00  -  Total Local Usage
	17107  -  Run Bytes Sent By Job
	10088  -  Run Bytes Received By Job
	17107  -  Total Bytes Sent By Job
	10088  -  Total Bytes Received By Job
	Partitionable Resources :    Usage  Request Allocated 
	   Cpus                 :     0.99        1         1 
	   Disk (KB)            : 39678     6144000   6145049 
	   GPUs                 :                           0 
	   Memory (MB)          :    94        3000      3000 
	   TimeExecute (s)      :  2202                       
	   TimeSlotBusy (s)     :  2204                       
...
