000 (6052903.000.000) 08/16 23:33:16 Job submitted from host: <188.185.133.2:9618?addrs=188.185.133.2-9618+[2001-1458-d03-2--100-208]-9618&alias=bigbird102.cern.ch&noUDP&sock=schedd_5723_1498>
    DAG Node: C_A07_S5_F1
...
040 (6052903.000.000) 08/16 23:34:34 Started transferring input files
	Transferring to host: <188.185.197.48:9618?addrs=188.185.197.48-9618+[2001-1458-303-24--100-2c]-9618&alias=b9p14p5544.cern.ch&noUDP&sock=slot1_35_5209_f62d_23148>
...
040 (6052903.000.000) 08/16 23:34:34 Finished transferring input files
...
001 (6052903.000.000) 08/16 23:34:35 Job executing on host: <188.185.197.48:9618?addrs=188.185.197.48-9618+[2001-1458-303-24--100-2c]-9618&alias=b9p14p5544.cern.ch&noUDP&sock=startd_4222_84f1>
	SlotName: slot1_35@b9p14p5544.cern.ch
	CondorScratchDir = "/pool/condor/dir_2175746"
	Cpus = 1
	Disk = 6156605
	GPUs = 0
	Memory = 3000
...
006 (6052903.000.000) 08/16 23:34:43 Image size of job updated: 43880
	43  -  MemoryUsage of job (MB)
	43880  -  ResidentSetSize of job (KB)
...
006 (6052903.000.000) 08/16 23:39:43 Image size of job updated: 92520
	91  -  MemoryUsage of job (MB)
	92520  -  ResidentSetSize of job (KB)
...
006 (6052903.000.000) 08/16 23:59:46 Image size of job updated: 92684
	91  -  MemoryUsage of job (MB)
	92684  -  ResidentSetSize of job (KB)
...
006 (6052903.000.000) 08/17 00:04:46 Image size of job updated: 92852
	91  -  MemoryUsage of job (MB)
	92852  -  ResidentSetSize of job (KB)
...
006 (6052903.000.000) 08/17 00:09:47 Image size of job updated: 93192
	92  -  MemoryUsage of job (MB)
	93192  -  ResidentSetSize of job (KB)
...
040 (6052903.000.000) 08/17 00:12:21 Started transferring output files
...
040 (6052903.000.000) 08/17 00:12:21 Finished transferring output files
...
005 (6052903.000.000) 08/17 00:12:21 Job terminated.
	(1) Normal termination (return value 0)
		Usr 0 00:37:14, Sys 0 00:00:09  -  Run Remote Usage
		Usr 0 00:00:00, Sys 0 00:00:00  -  Run Local Usage
		Usr 0 00:37:14, Sys 0 00:00:09  -  Total Remote Usage
		Usr 0 00:00:00, Sys 0 00:00:00  -  Total Local Usage
	17437  -  Run Bytes Sent By Job
	10088  -  Run Bytes Received By Job
	17437  -  Total Bytes Sent By Job
	10088  -  Total Bytes Received By Job
	Partitionable Resources :    Usage  Request Allocated 
	   Cpus                 :     0.99        1         1 
	   Disk (KB)            : 39680     6144000   6156605 
	   GPUs                 :                           0 
	   Memory (MB)          :    92        3000      3000 
	   TimeExecute (s)      :  2266                       
	   TimeSlotBusy (s)     :  2267                       
...
