000 (6052956.000.000) 08/16 23:49:13 Job submitted from host: <188.185.133.2:9618?addrs=188.185.133.2-9618+[2001-1458-d03-2--100-208]-9618&alias=bigbird102.cern.ch&noUDP&sock=schedd_5723_1498>
    DAG Node: C_A07_S7_F0
...
040 (6052956.000.000) 08/16 23:49:19 Started transferring input files
	Transferring to host: <188.185.192.125:9618?addrs=188.185.192.125-9618+[2001-1458-303-1f--100-79]-9618&alias=b9p13p8348.cern.ch&noUDP&sock=slot1_52_502827_dbf8_28472>
...
040 (6052956.000.000) 08/16 23:49:19 Finished transferring input files
...
001 (6052956.000.000) 08/16 23:49:20 Job executing on host: <188.185.192.125:9618?addrs=188.185.192.125-9618+[2001-1458-303-1f--100-79]-9618&alias=b9p13p8348.cern.ch&noUDP&sock=startd_7298_6642>
	SlotName: slot1_52@b9p13p8348.cern.ch
	CondorScratchDir = "/pool/condor/dir_3338837"
	Cpus = 1
	Disk = 6147092
	GPUs = 0
	Memory = 3000
...
006 (6052956.000.000) 08/16 23:49:29 Image size of job updated: 26196
	26  -  MemoryUsage of job (MB)
	26196  -  ResidentSetSize of job (KB)
...
006 (6052956.000.000) 08/16 23:54:30 Image size of job updated: 94568
	93  -  MemoryUsage of job (MB)
	94568  -  ResidentSetSize of job (KB)
...
006 (6052956.000.000) 08/17 00:04:31 Image size of job updated: 94900
	93  -  MemoryUsage of job (MB)
	94900  -  ResidentSetSize of job (KB)
...
006 (6052956.000.000) 08/17 00:09:32 Image size of job updated: 106656
	105  -  MemoryUsage of job (MB)
	106656  -  ResidentSetSize of job (KB)
...
006 (6052956.000.000) 08/17 00:24:33 Image size of job updated: 106664
	105  -  MemoryUsage of job (MB)
	106664  -  ResidentSetSize of job (KB)
...
006 (6052956.000.000) 08/17 00:29:34 Image size of job updated: 117500
	115  -  MemoryUsage of job (MB)
	117500  -  ResidentSetSize of job (KB)
...
006 (6052956.000.000) 08/17 00:39:35 Image size of job updated: 117504
	115  -  MemoryUsage of job (MB)
	117504  -  ResidentSetSize of job (KB)
...
006 (6052956.000.000) 08/17 00:44:23 Image size of job updated: 117508
	115  -  MemoryUsage of job (MB)
	117504  -  ResidentSetSize of job (KB)
...
040 (6052956.000.000) 08/17 00:44:23 Started transferring output files
...
040 (6052956.000.000) 08/17 00:44:23 Finished transferring output files
...
005 (6052956.000.000) 08/17 00:44:23 Job terminated.
	(1) Normal termination (return value 0)
		Usr 0 00:54:00, Sys 0 00:00:09  -  Run Remote Usage
		Usr 0 00:00:00, Sys 0 00:00:00  -  Run Local Usage
		Usr 0 00:54:00, Sys 0 00:00:09  -  Total Remote Usage
		Usr 0 00:00:00, Sys 0 00:00:00  -  Total Local Usage
	17578  -  Run Bytes Sent By Job
	10088  -  Run Bytes Received By Job
	17578  -  Total Bytes Sent By Job
	10088  -  Total Bytes Received By Job
	Partitionable Resources :    Usage  Request Allocated 
	   Cpus                 :     0.99        1         1 
	   Disk (KB)            : 39680     6144000   6147092 
	   GPUs                 :                           0 
	   Memory (MB)          :   115        3000      3000 
	   TimeExecute (s)      :  3303                       
	   TimeSlotBusy (s)     :  3305                       
...
