000 (6052872.000.000) 08/16 23:17:21 Job submitted from host: <188.185.133.2:9618?addrs=188.185.133.2-9618+[2001-1458-d03-2--100-208]-9618&alias=bigbird102.cern.ch&noUDP&sock=schedd_5723_1498>
    DAG Node: C_A06_S1_F0
...
040 (6052872.000.000) 08/16 23:17:22 Started transferring input files
	Transferring to host: <128.142.248.164:9618?addrs=128.142.248.164-9618+[2001-1458-301-73--100-a3]-9618&alias=b9g23p1155.cern.ch&noUDP&sock=slot1_40_5357_3db3_23481>
...
040 (6052872.000.000) 08/16 23:17:22 Finished transferring input files
...
001 (6052872.000.000) 08/16 23:17:23 Job executing on host: <128.142.248.164:9618?addrs=128.142.248.164-9618+[2001-1458-301-73--100-a3]-9618&alias=b9g23p1155.cern.ch&noUDP&sock=startd_4106_f3f4>
	SlotName: slot1_40@b9g23p1155.cern.ch
	CondorScratchDir = "/pool/condor/dir_3569109"
	Cpus = 1
	Disk = 6155680
	GPUs = 0
	Memory = 3000
...
006 (6052872.000.000) 08/16 23:17:31 Image size of job updated: 45156
	45  -  MemoryUsage of job (MB)
	45156  -  ResidentSetSize of job (KB)
...
006 (6052872.000.000) 08/16 23:22:31 Image size of job updated: 90252
	89  -  MemoryUsage of job (MB)
	90252  -  ResidentSetSize of job (KB)
...
006 (6052872.000.000) 08/16 23:27:32 Image size of job updated: 90420
	89  -  MemoryUsage of job (MB)
	90420  -  ResidentSetSize of job (KB)
...
006 (6052872.000.000) 08/16 23:32:32 Image size of job updated: 90928
	89  -  MemoryUsage of job (MB)
	90928  -  ResidentSetSize of job (KB)
...
006 (6052872.000.000) 08/16 23:37:33 Image size of job updated: 102344
	100  -  MemoryUsage of job (MB)
	102344  -  ResidentSetSize of job (KB)
...
006 (6052872.000.000) 08/16 23:42:34 Image size of job updated: 102348
	100  -  MemoryUsage of job (MB)
	102348  -  ResidentSetSize of job (KB)
...
006 (6052872.000.000) 08/16 23:47:34 Image size of job updated: 102352
	100  -  MemoryUsage of job (MB)
	102352  -  ResidentSetSize of job (KB)
...
006 (6052872.000.000) 08/16 23:52:35 Image size of job updated: 113188
	111  -  MemoryUsage of job (MB)
	113188  -  ResidentSetSize of job (KB)
...
006 (6052872.000.000) 08/17 00:02:36 Image size of job updated: 113196
	111  -  MemoryUsage of job (MB)
	113196  -  ResidentSetSize of job (KB)
...
040 (6052872.000.000) 08/17 00:03:15 Started transferring output files
...
040 (6052872.000.000) 08/17 00:03:15 Finished transferring output files
...
005 (6052872.000.000) 08/17 00:03:15 Job terminated.
	(1) Normal termination (return value 0)
		Usr 0 00:45:25, Sys 0 00:00:06  -  Run Remote Usage
		Usr 0 00:00:00, Sys 0 00:00:00  -  Run Local Usage
		Usr 0 00:45:25, Sys 0 00:00:06  -  Total Remote Usage
		Usr 0 00:00:00, Sys 0 00:00:00  -  Total Local Usage
	17810  -  Run Bytes Sent By Job
	10088  -  Run Bytes Received By Job
	17810  -  Total Bytes Sent By Job
	10088  -  Total Bytes Received By Job
	Partitionable Resources :    Usage  Request Allocated 
	   Cpus                 :     0.99        1         1 
	   Disk (KB)            : 39681     6144000   6155680 
	   GPUs                 :                           0 
	   Memory (MB)          :   111        3000      3000 
	   TimeExecute (s)      :  2752                       
	   TimeSlotBusy (s)     :  2753                       
...
