000 (6052952.000.000) 08/16 23:47:12 Job submitted from host: <188.185.133.2:9618?addrs=188.185.133.2-9618+[2001-1458-d03-2--100-208]-9618&alias=bigbird102.cern.ch&noUDP&sock=schedd_5723_1498>
    DAG Node: C_A07_S6_F2
...
040 (6052952.000.000) 08/16 23:49:17 Started transferring input files
	Transferring to host: <188.185.192.69:9618?addrs=188.185.192.69-9618+[2001-1458-303-1f--100-41]-9618&alias=b9p13p8505.cern.ch&noUDP&sock=slot1_16_3528_8b89_32117>
...
040 (6052952.000.000) 08/16 23:49:17 Finished transferring input files
...
001 (6052952.000.000) 08/16 23:49:18 Job executing on host: <188.185.192.69:9618?addrs=188.185.192.69-9618+[2001-1458-303-1f--100-41]-9618&alias=b9p13p8505.cern.ch&noUDP&sock=startd_2696_cf6b>
	SlotName: slot1_16@b9p13p8505.cern.ch
	CondorScratchDir = "/pool/condor/dir_3326267"
	Cpus = 1
	Disk = 6146842
	GPUs = 0
	Memory = 3000
...
006 (6052952.000.000) 08/16 23:49:27 Image size of job updated: 1696
	1  -  MemoryUsage of job (MB)
	804  -  ResidentSetSize of job (KB)
...
006 (6052952.000.000) 08/16 23:54:28 Image size of job updated: 96624
	95  -  MemoryUsage of job (MB)
	96624  -  ResidentSetSize of job (KB)
...
006 (6052952.000.000) 08/16 23:59:28 Image size of job updated: 96792
	95  -  MemoryUsage of job (MB)
	96792  -  ResidentSetSize of job (KB)
...
006 (6052952.000.000) 08/17 02:24:43 Image size of job updated: 96844
	95  -  MemoryUsage of job (MB)
	96844  -  ResidentSetSize of job (KB)
...
006 (6052952.000.000) 08/17 02:29:44 Image size of job updated: 97132
	95  -  MemoryUsage of job (MB)
	97132  -  ResidentSetSize of job (KB)
...
040 (6052952.000.000) 08/17 02:30:44 Started transferring output files
...
040 (6052952.000.000) 08/17 02:30:44 Finished transferring output files
...
005 (6052952.000.000) 08/17 02:30:44 Job terminated.
	(1) Normal termination (return value 0)
		Usr 0 02:31:54, Sys 0 00:00:20  -  Run Remote Usage
		Usr 0 00:00:00, Sys 0 00:00:00  -  Run Local Usage
		Usr 0 02:31:54, Sys 0 00:00:20  -  Total Remote Usage
		Usr 0 00:00:00, Sys 0 00:00:00  -  Total Local Usage
	17443  -  Run Bytes Sent By Job
	10088  -  Run Bytes Received By Job
	17443  -  Total Bytes Sent By Job
	10088  -  Total Bytes Received By Job
	Partitionable Resources :    Usage  Request Allocated 
	   Cpus                 :     0.98        1         1 
	   Disk (KB)            : 39679     6144000   6146842 
	   GPUs                 :                           0 
	   Memory (MB)          :    95        3000      3000 
	   TimeExecute (s)      :  9686                       
	   TimeSlotBusy (s)     :  9688                       
...
