000 (6052997.000.000) 08/17 00:32:02 Job submitted from host: <188.185.133.2:9618?addrs=188.185.133.2-9618+[2001-1458-d03-2--100-208]-9618&alias=bigbird102.cern.ch&noUDP&sock=schedd_5723_1498>
    DAG Node: C_A12_S3_F1
...
040 (6052997.000.000) 08/17 00:33:26 Started transferring input files
	Transferring to host: <128.142.162.95:9618?addrs=128.142.162.95-9618+[2001-1458-301-7d--100-18]-9618&alias=b9g42p2014.cern.ch&noUDP&sock=slot1_18_4733_939a_22661>
...
040 (6052997.000.000) 08/17 00:33:26 Finished transferring input files
...
001 (6052997.000.000) 08/17 00:33:27 Job executing on host: <128.142.162.95:9618?addrs=128.142.162.95-9618+[2001-1458-301-7d--100-18]-9618&alias=b9g42p2014.cern.ch&noUDP&sock=startd_4445_7a8f>
	SlotName: slot1_18@b9g42p2014.cern.ch
	CondorScratchDir = "/pool/condor/dir_1985510"
	Cpus = 1
	Disk = 6146810
	GPUs = 0
	Memory = 3000
...
006 (6052997.000.000) 08/17 00:33:35 Image size of job updated: 57044
	27  -  MemoryUsage of job (MB)
	26792  -  ResidentSetSize of job (KB)
...
006 (6052997.000.000) 08/17 00:38:35 Image size of job updated: 92100
	90  -  MemoryUsage of job (MB)
	92100  -  ResidentSetSize of job (KB)
...
006 (6052997.000.000) 08/17 00:53:37 Image size of job updated: 92320
	91  -  MemoryUsage of job (MB)
	92320  -  ResidentSetSize of job (KB)
...
006 (6052997.000.000) 08/17 00:58:38 Image size of job updated: 92436
	91  -  MemoryUsage of job (MB)
	92436  -  ResidentSetSize of job (KB)
...
006 (6052997.000.000) 08/17 01:03:38 Image size of job updated: 92776
	91  -  MemoryUsage of job (MB)
	92776  -  ResidentSetSize of job (KB)
...
040 (6052997.000.000) 08/17 01:07:18 Started transferring output files
...
040 (6052997.000.000) 08/17 01:07:18 Finished transferring output files
...
005 (6052997.000.000) 08/17 01:07:18 Job terminated.
	(1) Normal termination (return value 0)
		Usr 0 00:33:21, Sys 0 00:00:10  -  Run Remote Usage
		Usr 0 00:00:00, Sys 0 00:00:00  -  Run Local Usage
		Usr 0 00:33:21, Sys 0 00:00:10  -  Total Remote Usage
		Usr 0 00:00:00, Sys 0 00:00:00  -  Total Local Usage
	17669  -  Run Bytes Sent By Job
	10088  -  Run Bytes Received By Job
	17669  -  Total Bytes Sent By Job
	10088  -  Total Bytes Received By Job
	Partitionable Resources :    Usage  Request Allocated 
	   Cpus                 :     0.99        1         1 
	   Disk (KB)            : 39639     6144000   6146810 
	   GPUs                 :                           0 
	   Memory (MB)          :    91        3000      3000 
	   TimeExecute (s)      :  2031                       
	   TimeSlotBusy (s)     :  2033                       
...
