000 (6052674.000.000) 08/16 22:37:01 Job submitted from host: <188.185.133.2:9618?addrs=188.185.133.2-9618+[2001-1458-d03-2--100-208]-9618&alias=bigbird102.cern.ch&noUDP&sock=schedd_5723_1498>
    DAG Node: C_A05_S3_F0
...
040 (6052674.000.000) 08/16 22:37:59 Started transferring input files
	Transferring to host: <188.185.194.175:9618?addrs=188.185.194.175-9618+[2001-1458-303-21--100-ab]-9618&alias=b9p20p2191.cern.ch&noUDP&sock=slot1_26_3543_1d29_30742>
...
040 (6052674.000.000) 08/16 22:37:59 Finished transferring input files
...
001 (6052674.000.000) 08/16 22:38:00 Job executing on host: <188.185.194.175:9618?addrs=188.185.194.175-9618+[2001-1458-303-21--100-ab]-9618&alias=b9p20p2191.cern.ch&noUDP&sock=startd_2668_9ac4>
	SlotName: slot1_26@b9p20p2191.cern.ch
	CondorScratchDir = "/pool/condor/dir_3378961"
	Cpus = 1
	Disk = 6146768
	GPUs = 0
	Memory = 3000
...
006 (6052674.000.000) 08/16 22:38:09 Image size of job updated: 28480
	28  -  MemoryUsage of job (MB)
	28480  -  ResidentSetSize of job (KB)
...
006 (6052674.000.000) 08/16 22:43:10 Image size of job updated: 94724
	93  -  MemoryUsage of job (MB)
	94724  -  ResidentSetSize of job (KB)
...
006 (6052674.000.000) 08/16 22:48:10 Image size of job updated: 95064
	93  -  MemoryUsage of job (MB)
	95064  -  ResidentSetSize of job (KB)
...
006 (6052674.000.000) 08/16 22:53:10 Image size of job updated: 106648
	105  -  MemoryUsage of job (MB)
	106648  -  ResidentSetSize of job (KB)
...
006 (6052674.000.000) 08/16 22:58:11 Image size of job updated: 106652
	105  -  MemoryUsage of job (MB)
	106652  -  ResidentSetSize of job (KB)
...
006 (6052674.000.000) 08/16 23:03:11 Image size of job updated: 117492
	115  -  MemoryUsage of job (MB)
	117492  -  ResidentSetSize of job (KB)
...
006 (6052674.000.000) 08/16 23:08:11 Image size of job updated: 117496
	115  -  MemoryUsage of job (MB)
	117496  -  ResidentSetSize of job (KB)
...
006 (6052674.000.000) 08/16 23:12:18 Image size of job updated: 117500
	115  -  MemoryUsage of job (MB)
	117496  -  ResidentSetSize of job (KB)
...
040 (6052674.000.000) 08/16 23:12:18 Started transferring output files
...
040 (6052674.000.000) 08/16 23:12:18 Finished transferring output files
...
005 (6052674.000.000) 08/16 23:12:18 Job terminated.
	(1) Normal termination (return value 0)
		Usr 0 00:33:49, Sys 0 00:00:06  -  Run Remote Usage
		Usr 0 00:00:00, Sys 0 00:00:00  -  Run Local Usage
		Usr 0 00:33:49, Sys 0 00:00:06  -  Total Remote Usage
		Usr 0 00:00:00, Sys 0 00:00:00  -  Total Local Usage
	16977  -  Run Bytes Sent By Job
	10088  -  Run Bytes Received By Job
	16977  -  Total Bytes Sent By Job
	10088  -  Total Bytes Received By Job
	Partitionable Resources :    Usage  Request Allocated 
	   Cpus                 :     0.99        1         1 
	   Disk (KB)            : 39678     6144000   6146768 
	   GPUs                 :                           0 
	   Memory (MB)          :   115        3000      3000 
	   TimeExecute (s)      :  2058                       
	   TimeSlotBusy (s)     :  2060                       
...
