000 (6052798.000.000) 08/16 22:54:04 Job submitted from host: <188.185.133.2:9618?addrs=188.185.133.2-9618+[2001-1458-d03-2--100-208]-9618&alias=bigbird102.cern.ch&noUDP&sock=schedd_5723_1498>
    DAG Node: C_A03_S7_F1
...
040 (6052798.000.000) 08/16 22:56:15 Started transferring input files
	Transferring to host: <128.142.248.217:9618?addrs=128.142.248.217-9618+[2001-1458-301-73--100-d8]-9618&alias=b9g23p8981.cern.ch&noUDP&sock=slot1_2_6928_2713_23530>
...
040 (6052798.000.000) 08/16 22:56:15 Finished transferring input files
...
001 (6052798.000.000) 08/16 22:56:16 Job executing on host: <128.142.248.217:9618?addrs=128.142.248.217-9618+[2001-1458-301-73--100-d8]-9618&alias=b9g23p8981.cern.ch&noUDP&sock=startd_6197_347c>
	SlotName: slot1_2@b9g23p8981.cern.ch
	CondorScratchDir = "/pool/condor/dir_1580419"
	Cpus = 1
	Disk = 6146792
	GPUs = 0
	Memory = 3000
...
006 (6052798.000.000) 08/16 22:56:25 Image size of job updated: 32252
	32  -  MemoryUsage of job (MB)
	32252  -  ResidentSetSize of job (KB)
...
006 (6052798.000.000) 08/16 23:01:26 Image size of job updated: 94420
	93  -  MemoryUsage of job (MB)
	94420  -  ResidentSetSize of job (KB)
...
006 (6052798.000.000) 08/16 23:16:28 Image size of job updated: 94424
	93  -  MemoryUsage of job (MB)
	94424  -  ResidentSetSize of job (KB)
...
006 (6052798.000.000) 08/16 23:26:29 Image size of job updated: 94588
	93  -  MemoryUsage of job (MB)
	94588  -  ResidentSetSize of job (KB)
...
006 (6052798.000.000) 08/16 23:31:29 Image size of job updated: 94756
	93  -  MemoryUsage of job (MB)
	94756  -  ResidentSetSize of job (KB)
...
006 (6052798.000.000) 08/16 23:36:29 Image size of job updated: 95096
	93  -  MemoryUsage of job (MB)
	95096  -  ResidentSetSize of job (KB)
...
040 (6052798.000.000) 08/16 23:38:57 Started transferring output files
...
040 (6052798.000.000) 08/16 23:38:57 Finished transferring output files
...
005 (6052798.000.000) 08/16 23:38:57 Job terminated.
	(1) Normal termination (return value 0)
		Usr 0 00:42:06, Sys 0 00:00:06  -  Run Remote Usage
		Usr 0 00:00:00, Sys 0 00:00:00  -  Run Local Usage
		Usr 0 00:42:06, Sys 0 00:00:06  -  Total Remote Usage
		Usr 0 00:00:00, Sys 0 00:00:00  -  Total Local Usage
	17107  -  Run Bytes Sent By Job
	10088  -  Run Bytes Received By Job
	17107  -  Total Bytes Sent By Job
	10088  -  Total Bytes Received By Job
	Partitionable Resources :    Usage  Request Allocated 
	   Cpus                 :     0.99        1         1 
	   Disk (KB)            : 39678     6144000   6146792 
	   GPUs                 :                           0 
	   Memory (MB)          :    93        3000      3000 
	   TimeExecute (s)      :  2561                       
	   TimeSlotBusy (s)     :  2563                       
...
