000 (6052652.000.000) 08/16 22:34:38 Job submitted from host: <188.185.133.2:9618?addrs=188.185.133.2-9618+[2001-1458-d03-2--100-208]-9618&alias=bigbird102.cern.ch&noUDP&sock=schedd_5723_1498>
    DAG Node: C_A02_S7_F2
...
040 (6052652.000.000) 08/16 22:37:51 Started transferring input files
	Transferring to host: <188.185.197.23:9618?addrs=188.185.197.23-9618+[2001-1458-303-24--100-13]-9618&alias=b9p14p8346.cern.ch&noUDP&sock=slot1_3_7610_aeef_23974>
...
040 (6052652.000.000) 08/16 22:37:51 Finished transferring input files
...
001 (6052652.000.000) 08/16 22:37:52 Job executing on host: <188.185.197.23:9618?addrs=188.185.197.23-9618+[2001-1458-303-24--100-13]-9618&alias=b9p14p8346.cern.ch&noUDP&sock=startd_6744_66ca>
	SlotName: slot1_3@b9p14p8346.cern.ch
	CondorScratchDir = "/pool/condor/dir_322435"
	Cpus = 1
	Disk = 6146771
	GPUs = 0
	Memory = 3000
...
006 (6052652.000.000) 08/16 22:38:00 Image size of job updated: 52948
	52  -  MemoryUsage of job (MB)
	52948  -  ResidentSetSize of job (KB)
...
006 (6052652.000.000) 08/16 22:43:00 Image size of job updated: 90500
	89  -  MemoryUsage of job (MB)
	90500  -  ResidentSetSize of job (KB)
...
006 (6052652.000.000) 08/16 23:28:05 Image size of job updated: 90664
	89  -  MemoryUsage of job (MB)
	90664  -  ResidentSetSize of job (KB)
...
006 (6052652.000.000) 08/16 23:38:05 Image size of job updated: 90716
	89  -  MemoryUsage of job (MB)
	90716  -  ResidentSetSize of job (KB)
...
006 (6052652.000.000) 08/16 23:43:06 Image size of job updated: 90832
	89  -  MemoryUsage of job (MB)
	90832  -  ResidentSetSize of job (KB)
...
006 (6052652.000.000) 08/17 00:03:08 Image size of job updated: 91000
	89  -  MemoryUsage of job (MB)
	91000  -  ResidentSetSize of job (KB)
...
006 (6052652.000.000) 08/17 00:08:10 Image size of job updated: 91004
	89  -  MemoryUsage of job (MB)
	91004  -  ResidentSetSize of job (KB)
...
006 (6052652.000.000) 08/17 00:13:10 Image size of job updated: 91172
	90  -  MemoryUsage of job (MB)
	91172  -  ResidentSetSize of job (KB)
...
040 (6052652.000.000) 08/17 00:25:37 Started transferring output files
...
040 (6052652.000.000) 08/17 00:25:37 Finished transferring output files
...
005 (6052652.000.000) 08/17 00:25:37 Job terminated.
	(1) Normal termination (return value 0)
		Usr 0 01:46:55, Sys 0 00:00:08  -  Run Remote Usage
		Usr 0 00:00:00, Sys 0 00:00:00  -  Run Local Usage
		Usr 0 01:46:55, Sys 0 00:00:08  -  Total Remote Usage
		Usr 0 00:00:00, Sys 0 00:00:00  -  Total Local Usage
	16838  -  Run Bytes Sent By Job
	10088  -  Run Bytes Received By Job
	16838  -  Total Bytes Sent By Job
	10088  -  Total Bytes Received By Job
	Partitionable Resources :    Usage  Request Allocated 
	   Cpus                 :     0.99        1         1 
	   Disk (KB)            : 39677     6144000   6146771 
	   GPUs                 :                           0 
	   Memory (MB)          :    90        3000      3000 
	   TimeExecute (s)      :  6465                       
	   TimeSlotBusy (s)     :  6466                       
...
