000 (6052728.000.000) 08/16 22:45:27 Job submitted from host: <188.185.133.2:9618?addrs=188.185.133.2-9618+[2001-1458-d03-2--100-208]-9618&alias=bigbird102.cern.ch&noUDP&sock=schedd_5723_1498>
    DAG Node: C_A10_S5_F0
...
040 (6052728.000.000) 08/16 22:46:34 Started transferring input files
	Transferring to host: <128.142.162.20:9618?addrs=128.142.162.20-9618+[2001-1458-301-7b--100-d]-9618&alias=b9g42p1027.cern.ch&noUDP&sock=slot1_23_4119_f541_21989>
...
040 (6052728.000.000) 08/16 22:46:34 Finished transferring input files
...
001 (6052728.000.000) 08/16 22:46:35 Job executing on host: <128.142.162.20:9618?addrs=128.142.162.20-9618+[2001-1458-301-7b--100-d]-9618&alias=b9g42p1027.cern.ch&noUDP&sock=startd_3782_b745>
	SlotName: slot1_23@b9g42p1027.cern.ch
	CondorScratchDir = "/pool/condor/dir_1706230"
	Cpus = 1
	Disk = 6145593
	GPUs = 0
	Memory = 3000
...
006 (6052728.000.000) 08/16 22:46:43 Image size of job updated: 38760
	38  -  MemoryUsage of job (MB)
	38760  -  ResidentSetSize of job (KB)
...
006 (6052728.000.000) 08/16 22:51:43 Image size of job updated: 90312
	89  -  MemoryUsage of job (MB)
	90312  -  ResidentSetSize of job (KB)
...
006 (6052728.000.000) 08/16 22:56:44 Image size of job updated: 90652
	89  -  MemoryUsage of job (MB)
	90652  -  ResidentSetSize of job (KB)
...
006 (6052728.000.000) 08/16 23:01:44 Image size of job updated: 102236
	100  -  MemoryUsage of job (MB)
	102236  -  ResidentSetSize of job (KB)
...
006 (6052728.000.000) 08/16 23:06:44 Image size of job updated: 102240
	100  -  MemoryUsage of job (MB)
	102240  -  ResidentSetSize of job (KB)
...
006 (6052728.000.000) 08/16 23:11:45 Image size of job updated: 113080
	111  -  MemoryUsage of job (MB)
	113080  -  ResidentSetSize of job (KB)
...
006 (6052728.000.000) 08/16 23:21:46 Image size of job updated: 113084
	111  -  MemoryUsage of job (MB)
	113084  -  ResidentSetSize of job (KB)
...
006 (6052728.000.000) 08/16 23:23:38 Image size of job updated: 113088
	111  -  MemoryUsage of job (MB)
	113084  -  ResidentSetSize of job (KB)
...
040 (6052728.000.000) 08/16 23:23:38 Started transferring output files
...
040 (6052728.000.000) 08/16 23:23:38 Finished transferring output files
...
005 (6052728.000.000) 08/16 23:23:38 Job terminated.
	(1) Normal termination (return value 0)
		Usr 0 00:36:43, Sys 0 00:00:05  -  Run Remote Usage
		Usr 0 00:00:00, Sys 0 00:00:00  -  Run Local Usage
		Usr 0 00:36:43, Sys 0 00:00:05  -  Total Remote Usage
		Usr 0 00:00:00, Sys 0 00:00:00  -  Total Local Usage
	16983  -  Run Bytes Sent By Job
	10088  -  Run Bytes Received By Job
	16983  -  Total Bytes Sent By Job
	10088  -  Total Bytes Received By Job
	Partitionable Resources :    Usage  Request Allocated 
	   Cpus                 :     0.99        1         1 
	   Disk (KB)            : 39639     6144000   6145593 
	   GPUs                 :                           0 
	   Memory (MB)          :   111        3000      3000 
	   TimeExecute (s)      :  2223                       
	   TimeSlotBusy (s)     :  2224                       
...
