000 (6052995.000.000) 08/17 00:30:36 Job submitted from host: <188.185.133.2:9618?addrs=188.185.133.2-9618+[2001-1458-d03-2--100-208]-9618&alias=bigbird102.cern.ch&noUDP&sock=schedd_5723_1498>
    DAG Node: C_A12_S6_F2
...
040 (6052995.000.000) 08/17 00:33:26 Started transferring input files
	Transferring to host: <128.142.162.84:9618?addrs=128.142.162.84-9618+[2001-1458-301-7d--100-d]-9618&alias=b9g42p2016.cern.ch&noUDP&sock=slot1_13_3861_2c76_22570>
...
040 (6052995.000.000) 08/17 00:33:26 Finished transferring input files
...
001 (6052995.000.000) 08/17 00:33:27 Job executing on host: <128.142.162.84:9618?addrs=128.142.162.84-9618+[2001-1458-301-7d--100-d]-9618&alias=b9g42p2016.cern.ch&noUDP&sock=startd_3491_1d36>
	SlotName: slot1_13@b9g42p2016.cern.ch
	CondorScratchDir = "/pool/condor/dir_3387716"
	Cpus = 1
	Disk = 6146688
	GPUs = 0
	Memory = 3000
...
006 (6052995.000.000) 08/17 00:33:35 Image size of job updated: 59344
	58  -  MemoryUsage of job (MB)
	59344  -  ResidentSetSize of job (KB)
...
006 (6052995.000.000) 08/17 00:38:35 Image size of job updated: 94144
	92  -  MemoryUsage of job (MB)
	94144  -  ResidentSetSize of job (KB)
...
006 (6052995.000.000) 08/17 01:48:43 Image size of job updated: 94308
	93  -  MemoryUsage of job (MB)
	94308  -  ResidentSetSize of job (KB)
...
006 (6052995.000.000) 08/17 01:58:43 Image size of job updated: 94360
	93  -  MemoryUsage of job (MB)
	94360  -  ResidentSetSize of job (KB)
...
006 (6052995.000.000) 08/17 02:03:44 Image size of job updated: 94476
	93  -  MemoryUsage of job (MB)
	94476  -  ResidentSetSize of job (KB)
...
006 (6052995.000.000) 08/17 02:18:45 Image size of job updated: 94644
	93  -  MemoryUsage of job (MB)
	94644  -  ResidentSetSize of job (KB)
...
006 (6052995.000.000) 08/17 02:28:46 Image size of job updated: 94816
	93  -  MemoryUsage of job (MB)
	94816  -  ResidentSetSize of job (KB)
...
040 (6052995.000.000) 08/17 02:41:58 Started transferring output files
...
040 (6052995.000.000) 08/17 02:41:58 Finished transferring output files
...
005 (6052995.000.000) 08/17 02:41:58 Job terminated.
	(1) Normal termination (return value 0)
		Usr 0 02:07:19, Sys 0 00:00:14  -  Run Remote Usage
		Usr 0 00:00:00, Sys 0 00:00:00  -  Run Local Usage
		Usr 0 02:07:19, Sys 0 00:00:14  -  Total Remote Usage
		Usr 0 00:00:00, Sys 0 00:00:00  -  Total Local Usage
	17674  -  Run Bytes Sent By Job
	10088  -  Run Bytes Received By Job
	17674  -  Total Bytes Sent By Job
	10088  -  Total Bytes Received By Job
	Partitionable Resources :    Usage  Request Allocated 
	   Cpus                 :     1.00        1         1 
	   Disk (KB)            : 39643     6144000   6146688 
	   GPUs                 :                           0 
	   Memory (MB)          :    93        3000      3000 
	   TimeExecute (s)      :  7711                       
	   TimeSlotBusy (s)     :  7713                       
...
