000 (6052714.000.000) 08/16 22:43:18 Job submitted from host: <188.185.133.2:9618?addrs=188.185.133.2-9618+[2001-1458-d03-2--100-208]-9618&alias=bigbird102.cern.ch&noUDP&sock=schedd_5723_1498>
    DAG Node: C_A01_S1_F1
...
040 (6052714.000.000) 08/16 22:44:22 Started transferring input files
	Transferring to host: <188.185.215.52:9618?addrs=188.185.215.52-9618+[2001-1458-303-1e--100-30]-9618&alias=b9p31p4926.cern.ch&noUDP&sock=slot1_22_3704_8d90_33561>
...
040 (6052714.000.000) 08/16 22:44:22 Finished transferring input files
...
001 (6052714.000.000) 08/16 22:44:23 Job executing on host: <188.185.215.52:9618?addrs=188.185.215.52-9618+[2001-1458-303-1e--100-30]-9618&alias=b9p31p4926.cern.ch&noUDP&sock=startd_3169_3fb7>
	SlotName: slot1_22@b9p31p4926.cern.ch
	CondorScratchDir = "/pool/condor/dir_1861338"
	Cpus = 1
	Disk = 6145706
	GPUs = 0
	Memory = 3000
...
006 (6052714.000.000) 08/16 22:44:32 Image size of job updated: 45124
	32  -  MemoryUsage of job (MB)
	31836  -  ResidentSetSize of job (KB)
...
006 (6052714.000.000) 08/16 22:49:32 Image size of job updated: 94620
	93  -  MemoryUsage of job (MB)
	94620  -  ResidentSetSize of job (KB)
...
006 (6052714.000.000) 08/16 22:59:33 Image size of job updated: 94956
	93  -  MemoryUsage of job (MB)
	94956  -  ResidentSetSize of job (KB)
...
006 (6052714.000.000) 08/16 23:04:33 Image size of job updated: 95124
	93  -  MemoryUsage of job (MB)
	95124  -  ResidentSetSize of job (KB)
...
006 (6052714.000.000) 08/16 23:07:38 Image size of job updated: 95296
	93  -  MemoryUsage of job (MB)
	95124  -  ResidentSetSize of job (KB)
...
040 (6052714.000.000) 08/16 23:07:38 Started transferring output files
...
040 (6052714.000.000) 08/16 23:07:38 Finished transferring output files
...
005 (6052714.000.000) 08/16 23:07:39 Job terminated.
	(1) Normal termination (return value 0)
		Usr 0 00:22:54, Sys 0 00:00:05  -  Run Remote Usage
		Usr 0 00:00:00, Sys 0 00:00:00  -  Run Local Usage
		Usr 0 00:22:54, Sys 0 00:00:05  -  Total Remote Usage
		Usr 0 00:00:00, Sys 0 00:00:00  -  Total Local Usage
	16915  -  Run Bytes Sent By Job
	10088  -  Run Bytes Received By Job
	16915  -  Total Bytes Sent By Job
	10088  -  Total Bytes Received By Job
	Partitionable Resources :    Usage  Request Allocated 
	   Cpus                 :     0.99        1         1 
	   Disk (KB)            : 39697     6144000   6145706 
	   GPUs                 :                           0 
	   Memory (MB)          :    93        3000      3000 
	   TimeExecute (s)      :  1395                       
	   TimeSlotBusy (s)     :  1396                       
...
