000 (6052910.000.000) 08/16 23:34:32 Job submitted from host: <188.185.133.2:9618?addrs=188.185.133.2-9618+[2001-1458-d03-2--100-208]-9618&alias=bigbird102.cern.ch&noUDP&sock=schedd_5723_1498>
    DAG Node: C_A08_S3_F2
...
040 (6052910.000.000) 08/16 23:36:01 Started transferring input files
	Transferring to host: <188.185.193.159:9618?addrs=188.185.193.159-9618+[2001-1458-303-20--100-9b]-9618&alias=b9p19p7480.cern.ch&noUDP&sock=slot1_19_3552_748a_32854>
...
040 (6052910.000.000) 08/16 23:36:01 Finished transferring input files
...
001 (6052910.000.000) 08/16 23:36:02 Job executing on host: <188.185.193.159:9618?addrs=188.185.193.159-9618+[2001-1458-303-20--100-9b]-9618&alias=b9p19p7480.cern.ch&noUDP&sock=startd_2874_e747>
	SlotName: slot1_19@b9p19p7480.cern.ch
	CondorScratchDir = "/pool/condor/dir_1546401"
	Cpus = 1
	Disk = 6166120
	GPUs = 0
	Memory = 3000
...
006 (6052910.000.000) 08/16 23:36:11 Image size of job updated: 57488
	57  -  MemoryUsage of job (MB)
	57488  -  ResidentSetSize of job (KB)
...
006 (6052910.000.000) 08/16 23:41:12 Image size of job updated: 90516
	89  -  MemoryUsage of job (MB)
	90516  -  ResidentSetSize of job (KB)
...
006 (6052910.000.000) 08/17 00:51:20 Image size of job updated: 90568
	89  -  MemoryUsage of job (MB)
	90568  -  ResidentSetSize of job (KB)
...
006 (6052910.000.000) 08/17 00:56:21 Image size of job updated: 90680
	89  -  MemoryUsage of job (MB)
	90680  -  ResidentSetSize of job (KB)
...
006 (6052910.000.000) 08/17 01:11:22 Image size of job updated: 90848
	89  -  MemoryUsage of job (MB)
	90848  -  ResidentSetSize of job (KB)
...
006 (6052910.000.000) 08/17 01:31:23 Image size of job updated: 90852
	89  -  MemoryUsage of job (MB)
	90852  -  ResidentSetSize of job (KB)
...
006 (6052910.000.000) 08/17 01:36:24 Image size of job updated: 91020
	89  -  MemoryUsage of job (MB)
	91020  -  ResidentSetSize of job (KB)
...
006 (6052910.000.000) 08/17 01:41:24 Image size of job updated: 91072
	89  -  MemoryUsage of job (MB)
	91072  -  ResidentSetSize of job (KB)
...
006 (6052910.000.000) 08/17 01:46:25 Image size of job updated: 91188
	90  -  MemoryUsage of job (MB)
	91188  -  ResidentSetSize of job (KB)
...
040 (6052910.000.000) 08/17 01:58:47 Started transferring output files
...
040 (6052910.000.000) 08/17 01:58:47 Finished transferring output files
...
005 (6052910.000.000) 08/17 01:58:47 Job terminated.
	(1) Normal termination (return value 0)
		Usr 0 02:21:30, Sys 0 00:00:10  -  Run Remote Usage
		Usr 0 00:00:00, Sys 0 00:00:00  -  Run Local Usage
		Usr 0 02:21:30, Sys 0 00:00:10  -  Total Remote Usage
		Usr 0 00:00:00, Sys 0 00:00:00  -  Total Local Usage
	17047  -  Run Bytes Sent By Job
	10088  -  Run Bytes Received By Job
	17047  -  Total Bytes Sent By Job
	10088  -  Total Bytes Received By Job
	Partitionable Resources :    Usage  Request Allocated 
	   Cpus                 :     0.99        1         1 
	   Disk (KB)            : 39679     6144000   6166120 
	   GPUs                 :                           0 
	   Memory (MB)          :    90        3000      3000 
	   TimeExecute (s)      :  8565                       
	   TimeSlotBusy (s)     :  8566                       
...
