000 (6052938.000.000) 08/16 23:40:38 Job submitted from host: <188.185.133.2:9618?addrs=188.185.133.2-9618+[2001-1458-d03-2--100-208]-9618&alias=bigbird102.cern.ch&noUDP&sock=schedd_5723_1498>
    DAG Node: C_A13_S0_F0
...
040 (6052938.000.000) 08/16 23:41:46 Started transferring input files
	Transferring to host: <188.185.196.135:9618?addrs=188.185.196.135-9618+[2001-1458-303-23--100-83]-9618&alias=b9p16p6625.cern.ch&noUDP&sock=slot1_8_3337_f7e1_30158>
...
040 (6052938.000.000) 08/16 23:41:46 Finished transferring input files
...
001 (6052938.000.000) 08/16 23:41:47 Job executing on host: <188.185.196.135:9618?addrs=188.185.196.135-9618+[2001-1458-303-23--100-83]-9618&alias=b9p16p6625.cern.ch&noUDP&sock=startd_2821_8cc2>
	SlotName: slot1_8@b9p16p6625.cern.ch
	CondorScratchDir = "/pool/condor/dir_3824201"
	Cpus = 1
	Disk = 6157553
	GPUs = 0
	Memory = 3000
...
006 (6052938.000.000) 08/16 23:41:55 Image size of job updated: 38764
	38  -  MemoryUsage of job (MB)
	37940  -  ResidentSetSize of job (KB)
...
006 (6052938.000.000) 08/16 23:46:55 Image size of job updated: 90668
	89  -  MemoryUsage of job (MB)
	90668  -  ResidentSetSize of job (KB)
...
006 (6052938.000.000) 08/16 23:51:56 Image size of job updated: 91008
	89  -  MemoryUsage of job (MB)
	91008  -  ResidentSetSize of job (KB)
...
006 (6052938.000.000) 08/16 23:56:56 Image size of job updated: 102592
	101  -  MemoryUsage of job (MB)
	102592  -  ResidentSetSize of job (KB)
...
006 (6052938.000.000) 08/17 00:01:57 Image size of job updated: 102596
	101  -  MemoryUsage of job (MB)
	102596  -  ResidentSetSize of job (KB)
...
006 (6052938.000.000) 08/17 00:06:57 Image size of job updated: 113436
	111  -  MemoryUsage of job (MB)
	113436  -  ResidentSetSize of job (KB)
...
006 (6052938.000.000) 08/17 00:16:58 Image size of job updated: 113440
	111  -  MemoryUsage of job (MB)
	113440  -  ResidentSetSize of job (KB)
...
006 (6052938.000.000) 08/17 00:20:14 Image size of job updated: 113444
	111  -  MemoryUsage of job (MB)
	113440  -  ResidentSetSize of job (KB)
...
040 (6052938.000.000) 08/17 00:20:14 Started transferring output files
...
040 (6052938.000.000) 08/17 00:20:14 Finished transferring output files
...
005 (6052938.000.000) 08/17 00:20:14 Job terminated.
	(1) Normal termination (return value 0)
		Usr 0 00:38:04, Sys 0 00:00:05  -  Run Remote Usage
		Usr 0 00:00:00, Sys 0 00:00:00  -  Run Local Usage
		Usr 0 00:38:04, Sys 0 00:00:05  -  Total Remote Usage
		Usr 0 00:00:00, Sys 0 00:00:00  -  Total Local Usage
	17059  -  Run Bytes Sent By Job
	10088  -  Run Bytes Received By Job
	17059  -  Total Bytes Sent By Job
	10088  -  Total Bytes Received By Job
	Partitionable Resources :    Usage  Request Allocated 
	   Cpus                 :     0.99        1         1 
	   Disk (KB)            : 39679     6144000   6157553 
	   GPUs                 :                           0 
	   Memory (MB)          :   111        3000      3000 
	   TimeExecute (s)      :  2307                       
	   TimeSlotBusy (s)     :  2308                       
...
