000 (6052991.000.000) 08/17 00:23:03 Job submitted from host: <188.185.133.2:9618?addrs=188.185.133.2-9618+[2001-1458-d03-2--100-208]-9618&alias=bigbird102.cern.ch&noUDP&sock=schedd_5723_1498>
    DAG Node: C_A12_S2_F1
...
040 (6052991.000.000) 08/17 00:24:09 Started transferring input files
	Transferring to host: <128.142.162.42:9618?addrs=128.142.162.42-9618+[2001-1458-301-7b--100-23]-9618&alias=b9g42p1022.cern.ch&noUDP&sock=slot1_9_3916_ed18_23047>
...
040 (6052991.000.000) 08/17 00:24:09 Finished transferring input files
...
001 (6052991.000.000) 08/17 00:24:10 Job executing on host: <128.142.162.42:9618?addrs=128.142.162.42-9618+[2001-1458-301-7b--100-23]-9618&alias=b9g42p1022.cern.ch&noUDP&sock=startd_3569_9d99>
	SlotName: slot1_9@b9g42p1022.cern.ch
	CondorScratchDir = "/pool/condor/dir_3355223"
	Cpus = 1
	Disk = 6146847
	GPUs = 0
	Memory = 3000
...
006 (6052991.000.000) 08/17 00:24:19 Image size of job updated: 58008
	57  -  MemoryUsage of job (MB)
	58008  -  ResidentSetSize of job (KB)
...
006 (6052991.000.000) 08/17 00:29:20 Image size of job updated: 94136
	92  -  MemoryUsage of job (MB)
	94136  -  ResidentSetSize of job (KB)
...
006 (6052991.000.000) 08/17 00:49:21 Image size of job updated: 94300
	93  -  MemoryUsage of job (MB)
	94300  -  ResidentSetSize of job (KB)
...
006 (6052991.000.000) 08/17 00:54:22 Image size of job updated: 94304
	93  -  MemoryUsage of job (MB)
	94304  -  ResidentSetSize of job (KB)
...
006 (6052991.000.000) 08/17 00:59:22 Image size of job updated: 94468
	93  -  MemoryUsage of job (MB)
	94468  -  ResidentSetSize of job (KB)
...
006 (6052991.000.000) 08/17 01:04:22 Image size of job updated: 94472
	93  -  MemoryUsage of job (MB)
	94472  -  ResidentSetSize of job (KB)
...
006 (6052991.000.000) 08/17 01:09:23 Image size of job updated: 94692
	93  -  MemoryUsage of job (MB)
	94692  -  ResidentSetSize of job (KB)
...
006 (6052991.000.000) 08/17 01:14:23 Image size of job updated: 94812
	93  -  MemoryUsage of job (MB)
	94812  -  ResidentSetSize of job (KB)
...
040 (6052991.000.000) 08/17 01:16:15 Started transferring output files
...
040 (6052991.000.000) 08/17 01:16:15 Finished transferring output files
...
005 (6052991.000.000) 08/17 01:16:15 Job terminated.
	(1) Normal termination (return value 0)
		Usr 0 00:51:02, Sys 0 00:00:08  -  Run Remote Usage
		Usr 0 00:00:00, Sys 0 00:00:00  -  Run Local Usage
		Usr 0 00:51:02, Sys 0 00:00:08  -  Total Remote Usage
		Usr 0 00:00:00, Sys 0 00:00:00  -  Total Local Usage
	17673  -  Run Bytes Sent By Job
	10088  -  Run Bytes Received By Job
	17673  -  Total Bytes Sent By Job
	10088  -  Total Bytes Received By Job
	Partitionable Resources :    Usage  Request Allocated 
	   Cpus                 :     0.97        1         1 
	   Disk (KB)            : 39639     6144000   6146847 
	   GPUs                 :                           0 
	   Memory (MB)          :    93        3000      3000 
	   TimeExecute (s)      :  3125                       
	   TimeSlotBusy (s)     :  3126                       
...
