000 (6052722.000.000) 08/16 22:45:11 Job submitted from host: <188.185.133.2:9618?addrs=188.185.133.2-9618+[2001-1458-d03-2--100-208]-9618&alias=bigbird102.cern.ch&noUDP&sock=schedd_5723_1498>
    DAG Node: C_A10_S6_F0
...
040 (6052722.000.000) 08/16 22:45:25 Started transferring input files
	Transferring to host: <128.142.162.86:9618?addrs=128.142.162.86-9618+[2001-1458-301-7d--100-f]-9618&alias=b9g42p2030.cern.ch&noUDP&sock=slot1_16_5184_58cc_1503>
...
040 (6052722.000.000) 08/16 22:45:25 Finished transferring input files
...
001 (6052722.000.000) 08/16 22:45:26 Job executing on host: <128.142.162.86:9618?addrs=128.142.162.86-9618+[2001-1458-301-7d--100-f]-9618&alias=b9g42p2030.cern.ch&noUDP&sock=startd_4328_39fb>
	SlotName: slot1_16@b9g42p2030.cern.ch
	CondorScratchDir = "/pool/condor/dir_1454516"
	Cpus = 1
	Disk = 6146715
	GPUs = 0
	Memory = 3000
...
006 (6052722.000.000) 08/16 22:45:35 Image size of job updated: 59320
	58  -  MemoryUsage of job (MB)
	59320  -  ResidentSetSize of job (KB)
...
006 (6052722.000.000) 08/16 22:50:36 Image size of job updated: 94200
	92  -  MemoryUsage of job (MB)
	94200  -  ResidentSetSize of job (KB)
...
006 (6052722.000.000) 08/16 22:55:36 Image size of job updated: 94536
	93  -  MemoryUsage of job (MB)
	94536  -  ResidentSetSize of job (KB)
...
006 (6052722.000.000) 08/16 23:00:37 Image size of job updated: 106292
	104  -  MemoryUsage of job (MB)
	106292  -  ResidentSetSize of job (KB)
...
006 (6052722.000.000) 08/16 23:05:37 Image size of job updated: 106296
	104  -  MemoryUsage of job (MB)
	106296  -  ResidentSetSize of job (KB)
...
006 (6052722.000.000) 08/16 23:10:37 Image size of job updated: 117136
	115  -  MemoryUsage of job (MB)
	117136  -  ResidentSetSize of job (KB)
...
006 (6052722.000.000) 08/16 23:15:38 Image size of job updated: 117140
	115  -  MemoryUsage of job (MB)
	117140  -  ResidentSetSize of job (KB)
...
006 (6052722.000.000) 08/16 23:20:38 Image size of job updated: 117144
	115  -  MemoryUsage of job (MB)
	117144  -  ResidentSetSize of job (KB)
...
040 (6052722.000.000) 08/16 23:21:05 Started transferring output files
...
040 (6052722.000.000) 08/16 23:21:05 Finished transferring output files
...
005 (6052722.000.000) 08/16 23:21:06 Job terminated.
	(1) Normal termination (return value 0)
		Usr 0 00:35:19, Sys 0 00:00:05  -  Run Remote Usage
		Usr 0 00:00:00, Sys 0 00:00:00  -  Run Local Usage
		Usr 0 00:35:19, Sys 0 00:00:05  -  Total Remote Usage
		Usr 0 00:00:00, Sys 0 00:00:00  -  Total Local Usage
	16983  -  Run Bytes Sent By Job
	10088  -  Run Bytes Received By Job
	16983  -  Total Bytes Sent By Job
	10088  -  Total Bytes Received By Job
	Partitionable Resources :    Usage  Request Allocated 
	   Cpus                 :     0.99        1         1 
	   Disk (KB)            : 39638     6144000   6146715 
	   GPUs                 :                           0 
	   Memory (MB)          :   115        3000      3000 
	   TimeExecute (s)      :  2139                       
	   TimeSlotBusy (s)     :  2140                       
...
