000 (6052762.000.000) 08/16 22:49:05 Job submitted from host: <188.185.133.2:9618?addrs=188.185.133.2-9618+[2001-1458-d03-2--100-208]-9618&alias=bigbird102.cern.ch&noUDP&sock=schedd_5723_1498>
    DAG Node: C_A04_S6_F1
...
040 (6052762.000.000) 08/16 22:49:25 Started transferring input files
	Transferring to host: <188.185.209.150:9618?addrs=188.185.209.150-9618+[2001-1458-303-12--100-13]-9618&alias=b9p12p9730.cern.ch&noUDP&sock=slot1_24_11404_e649_30439>
...
040 (6052762.000.000) 08/16 22:49:25 Finished transferring input files
...
001 (6052762.000.000) 08/16 22:49:26 Job executing on host: <188.185.209.150:9618?addrs=188.185.209.150-9618+[2001-1458-303-12--100-13]-9618&alias=b9p12p9730.cern.ch&noUDP&sock=startd_10765_791b>
	SlotName: slot1_24@b9p12p9730.cern.ch
	CondorScratchDir = "/pool/condor/dir_1535211"
	Cpus = 1
	Disk = 6146554
	GPUs = 0
	Memory = 3000
...
006 (6052762.000.000) 08/16 22:49:34 Image size of job updated: 15812
	16  -  MemoryUsage of job (MB)
	15812  -  ResidentSetSize of job (KB)
...
006 (6052762.000.000) 08/16 22:54:34 Image size of job updated: 94956
	93  -  MemoryUsage of job (MB)
	94956  -  ResidentSetSize of job (KB)
...
006 (6052762.000.000) 08/16 23:09:36 Image size of job updated: 95292
	94  -  MemoryUsage of job (MB)
	95292  -  ResidentSetSize of job (KB)
...
006 (6052762.000.000) 08/16 23:14:36 Image size of job updated: 95460
	94  -  MemoryUsage of job (MB)
	95460  -  ResidentSetSize of job (KB)
...
006 (6052762.000.000) 08/16 23:19:37 Image size of job updated: 95632
	94  -  MemoryUsage of job (MB)
	95632  -  ResidentSetSize of job (KB)
...
040 (6052762.000.000) 08/16 23:19:51 Started transferring output files
...
040 (6052762.000.000) 08/16 23:19:51 Finished transferring output files
...
005 (6052762.000.000) 08/16 23:19:52 Job terminated.
	(1) Normal termination (return value 0)
		Usr 0 00:29:45, Sys 0 00:00:07  -  Run Remote Usage
		Usr 0 00:00:00, Sys 0 00:00:00  -  Run Local Usage
		Usr 0 00:29:45, Sys 0 00:00:07  -  Total Remote Usage
		Usr 0 00:00:00, Sys 0 00:00:00  -  Total Local Usage
	16913  -  Run Bytes Sent By Job
	10088  -  Run Bytes Received By Job
	16913  -  Total Bytes Sent By Job
	10088  -  Total Bytes Received By Job
	Partitionable Resources :    Usage  Request Allocated 
	   Cpus                 :     0.99        1         1 
	   Disk (KB)            : 39795     6144000   6146554 
	   GPUs                 :                           0 
	   Memory (MB)          :    94        3000      3000 
	   TimeExecute (s)      :  1825                       
	   TimeSlotBusy (s)     :  1827                       
...
