000 (6052727.000.000) 08/16 22:45:22 Job submitted from host: <188.185.133.2:9618?addrs=188.185.133.2-9618+[2001-1458-d03-2--100-208]-9618&alias=bigbird102.cern.ch&noUDP&sock=schedd_5723_1498>
    DAG Node: C_A10_S2_F2
...
040 (6052727.000.000) 08/16 22:45:28 Started transferring input files
	Transferring to host: <128.142.162.109:9618?addrs=128.142.162.109-9618+[2001-1458-301-7d--100-26]-9618&alias=b9g42p2009.cern.ch&noUDP&sock=slot1_20_3790_25d3_22181>
...
040 (6052727.000.000) 08/16 22:45:28 Finished transferring input files
...
001 (6052727.000.000) 08/16 22:45:29 Job executing on host: <128.142.162.109:9618?addrs=128.142.162.109-9618+[2001-1458-301-7d--100-26]-9618&alias=b9g42p2009.cern.ch&noUDP&sock=startd_3467_a6f0>
	SlotName: slot1_20@b9g42p2009.cern.ch
	CondorScratchDir = "/pool/condor/dir_441892"
	Cpus = 1
	Disk = 6146784
	GPUs = 0
	Memory = 3000
...
006 (6052727.000.000) 08/16 22:45:37 Image size of job updated: 25948
	26  -  MemoryUsage of job (MB)
	25948  -  ResidentSetSize of job (KB)
...
006 (6052727.000.000) 08/16 22:50:37 Image size of job updated: 94212
	93  -  MemoryUsage of job (MB)
	94212  -  ResidentSetSize of job (KB)
...
006 (6052727.000.000) 08/16 23:30:42 Image size of job updated: 94264
	93  -  MemoryUsage of job (MB)
	94264  -  ResidentSetSize of job (KB)
...
006 (6052727.000.000) 08/16 23:35:42 Image size of job updated: 94380
	93  -  MemoryUsage of job (MB)
	94380  -  ResidentSetSize of job (KB)
...
006 (6052727.000.000) 08/16 23:45:43 Image size of job updated: 94432
	93  -  MemoryUsage of job (MB)
	94432  -  ResidentSetSize of job (KB)
...
006 (6052727.000.000) 08/16 23:50:44 Image size of job updated: 94548
	93  -  MemoryUsage of job (MB)
	94548  -  ResidentSetSize of job (KB)
...
006 (6052727.000.000) 08/17 00:10:46 Image size of job updated: 94716
	93  -  MemoryUsage of job (MB)
	94716  -  ResidentSetSize of job (KB)
...
006 (6052727.000.000) 08/17 00:20:47 Image size of job updated: 94768
	93  -  MemoryUsage of job (MB)
	94768  -  ResidentSetSize of job (KB)
...
006 (6052727.000.000) 08/17 00:25:47 Image size of job updated: 94888
	93  -  MemoryUsage of job (MB)
	94888  -  ResidentSetSize of job (KB)
...
040 (6052727.000.000) 08/17 00:38:04 Started transferring output files
...
040 (6052727.000.000) 08/17 00:38:04 Finished transferring output files
...
005 (6052727.000.000) 08/17 00:38:04 Job terminated.
	(1) Normal termination (return value 0)
		Usr 0 01:51:39, Sys 0 00:00:10  -  Run Remote Usage
		Usr 0 00:00:00, Sys 0 00:00:00  -  Run Local Usage
		Usr 0 01:51:39, Sys 0 00:00:10  -  Total Remote Usage
		Usr 0 00:00:00, Sys 0 00:00:00  -  Total Local Usage
	16847  -  Run Bytes Sent By Job
	10088  -  Run Bytes Received By Job
	16847  -  Total Bytes Sent By Job
	10088  -  Total Bytes Received By Job
	Partitionable Resources :    Usage  Request Allocated 
	   Cpus                 :     0.99        1         1 
	   Disk (KB)            : 39636     6144000   6146784 
	   GPUs                 :                           0 
	   Memory (MB)          :    93        3000      3000 
	   TimeExecute (s)      :  6755                       
	   TimeSlotBusy (s)     :  6758                       
...
