000 (6052796.000.000) 08/16 22:53:53 Job submitted from host: <188.185.133.2:9618?addrs=188.185.133.2-9618+[2001-1458-d03-2--100-208]-9618&alias=bigbird102.cern.ch&noUDP&sock=schedd_5723_1498>
    DAG Node: C_A14_S3_F2
...
040 (6052796.000.000) 08/16 22:56:14 Started transferring input files
	Transferring to host: <188.185.196.138:9618?addrs=188.185.196.138-9618+[2001-1458-303-23--100-86]-9618&alias=b9p16p4018.cern.ch&noUDP&sock=slot1_14_3518007_ef6c_11174>
...
040 (6052796.000.000) 08/16 22:56:14 Finished transferring input files
...
001 (6052796.000.000) 08/16 22:56:15 Job executing on host: <188.185.196.138:9618?addrs=188.185.196.138-9618+[2001-1458-303-23--100-86]-9618&alias=b9p16p4018.cern.ch&noUDP&sock=startd_3229_6765>
	SlotName: slot1_14@b9p16p4018.cern.ch
	CondorScratchDir = "/pool/condor/dir_116076"
	Cpus = 1
	Disk = 6146959
	GPUs = 0
	Memory = 3000
...
006 (6052796.000.000) 08/16 22:56:23 Image size of job updated: 32396
	32  -  MemoryUsage of job (MB)
	32396  -  ResidentSetSize of job (KB)
...
006 (6052796.000.000) 08/16 23:01:23 Image size of job updated: 94564
	93  -  MemoryUsage of job (MB)
	94564  -  ResidentSetSize of job (KB)
...
006 (6052796.000.000) 08/16 23:31:27 Image size of job updated: 94728
	93  -  MemoryUsage of job (MB)
	94728  -  ResidentSetSize of job (KB)
...
006 (6052796.000.000) 08/16 23:36:27 Image size of job updated: 94732
	93  -  MemoryUsage of job (MB)
	94732  -  ResidentSetSize of job (KB)
...
006 (6052796.000.000) 08/16 23:41:27 Image size of job updated: 94784
	93  -  MemoryUsage of job (MB)
	94784  -  ResidentSetSize of job (KB)
...
006 (6052796.000.000) 08/16 23:46:28 Image size of job updated: 94896
	93  -  MemoryUsage of job (MB)
	94896  -  ResidentSetSize of job (KB)
...
006 (6052796.000.000) 08/17 00:06:30 Image size of job updated: 94952
	93  -  MemoryUsage of job (MB)
	94952  -  ResidentSetSize of job (KB)
...
006 (6052796.000.000) 08/17 00:11:31 Image size of job updated: 95068
	93  -  MemoryUsage of job (MB)
	95068  -  ResidentSetSize of job (KB)
...
006 (6052796.000.000) 08/17 00:21:31 Image size of job updated: 95236
	94  -  MemoryUsage of job (MB)
	95236  -  ResidentSetSize of job (KB)
...
006 (6052796.000.000) 08/17 00:26:32 Image size of job updated: 95240
	94  -  MemoryUsage of job (MB)
	95240  -  ResidentSetSize of job (KB)
...
040 (6052796.000.000) 08/17 00:33:07 Started transferring output files
...
040 (6052796.000.000) 08/17 00:33:07 Finished transferring output files
...
005 (6052796.000.000) 08/17 00:33:07 Job terminated.
	(1) Normal termination (return value 0)
		Usr 0 01:36:02, Sys 0 00:00:07  -  Run Remote Usage
		Usr 0 00:00:00, Sys 0 00:00:00  -  Run Local Usage
		Usr 0 01:36:02, Sys 0 00:00:07  -  Total Remote Usage
		Usr 0 00:00:00, Sys 0 00:00:00  -  Total Local Usage
	16843  -  Run Bytes Sent By Job
	10088  -  Run Bytes Received By Job
	16843  -  Total Bytes Sent By Job
	10088  -  Total Bytes Received By Job
	Partitionable Resources :    Usage  Request Allocated 
	   Cpus                 :     0.99        1         1 
	   Disk (KB)            : 39676     6144000   6146959 
	   GPUs                 :                           0 
	   Memory (MB)          :    94        3000      3000 
	   TimeExecute (s)      :  5812                       
	   TimeSlotBusy (s)     :  5814                       
...
