000 (6052817.000.000) 08/16 22:59:02 Job submitted from host: <188.185.133.2:9618?addrs=188.185.133.2-9618+[2001-1458-d03-2--100-208]-9618&alias=bigbird102.cern.ch&noUDP&sock=schedd_5723_1498>
    DAG Node: C_A14_S2_F2
...
040 (6052817.000.000) 08/16 23:00:15 Started transferring input files
	Transferring to host: <128.142.162.96:9618?addrs=128.142.162.96-9618+[2001-1458-301-7d--100-19]-9618&alias=b9g42p2020.cern.ch&noUDP&sock=slot1_15_3946_105a_23334>
...
040 (6052817.000.000) 08/16 23:00:15 Finished transferring input files
...
001 (6052817.000.000) 08/16 23:00:16 Job executing on host: <128.142.162.96:9618?addrs=128.142.162.96-9618+[2001-1458-301-7d--100-19]-9618&alias=b9g42p2020.cern.ch&noUDP&sock=startd_3642_b003>
	SlotName: slot1_15@b9g42p2020.cern.ch
	CondorScratchDir = "/pool/condor/dir_1754046"
	Cpus = 1
	Disk = 6146658
	GPUs = 0
	Memory = 3000
...
006 (6052817.000.000) 08/16 23:00:24 Image size of job updated: 32052
	32  -  MemoryUsage of job (MB)
	32052  -  ResidentSetSize of job (KB)
...
006 (6052817.000.000) 08/16 23:05:24 Image size of job updated: 94216
	93  -  MemoryUsage of job (MB)
	94216  -  ResidentSetSize of job (KB)
...
006 (6052817.000.000) 08/16 23:35:27 Image size of job updated: 94268
	93  -  MemoryUsage of job (MB)
	94268  -  ResidentSetSize of job (KB)
...
006 (6052817.000.000) 08/16 23:40:28 Image size of job updated: 94384
	93  -  MemoryUsage of job (MB)
	94384  -  ResidentSetSize of job (KB)
...
006 (6052817.000.000) 08/16 23:55:30 Image size of job updated: 94548
	93  -  MemoryUsage of job (MB)
	94548  -  ResidentSetSize of job (KB)
...
006 (6052817.000.000) 08/17 00:00:30 Image size of job updated: 94552
	93  -  MemoryUsage of job (MB)
	94552  -  ResidentSetSize of job (KB)
...
006 (6052817.000.000) 08/17 00:15:32 Image size of job updated: 94720
	93  -  MemoryUsage of job (MB)
	94720  -  ResidentSetSize of job (KB)
...
006 (6052817.000.000) 08/17 00:25:33 Image size of job updated: 94892
	93  -  MemoryUsage of job (MB)
	94892  -  ResidentSetSize of job (KB)
...
040 (6052817.000.000) 08/17 00:38:25 Started transferring output files
...
040 (6052817.000.000) 08/17 00:38:25 Finished transferring output files
...
005 (6052817.000.000) 08/17 00:38:25 Job terminated.
	(1) Normal termination (return value 0)
		Usr 0 01:37:24, Sys 0 00:00:08  -  Run Remote Usage
		Usr 0 00:00:00, Sys 0 00:00:00  -  Run Local Usage
		Usr 0 01:37:24, Sys 0 00:00:08  -  Total Remote Usage
		Usr 0 00:00:00, Sys 0 00:00:00  -  Total Local Usage
	16848  -  Run Bytes Sent By Job
	10088  -  Run Bytes Received By Job
	16848  -  Total Bytes Sent By Job
	10088  -  Total Bytes Received By Job
	Partitionable Resources :    Usage  Request Allocated 
	   Cpus                 :     1.00        1         1 
	   Disk (KB)            : 39637     6144000   6146658 
	   GPUs                 :                           0 
	   Memory (MB)          :    93        3000      3000 
	   TimeExecute (s)      :  5889                       
	   TimeSlotBusy (s)     :  5892                       
...
