000 (6052911.000.000) 08/16 23:34:42 Job submitted from host: <188.185.133.2:9618?addrs=188.185.133.2-9618+[2001-1458-d03-2--100-208]-9618&alias=bigbird102.cern.ch&noUDP&sock=schedd_5723_1498>
    DAG Node: C_A11_S6_F0
...
040 (6052911.000.000) 08/16 23:36:07 Started transferring input files
	Transferring to host: <188.185.194.88:9618?addrs=188.185.194.88-9618+[2001-1458-303-21--100-54]-9618&alias=b9p20p0409.cern.ch&noUDP&sock=slot1_39_5449_1037_31112>
...
040 (6052911.000.000) 08/16 23:36:07 Finished transferring input files
...
001 (6052911.000.000) 08/16 23:36:08 Job executing on host: <188.185.194.88:9618?addrs=188.185.194.88-9618+[2001-1458-303-21--100-54]-9618&alias=b9p20p0409.cern.ch&noUDP&sock=startd_4338_15ed>
	SlotName: slot1_39@b9p20p0409.cern.ch
	CondorScratchDir = "/pool/condor/dir_484882"
	Cpus = 1
	Disk = 6177764
	GPUs = 0
	Memory = 3000
...
006 (6052911.000.000) 08/16 23:36:16 Image size of job updated: 41436
	41  -  MemoryUsage of job (MB)
	41436  -  ResidentSetSize of job (KB)
...
006 (6052911.000.000) 08/16 23:41:17 Image size of job updated: 90588
	89  -  MemoryUsage of job (MB)
	90588  -  ResidentSetSize of job (KB)
...
006 (6052911.000.000) 08/16 23:51:18 Image size of job updated: 102512
	101  -  MemoryUsage of job (MB)
	102512  -  ResidentSetSize of job (KB)
...
006 (6052911.000.000) 08/16 23:56:19 Image size of job updated: 102516
	101  -  MemoryUsage of job (MB)
	102516  -  ResidentSetSize of job (KB)
...
006 (6052911.000.000) 08/17 00:06:19 Image size of job updated: 113356
	111  -  MemoryUsage of job (MB)
	113356  -  ResidentSetSize of job (KB)
...
006 (6052911.000.000) 08/17 00:16:20 Image size of job updated: 113360
	111  -  MemoryUsage of job (MB)
	113360  -  ResidentSetSize of job (KB)
...
006 (6052911.000.000) 08/17 00:17:29 Image size of job updated: 113364
	111  -  MemoryUsage of job (MB)
	113360  -  ResidentSetSize of job (KB)
...
040 (6052911.000.000) 08/17 00:17:29 Started transferring output files
...
040 (6052911.000.000) 08/17 00:17:29 Finished transferring output files
...
005 (6052911.000.000) 08/17 00:17:29 Job terminated.
	(1) Normal termination (return value 0)
		Usr 0 00:40:56, Sys 0 00:00:05  -  Run Remote Usage
		Usr 0 00:00:00, Sys 0 00:00:00  -  Run Local Usage
		Usr 0 00:40:56, Sys 0 00:00:05  -  Total Remote Usage
		Usr 0 00:00:00, Sys 0 00:00:00  -  Total Local Usage
	17807  -  Run Bytes Sent By Job
	10088  -  Run Bytes Received By Job
	17807  -  Total Bytes Sent By Job
	10088  -  Total Bytes Received By Job
	Partitionable Resources :    Usage  Request Allocated 
	   Cpus                 :     0.99        1         1 
	   Disk (KB)            : 39682     6144000   6177764 
	   GPUs                 :                           0 
	   Memory (MB)          :   111        3000      3000 
	   TimeExecute (s)      :  2481                       
	   TimeSlotBusy (s)     :  2482                       
...
