000 (6052751.000.000) 08/16 22:47:49 Job submitted from host: <188.185.133.2:9618?addrs=188.185.133.2-9618+[2001-1458-d03-2--100-208]-9618&alias=bigbird102.cern.ch&noUDP&sock=schedd_5723_1498>
    DAG Node: C_A00_S5_F2
...
040 (6052751.000.000) 08/16 22:49:21 Started transferring input files
	Transferring to host: <188.185.214.28:9618?addrs=188.185.214.28-9618+[2001-1458-303-1c--100-18]-9618&alias=b9p29p6628.cern.ch&noUDP&sock=slot1_17_8183_69e6_35123>
...
040 (6052751.000.000) 08/16 22:49:21 Finished transferring input files
...
001 (6052751.000.000) 08/16 22:49:22 Job executing on host: <188.185.214.28:9618?addrs=188.185.214.28-9618+[2001-1458-303-1c--100-18]-9618&alias=b9p29p6628.cern.ch&noUDP&sock=startd_7484_fae0>
	SlotName: slot1_17@b9p29p6628.cern.ch
	CondorScratchDir = "/pool/condor/dir_250219"
	Cpus = 1
	Disk = 6146756
	GPUs = 0
	Memory = 3000
...
006 (6052751.000.000) 08/16 22:49:30 Image size of job updated: 26256
	26  -  MemoryUsage of job (MB)
	26256  -  ResidentSetSize of job (KB)
...
006 (6052751.000.000) 08/16 22:54:30 Image size of job updated: 94632
	93  -  MemoryUsage of job (MB)
	94632  -  ResidentSetSize of job (KB)
...
006 (6052751.000.000) 08/16 23:49:36 Image size of job updated: 94800
	93  -  MemoryUsage of job (MB)
	94800  -  ResidentSetSize of job (KB)
...
006 (6052751.000.000) 08/16 23:59:37 Image size of job updated: 94968
	93  -  MemoryUsage of job (MB)
	94968  -  ResidentSetSize of job (KB)
...
006 (6052751.000.000) 08/17 00:19:39 Image size of job updated: 95308
	94  -  MemoryUsage of job (MB)
	95308  -  ResidentSetSize of job (KB)
...
040 (6052751.000.000) 08/17 00:31:31 Started transferring output files
...
040 (6052751.000.000) 08/17 00:31:31 Finished transferring output files
...
005 (6052751.000.000) 08/17 00:31:31 Job terminated.
	(1) Normal termination (return value 0)
		Usr 0 01:40:31, Sys 0 00:00:15  -  Run Remote Usage
		Usr 0 00:00:00, Sys 0 00:00:00  -  Run Local Usage
		Usr 0 01:40:31, Sys 0 00:00:15  -  Total Remote Usage
		Usr 0 00:00:00, Sys 0 00:00:00  -  Total Local Usage
	17106  -  Run Bytes Sent By Job
	10088  -  Run Bytes Received By Job
	17106  -  Total Bytes Sent By Job
	10088  -  Total Bytes Received By Job
	Partitionable Resources :    Usage  Request Allocated 
	   Cpus                 :     0.99        1         1 
	   Disk (KB)            : 39698     6144000   6146756 
	   GPUs                 :                           0 
	   Memory (MB)          :    94        3000      3000 
	   TimeExecute (s)      :  6129                       
	   TimeSlotBusy (s)     :  6131                       
...
