000 (6052782.000.000) 08/16 22:52:22 Job submitted from host: <188.185.133.2:9618?addrs=188.185.133.2-9618+[2001-1458-d03-2--100-208]-9618&alias=bigbird102.cern.ch&noUDP&sock=schedd_5723_1498>
    DAG Node: C_A04_S4_F0
...
040 (6052782.000.000) 08/16 22:53:07 Started transferring input files
	Transferring to host: <188.185.192.39:9618?addrs=188.185.192.39-9618+[2001-1458-303-1f--100-23]-9618&alias=b9p13p8738.cern.ch&noUDP&sock=slot1_37_10898_6074_30750>
...
040 (6052782.000.000) 08/16 22:53:07 Finished transferring input files
...
001 (6052782.000.000) 08/16 22:53:08 Job executing on host: <188.185.192.39:9618?addrs=188.185.192.39-9618+[2001-1458-303-1f--100-23]-9618&alias=b9p13p8738.cern.ch&noUDP&sock=startd_9202_6295>
	SlotName: slot1_37@b9p13p8738.cern.ch
	CondorScratchDir = "/pool/condor/dir_1220079"
	Cpus = 1
	Disk = 6191911
	GPUs = 0
	Memory = 3000
...
006 (6052782.000.000) 08/16 22:53:17 Image size of job updated: 55364
	29  -  MemoryUsage of job (MB)
	29316  -  ResidentSetSize of job (KB)
...
006 (6052782.000.000) 08/16 22:58:18 Image size of job updated: 94588
	93  -  MemoryUsage of job (MB)
	94588  -  ResidentSetSize of job (KB)
...
006 (6052782.000.000) 08/16 23:03:18 Image size of job updated: 94924
	93  -  MemoryUsage of job (MB)
	94924  -  ResidentSetSize of job (KB)
...
006 (6052782.000.000) 08/16 23:08:19 Image size of job updated: 106512
	105  -  MemoryUsage of job (MB)
	106512  -  ResidentSetSize of job (KB)
...
006 (6052782.000.000) 08/16 23:13:19 Image size of job updated: 106516
	105  -  MemoryUsage of job (MB)
	106516  -  ResidentSetSize of job (KB)
...
006 (6052782.000.000) 08/16 23:18:19 Image size of job updated: 117356
	115  -  MemoryUsage of job (MB)
	117356  -  ResidentSetSize of job (KB)
...
006 (6052782.000.000) 08/16 23:28:20 Image size of job updated: 117360
	115  -  MemoryUsage of job (MB)
	117360  -  ResidentSetSize of job (KB)
...
006 (6052782.000.000) 08/16 23:30:21 Image size of job updated: 117364
	115  -  MemoryUsage of job (MB)
	117360  -  ResidentSetSize of job (KB)
...
040 (6052782.000.000) 08/16 23:30:21 Started transferring output files
...
040 (6052782.000.000) 08/16 23:30:21 Finished transferring output files
...
005 (6052782.000.000) 08/16 23:30:21 Job terminated.
	(1) Normal termination (return value 0)
		Usr 0 00:36:51, Sys 0 00:00:05  -  Run Remote Usage
		Usr 0 00:00:00, Sys 0 00:00:00  -  Run Local Usage
		Usr 0 00:36:51, Sys 0 00:00:05  -  Total Remote Usage
		Usr 0 00:00:00, Sys 0 00:00:00  -  Total Local Usage
	17055  -  Run Bytes Sent By Job
	10088  -  Run Bytes Received By Job
	17055  -  Total Bytes Sent By Job
	10088  -  Total Bytes Received By Job
	Partitionable Resources :    Usage  Request Allocated 
	   Cpus                 :     0.99        1         1 
	   Disk (KB)            : 39679     6144000   6191911 
	   GPUs                 :                           0 
	   Memory (MB)          :   115        3000      3000 
	   TimeExecute (s)      :  2233                       
	   TimeSlotBusy (s)     :  2234                       
...
