000 (6052913.000.000) 08/16 23:34:43 Job submitted from host: <188.185.133.2:9618?addrs=188.185.133.2-9618+[2001-1458-d03-2--100-208]-9618&alias=bigbird102.cern.ch&noUDP&sock=schedd_5723_1498>
    DAG Node: C_A11_S6_F2
...
040 (6052913.000.000) 08/16 23:36:09 Started transferring input files
	Transferring to host: <188.185.192.51:9618?addrs=188.185.192.51-9618+[2001-1458-303-1f--100-2f]-9618&alias=b9p13p9021.cern.ch&noUDP&sock=slot1_40_6700_818a_32230>
...
040 (6052913.000.000) 08/16 23:36:09 Finished transferring input files
...
001 (6052913.000.000) 08/16 23:36:10 Job executing on host: <188.185.192.51:9618?addrs=188.185.192.51-9618+[2001-1458-303-1f--100-2f]-9618&alias=b9p13p9021.cern.ch&noUDP&sock=startd_5210_3483>
	SlotName: slot1_40@b9p13p9021.cern.ch
	CondorScratchDir = "/pool/condor/dir_3672010"
	Cpus = 1
	Disk = 6146895
	GPUs = 0
	Memory = 3000
...
006 (6052913.000.000) 08/16 23:36:19 Image size of job updated: 61404
	60  -  MemoryUsage of job (MB)
	61404  -  ResidentSetSize of job (KB)
...
006 (6052913.000.000) 08/16 23:41:20 Image size of job updated: 94344
	93  -  MemoryUsage of job (MB)
	94344  -  ResidentSetSize of job (KB)
...
006 (6052913.000.000) 08/16 23:56:22 Image size of job updated: 94348
	93  -  MemoryUsage of job (MB)
	94348  -  ResidentSetSize of job (KB)
...
006 (6052913.000.000) 08/17 00:01:22 Image size of job updated: 94400
	93  -  MemoryUsage of job (MB)
	94400  -  ResidentSetSize of job (KB)
...
006 (6052913.000.000) 08/17 00:06:23 Image size of job updated: 94512
	93  -  MemoryUsage of job (MB)
	94512  -  ResidentSetSize of job (KB)
...
006 (6052913.000.000) 08/17 01:41:32 Image size of job updated: 94680
	93  -  MemoryUsage of job (MB)
	94680  -  ResidentSetSize of job (KB)
...
006 (6052913.000.000) 08/17 01:46:32 Image size of job updated: 95020
	93  -  MemoryUsage of job (MB)
	95020  -  ResidentSetSize of job (KB)
...
040 (6052913.000.000) 08/17 01:50:15 Started transferring output files
...
040 (6052913.000.000) 08/17 01:50:15 Finished transferring output files
...
005 (6052913.000.000) 08/17 01:50:15 Job terminated.
	(1) Normal termination (return value 0)
		Usr 0 02:13:00, Sys 0 00:00:11  -  Run Remote Usage
		Usr 0 00:00:00, Sys 0 00:00:00  -  Run Local Usage
		Usr 0 02:13:00, Sys 0 00:00:11  -  Total Remote Usage
		Usr 0 00:00:00, Sys 0 00:00:00  -  Total Local Usage
	17670  -  Run Bytes Sent By Job
	10088  -  Run Bytes Received By Job
	17670  -  Total Bytes Sent By Job
	10088  -  Total Bytes Received By Job
	Partitionable Resources :    Usage  Request Allocated 
	   Cpus                 :     1.00        1         1 
	   Disk (KB)            : 39680     6144000   6146895 
	   GPUs                 :                           0 
	   Memory (MB)          :    93        3000      3000 
	   TimeExecute (s)      :  8045                       
	   TimeSlotBusy (s)     :  8046                       
...
