000 (6052724.000.000) 08/16 22:45:11 Job submitted from host: <188.185.133.2:9618?addrs=188.185.133.2-9618+[2001-1458-d03-2--100-208]-9618&alias=bigbird102.cern.ch&noUDP&sock=schedd_5723_1498>
    DAG Node: C_A10_S6_F2
...
040 (6052724.000.000) 08/16 22:45:28 Started transferring input files
	Transferring to host: <128.142.162.95:9618?addrs=128.142.162.95-9618+[2001-1458-301-7d--100-18]-9618&alias=b9g42p2014.cern.ch&noUDP&sock=slot1_17_4733_939a_22592>
...
040 (6052724.000.000) 08/16 22:45:28 Finished transferring input files
...
001 (6052724.000.000) 08/16 22:45:29 Job executing on host: <128.142.162.95:9618?addrs=128.142.162.95-9618+[2001-1458-301-7d--100-18]-9618&alias=b9g42p2014.cern.ch&noUDP&sock=startd_4445_7a8f>
	SlotName: slot1_17@b9g42p2014.cern.ch
	CondorScratchDir = "/pool/condor/dir_1926327"
	Cpus = 1
	Disk = 6146793
	GPUs = 0
	Memory = 3000
...
006 (6052724.000.000) 08/16 22:45:37 Image size of job updated: 29368
	29  -  MemoryUsage of job (MB)
	29368  -  ResidentSetSize of job (KB)
...
006 (6052724.000.000) 08/16 22:50:37 Image size of job updated: 94212
	93  -  MemoryUsage of job (MB)
	94212  -  ResidentSetSize of job (KB)
...
006 (6052724.000.000) 08/16 23:20:40 Image size of job updated: 94376
	93  -  MemoryUsage of job (MB)
	94376  -  ResidentSetSize of job (KB)
...
006 (6052724.000.000) 08/16 23:30:41 Image size of job updated: 94380
	93  -  MemoryUsage of job (MB)
	94380  -  ResidentSetSize of job (KB)
...
006 (6052724.000.000) 08/16 23:35:42 Image size of job updated: 94544
	93  -  MemoryUsage of job (MB)
	94544  -  ResidentSetSize of job (KB)
...
006 (6052724.000.000) 08/16 23:50:44 Image size of job updated: 94548
	93  -  MemoryUsage of job (MB)
	94548  -  ResidentSetSize of job (KB)
...
006 (6052724.000.000) 08/16 23:55:44 Image size of job updated: 94716
	93  -  MemoryUsage of job (MB)
	94716  -  ResidentSetSize of job (KB)
...
006 (6052724.000.000) 08/17 00:05:45 Image size of job updated: 94888
	93  -  MemoryUsage of job (MB)
	94888  -  ResidentSetSize of job (KB)
...
040 (6052724.000.000) 08/17 00:13:05 Started transferring output files
...
040 (6052724.000.000) 08/17 00:13:05 Finished transferring output files
...
005 (6052724.000.000) 08/17 00:13:05 Job terminated.
	(1) Normal termination (return value 0)
		Usr 0 01:26:59, Sys 0 00:00:06  -  Run Remote Usage
		Usr 0 00:00:00, Sys 0 00:00:00  -  Run Local Usage
		Usr 0 01:26:59, Sys 0 00:00:06  -  Total Remote Usage
		Usr 0 00:00:00, Sys 0 00:00:00  -  Total Local Usage
	16845  -  Run Bytes Sent By Job
	10088  -  Run Bytes Received By Job
	16845  -  Total Bytes Sent By Job
	10088  -  Total Bytes Received By Job
	Partitionable Resources :    Usage  Request Allocated 
	   Cpus                 :     1.00        1         1 
	   Disk (KB)            : 39636     6144000   6146793 
	   GPUs                 :                           0 
	   Memory (MB)          :    93        3000      3000 
	   TimeExecute (s)      :  5256                       
	   TimeSlotBusy (s)     :  5258                       
...
