000 (6052702.000.000) 08/16 22:41:21 Job submitted from host: <188.185.133.2:9618?addrs=188.185.133.2-9618+[2001-1458-d03-2--100-208]-9618&alias=bigbird102.cern.ch&noUDP&sock=schedd_5723_1498>
    DAG Node: C_A01_S2_F1
...
040 (6052702.000.000) 08/16 22:44:18 Started transferring input files
	Transferring to host: <188.185.206.99:9618?addrs=188.185.206.99-9618+[2001-1458-303-b--100-60]-9618&alias=b9p05p7418.cern.ch&noUDP&sock=slot1_11_6665_d868_28918>
...
040 (6052702.000.000) 08/16 22:44:18 Finished transferring input files
...
001 (6052702.000.000) 08/16 22:44:19 Job executing on host: <188.185.206.99:9618?addrs=188.185.206.99-9618+[2001-1458-303-b--100-60]-9618&alias=b9p05p7418.cern.ch&noUDP&sock=startd_5739_0e1c>
	SlotName: slot1_11@b9p05p7418.cern.ch
	CondorScratchDir = "/pool/condor/dir_1872498"
	Cpus = 1
	Disk = 6146375
	GPUs = 0
	Memory = 3000
...
006 (6052702.000.000) 08/16 22:44:28 Image size of job updated: 31276
	31  -  MemoryUsage of job (MB)
	31276  -  ResidentSetSize of job (KB)
...
006 (6052702.000.000) 08/16 22:49:29 Image size of job updated: 93448
	92  -  MemoryUsage of job (MB)
	93448  -  ResidentSetSize of job (KB)
...
006 (6052702.000.000) 08/16 23:04:30 Image size of job updated: 93780
	92  -  MemoryUsage of job (MB)
	93780  -  ResidentSetSize of job (KB)
...
006 (6052702.000.000) 08/16 23:09:21 Image size of job updated: 94120
	92  -  MemoryUsage of job (MB)
	93780  -  ResidentSetSize of job (KB)
...
040 (6052702.000.000) 08/16 23:09:21 Started transferring output files
...
040 (6052702.000.000) 08/16 23:09:21 Finished transferring output files
...
005 (6052702.000.000) 08/16 23:09:22 Job terminated.
	(1) Normal termination (return value 0)
		Usr 0 00:24:33, Sys 0 00:00:05  -  Run Remote Usage
		Usr 0 00:00:00, Sys 0 00:00:00  -  Run Local Usage
		Usr 0 00:24:33, Sys 0 00:00:05  -  Total Remote Usage
		Usr 0 00:00:00, Sys 0 00:00:00  -  Total Local Usage
	16916  -  Run Bytes Sent By Job
	10088  -  Run Bytes Received By Job
	16916  -  Total Bytes Sent By Job
	10088  -  Total Bytes Received By Job
	Partitionable Resources :    Usage  Request Allocated 
	   Cpus                 :     0.99        1         1 
	   Disk (KB)            : 39796     6144000   6146375 
	   GPUs                 :                           0 
	   Memory (MB)          :    92        3000      3000 
	   TimeExecute (s)      :  1502                       
	   TimeSlotBusy (s)     :  1504                       
...
