000 (6052658.000.000) 08/16 22:35:09 Job submitted from host: <188.185.133.2:9618?addrs=188.185.133.2-9618+[2001-1458-d03-2--100-208]-9618&alias=bigbird102.cern.ch&noUDP&sock=schedd_5723_1498>
    DAG Node: C_A02_S2_F2
...
040 (6052658.000.000) 08/16 22:37:54 Started transferring input files
	Transferring to host: <128.142.161.87:9618?addrs=128.142.161.87-9618+[2001-1458-301-b8--100-15]-9618&alias=b9g03p0001.cern.ch&noUDP&sock=slot1_6_4549_ee92_27380>
...
040 (6052658.000.000) 08/16 22:37:54 Finished transferring input files
...
001 (6052658.000.000) 08/16 22:37:55 Job executing on host: <128.142.161.87:9618?addrs=128.142.161.87-9618+[2001-1458-301-b8--100-15]-9618&alias=b9g03p0001.cern.ch&noUDP&sock=startd_3508_c652>
	SlotName: slot1_6@b9g03p0001.cern.ch
	CondorScratchDir = "/pool/condor/dir_423791"
	Cpus = 1
	Disk = 6146845
	GPUs = 0
	Memory = 3000
...
006 (6052658.000.000) 08/16 22:38:03 Image size of job updated: 18108
	18  -  MemoryUsage of job (MB)
	18108  -  ResidentSetSize of job (KB)
...
006 (6052658.000.000) 08/16 22:43:03 Image size of job updated: 90516
	89  -  MemoryUsage of job (MB)
	90516  -  ResidentSetSize of job (KB)
...
006 (6052658.000.000) 08/16 23:53:12 Image size of job updated: 90680
	89  -  MemoryUsage of job (MB)
	90680  -  ResidentSetSize of job (KB)
...
006 (6052658.000.000) 08/17 00:03:13 Image size of job updated: 90736
	89  -  MemoryUsage of job (MB)
	90736  -  ResidentSetSize of job (KB)
...
006 (6052658.000.000) 08/17 00:08:13 Image size of job updated: 90848
	89  -  MemoryUsage of job (MB)
	90848  -  ResidentSetSize of job (KB)
...
006 (6052658.000.000) 08/17 00:33:15 Image size of job updated: 91016
	89  -  MemoryUsage of job (MB)
	91016  -  ResidentSetSize of job (KB)
...
006 (6052658.000.000) 08/17 00:38:15 Image size of job updated: 91020
	89  -  MemoryUsage of job (MB)
	91020  -  ResidentSetSize of job (KB)
...
006 (6052658.000.000) 08/17 00:48:16 Image size of job updated: 91188
	90  -  MemoryUsage of job (MB)
	91188  -  ResidentSetSize of job (KB)
...
040 (6052658.000.000) 08/17 01:03:35 Started transferring output files
...
040 (6052658.000.000) 08/17 01:03:35 Finished transferring output files
...
005 (6052658.000.000) 08/17 01:03:35 Job terminated.
	(1) Normal termination (return value 0)
		Usr 0 02:24:02, Sys 0 00:00:12  -  Run Remote Usage
		Usr 0 00:00:00, Sys 0 00:00:00  -  Run Local Usage
		Usr 0 02:24:02, Sys 0 00:00:12  -  Total Remote Usage
		Usr 0 00:00:00, Sys 0 00:00:00  -  Total Local Usage
	16842  -  Run Bytes Sent By Job
	10088  -  Run Bytes Received By Job
	16842  -  Total Bytes Sent By Job
	10088  -  Total Bytes Received By Job
	Partitionable Resources :    Usage  Request Allocated 
	   Cpus                 :     0.99        1         1 
	   Disk (KB)            : 39677     6144000   6146845 
	   GPUs                 :                           0 
	   Memory (MB)          :    90        3000      3000 
	   TimeExecute (s)      :  8740                       
	   TimeSlotBusy (s)     :  8742                       
...
