000 (6052893.000.000) 08/16 23:30:39 Job submitted from host: <188.185.133.2:9618?addrs=188.185.133.2-9618+[2001-1458-d03-2--100-208]-9618&alias=bigbird102.cern.ch&noUDP&sock=schedd_5723_1498>
    DAG Node: C_A11_S3_F0
...
040 (6052893.000.000) 08/16 23:32:21 Started transferring input files
	Transferring to host: <188.185.193.16:9618?addrs=188.185.193.16-9618+[2001-1458-303-20--100-c]-9618&alias=b9p19p4171.cern.ch&noUDP&sock=slot1_10_3352_8981_27943>
...
040 (6052893.000.000) 08/16 23:32:21 Finished transferring input files
...
001 (6052893.000.000) 08/16 23:32:22 Job executing on host: <188.185.193.16:9618?addrs=188.185.193.16-9618+[2001-1458-303-20--100-c]-9618&alias=b9p19p4171.cern.ch&noUDP&sock=startd_2584_fccf>
	SlotName: slot1_10@b9p19p4171.cern.ch
	CondorScratchDir = "/pool/condor/dir_4072684"
	Cpus = 1
	Disk = 6160568
	GPUs = 0
	Memory = 3000
...
006 (6052893.000.000) 08/16 23:32:31 Image size of job updated: 55052
	54  -  MemoryUsage of job (MB)
	55052  -  ResidentSetSize of job (KB)
...
006 (6052893.000.000) 08/16 23:37:32 Image size of job updated: 96524
	95  -  MemoryUsage of job (MB)
	96524  -  ResidentSetSize of job (KB)
...
006 (6052893.000.000) 08/16 23:42:32 Image size of job updated: 96688
	95  -  MemoryUsage of job (MB)
	96688  -  ResidentSetSize of job (KB)
...
006 (6052893.000.000) 08/16 23:47:32 Image size of job updated: 97196
	95  -  MemoryUsage of job (MB)
	97196  -  ResidentSetSize of job (KB)
...
006 (6052893.000.000) 08/16 23:52:33 Image size of job updated: 108612
	107  -  MemoryUsage of job (MB)
	108612  -  ResidentSetSize of job (KB)
...
006 (6052893.000.000) 08/17 00:02:34 Image size of job updated: 108620
	107  -  MemoryUsage of job (MB)
	108620  -  ResidentSetSize of job (KB)
...
006 (6052893.000.000) 08/17 00:07:34 Image size of job updated: 119456
	117  -  MemoryUsage of job (MB)
	119456  -  ResidentSetSize of job (KB)
...
006 (6052893.000.000) 08/17 00:17:35 Image size of job updated: 119464
	117  -  MemoryUsage of job (MB)
	119464  -  ResidentSetSize of job (KB)
...
040 (6052893.000.000) 08/17 00:19:35 Started transferring output files
...
040 (6052893.000.000) 08/17 00:19:35 Finished transferring output files
...
005 (6052893.000.000) 08/17 00:19:35 Job terminated.
	(1) Normal termination (return value 0)
		Usr 0 00:46:44, Sys 0 00:00:06  -  Run Remote Usage
		Usr 0 00:00:00, Sys 0 00:00:00  -  Run Local Usage
		Usr 0 00:46:44, Sys 0 00:00:06  -  Total Remote Usage
		Usr 0 00:00:00, Sys 0 00:00:00  -  Total Local Usage
	17807  -  Run Bytes Sent By Job
	10088  -  Run Bytes Received By Job
	17807  -  Total Bytes Sent By Job
	10088  -  Total Bytes Received By Job
	Partitionable Resources :    Usage  Request Allocated 
	   Cpus                 :     0.99        1         1 
	   Disk (KB)            : 39682     6144000   6160568 
	   GPUs                 :                           0 
	   Memory (MB)          :   117        3000      3000 
	   TimeExecute (s)      :  2833                       
	   TimeSlotBusy (s)     :  2834                       
...
