000 (6052661.000.000) 08/16 22:35:39 Job submitted from host: <188.185.133.2:9618?addrs=188.185.133.2-9618+[2001-1458-d03-2--100-208]-9618&alias=bigbird102.cern.ch&noUDP&sock=schedd_5723_1498>
    DAG Node: C_A02_S5_F2
...
040 (6052661.000.000) 08/16 22:37:55 Started transferring input files
	Transferring to host: <188.185.197.56:9618?addrs=188.185.197.56-9618+[2001-1458-303-24--100-34]-9618&alias=b9p14p0175.cern.ch&noUDP&sock=slot1_41_6690_75c9_22841>
...
040 (6052661.000.000) 08/16 22:37:55 Finished transferring input files
...
001 (6052661.000.000) 08/16 22:37:56 Job executing on host: <188.185.197.56:9618?addrs=188.185.197.56-9618+[2001-1458-303-24--100-34]-9618&alias=b9p14p0175.cern.ch&noUDP&sock=startd_5929_611b>
	SlotName: slot1_41@b9p14p0175.cern.ch
	CondorScratchDir = "/pool/condor/dir_1315589"
	Cpus = 1
	Disk = 6146702
	GPUs = 0
	Memory = 3000
...
006 (6052661.000.000) 08/16 22:38:04 Image size of job updated: 52448
	52  -  MemoryUsage of job (MB)
	52448  -  ResidentSetSize of job (KB)
...
006 (6052661.000.000) 08/16 22:43:04 Image size of job updated: 94572
	93  -  MemoryUsage of job (MB)
	94572  -  ResidentSetSize of job (KB)
...
006 (6052661.000.000) 08/16 23:38:09 Image size of job updated: 94736
	93  -  MemoryUsage of job (MB)
	94736  -  ResidentSetSize of job (KB)
...
006 (6052661.000.000) 08/16 23:53:11 Image size of job updated: 94792
	93  -  MemoryUsage of job (MB)
	94792  -  ResidentSetSize of job (KB)
...
006 (6052661.000.000) 08/16 23:58:12 Image size of job updated: 94904
	93  -  MemoryUsage of job (MB)
	94904  -  ResidentSetSize of job (KB)
...
006 (6052661.000.000) 08/17 00:23:14 Image size of job updated: 95076
	93  -  MemoryUsage of job (MB)
	95076  -  ResidentSetSize of job (KB)
...
006 (6052661.000.000) 08/17 00:33:15 Image size of job updated: 95128
	93  -  MemoryUsage of job (MB)
	95128  -  ResidentSetSize of job (KB)
...
006 (6052661.000.000) 08/17 00:38:15 Image size of job updated: 95244
	94  -  MemoryUsage of job (MB)
	95244  -  ResidentSetSize of job (KB)
...
040 (6052661.000.000) 08/17 00:54:17 Started transferring output files
...
040 (6052661.000.000) 08/17 00:54:17 Finished transferring output files
...
005 (6052661.000.000) 08/17 00:54:17 Job terminated.
	(1) Normal termination (return value 0)
		Usr 0 02:15:02, Sys 0 00:00:12  -  Run Remote Usage
		Usr 0 00:00:00, Sys 0 00:00:00  -  Run Local Usage
		Usr 0 02:15:02, Sys 0 00:00:12  -  Total Remote Usage
		Usr 0 00:00:00, Sys 0 00:00:00  -  Total Local Usage
	16840  -  Run Bytes Sent By Job
	10088  -  Run Bytes Received By Job
	16840  -  Total Bytes Sent By Job
	10088  -  Total Bytes Received By Job
	Partitionable Resources :    Usage  Request Allocated 
	   Cpus                 :     0.99        1         1 
	   Disk (KB)            : 39677     6144000   6146702 
	   GPUs                 :                           0 
	   Memory (MB)          :    94        3000      3000 
	   TimeExecute (s)      :  8181                       
	   TimeSlotBusy (s)     :  8183                       
...
