000 (6052779.000.000) 08/16 22:52:07 Job submitted from host: <188.185.133.2:9618?addrs=188.185.133.2-9618+[2001-1458-d03-2--100-208]-9618&alias=bigbird102.cern.ch&noUDP&sock=schedd_5723_1498>
    DAG Node: C_A04_S7_F0
...
040 (6052779.000.000) 08/16 22:52:15 Started transferring input files
	Transferring to host: <188.185.193.141:9618?addrs=188.185.193.141-9618+[2001-1458-303-20--100-89]-9618&alias=b9p19p3773.cern.ch&noUDP&sock=slot1_23_5695_6481_31782>
...
040 (6052779.000.000) 08/16 22:52:15 Finished transferring input files
...
001 (6052779.000.000) 08/16 22:52:16 Job executing on host: <188.185.193.141:9618?addrs=188.185.193.141-9618+[2001-1458-303-20--100-89]-9618&alias=b9p19p3773.cern.ch&noUDP&sock=startd_4621_333a>
	SlotName: slot1_23@b9p19p3773.cern.ch
	CondorScratchDir = "/pool/condor/dir_851623"
	Cpus = 1
	Disk = 6161112
	GPUs = 0
	Memory = 3000
...
006 (6052779.000.000) 08/16 22:52:24 Image size of job updated: 48580
	45  -  MemoryUsage of job (MB)
	45896  -  ResidentSetSize of job (KB)
...
006 (6052779.000.000) 08/16 22:57:24 Image size of job updated: 94560
	93  -  MemoryUsage of job (MB)
	94560  -  ResidentSetSize of job (KB)
...
006 (6052779.000.000) 08/16 23:02:25 Image size of job updated: 95060
	93  -  MemoryUsage of job (MB)
	95060  -  ResidentSetSize of job (KB)
...
006 (6052779.000.000) 08/16 23:07:25 Image size of job updated: 106648
	105  -  MemoryUsage of job (MB)
	106648  -  ResidentSetSize of job (KB)
...
006 (6052779.000.000) 08/16 23:12:26 Image size of job updated: 106652
	105  -  MemoryUsage of job (MB)
	106652  -  ResidentSetSize of job (KB)
...
006 (6052779.000.000) 08/16 23:17:27 Image size of job updated: 106656
	105  -  MemoryUsage of job (MB)
	106656  -  ResidentSetSize of job (KB)
...
006 (6052779.000.000) 08/16 23:22:27 Image size of job updated: 117492
	115  -  MemoryUsage of job (MB)
	117492  -  ResidentSetSize of job (KB)
...
006 (6052779.000.000) 08/16 23:27:28 Image size of job updated: 117496
	115  -  MemoryUsage of job (MB)
	117496  -  ResidentSetSize of job (KB)
...
006 (6052779.000.000) 08/16 23:32:18 Image size of job updated: 117500
	115  -  MemoryUsage of job (MB)
	117496  -  ResidentSetSize of job (KB)
...
040 (6052779.000.000) 08/16 23:32:18 Started transferring output files
...
040 (6052779.000.000) 08/16 23:32:18 Finished transferring output files
...
005 (6052779.000.000) 08/16 23:32:18 Job terminated.
	(1) Normal termination (return value 0)
		Usr 0 00:39:37, Sys 0 00:00:05  -  Run Remote Usage
		Usr 0 00:00:00, Sys 0 00:00:00  -  Run Local Usage
		Usr 0 00:39:37, Sys 0 00:00:05  -  Total Remote Usage
		Usr 0 00:00:00, Sys 0 00:00:00  -  Total Local Usage
	17053  -  Run Bytes Sent By Job
	10088  -  Run Bytes Received By Job
	17053  -  Total Bytes Sent By Job
	10088  -  Total Bytes Received By Job
	Partitionable Resources :    Usage  Request Allocated 
	   Cpus                 :     0.99        1         1 
	   Disk (KB)            : 39679     6144000   6161112 
	   GPUs                 :                           0 
	   Memory (MB)          :   115        3000      3000 
	   TimeExecute (s)      :  2402                       
	   TimeSlotBusy (s)     :  2403                       
...
