000 (6052870.000.000) 08/16 23:17:00 Job submitted from host: <188.185.133.2:9618?addrs=188.185.133.2-9618+[2001-1458-d03-2--100-208]-9618&alias=bigbird102.cern.ch&noUDP&sock=schedd_5723_1498>
    DAG Node: C_A06_S6_F1
...
040 (6052870.000.000) 08/16 23:17:03 Started transferring input files
	Transferring to host: <188.185.192.119:9618?addrs=188.185.192.119-9618+[2001-1458-303-1f--100-73]-9618&alias=b9p13p3376.cern.ch&noUDP&sock=slot1_44_6143_0c93_32883>
...
040 (6052870.000.000) 08/16 23:17:03 Finished transferring input files
...
001 (6052870.000.000) 08/16 23:17:04 Job executing on host: <188.185.192.119:9618?addrs=188.185.192.119-9618+[2001-1458-303-1f--100-73]-9618&alias=b9p13p3376.cern.ch&noUDP&sock=startd_5049_c5c3>
	SlotName: slot1_44@b9p13p3376.cern.ch
	CondorScratchDir = "/pool/condor/dir_3385502"
	Cpus = 1
	Disk = 6146813
	GPUs = 0
	Memory = 3000
...
006 (6052870.000.000) 08/16 23:17:13 Image size of job updated: 32412
	32  -  MemoryUsage of job (MB)
	32412  -  ResidentSetSize of job (KB)
...
006 (6052870.000.000) 08/16 23:22:14 Image size of job updated: 94492
	93  -  MemoryUsage of job (MB)
	94492  -  ResidentSetSize of job (KB)
...
006 (6052870.000.000) 08/16 23:52:17 Image size of job updated: 94656
	93  -  MemoryUsage of job (MB)
	94656  -  ResidentSetSize of job (KB)
...
006 (6052870.000.000) 08/16 23:57:17 Image size of job updated: 94824
	93  -  MemoryUsage of job (MB)
	94824  -  ResidentSetSize of job (KB)
...
006 (6052870.000.000) 08/17 00:07:18 Image size of job updated: 95164
	93  -  MemoryUsage of job (MB)
	95164  -  ResidentSetSize of job (KB)
...
040 (6052870.000.000) 08/17 00:11:16 Started transferring output files
...
040 (6052870.000.000) 08/17 00:11:16 Finished transferring output files
...
005 (6052870.000.000) 08/17 00:11:17 Job terminated.
	(1) Normal termination (return value 0)
		Usr 0 00:53:25, Sys 0 00:00:08  -  Run Remote Usage
		Usr 0 00:00:00, Sys 0 00:00:00  -  Run Local Usage
		Usr 0 00:53:25, Sys 0 00:00:08  -  Total Remote Usage
		Usr 0 00:00:00, Sys 0 00:00:00  -  Total Local Usage
	17666  -  Run Bytes Sent By Job
	10088  -  Run Bytes Received By Job
	17666  -  Total Bytes Sent By Job
	10088  -  Total Bytes Received By Job
	Partitionable Resources :    Usage  Request Allocated 
	   Cpus                 :     0.99        1         1 
	   Disk (KB)            : 39680     6144000   6146813 
	   GPUs                 :                           0 
	   Memory (MB)          :    93        3000      3000 
	   TimeExecute (s)      :  3252                       
	   TimeSlotBusy (s)     :  3254                       
...
