000 (6052695.000.000) 08/16 22:41:00 Job submitted from host: <188.185.133.2:9618?addrs=188.185.133.2-9618+[2001-1458-d03-2--100-208]-9618&alias=bigbird102.cern.ch&noUDP&sock=schedd_5723_1498>
    DAG Node: C_A00_S1_F0
...
040 (6052695.000.000) 08/16 22:44:16 Started transferring input files
	Transferring to host: <188.185.193.16:9618?addrs=188.185.193.16-9618+[2001-1458-303-20--100-c]-9618&alias=b9p19p4171.cern.ch&noUDP&sock=slot1_10_3352_8981_27896>
...
040 (6052695.000.000) 08/16 22:44:16 Finished transferring input files
...
001 (6052695.000.000) 08/16 22:44:17 Job executing on host: <188.185.193.16:9618?addrs=188.185.193.16-9618+[2001-1458-303-20--100-c]-9618&alias=b9p19p4171.cern.ch&noUDP&sock=startd_2584_fccf>
	SlotName: slot1_10@b9p19p4171.cern.ch
	CondorScratchDir = "/pool/condor/dir_3971966"
	Cpus = 1
	Disk = 6146937
	GPUs = 0
	Memory = 3000
...
006 (6052695.000.000) 08/16 22:44:26 Image size of job updated: 26296
	26  -  MemoryUsage of job (MB)
	26296  -  ResidentSetSize of job (KB)
...
006 (6052695.000.000) 08/16 22:49:27 Image size of job updated: 94564
	93  -  MemoryUsage of job (MB)
	94564  -  ResidentSetSize of job (KB)
...
006 (6052695.000.000) 08/16 22:59:28 Image size of job updated: 95236
	94  -  MemoryUsage of job (MB)
	95236  -  ResidentSetSize of job (KB)
...
006 (6052695.000.000) 08/16 23:04:29 Image size of job updated: 106652
	105  -  MemoryUsage of job (MB)
	106652  -  ResidentSetSize of job (KB)
...
006 (6052695.000.000) 08/16 23:14:30 Image size of job updated: 106656
	105  -  MemoryUsage of job (MB)
	106656  -  ResidentSetSize of job (KB)
...
006 (6052695.000.000) 08/16 23:19:31 Image size of job updated: 117496
	115  -  MemoryUsage of job (MB)
	117496  -  ResidentSetSize of job (KB)
...
006 (6052695.000.000) 08/16 23:29:32 Image size of job updated: 117500
	115  -  MemoryUsage of job (MB)
	117500  -  ResidentSetSize of job (KB)
...
006 (6052695.000.000) 08/16 23:32:20 Image size of job updated: 117504
	115  -  MemoryUsage of job (MB)
	117500  -  ResidentSetSize of job (KB)
...
040 (6052695.000.000) 08/16 23:32:21 Started transferring output files
...
040 (6052695.000.000) 08/16 23:32:21 Finished transferring output files
...
005 (6052695.000.000) 08/16 23:32:21 Job terminated.
	(1) Normal termination (return value 0)
		Usr 0 00:47:24, Sys 0 00:00:07  -  Run Remote Usage
		Usr 0 00:00:00, Sys 0 00:00:00  -  Run Local Usage
		Usr 0 00:47:24, Sys 0 00:00:07  -  Total Remote Usage
		Usr 0 00:00:00, Sys 0 00:00:00  -  Total Local Usage
	17247  -  Run Bytes Sent By Job
	10088  -  Run Bytes Received By Job
	17247  -  Total Bytes Sent By Job
	10088  -  Total Bytes Received By Job
	Partitionable Resources :    Usage  Request Allocated 
	   Cpus                 :     0.99        1         1 
	   Disk (KB)            : 39679     6144000   6146937 
	   GPUs                 :                           0 
	   Memory (MB)          :   115        3000      3000 
	   TimeExecute (s)      :  2883                       
	   TimeSlotBusy (s)     :  2886                       
...
