000 (6052890.000.000) 08/16 23:30:24 Job submitted from host: <188.185.133.2:9618?addrs=188.185.133.2-9618+[2001-1458-d03-2--100-208]-9618&alias=bigbird102.cern.ch&noUDP&sock=schedd_5723_1498>
    DAG Node: C_A06_S0_F0
...
040 (6052890.000.000) 08/16 23:30:25 Started transferring input files
	Transferring to host: <188.185.196.54:9618?addrs=188.185.196.54-9618+[2001-1458-303-23--100-32]-9618&alias=b9p16p3303.cern.ch&noUDP&sock=slot1_2_3258_4e3e_27353>
...
040 (6052890.000.000) 08/16 23:30:25 Finished transferring input files
...
001 (6052890.000.000) 08/16 23:30:26 Job executing on host: <188.185.196.54:9618?addrs=188.185.196.54-9618+[2001-1458-303-23--100-32]-9618&alias=b9p16p3303.cern.ch&noUDP&sock=startd_2729_720b>
	SlotName: slot1_2@b9p16p3303.cern.ch
	CondorScratchDir = "/pool/condor/dir_3853824"
	Cpus = 1
	Disk = 6145914
	GPUs = 0
	Memory = 3000
...
006 (6052890.000.000) 08/16 23:30:34 Image size of job updated: 49832
	49  -  MemoryUsage of job (MB)
	49832  -  ResidentSetSize of job (KB)
...
006 (6052890.000.000) 08/16 23:35:34 Image size of job updated: 90436
	89  -  MemoryUsage of job (MB)
	90436  -  ResidentSetSize of job (KB)
...
006 (6052890.000.000) 08/16 23:45:36 Image size of job updated: 90772
	89  -  MemoryUsage of job (MB)
	90772  -  ResidentSetSize of job (KB)
...
006 (6052890.000.000) 08/16 23:50:36 Image size of job updated: 102528
	101  -  MemoryUsage of job (MB)
	102528  -  ResidentSetSize of job (KB)
...
006 (6052890.000.000) 08/17 00:00:37 Image size of job updated: 102532
	101  -  MemoryUsage of job (MB)
	102532  -  ResidentSetSize of job (KB)
...
006 (6052890.000.000) 08/17 00:05:39 Image size of job updated: 102536
	101  -  MemoryUsage of job (MB)
	102536  -  ResidentSetSize of job (KB)
...
006 (6052890.000.000) 08/17 00:10:39 Image size of job updated: 113368
	111  -  MemoryUsage of job (MB)
	113368  -  ResidentSetSize of job (KB)
...
006 (6052890.000.000) 08/17 00:20:40 Image size of job updated: 113372
	111  -  MemoryUsage of job (MB)
	113372  -  ResidentSetSize of job (KB)
...
006 (6052890.000.000) 08/17 00:25:40 Image size of job updated: 113376
	111  -  MemoryUsage of job (MB)
	113376  -  ResidentSetSize of job (KB)
...
040 (6052890.000.000) 08/17 00:26:36 Started transferring output files
...
040 (6052890.000.000) 08/17 00:26:36 Finished transferring output files
...
005 (6052890.000.000) 08/17 00:26:37 Job terminated.
	(1) Normal termination (return value 0)
		Usr 0 00:55:02, Sys 0 00:00:08  -  Run Remote Usage
		Usr 0 00:00:00, Sys 0 00:00:00  -  Run Local Usage
		Usr 0 00:55:02, Sys 0 00:00:08  -  Total Remote Usage
		Usr 0 00:00:00, Sys 0 00:00:00  -  Total Local Usage
	17807  -  Run Bytes Sent By Job
	10088  -  Run Bytes Received By Job
	17807  -  Total Bytes Sent By Job
	10088  -  Total Bytes Received By Job
	Partitionable Resources :    Usage  Request Allocated 
	   Cpus                 :     0.98        1         1 
	   Disk (KB)            : 39681     6144000   6145914 
	   GPUs                 :                           0 
	   Memory (MB)          :   111        3000      3000 
	   TimeExecute (s)      :  3370                       
	   TimeSlotBusy (s)     :  3372                       
...
