000 (6052885.000.000) 08/16 23:28:18 Job submitted from host: <188.185.133.2:9618?addrs=188.185.133.2-9618+[2001-1458-d03-2--100-208]-9618&alias=bigbird102.cern.ch&noUDP&sock=schedd_5723_1498>
    DAG Node: C_A08_S2_F1
...
040 (6052885.000.000) 08/16 23:28:52 Started transferring input files
	Transferring to host: <188.185.192.147:9618?addrs=188.185.192.147-9618+[2001-1458-303-1f--100-8f]-9618&alias=b9p13p9939.cern.ch&noUDP&sock=slot1_23_6458_fec0_30102>
...
040 (6052885.000.000) 08/16 23:28:52 Finished transferring input files
...
001 (6052885.000.000) 08/16 23:28:53 Job executing on host: <188.185.192.147:9618?addrs=188.185.192.147-9618+[2001-1458-303-1f--100-8f]-9618&alias=b9p13p9939.cern.ch&noUDP&sock=startd_6030_a82c>
	SlotName: slot1_23@b9p13p9939.cern.ch
	CondorScratchDir = "/pool/condor/dir_2741169"
	Cpus = 1
	Disk = 6146809
	GPUs = 0
	Memory = 3000
...
006 (6052885.000.000) 08/16 23:29:01 Image size of job updated: 30776
	31  -  MemoryUsage of job (MB)
	30776  -  ResidentSetSize of job (KB)
...
006 (6052885.000.000) 08/16 23:34:01 Image size of job updated: 94560
	93  -  MemoryUsage of job (MB)
	94560  -  ResidentSetSize of job (KB)
...
006 (6052885.000.000) 08/16 23:39:01 Image size of job updated: 94724
	93  -  MemoryUsage of job (MB)
	94724  -  ResidentSetSize of job (KB)
...
006 (6052885.000.000) 08/16 23:54:03 Image size of job updated: 94892
	93  -  MemoryUsage of job (MB)
	94892  -  ResidentSetSize of job (KB)
...
006 (6052885.000.000) 08/16 23:56:46 Image size of job updated: 95232
	93  -  MemoryUsage of job (MB)
	94892  -  ResidentSetSize of job (KB)
...
040 (6052885.000.000) 08/16 23:56:46 Started transferring output files
...
040 (6052885.000.000) 08/16 23:56:46 Finished transferring output files
...
005 (6052885.000.000) 08/16 23:56:46 Job terminated.
	(1) Normal termination (return value 0)
		Usr 0 00:27:31, Sys 0 00:00:05  -  Run Remote Usage
		Usr 0 00:00:00, Sys 0 00:00:00  -  Run Local Usage
		Usr 0 00:27:31, Sys 0 00:00:05  -  Total Remote Usage
		Usr 0 00:00:00, Sys 0 00:00:00  -  Total Local Usage
	17047  -  Run Bytes Sent By Job
	10088  -  Run Bytes Received By Job
	17047  -  Total Bytes Sent By Job
	10088  -  Total Bytes Received By Job
	Partitionable Resources :    Usage  Request Allocated 
	   Cpus                 :     1.00        1         1 
	   Disk (KB)            : 39677     6144000   6146809 
	   GPUs                 :                           0 
	   Memory (MB)          :    93        3000      3000 
	   TimeExecute (s)      :  1673                       
	   TimeSlotBusy (s)     :  1676                       
...
