000 (6052681.000.000) 08/16 22:38:08 Job submitted from host: <188.185.133.2:9618?addrs=188.185.133.2-9618+[2001-1458-d03-2--100-208]-9618&alias=bigbird102.cern.ch&noUDP&sock=schedd_5723_1498>
    DAG Node: C_A05_S7_F1
...
040 (6052681.000.000) 08/16 22:39:09 Started transferring input files
	Transferring to host: <188.185.194.135:9618?addrs=188.185.194.135-9618+[2001-1458-303-21--100-83]-9618&alias=b9p20p5089.cern.ch&noUDP&sock=slot1_21_6782_484d_31169>
...
040 (6052681.000.000) 08/16 22:39:09 Finished transferring input files
...
001 (6052681.000.000) 08/16 22:39:10 Job executing on host: <188.185.194.135:9618?addrs=188.185.194.135-9618+[2001-1458-303-21--100-83]-9618&alias=b9p20p5089.cern.ch&noUDP&sock=startd_6138_bc66>
	SlotName: slot1_21@b9p20p5089.cern.ch
	CondorScratchDir = "/pool/condor/dir_202685"
	Cpus = 1
	Disk = 6146806
	GPUs = 0
	Memory = 3000
...
006 (6052681.000.000) 08/16 22:39:18 Image size of job updated: 32408
	32  -  MemoryUsage of job (MB)
	32408  -  ResidentSetSize of job (KB)
...
006 (6052681.000.000) 08/16 22:44:18 Image size of job updated: 94576
	93  -  MemoryUsage of job (MB)
	94576  -  ResidentSetSize of job (KB)
...
006 (6052681.000.000) 08/16 22:59:19 Image size of job updated: 94908
	93  -  MemoryUsage of job (MB)
	94908  -  ResidentSetSize of job (KB)
...
006 (6052681.000.000) 08/16 23:09:20 Image size of job updated: 95080
	93  -  MemoryUsage of job (MB)
	95080  -  ResidentSetSize of job (KB)
...
006 (6052681.000.000) 08/16 23:14:20 Image size of job updated: 95248
	94  -  MemoryUsage of job (MB)
	95248  -  ResidentSetSize of job (KB)
...
040 (6052681.000.000) 08/16 23:16:53 Started transferring output files
...
040 (6052681.000.000) 08/16 23:16:53 Finished transferring output files
...
005 (6052681.000.000) 08/16 23:16:53 Job terminated.
	(1) Normal termination (return value 0)
		Usr 0 00:37:15, Sys 0 00:00:05  -  Run Remote Usage
		Usr 0 00:00:00, Sys 0 00:00:00  -  Run Local Usage
		Usr 0 00:37:15, Sys 0 00:00:05  -  Total Remote Usage
		Usr 0 00:00:00, Sys 0 00:00:00  -  Total Local Usage
	16834  -  Run Bytes Sent By Job
	10088  -  Run Bytes Received By Job
	16834  -  Total Bytes Sent By Job
	10088  -  Total Bytes Received By Job
	Partitionable Resources :    Usage  Request Allocated 
	   Cpus                 :     1.00        1         1 
	   Disk (KB)            : 39677     6144000   6146806 
	   GPUs                 :                           0 
	   Memory (MB)          :    94        3000      3000 
	   TimeExecute (s)      :  2263                       
	   TimeSlotBusy (s)     :  2266                       
...
