000 (6052791.000.000) 08/16 22:53:13 Job submitted from host: <188.185.133.2:9618?addrs=188.185.133.2-9618+[2001-1458-d03-2--100-208]-9618&alias=bigbird102.cern.ch&noUDP&sock=schedd_5723_1498>
    DAG Node: C_A03_S1_F0
...
040 (6052791.000.000) 08/16 22:56:12 Started transferring input files
	Transferring to host: <188.185.194.183:9618?addrs=188.185.194.183-9618+[2001-1458-303-21--100-b3]-9618&alias=b9p20p1785.cern.ch&noUDP&sock=slot1_11_4214_e4e4_31928>
...
040 (6052791.000.000) 08/16 22:56:12 Finished transferring input files
...
001 (6052791.000.000) 08/16 22:56:13 Job executing on host: <188.185.194.183:9618?addrs=188.185.194.183-9618+[2001-1458-303-21--100-b3]-9618&alias=b9p20p1785.cern.ch&noUDP&sock=startd_3075_c5d0>
	SlotName: slot1_11@b9p20p1785.cern.ch
	CondorScratchDir = "/pool/condor/dir_1172923"
	Cpus = 1
	Disk = 6147297
	GPUs = 0
	Memory = 3000
...
006 (6052791.000.000) 08/16 22:56:21 Image size of job updated: 18240
	18  -  MemoryUsage of job (MB)
	18240  -  ResidentSetSize of job (KB)
...
006 (6052791.000.000) 08/16 23:01:21 Image size of job updated: 94564
	93  -  MemoryUsage of job (MB)
	94564  -  ResidentSetSize of job (KB)
...
006 (6052791.000.000) 08/16 23:06:22 Image size of job updated: 94896
	93  -  MemoryUsage of job (MB)
	94896  -  ResidentSetSize of job (KB)
...
006 (6052791.000.000) 08/16 23:11:22 Image size of job updated: 95236
	94  -  MemoryUsage of job (MB)
	95236  -  ResidentSetSize of job (KB)
...
006 (6052791.000.000) 08/16 23:16:23 Image size of job updated: 106652
	105  -  MemoryUsage of job (MB)
	106652  -  ResidentSetSize of job (KB)
...
006 (6052791.000.000) 08/16 23:21:24 Image size of job updated: 106656
	105  -  MemoryUsage of job (MB)
	106656  -  ResidentSetSize of job (KB)
...
006 (6052791.000.000) 08/16 23:26:24 Image size of job updated: 106660
	105  -  MemoryUsage of job (MB)
	106660  -  ResidentSetSize of job (KB)
...
006 (6052791.000.000) 08/16 23:31:25 Image size of job updated: 117496
	115  -  MemoryUsage of job (MB)
	117496  -  ResidentSetSize of job (KB)
...
006 (6052791.000.000) 08/16 23:41:26 Image size of job updated: 117500
	115  -  MemoryUsage of job (MB)
	117500  -  ResidentSetSize of job (KB)
...
006 (6052791.000.000) 08/16 23:44:38 Image size of job updated: 117504
	115  -  MemoryUsage of job (MB)
	117500  -  ResidentSetSize of job (KB)
...
040 (6052791.000.000) 08/16 23:44:38 Started transferring output files
...
040 (6052791.000.000) 08/16 23:44:38 Finished transferring output files
...
005 (6052791.000.000) 08/16 23:44:39 Job terminated.
	(1) Normal termination (return value 0)
		Usr 0 00:47:34, Sys 0 00:00:07  -  Run Remote Usage
		Usr 0 00:00:00, Sys 0 00:00:00  -  Run Local Usage
		Usr 0 00:47:34, Sys 0 00:00:07  -  Total Remote Usage
		Usr 0 00:00:00, Sys 0 00:00:00  -  Total Local Usage
	17252  -  Run Bytes Sent By Job
	10088  -  Run Bytes Received By Job
	17252  -  Total Bytes Sent By Job
	10088  -  Total Bytes Received By Job
	Partitionable Resources :    Usage  Request Allocated 
	   Cpus                 :     0.99        1         1 
	   Disk (KB)            : 39679     6144000   6147297 
	   GPUs                 :                           0 
	   Memory (MB)          :   115        3000      3000 
	   TimeExecute (s)      :  2905                       
	   TimeSlotBusy (s)     :  2907                       
...
