000 (6052961.000.000) 08/16 23:52:10 Job submitted from host: <188.185.133.2:9618?addrs=188.185.133.2-9618+[2001-1458-d03-2--100-208]-9618&alias=bigbird102.cern.ch&noUDP&sock=schedd_5723_1498>
    DAG Node: C_A13_S2_F2
...
040 (6052961.000.000) 08/16 23:53:31 Started transferring input files
	Transferring to host: <188.185.197.90:9618?addrs=188.185.197.90-9618+[2001-1458-303-24--100-56]-9618&alias=b9p14p2790.cern.ch&noUDP&sock=slot1_7_4990_a804_23419>
...
040 (6052961.000.000) 08/16 23:53:31 Finished transferring input files
...
001 (6052961.000.000) 08/16 23:53:32 Job executing on host: <188.185.197.90:9618?addrs=188.185.197.90-9618+[2001-1458-303-24--100-56]-9618&alias=b9p14p2790.cern.ch&noUDP&sock=startd_4093_0939>
	SlotName: slot1_7@b9p14p2790.cern.ch
	CondorScratchDir = "/pool/condor/dir_1190492"
	Cpus = 1
	Disk = 6162513
	GPUs = 0
	Memory = 3000
...
006 (6052961.000.000) 08/16 23:53:40 Image size of job updated: 47524
	47  -  MemoryUsage of job (MB)
	47524  -  ResidentSetSize of job (KB)
...
006 (6052961.000.000) 08/16 23:58:40 Image size of job updated: 90504
	89  -  MemoryUsage of job (MB)
	90504  -  ResidentSetSize of job (KB)
...
006 (6052961.000.000) 08/17 00:33:44 Image size of job updated: 90556
	89  -  MemoryUsage of job (MB)
	90556  -  ResidentSetSize of job (KB)
...
006 (6052961.000.000) 08/17 00:43:46 Image size of job updated: 90668
	89  -  MemoryUsage of job (MB)
	90668  -  ResidentSetSize of job (KB)
...
006 (6052961.000.000) 08/17 00:53:47 Image size of job updated: 90836
	89  -  MemoryUsage of job (MB)
	90836  -  ResidentSetSize of job (KB)
...
006 (6052961.000.000) 08/17 01:38:50 Image size of job updated: 90888
	89  -  MemoryUsage of job (MB)
	90888  -  ResidentSetSize of job (KB)
...
006 (6052961.000.000) 08/17 01:43:51 Image size of job updated: 91004
	89  -  MemoryUsage of job (MB)
	91004  -  ResidentSetSize of job (KB)
...
006 (6052961.000.000) 08/17 01:48:52 Image size of job updated: 91008
	89  -  MemoryUsage of job (MB)
	91008  -  ResidentSetSize of job (KB)
...
006 (6052961.000.000) 08/17 01:53:52 Image size of job updated: 91176
	90  -  MemoryUsage of job (MB)
	91176  -  ResidentSetSize of job (KB)
...
040 (6052961.000.000) 08/17 02:08:58 Started transferring output files
...
040 (6052961.000.000) 08/17 02:08:58 Finished transferring output files
...
005 (6052961.000.000) 08/17 02:08:58 Job terminated.
	(1) Normal termination (return value 0)
		Usr 0 02:14:07, Sys 0 00:00:13  -  Run Remote Usage
		Usr 0 00:00:00, Sys 0 00:00:00  -  Run Local Usage
		Usr 0 02:14:07, Sys 0 00:00:13  -  Total Remote Usage
		Usr 0 00:00:00, Sys 0 00:00:00  -  Total Local Usage
	16925  -  Run Bytes Sent By Job
	10088  -  Run Bytes Received By Job
	16925  -  Total Bytes Sent By Job
	10088  -  Total Bytes Received By Job
	Partitionable Resources :    Usage  Request Allocated 
	   Cpus                 :     0.99        1         1 
	   Disk (KB)            : 39678     6144000   6162513 
	   GPUs                 :                           0 
	   Memory (MB)          :    90        3000      3000 
	   TimeExecute (s)      :  8126                       
	   TimeSlotBusy (s)     :  8127                       
...
