000 (6052902.000.000) 08/16 23:33:16 Job submitted from host: <188.185.133.2:9618?addrs=188.185.133.2-9618+[2001-1458-d03-2--100-208]-9618&alias=bigbird102.cern.ch&noUDP&sock=schedd_5723_1498>
    DAG Node: C_A07_S5_F0
...
040 (6052902.000.000) 08/16 23:34:30 Started transferring input files
	Transferring to host: <188.185.197.176:9618?addrs=188.185.197.176-9618+[2001-1458-303-24--100-ac]-9618&alias=b9p14p2771.cern.ch&noUDP&sock=slot1_2_3667_7bae_23729>
...
040 (6052902.000.000) 08/16 23:34:30 Finished transferring input files
...
001 (6052902.000.000) 08/16 23:34:31 Job executing on host: <188.185.197.176:9618?addrs=188.185.197.176-9618+[2001-1458-303-24--100-ac]-9618&alias=b9p14p2771.cern.ch&noUDP&sock=startd_2915_06a9>
	SlotName: slot1_2@b9p14p2771.cern.ch
	CondorScratchDir = "/pool/condor/dir_503436"
	Cpus = 1
	Disk = 6146960
	GPUs = 0
	Memory = 3000
...
006 (6052902.000.000) 08/16 23:34:39 Image size of job updated: 57596
	57  -  MemoryUsage of job (MB)
	57596  -  ResidentSetSize of job (KB)
...
006 (6052902.000.000) 08/16 23:39:39 Image size of job updated: 94576
	93  -  MemoryUsage of job (MB)
	94576  -  ResidentSetSize of job (KB)
...
006 (6052902.000.000) 08/16 23:44:40 Image size of job updated: 94740
	93  -  MemoryUsage of job (MB)
	94740  -  ResidentSetSize of job (KB)
...
006 (6052902.000.000) 08/16 23:49:40 Image size of job updated: 106664
	105  -  MemoryUsage of job (MB)
	106664  -  ResidentSetSize of job (KB)
...
006 (6052902.000.000) 08/16 23:59:41 Image size of job updated: 106672
	105  -  MemoryUsage of job (MB)
	106672  -  ResidentSetSize of job (KB)
...
006 (6052902.000.000) 08/17 00:04:41 Image size of job updated: 117508
	115  -  MemoryUsage of job (MB)
	117508  -  ResidentSetSize of job (KB)
...
006 (6052902.000.000) 08/17 00:14:43 Image size of job updated: 117516
	115  -  MemoryUsage of job (MB)
	117516  -  ResidentSetSize of job (KB)
...
040 (6052902.000.000) 08/17 00:15:51 Started transferring output files
...
040 (6052902.000.000) 08/17 00:15:51 Finished transferring output files
...
005 (6052902.000.000) 08/17 00:15:51 Job terminated.
	(1) Normal termination (return value 0)
		Usr 0 00:40:54, Sys 0 00:00:06  -  Run Remote Usage
		Usr 0 00:00:00, Sys 0 00:00:00  -  Run Local Usage
		Usr 0 00:40:54, Sys 0 00:00:06  -  Total Remote Usage
		Usr 0 00:00:00, Sys 0 00:00:00  -  Total Local Usage
	17578  -  Run Bytes Sent By Job
	10088  -  Run Bytes Received By Job
	17578  -  Total Bytes Sent By Job
	10088  -  Total Bytes Received By Job
	Partitionable Resources :    Usage  Request Allocated 
	   Cpus                 :     0.99        1         1 
	   Disk (KB)            : 39681     6144000   6146960 
	   GPUs                 :                           0 
	   Memory (MB)          :   115        3000      3000 
	   TimeExecute (s)      :  2480                       
	   TimeSlotBusy (s)     :  2482                       
...
