000 (6052828.000.000) 08/16 23:01:33 Job submitted from host: <188.185.133.2:9618?addrs=188.185.133.2-9618+[2001-1458-d03-2--100-208]-9618&alias=bigbird102.cern.ch&noUDP&sock=schedd_5723_1498>
    DAG Node: C_A03_S6_F1
...
040 (6052828.000.000) 08/16 23:05:19 Started transferring input files
	Transferring to host: <128.142.161.114:9618?addrs=128.142.161.114-9618+[2001-1458-301-b8--100-30]-9618&alias=b9g03p3124.cern.ch&noUDP&sock=slot1_5_4954_4a83_40901>
...
040 (6052828.000.000) 08/16 23:05:19 Finished transferring input files
...
001 (6052828.000.000) 08/16 23:05:20 Job executing on host: <128.142.161.114:9618?addrs=128.142.161.114-9618+[2001-1458-301-b8--100-30]-9618&alias=b9g03p3124.cern.ch&noUDP&sock=startd_4016_386e>
	SlotName: slot1_5@b9g03p3124.cern.ch
	CondorScratchDir = "/pool/condor/dir_1264565"
	Cpus = 1
	Disk = 6146894
	GPUs = 0
	Memory = 3000
...
006 (6052828.000.000) 08/16 23:05:28 Image size of job updated: 25740
	26  -  MemoryUsage of job (MB)
	25740  -  ResidentSetSize of job (KB)
...
006 (6052828.000.000) 08/16 23:10:28 Image size of job updated: 94568
	93  -  MemoryUsage of job (MB)
	94568  -  ResidentSetSize of job (KB)
...
006 (6052828.000.000) 08/16 23:35:31 Image size of job updated: 94736
	93  -  MemoryUsage of job (MB)
	94736  -  ResidentSetSize of job (KB)
...
006 (6052828.000.000) 08/16 23:40:32 Image size of job updated: 94900
	93  -  MemoryUsage of job (MB)
	94900  -  ResidentSetSize of job (KB)
...
006 (6052828.000.000) 08/16 23:45:32 Image size of job updated: 94904
	93  -  MemoryUsage of job (MB)
	94904  -  ResidentSetSize of job (KB)
...
006 (6052828.000.000) 08/16 23:55:34 Image size of job updated: 95244
	94  -  MemoryUsage of job (MB)
	95244  -  ResidentSetSize of job (KB)
...
040 (6052828.000.000) 08/16 23:56:59 Started transferring output files
...
040 (6052828.000.000) 08/16 23:56:59 Finished transferring output files
...
005 (6052828.000.000) 08/16 23:56:59 Job terminated.
	(1) Normal termination (return value 0)
		Usr 0 00:50:39, Sys 0 00:00:07  -  Run Remote Usage
		Usr 0 00:00:00, Sys 0 00:00:00  -  Run Local Usage
		Usr 0 00:50:39, Sys 0 00:00:07  -  Total Remote Usage
		Usr 0 00:00:00, Sys 0 00:00:00  -  Total Local Usage
	17109  -  Run Bytes Sent By Job
	10088  -  Run Bytes Received By Job
	17109  -  Total Bytes Sent By Job
	10088  -  Total Bytes Received By Job
	Partitionable Resources :    Usage  Request Allocated 
	   Cpus                 :     0.97        1         1 
	   Disk (KB)            : 39678     6144000   6146894 
	   GPUs                 :                           0 
	   Memory (MB)          :    94        3000      3000 
	   TimeExecute (s)      :  3099                       
	   TimeSlotBusy (s)     :  3101                       
...
