000 (6052980.000.000) 08/17 00:11:54 Job submitted from host: <188.185.133.2:9618?addrs=188.185.133.2-9618+[2001-1458-d03-2--100-208]-9618&alias=bigbird102.cern.ch&noUDP&sock=schedd_5723_1498>
    DAG Node: C_A12_S5_F2
...
040 (6052980.000.000) 08/17 00:12:36 Started transferring input files
	Transferring to host: <188.185.215.31:9618?addrs=188.185.215.31-9618+[2001-1458-303-1e--100-1b]-9618&alias=b9p31p7068.cern.ch&noUDP&sock=slot1_5_6077_8bd0_26249>
...
040 (6052980.000.000) 08/17 00:12:36 Finished transferring input files
...
001 (6052980.000.000) 08/17 00:12:37 Job executing on host: <188.185.215.31:9618?addrs=188.185.215.31-9618+[2001-1458-303-1e--100-1b]-9618&alias=b9p31p7068.cern.ch&noUDP&sock=startd_5436_38ea>
	SlotName: slot1_5@b9p31p7068.cern.ch
	CondorScratchDir = "/pool/condor/dir_7283"
	Cpus = 1
	Disk = 6191376
	GPUs = 0
	Memory = 3000
...
006 (6052980.000.000) 08/17 00:12:45 Image size of job updated: 57640
	49  -  MemoryUsage of job (MB)
	49316  -  ResidentSetSize of job (KB)
...
006 (6052980.000.000) 08/17 00:17:45 Image size of job updated: 97976
	93  -  MemoryUsage of job (MB)
	94540  -  ResidentSetSize of job (KB)
...
006 (6052980.000.000) 08/17 00:42:47 Image size of job updated: 97976
	93  -  MemoryUsage of job (MB)
	94704  -  ResidentSetSize of job (KB)
...
006 (6052980.000.000) 08/17 01:22:51 Image size of job updated: 97976
	93  -  MemoryUsage of job (MB)
	94872  -  ResidentSetSize of job (KB)
...
006 (6052980.000.000) 08/17 01:32:52 Image size of job updated: 97976
	93  -  MemoryUsage of job (MB)
	95044  -  ResidentSetSize of job (KB)
...
006 (6052980.000.000) 08/17 01:37:52 Image size of job updated: 97976
	93  -  MemoryUsage of job (MB)
	95212  -  ResidentSetSize of job (KB)
...
040 (6052980.000.000) 08/17 01:41:16 Started transferring output files
...
040 (6052980.000.000) 08/17 01:41:16 Finished transferring output files
...
005 (6052980.000.000) 08/17 01:41:16 Job terminated.
	(1) Normal termination (return value 0)
		Usr 0 01:27:32, Sys 0 00:00:10  -  Run Remote Usage
		Usr 0 00:00:00, Sys 0 00:00:00  -  Run Local Usage
		Usr 0 01:27:32, Sys 0 00:00:10  -  Total Remote Usage
		Usr 0 00:00:00, Sys 0 00:00:00  -  Total Local Usage
	17671  -  Run Bytes Sent By Job
	10088  -  Run Bytes Received By Job
	17671  -  Total Bytes Sent By Job
	10088  -  Total Bytes Received By Job
	Partitionable Resources :    Usage  Request Allocated 
	   Cpus                 :     0.99        1         1 
	   Disk (KB)            : 39701     6144000   6191376 
	   GPUs                 :                           0 
	   Memory (MB)          :    93        3000      3000 
	   TimeExecute (s)      :  5319                       
	   TimeSlotBusy (s)     :  5320                       
...
