000 (6052786.000.000) 08/16 22:52:32 Job submitted from host: <188.185.133.2:9618?addrs=188.185.133.2-9618+[2001-1458-d03-2--100-208]-9618&alias=bigbird102.cern.ch&noUDP&sock=schedd_5723_1498>
    DAG Node: C_A14_S5_F1
...
040 (6052786.000.000) 08/16 22:56:11 Started transferring input files
	Transferring to host: <188.185.215.162:9618?addrs=188.185.215.162-9618+[2001-1458-303-26--100-1e]-9618&alias=b9p18p7274.cern.ch&noUDP&sock=slot1_22_7167_8cbd_31180>
...
040 (6052786.000.000) 08/16 22:56:11 Finished transferring input files
...
001 (6052786.000.000) 08/16 22:56:12 Job executing on host: <188.185.215.162:9618?addrs=188.185.215.162-9618+[2001-1458-303-26--100-1e]-9618&alias=b9p18p7274.cern.ch&noUDP&sock=startd_6558_d22d>
	SlotName: slot1_22@b9p18p7274.cern.ch
	CondorScratchDir = "/pool/condor/dir_1914120"
	Cpus = 1
	Disk = 6146840
	GPUs = 0
	Memory = 3000
...
006 (6052786.000.000) 08/16 22:56:20 Image size of job updated: 25628
	26  -  MemoryUsage of job (MB)
	25628  -  ResidentSetSize of job (KB)
...
006 (6052786.000.000) 08/16 23:01:20 Image size of job updated: 94556
	93  -  MemoryUsage of job (MB)
	94556  -  ResidentSetSize of job (KB)
...
006 (6052786.000.000) 08/16 23:11:21 Image size of job updated: 94720
	93  -  MemoryUsage of job (MB)
	94720  -  ResidentSetSize of job (KB)
...
006 (6052786.000.000) 08/16 23:16:22 Image size of job updated: 94776
	93  -  MemoryUsage of job (MB)
	94776  -  ResidentSetSize of job (KB)
...
006 (6052786.000.000) 08/16 23:21:23 Image size of job updated: 94888
	93  -  MemoryUsage of job (MB)
	94888  -  ResidentSetSize of job (KB)
...
006 (6052786.000.000) 08/16 23:26:23 Image size of job updated: 95060
	93  -  MemoryUsage of job (MB)
	95060  -  ResidentSetSize of job (KB)
...
006 (6052786.000.000) 08/16 23:31:24 Image size of job updated: 95228
	93  -  MemoryUsage of job (MB)
	95228  -  ResidentSetSize of job (KB)
...
040 (6052786.000.000) 08/16 23:35:32 Started transferring output files
...
040 (6052786.000.000) 08/16 23:35:32 Finished transferring output files
...
005 (6052786.000.000) 08/16 23:35:33 Job terminated.
	(1) Normal termination (return value 0)
		Usr 0 00:38:37, Sys 0 00:00:06  -  Run Remote Usage
		Usr 0 00:00:00, Sys 0 00:00:00  -  Run Local Usage
		Usr 0 00:38:37, Sys 0 00:00:06  -  Total Remote Usage
		Usr 0 00:00:00, Sys 0 00:00:00  -  Total Local Usage
	16841  -  Run Bytes Sent By Job
	10088  -  Run Bytes Received By Job
	16841  -  Total Bytes Sent By Job
	10088  -  Total Bytes Received By Job
	Partitionable Resources :    Usage  Request Allocated 
	   Cpus                 :     0.99        1         1 
	   Disk (KB)            : 39677     6144000   6146840 
	   GPUs                 :                           0 
	   Memory (MB)          :    93        3000      3000 
	   TimeExecute (s)      :  2360                       
	   TimeSlotBusy (s)     :  2362                       
...
