000 (6052700.000.000) 08/16 22:41:11 Job submitted from host: <188.185.133.2:9618?addrs=188.185.133.2-9618+[2001-1458-d03-2--100-208]-9618&alias=bigbird102.cern.ch&noUDP&sock=schedd_5723_1498>
    DAG Node: C_A01_S7_F2
...
040 (6052700.000.000) 08/16 22:44:17 Started transferring input files
	Transferring to host: <188.185.210.32:9618?addrs=188.185.210.32-9618+[2001-1458-303-1--100-1c]-9618&alias=b9p21p2110.cern.ch&noUDP&sock=slot1_13_3261_6b5e_30004>
...
040 (6052700.000.000) 08/16 22:44:17 Finished transferring input files
...
001 (6052700.000.000) 08/16 22:44:18 Job executing on host: <188.185.210.32:9618?addrs=188.185.210.32-9618+[2001-1458-303-1--100-1c]-9618&alias=b9p21p2110.cern.ch&noUDP&sock=startd_2692_110a>
	SlotName: slot1_13@b9p21p2110.cern.ch
	CondorScratchDir = "/pool/condor/dir_3865159"
	Cpus = 1
	Disk = 6146846
	GPUs = 0
	Memory = 3000
...
006 (6052700.000.000) 08/16 22:44:27 Image size of job updated: 31060
	31  -  MemoryUsage of job (MB)
	31060  -  ResidentSetSize of job (KB)
...
006 (6052700.000.000) 08/16 22:49:28 Image size of job updated: 97976
	93  -  MemoryUsage of job (MB)
	94616  -  ResidentSetSize of job (KB)
...
006 (6052700.000.000) 08/16 23:34:33 Image size of job updated: 97976
	93  -  MemoryUsage of job (MB)
	94784  -  ResidentSetSize of job (KB)
...
006 (6052700.000.000) 08/16 23:39:33 Image size of job updated: 97976
	93  -  MemoryUsage of job (MB)
	94952  -  ResidentSetSize of job (KB)
...
006 (6052700.000.000) 08/16 23:59:36 Image size of job updated: 97976
	93  -  MemoryUsage of job (MB)
	95120  -  ResidentSetSize of job (KB)
...
006 (6052700.000.000) 08/17 00:04:36 Image size of job updated: 97976
	94  -  MemoryUsage of job (MB)
	95292  -  ResidentSetSize of job (KB)
...
040 (6052700.000.000) 08/17 00:15:05 Started transferring output files
...
040 (6052700.000.000) 08/17 00:15:05 Finished transferring output files
...
005 (6052700.000.000) 08/17 00:15:05 Job terminated.
	(1) Normal termination (return value 0)
		Usr 0 01:29:27, Sys 0 00:00:13  -  Run Remote Usage
		Usr 0 00:00:00, Sys 0 00:00:00  -  Run Local Usage
		Usr 0 01:29:27, Sys 0 00:00:13  -  Total Remote Usage
		Usr 0 00:00:00, Sys 0 00:00:00  -  Total Local Usage
	16916  -  Run Bytes Sent By Job
	10088  -  Run Bytes Received By Job
	16916  -  Total Bytes Sent By Job
	10088  -  Total Bytes Received By Job
	Partitionable Resources :    Usage  Request Allocated 
	   Cpus                 :     0.99        1         1 
	   Disk (KB)            : 39697     6144000   6146846 
	   GPUs                 :                           0 
	   Memory (MB)          :    94        3000      3000 
	   TimeExecute (s)      :  5447                       
	   TimeSlotBusy (s)     :  5449                       
...
