000 (6052707.000.000) 08/16 22:42:07 Job submitted from host: <188.185.133.2:9618?addrs=188.185.133.2-9618+[2001-1458-d03-2--100-208]-9618&alias=bigbird102.cern.ch&noUDP&sock=schedd_5723_1498>
    DAG Node: C_A01_S0_F0
...
040 (6052707.000.000) 08/16 22:44:20 Started transferring input files
	Transferring to host: <188.185.193.114:9618?addrs=188.185.193.114-9618+[2001-1458-303-20--100-6e]-9618&alias=b9p19p8505.cern.ch&noUDP&sock=slot1_14_3286_08bf_26307>
...
040 (6052707.000.000) 08/16 22:44:20 Finished transferring input files
...
001 (6052707.000.000) 08/16 22:44:21 Job executing on host: <188.185.193.114:9618?addrs=188.185.193.114-9618+[2001-1458-303-20--100-6e]-9618&alias=b9p19p8505.cern.ch&noUDP&sock=startd_2571_1214>
	SlotName: slot1_14@b9p19p8505.cern.ch
	CondorScratchDir = "/pool/condor/dir_827474"
	Cpus = 1
	Disk = 6146790
	GPUs = 0
	Memory = 3000
...
006 (6052707.000.000) 08/16 22:44:29 Image size of job updated: 18240
	18  -  MemoryUsage of job (MB)
	18240  -  ResidentSetSize of job (KB)
...
006 (6052707.000.000) 08/16 22:49:29 Image size of job updated: 94564
	93  -  MemoryUsage of job (MB)
	94564  -  ResidentSetSize of job (KB)
...
006 (6052707.000.000) 08/16 22:59:30 Image size of job updated: 94896
	93  -  MemoryUsage of job (MB)
	94896  -  ResidentSetSize of job (KB)
...
006 (6052707.000.000) 08/16 23:04:31 Image size of job updated: 106652
	105  -  MemoryUsage of job (MB)
	106652  -  ResidentSetSize of job (KB)
...
006 (6052707.000.000) 08/16 23:14:31 Image size of job updated: 106656
	105  -  MemoryUsage of job (MB)
	106656  -  ResidentSetSize of job (KB)
...
006 (6052707.000.000) 08/16 23:24:32 Image size of job updated: 117496
	115  -  MemoryUsage of job (MB)
	117496  -  ResidentSetSize of job (KB)
...
006 (6052707.000.000) 08/16 23:39:33 Image size of job updated: 117500
	115  -  MemoryUsage of job (MB)
	117500  -  ResidentSetSize of job (KB)
...
006 (6052707.000.000) 08/16 23:43:16 Image size of job updated: 117504
	115  -  MemoryUsage of job (MB)
	117500  -  ResidentSetSize of job (KB)
...
040 (6052707.000.000) 08/16 23:43:16 Started transferring output files
...
040 (6052707.000.000) 08/16 23:43:16 Finished transferring output files
...
005 (6052707.000.000) 08/16 23:43:16 Job terminated.
	(1) Normal termination (return value 0)
		Usr 0 00:58:08, Sys 0 00:00:08  -  Run Remote Usage
		Usr 0 00:00:00, Sys 0 00:00:00  -  Run Local Usage
		Usr 0 00:58:08, Sys 0 00:00:08  -  Total Remote Usage
		Usr 0 00:00:00, Sys 0 00:00:00  -  Total Local Usage
	17053  -  Run Bytes Sent By Job
	10088  -  Run Bytes Received By Job
	17053  -  Total Bytes Sent By Job
	10088  -  Total Bytes Received By Job
	Partitionable Resources :    Usage  Request Allocated 
	   Cpus                 :     0.99        1         1 
	   Disk (KB)            : 39678     6144000   6146790 
	   GPUs                 :                           0 
	   Memory (MB)          :   115        3000      3000 
	   TimeExecute (s)      :  3535                       
	   TimeSlotBusy (s)     :  3537                       
...
