000 (6052816.000.000) 08/16 22:59:02 Job submitted from host: <188.185.133.2:9618?addrs=188.185.133.2-9618+[2001-1458-d03-2--100-208]-9618&alias=bigbird102.cern.ch&noUDP&sock=schedd_5723_1498>
    DAG Node: C_A14_S2_F1
...
040 (6052816.000.000) 08/16 22:59:03 Started transferring input files
	Transferring to host: <188.185.192.74:9618?addrs=188.185.192.74-9618+[2001-1458-303-1f--100-46]-9618&alias=b9p13p7172.cern.ch&noUDP&sock=slot1_47_8530_e814_30991>
...
040 (6052816.000.000) 08/16 22:59:03 Finished transferring input files
...
001 (6052816.000.000) 08/16 22:59:04 Job executing on host: <188.185.192.74:9618?addrs=188.185.192.74-9618+[2001-1458-303-1f--100-46]-9618&alias=b9p13p7172.cern.ch&noUDP&sock=startd_7170_9a23>
	SlotName: slot1_47@b9p13p7172.cern.ch
	CondorScratchDir = "/pool/condor/dir_2212217"
	Cpus = 1
	Disk = 6249330
	GPUs = 0
	Memory = 3000
...
006 (6052816.000.000) 08/16 22:59:13 Image size of job updated: 42660
	26  -  MemoryUsage of job (MB)
	26568  -  ResidentSetSize of job (KB)
...
006 (6052816.000.000) 08/16 23:04:14 Image size of job updated: 94408
	93  -  MemoryUsage of job (MB)
	94408  -  ResidentSetSize of job (KB)
...
006 (6052816.000.000) 08/16 23:14:14 Image size of job updated: 94576
	93  -  MemoryUsage of job (MB)
	94576  -  ResidentSetSize of job (KB)
...
006 (6052816.000.000) 08/16 23:19:15 Image size of job updated: 94628
	93  -  MemoryUsage of job (MB)
	94628  -  ResidentSetSize of job (KB)
...
006 (6052816.000.000) 08/16 23:24:15 Image size of job updated: 94744
	93  -  MemoryUsage of job (MB)
	94744  -  ResidentSetSize of job (KB)
...
006 (6052816.000.000) 08/16 23:29:16 Image size of job updated: 94912
	93  -  MemoryUsage of job (MB)
	94912  -  ResidentSetSize of job (KB)
...
006 (6052816.000.000) 08/16 23:34:17 Image size of job updated: 95084
	93  -  MemoryUsage of job (MB)
	95084  -  ResidentSetSize of job (KB)
...
040 (6052816.000.000) 08/16 23:35:25 Started transferring output files
...
040 (6052816.000.000) 08/16 23:35:25 Finished transferring output files
...
005 (6052816.000.000) 08/16 23:35:25 Job terminated.
	(1) Normal termination (return value 0)
		Usr 0 00:35:57, Sys 0 00:00:05  -  Run Remote Usage
		Usr 0 00:00:00, Sys 0 00:00:00  -  Run Local Usage
		Usr 0 00:35:57, Sys 0 00:00:05  -  Total Remote Usage
		Usr 0 00:00:00, Sys 0 00:00:00  -  Total Local Usage
	16844  -  Run Bytes Sent By Job
	10088  -  Run Bytes Received By Job
	16844  -  Total Bytes Sent By Job
	10088  -  Total Bytes Received By Job
	Partitionable Resources :    Usage  Request Allocated 
	   Cpus                 :     0.99        1         1 
	   Disk (KB)            : 39677     6144000   6249330 
	   GPUs                 :                           0 
	   Memory (MB)          :    93        3000      3000 
	   TimeExecute (s)      :  2181                       
	   TimeSlotBusy (s)     :  2182                       
...
