000 (6052916.000.000) 08/16 23:35:33 Job submitted from host: <188.185.133.2:9618?addrs=188.185.133.2-9618+[2001-1458-d03-2--100-208]-9618&alias=bigbird102.cern.ch&noUDP&sock=schedd_5723_1498>
    DAG Node: C_A08_S1_F2
...
040 (6052916.000.000) 08/16 23:36:11 Started transferring input files
	Transferring to host: <188.185.194.19:9618?addrs=188.185.194.19-9618+[2001-1458-303-21--100-f]-9618&alias=b9p20p5287.cern.ch&noUDP&sock=slot1_21_3928_6199_29554>
...
040 (6052916.000.000) 08/16 23:36:11 Finished transferring input files
...
001 (6052916.000.000) 08/16 23:36:12 Job executing on host: <188.185.194.19:9618?addrs=188.185.194.19-9618+[2001-1458-303-21--100-f]-9618&alias=b9p20p5287.cern.ch&noUDP&sock=startd_3883_fe56>
	SlotName: slot1_21@b9p20p5287.cern.ch
	CondorScratchDir = "/pool/condor/dir_3252636"
	Cpus = 1
	Disk = 6146773
	GPUs = 0
	Memory = 3000
...
006 (6052916.000.000) 08/16 23:36:20 Image size of job updated: 61588
	61  -  MemoryUsage of job (MB)
	61588  -  ResidentSetSize of job (KB)
...
006 (6052916.000.000) 08/16 23:41:20 Image size of job updated: 97908
	93  -  MemoryUsage of job (MB)
	94568  -  ResidentSetSize of job (KB)
...
006 (6052916.000.000) 08/17 00:26:25 Image size of job updated: 97908
	93  -  MemoryUsage of job (MB)
	94732  -  ResidentSetSize of job (KB)
...
006 (6052916.000.000) 08/17 00:36:26 Image size of job updated: 97908
	93  -  MemoryUsage of job (MB)
	94736  -  ResidentSetSize of job (KB)
...
006 (6052916.000.000) 08/17 00:41:26 Image size of job updated: 97908
	93  -  MemoryUsage of job (MB)
	94900  -  ResidentSetSize of job (KB)
...
006 (6052916.000.000) 08/17 00:56:27 Image size of job updated: 97908
	93  -  MemoryUsage of job (MB)
	95072  -  ResidentSetSize of job (KB)
...
006 (6052916.000.000) 08/17 01:16:29 Image size of job updated: 97908
	94  -  MemoryUsage of job (MB)
	95240  -  ResidentSetSize of job (KB)
...
040 (6052916.000.000) 08/17 01:27:10 Started transferring output files
...
040 (6052916.000.000) 08/17 01:27:10 Finished transferring output files
...
005 (6052916.000.000) 08/17 01:27:10 Job terminated.
	(1) Normal termination (return value 0)
		Usr 0 01:50:05, Sys 0 00:00:09  -  Run Remote Usage
		Usr 0 00:00:00, Sys 0 00:00:00  -  Run Local Usage
		Usr 0 01:50:05, Sys 0 00:00:09  -  Total Remote Usage
		Usr 0 00:00:00, Sys 0 00:00:00  -  Total Local Usage
	17049  -  Run Bytes Sent By Job
	10088  -  Run Bytes Received By Job
	17049  -  Total Bytes Sent By Job
	10088  -  Total Bytes Received By Job
	Partitionable Resources :    Usage  Request Allocated 
	   Cpus                 :     0.99        1         1 
	   Disk (KB)            : 39677     6144000   6146773 
	   GPUs                 :                           0 
	   Memory (MB)          :    94        3000      3000 
	   TimeExecute (s)      :  6658                       
	   TimeSlotBusy (s)     :  6660                       
...
