000 (6052999.000.000) 08/17 00:41:45 Job submitted from host: <188.185.133.2:9618?addrs=188.185.133.2-9618+[2001-1458-d03-2--100-208]-9618&alias=bigbird102.cern.ch&noUDP&sock=schedd_5723_1498>
    DAG Node: C_A12_S0_F0
...
040 (6052999.000.000) 08/17 00:42:40 Started transferring input files
	Transferring to host: <128.142.248.94:9618?addrs=128.142.248.94-9618+[2001-1458-301-73--100-14e]-9618&alias=b9g23p2790.cern.ch&noUDP&sock=slot1_23_5709_41c1_23736>
...
040 (6052999.000.000) 08/17 00:42:40 Finished transferring input files
...
001 (6052999.000.000) 08/17 00:42:41 Job executing on host: <128.142.248.94:9618?addrs=128.142.248.94-9618+[2001-1458-301-73--100-14e]-9618&alias=b9g23p2790.cern.ch&noUDP&sock=startd_4363_3bcb>
	SlotName: slot1_23@b9g23p2790.cern.ch
	CondorScratchDir = "/pool/condor/dir_418570"
	Cpus = 1
	Disk = 6281897
	GPUs = 0
	Memory = 3000
...
006 (6052999.000.000) 08/17 00:42:49 Image size of job updated: 58784
	58  -  MemoryUsage of job (MB)
	58784  -  ResidentSetSize of job (KB)
...
006 (6052999.000.000) 08/17 00:47:49 Image size of job updated: 94332
	93  -  MemoryUsage of job (MB)
	94332  -  ResidentSetSize of job (KB)
...
006 (6052999.000.000) 08/17 00:52:50 Image size of job updated: 94664
	93  -  MemoryUsage of job (MB)
	94664  -  ResidentSetSize of job (KB)
...
006 (6052999.000.000) 08/17 00:57:50 Image size of job updated: 94832
	93  -  MemoryUsage of job (MB)
	94832  -  ResidentSetSize of job (KB)
...
006 (6052999.000.000) 08/17 01:02:51 Image size of job updated: 106420
	104  -  MemoryUsage of job (MB)
	106420  -  ResidentSetSize of job (KB)
...
006 (6052999.000.000) 08/17 01:07:51 Image size of job updated: 106424
	104  -  MemoryUsage of job (MB)
	106424  -  ResidentSetSize of job (KB)
...
006 (6052999.000.000) 08/17 01:12:51 Image size of job updated: 106428
	104  -  MemoryUsage of job (MB)
	106428  -  ResidentSetSize of job (KB)
...
006 (6052999.000.000) 08/17 01:17:52 Image size of job updated: 117264
	115  -  MemoryUsage of job (MB)
	117264  -  ResidentSetSize of job (KB)
...
006 (6052999.000.000) 08/17 01:27:53 Image size of job updated: 117268
	115  -  MemoryUsage of job (MB)
	117268  -  ResidentSetSize of job (KB)
...
006 (6052999.000.000) 08/17 01:32:24 Image size of job updated: 117272
	115  -  MemoryUsage of job (MB)
	117268  -  ResidentSetSize of job (KB)
...
040 (6052999.000.000) 08/17 01:32:24 Started transferring output files
...
040 (6052999.000.000) 08/17 01:32:24 Finished transferring output files
...
005 (6052999.000.000) 08/17 01:32:24 Job terminated.
	(1) Normal termination (return value 0)
		Usr 0 00:49:11, Sys 0 00:00:06  -  Run Remote Usage
		Usr 0 00:00:00, Sys 0 00:00:00  -  Run Local Usage
		Usr 0 00:49:11, Sys 0 00:00:06  -  Total Remote Usage
		Usr 0 00:00:00, Sys 0 00:00:00  -  Total Local Usage
	17810  -  Run Bytes Sent By Job
	10088  -  Run Bytes Received By Job
	17810  -  Total Bytes Sent By Job
	10088  -  Total Bytes Received By Job
	Partitionable Resources :    Usage  Request Allocated 
	   Cpus                 :     0.99        1         1 
	   Disk (KB)            : 39682     6144000   6281897 
	   GPUs                 :                           0 
	   Memory (MB)          :   115        3000      3000 
	   TimeExecute (s)      :  2983                       
	   TimeSlotBusy (s)     :  2984                       
...
