000 (6052941.000.000) 08/16 23:41:49 Job submitted from host: <188.185.133.2:9618?addrs=188.185.133.2-9618+[2001-1458-d03-2--100-208]-9618&alias=bigbird102.cern.ch&noUDP&sock=schedd_5723_1498>
    DAG Node: C_A13_S1_F0
...
040 (6052941.000.000) 08/16 23:44:19 Started transferring input files
	Transferring to host: <188.185.196.145:9618?addrs=188.185.196.145-9618+[2001-1458-303-23--100-8d]-9618&alias=b9p16p3713.cern.ch&noUDP&sock=slot1_29_2909_674f_30613>
...
040 (6052941.000.000) 08/16 23:44:19 Finished transferring input files
...
001 (6052941.000.000) 08/16 23:44:20 Job executing on host: <188.185.196.145:9618?addrs=188.185.196.145-9618+[2001-1458-303-23--100-8d]-9618&alias=b9p16p3713.cern.ch&noUDP&sock=startd_2844_536f>
	SlotName: slot1_29@b9p16p3713.cern.ch
	CondorScratchDir = "/pool/condor/dir_785755"
	Cpus = 1
	Disk = 6146829
	GPUs = 0
	Memory = 3000
...
006 (6052941.000.000) 08/16 23:44:29 Image size of job updated: 28388
	28  -  MemoryUsage of job (MB)
	28388  -  ResidentSetSize of job (KB)
...
006 (6052941.000.000) 08/16 23:49:30 Image size of job updated: 90836
	89  -  MemoryUsage of job (MB)
	90836  -  ResidentSetSize of job (KB)
...
006 (6052941.000.000) 08/16 23:54:30 Image size of job updated: 91008
	89  -  MemoryUsage of job (MB)
	91008  -  ResidentSetSize of job (KB)
...
006 (6052941.000.000) 08/17 00:04:31 Image size of job updated: 102596
	101  -  MemoryUsage of job (MB)
	102596  -  ResidentSetSize of job (KB)
...
006 (6052941.000.000) 08/17 00:09:31 Image size of job updated: 102600
	101  -  MemoryUsage of job (MB)
	102600  -  ResidentSetSize of job (KB)
...
006 (6052941.000.000) 08/17 00:19:32 Image size of job updated: 113440
	111  -  MemoryUsage of job (MB)
	113440  -  ResidentSetSize of job (KB)
...
006 (6052941.000.000) 08/17 00:27:09 Image size of job updated: 113444
	111  -  MemoryUsage of job (MB)
	113440  -  ResidentSetSize of job (KB)
...
040 (6052941.000.000) 08/17 00:27:09 Started transferring output files
...
040 (6052941.000.000) 08/17 00:27:09 Finished transferring output files
...
005 (6052941.000.000) 08/17 00:27:09 Job terminated.
	(1) Normal termination (return value 0)
		Usr 0 00:42:14, Sys 0 00:00:06  -  Run Remote Usage
		Usr 0 00:00:00, Sys 0 00:00:00  -  Run Local Usage
		Usr 0 00:42:14, Sys 0 00:00:06  -  Total Remote Usage
		Usr 0 00:00:00, Sys 0 00:00:00  -  Total Local Usage
	17061  -  Run Bytes Sent By Job
	10088  -  Run Bytes Received By Job
	17061  -  Total Bytes Sent By Job
	10088  -  Total Bytes Received By Job
	Partitionable Resources :    Usage  Request Allocated 
	   Cpus                 :     0.99        1         1 
	   Disk (KB)            : 39678     6144000   6146829 
	   GPUs                 :                           0 
	   Memory (MB)          :   111        3000      3000 
	   TimeExecute (s)      :  2569                       
	   TimeSlotBusy (s)     :  2571                       
...
