000 (6052834.000.000) 08/16 23:02:54 Job submitted from host: <188.185.133.2:9618?addrs=188.185.133.2-9618+[2001-1458-d03-2--100-208]-9618&alias=bigbird102.cern.ch&noUDP&sock=schedd_5723_1498>
    DAG Node: C_A09_S7_F1
...
040 (6052834.000.000) 08/16 23:05:20 Started transferring input files
	Transferring to host: <188.185.192.109:9618?addrs=188.185.192.109-9618+[2001-1458-303-1f--100-69]-9618&alias=b9p13p5857.cern.ch&noUDP&sock=slot1_23_3723_f0b0_30635>
...
040 (6052834.000.000) 08/16 23:05:20 Finished transferring input files
...
001 (6052834.000.000) 08/16 23:05:21 Job executing on host: <188.185.192.109:9618?addrs=188.185.192.109-9618+[2001-1458-303-1f--100-69]-9618&alias=b9p13p5857.cern.ch&noUDP&sock=startd_2841_44a6>
	SlotName: slot1_23@b9p13p5857.cern.ch
	CondorScratchDir = "/pool/condor/dir_3032867"
	Cpus = 1
	Disk = 6146861
	GPUs = 0
	Memory = 3000
...
006 (6052834.000.000) 08/16 23:05:30 Image size of job updated: 26024
	26  -  MemoryUsage of job (MB)
	26024  -  ResidentSetSize of job (KB)
...
006 (6052834.000.000) 08/16 23:10:31 Image size of job updated: 97772
	93  -  MemoryUsage of job (MB)
	94416  -  ResidentSetSize of job (KB)
...
006 (6052834.000.000) 08/16 23:25:32 Image size of job updated: 97772
	93  -  MemoryUsage of job (MB)
	94420  -  ResidentSetSize of job (KB)
...
006 (6052834.000.000) 08/16 23:35:33 Image size of job updated: 97772
	93  -  MemoryUsage of job (MB)
	94636  -  ResidentSetSize of job (KB)
...
006 (6052834.000.000) 08/16 23:40:33 Image size of job updated: 97772
	93  -  MemoryUsage of job (MB)
	94752  -  ResidentSetSize of job (KB)
...
006 (6052834.000.000) 08/16 23:50:35 Image size of job updated: 97772
	93  -  MemoryUsage of job (MB)
	94920  -  ResidentSetSize of job (KB)
...
006 (6052834.000.000) 08/16 23:55:35 Image size of job updated: 97772
	93  -  MemoryUsage of job (MB)
	95092  -  ResidentSetSize of job (KB)
...
040 (6052834.000.000) 08/16 23:59:05 Started transferring output files
...
040 (6052834.000.000) 08/16 23:59:05 Finished transferring output files
...
005 (6052834.000.000) 08/16 23:59:05 Job terminated.
	(1) Normal termination (return value 0)
		Usr 0 00:51:45, Sys 0 00:00:07  -  Run Remote Usage
		Usr 0 00:00:00, Sys 0 00:00:00  -  Run Local Usage
		Usr 0 00:51:45, Sys 0 00:00:07  -  Total Remote Usage
		Usr 0 00:00:00, Sys 0 00:00:00  -  Total Local Usage
	16912  -  Run Bytes Sent By Job
	10088  -  Run Bytes Received By Job
	16912  -  Total Bytes Sent By Job
	10088  -  Total Bytes Received By Job
	Partitionable Resources :    Usage  Request Allocated 
	   Cpus                 :     0.99        1         1 
	   Disk (KB)            : 39677     6144000   6146861 
	   GPUs                 :                           0 
	   Memory (MB)          :    93        3000      3000 
	   TimeExecute (s)      :  3224                       
	   TimeSlotBusy (s)     :  3226                       
...
