000 (6052917.000.000) 08/16 23:36:39 Job submitted from host: <188.185.133.2:9618?addrs=188.185.133.2-9618+[2001-1458-d03-2--100-208]-9618&alias=bigbird102.cern.ch&noUDP&sock=schedd_5723_1498>
    DAG Node: C_A08_S5_F0
...
040 (6052917.000.000) 08/16 23:36:53 Started transferring input files
	Transferring to host: <188.185.192.87:9618?addrs=188.185.192.87-9618+[2001-1458-303-1f--100-53]-9618&alias=b9p13p5052.cern.ch&noUDP&sock=slot1_29_3471_6226_30193>
...
040 (6052917.000.000) 08/16 23:36:53 Finished transferring input files
...
001 (6052917.000.000) 08/16 23:36:54 Job executing on host: <188.185.192.87:9618?addrs=188.185.192.87-9618+[2001-1458-303-1f--100-53]-9618&alias=b9p13p5052.cern.ch&noUDP&sock=startd_2724_0412>
	SlotName: slot1_29@b9p13p5052.cern.ch
	CondorScratchDir = "/pool/condor/dir_3715409"
	Cpus = 1
	Disk = 6168388
	GPUs = 0
	Memory = 3000
...
006 (6052917.000.000) 08/16 23:37:03 Image size of job updated: 44368
	44  -  MemoryUsage of job (MB)
	44368  -  ResidentSetSize of job (KB)
...
006 (6052917.000.000) 08/16 23:42:04 Image size of job updated: 90360
	89  -  MemoryUsage of job (MB)
	90360  -  ResidentSetSize of job (KB)
...
006 (6052917.000.000) 08/16 23:47:04 Image size of job updated: 90696
	89  -  MemoryUsage of job (MB)
	90696  -  ResidentSetSize of job (KB)
...
006 (6052917.000.000) 08/16 23:52:05 Image size of job updated: 102452
	101  -  MemoryUsage of job (MB)
	102452  -  ResidentSetSize of job (KB)
...
006 (6052917.000.000) 08/17 00:02:05 Image size of job updated: 102456
	101  -  MemoryUsage of job (MB)
	102456  -  ResidentSetSize of job (KB)
...
006 (6052917.000.000) 08/17 00:07:06 Image size of job updated: 113296
	111  -  MemoryUsage of job (MB)
	113296  -  ResidentSetSize of job (KB)
...
006 (6052917.000.000) 08/17 00:17:07 Image size of job updated: 113300
	111  -  MemoryUsage of job (MB)
	113300  -  ResidentSetSize of job (KB)
...
006 (6052917.000.000) 08/17 00:20:45 Image size of job updated: 113304
	111  -  MemoryUsage of job (MB)
	113300  -  ResidentSetSize of job (KB)
...
040 (6052917.000.000) 08/17 00:20:45 Started transferring output files
...
040 (6052917.000.000) 08/17 00:20:45 Finished transferring output files
...
005 (6052917.000.000) 08/17 00:20:45 Job terminated.
	(1) Normal termination (return value 0)
		Usr 0 00:43:22, Sys 0 00:00:06  -  Run Remote Usage
		Usr 0 00:00:00, Sys 0 00:00:00  -  Run Local Usage
		Usr 0 00:43:22, Sys 0 00:00:06  -  Total Remote Usage
		Usr 0 00:00:00, Sys 0 00:00:00  -  Total Local Usage
	17185  -  Run Bytes Sent By Job
	10088  -  Run Bytes Received By Job
	17185  -  Total Bytes Sent By Job
	10088  -  Total Bytes Received By Job
	Partitionable Resources :    Usage  Request Allocated 
	   Cpus                 :     0.99        1         1 
	   Disk (KB)            : 39680     6144000   6168388 
	   GPUs                 :                           0 
	   Memory (MB)          :   111        3000      3000 
	   TimeExecute (s)      :  2631                       
	   TimeSlotBusy (s)     :  2632                       
...
