000 (6052694.000.000) 08/16 22:40:50 Job submitted from host: <188.185.133.2:9618?addrs=188.185.133.2-9618+[2001-1458-d03-2--100-208]-9618&alias=bigbird102.cern.ch&noUDP&sock=schedd_5723_1498>
    DAG Node: C_A01_S3_F2
...
040 (6052694.000.000) 08/16 22:44:16 Started transferring input files
	Transferring to host: <188.185.195.86:9618?addrs=188.185.195.86-9618+[2001-1458-303-22--100-52]-9618&alias=b9p17p4088.cern.ch&noUDP&sock=slot1_2_4675_b5d7_31031>
...
040 (6052694.000.000) 08/16 22:44:16 Finished transferring input files
...
001 (6052694.000.000) 08/16 22:44:17 Job executing on host: <188.185.195.86:9618?addrs=188.185.195.86-9618+[2001-1458-303-22--100-52]-9618&alias=b9p17p4088.cern.ch&noUDP&sock=startd_3679_1104>
	SlotName: slot1_2@b9p17p4088.cern.ch
	CondorScratchDir = "/pool/condor/dir_1627762"
	Cpus = 1
	Disk = 6146737
	GPUs = 0
	Memory = 3000
...
006 (6052694.000.000) 08/16 22:44:26 Image size of job updated: 32400
	32  -  MemoryUsage of job (MB)
	32400  -  ResidentSetSize of job (KB)
...
006 (6052694.000.000) 08/16 22:49:27 Image size of job updated: 94568
	93  -  MemoryUsage of job (MB)
	94568  -  ResidentSetSize of job (KB)
...
006 (6052694.000.000) 08/17 00:04:34 Image size of job updated: 94620
	93  -  MemoryUsage of job (MB)
	94620  -  ResidentSetSize of job (KB)
...
006 (6052694.000.000) 08/17 00:09:35 Image size of job updated: 94732
	93  -  MemoryUsage of job (MB)
	94732  -  ResidentSetSize of job (KB)
...
006 (6052694.000.000) 08/17 00:19:36 Image size of job updated: 94788
	93  -  MemoryUsage of job (MB)
	94788  -  ResidentSetSize of job (KB)
...
006 (6052694.000.000) 08/17 00:24:37 Image size of job updated: 94900
	93  -  MemoryUsage of job (MB)
	94900  -  ResidentSetSize of job (KB)
...
006 (6052694.000.000) 08/17 00:44:39 Image size of job updated: 95072
	93  -  MemoryUsage of job (MB)
	95072  -  ResidentSetSize of job (KB)
...
006 (6052694.000.000) 08/17 00:49:40 Image size of job updated: 95240
	94  -  MemoryUsage of job (MB)
	95240  -  ResidentSetSize of job (KB)
...
040 (6052694.000.000) 08/17 01:08:47 Started transferring output files
...
040 (6052694.000.000) 08/17 01:08:47 Finished transferring output files
...
005 (6052694.000.000) 08/17 01:08:47 Job terminated.
	(1) Normal termination (return value 0)
		Usr 0 02:22:58, Sys 0 00:00:13  -  Run Remote Usage
		Usr 0 00:00:00, Sys 0 00:00:00  -  Run Local Usage
		Usr 0 02:22:58, Sys 0 00:00:13  -  Total Remote Usage
		Usr 0 00:00:00, Sys 0 00:00:00  -  Total Local Usage
	16916  -  Run Bytes Sent By Job
	10088  -  Run Bytes Received By Job
	16916  -  Total Bytes Sent By Job
	10088  -  Total Bytes Received By Job
	Partitionable Resources :    Usage  Request Allocated 
	   Cpus                 :     0.99        1         1 
	   Disk (KB)            : 39677     6144000   6146737 
	   GPUs                 :                           0 
	   Memory (MB)          :    94        3000      3000 
	   TimeExecute (s)      :  8670                       
	   TimeSlotBusy (s)     :  8672                       
...
