000 (6052787.000.000) 08/16 22:52:33 Job submitted from host: <188.185.133.2:9618?addrs=188.185.133.2-9618+[2001-1458-d03-2--100-208]-9618&alias=bigbird102.cern.ch&noUDP&sock=schedd_5723_1498>
    DAG Node: C_A14_S5_F2
...
040 (6052787.000.000) 08/16 22:56:11 Started transferring input files
	Transferring to host: <188.185.194.94:9618?addrs=188.185.194.94-9618+[2001-1458-303-21--100-5a]-9618&alias=b9p20p6999.cern.ch&noUDP&sock=slot1_22_671511_ff44_28851>
...
040 (6052787.000.000) 08/16 22:56:11 Finished transferring input files
...
001 (6052787.000.000) 08/16 22:56:12 Job executing on host: <188.185.194.94:9618?addrs=188.185.194.94-9618+[2001-1458-303-21--100-5a]-9618&alias=b9p20p6999.cern.ch&noUDP&sock=startd_2596_37f2>
	SlotName: slot1_22@b9p20p6999.cern.ch
	CondorScratchDir = "/pool/condor/dir_1851458"
	Cpus = 1
	Disk = 6146772
	GPUs = 0
	Memory = 3000
...
006 (6052787.000.000) 08/16 22:56:20 Image size of job updated: 26236
	26  -  MemoryUsage of job (MB)
	26236  -  ResidentSetSize of job (KB)
...
006 (6052787.000.000) 08/16 23:01:20 Image size of job updated: 94568
	93  -  MemoryUsage of job (MB)
	94568  -  ResidentSetSize of job (KB)
...
006 (6052787.000.000) 08/16 23:36:24 Image size of job updated: 94732
	93  -  MemoryUsage of job (MB)
	94732  -  ResidentSetSize of job (KB)
...
006 (6052787.000.000) 08/16 23:51:25 Image size of job updated: 94788
	93  -  MemoryUsage of job (MB)
	94788  -  ResidentSetSize of job (KB)
...
006 (6052787.000.000) 08/16 23:56:26 Image size of job updated: 94900
	93  -  MemoryUsage of job (MB)
	94900  -  ResidentSetSize of job (KB)
...
006 (6052787.000.000) 08/17 00:21:28 Image size of job updated: 94952
	93  -  MemoryUsage of job (MB)
	94952  -  ResidentSetSize of job (KB)
...
006 (6052787.000.000) 08/17 00:26:29 Image size of job updated: 95068
	93  -  MemoryUsage of job (MB)
	95068  -  ResidentSetSize of job (KB)
...
006 (6052787.000.000) 08/17 00:31:29 Image size of job updated: 95072
	93  -  MemoryUsage of job (MB)
	95072  -  ResidentSetSize of job (KB)
...
006 (6052787.000.000) 08/17 00:36:30 Image size of job updated: 95240
	94  -  MemoryUsage of job (MB)
	95240  -  ResidentSetSize of job (KB)
...
040 (6052787.000.000) 08/17 00:51:57 Started transferring output files
...
040 (6052787.000.000) 08/17 00:51:57 Finished transferring output files
...
005 (6052787.000.000) 08/17 00:51:57 Job terminated.
	(1) Normal termination (return value 0)
		Usr 0 01:54:38, Sys 0 00:00:09  -  Run Remote Usage
		Usr 0 00:00:00, Sys 0 00:00:00  -  Run Local Usage
		Usr 0 01:54:38, Sys 0 00:00:09  -  Total Remote Usage
		Usr 0 00:00:00, Sys 0 00:00:00  -  Total Local Usage
	16845  -  Run Bytes Sent By Job
	10088  -  Run Bytes Received By Job
	16845  -  Total Bytes Sent By Job
	10088  -  Total Bytes Received By Job
	Partitionable Resources :    Usage  Request Allocated 
	   Cpus                 :     0.99        1         1 
	   Disk (KB)            : 39676     6144000   6146772 
	   GPUs                 :                           0 
	   Memory (MB)          :    94        3000      3000 
	   TimeExecute (s)      :  6945                       
	   TimeSlotBusy (s)     :  6947                       
...
