000 (6052901.000.000) 08/16 23:33:16 Job submitted from host: <188.185.133.2:9618?addrs=188.185.133.2-9618+[2001-1458-d03-2--100-208]-9618&alias=bigbird102.cern.ch&noUDP&sock=schedd_5723_1498>
    DAG Node: C_A08_S0_F2
...
040 (6052901.000.000) 08/16 23:34:12 Started transferring input files
	Transferring to host: <188.185.195.95:9618?addrs=188.185.195.95-9618+[2001-1458-303-22--100-5b]-9618&alias=b9p17p1975.cern.ch&noUDP&sock=slot1_20_3936_0499_32018>
...
040 (6052901.000.000) 08/16 23:34:12 Finished transferring input files
...
001 (6052901.000.000) 08/16 23:34:13 Job executing on host: <188.185.195.95:9618?addrs=188.185.195.95-9618+[2001-1458-303-22--100-5b]-9618&alias=b9p17p1975.cern.ch&noUDP&sock=startd_2972_1f8f>
	SlotName: slot1_20@b9p17p1975.cern.ch
	CondorScratchDir = "/pool/condor/dir_1805370"
	Cpus = 1
	Disk = 6162833
	GPUs = 0
	Memory = 3000
...
006 (6052901.000.000) 08/16 23:34:22 Image size of job updated: 50340
	44  -  MemoryUsage of job (MB)
	44936  -  ResidentSetSize of job (KB)
...
006 (6052901.000.000) 08/16 23:39:23 Image size of job updated: 90516
	89  -  MemoryUsage of job (MB)
	90516  -  ResidentSetSize of job (KB)
...
006 (6052901.000.000) 08/17 00:39:28 Image size of job updated: 90568
	89  -  MemoryUsage of job (MB)
	90568  -  ResidentSetSize of job (KB)
...
006 (6052901.000.000) 08/17 00:44:29 Image size of job updated: 90680
	89  -  MemoryUsage of job (MB)
	90680  -  ResidentSetSize of job (KB)
...
006 (6052901.000.000) 08/17 00:54:29 Image size of job updated: 90736
	89  -  MemoryUsage of job (MB)
	90736  -  ResidentSetSize of job (KB)
...
006 (6052901.000.000) 08/17 00:59:30 Image size of job updated: 90848
	89  -  MemoryUsage of job (MB)
	90848  -  ResidentSetSize of job (KB)
...
006 (6052901.000.000) 08/17 01:19:31 Image size of job updated: 91020
	89  -  MemoryUsage of job (MB)
	91020  -  ResidentSetSize of job (KB)
...
006 (6052901.000.000) 08/17 01:24:32 Image size of job updated: 91188
	90  -  MemoryUsage of job (MB)
	91188  -  ResidentSetSize of job (KB)
...
040 (6052901.000.000) 08/17 01:44:06 Started transferring output files
...
040 (6052901.000.000) 08/17 01:44:06 Finished transferring output files
...
005 (6052901.000.000) 08/17 01:44:06 Job terminated.
	(1) Normal termination (return value 0)
		Usr 0 02:08:48, Sys 0 00:00:09  -  Run Remote Usage
		Usr 0 00:00:00, Sys 0 00:00:00  -  Run Local Usage
		Usr 0 02:08:48, Sys 0 00:00:09  -  Total Remote Usage
		Usr 0 00:00:00, Sys 0 00:00:00  -  Total Local Usage
	17046  -  Run Bytes Sent By Job
	10088  -  Run Bytes Received By Job
	17046  -  Total Bytes Sent By Job
	10088  -  Total Bytes Received By Job
	Partitionable Resources :    Usage  Request Allocated 
	   Cpus                 :     0.99        1         1 
	   Disk (KB)            : 39679     6144000   6162833 
	   GPUs                 :                           0 
	   Memory (MB)          :    90        3000      3000 
	   TimeExecute (s)      :  7793                       
	   TimeSlotBusy (s)     :  7794                       
...
