000 (6052647.000.000) 08/16 22:34:33 Job submitted from host: <188.185.133.2:9618?addrs=188.185.133.2-9618+[2001-1458-d03-2--100-208]-9618&alias=bigbird102.cern.ch&noUDP&sock=schedd_5723_1498>
    DAG Node: C_A02_S6_F0
...
040 (6052647.000.000) 08/16 22:36:55 Started transferring input files
	Transferring to host: <188.185.197.36:9618?addrs=188.185.197.36-9618+[2001-1458-303-24--100-20]-9618&alias=b9p14p1016.cern.ch&noUDP&sock=slot1_26_4169_3003_23721>
...
040 (6052647.000.000) 08/16 22:36:55 Finished transferring input files
...
001 (6052647.000.000) 08/16 22:36:56 Job executing on host: <188.185.197.36:9618?addrs=188.185.197.36-9618+[2001-1458-303-24--100-20]-9618&alias=b9p14p1016.cern.ch&noUDP&sock=startd_3049_f059>
	SlotName: slot1_26@b9p14p1016.cern.ch
	CondorScratchDir = "/pool/condor/dir_3454919"
	Cpus = 1
	Disk = 6186071
	GPUs = 0
	Memory = 3000
...
006 (6052647.000.000) 08/16 22:37:04 Image size of job updated: 57844
	57  -  MemoryUsage of job (MB)
	57844  -  ResidentSetSize of job (KB)
...
006 (6052647.000.000) 08/16 22:42:04 Image size of job updated: 90672
	89  -  MemoryUsage of job (MB)
	90672  -  ResidentSetSize of job (KB)
...
006 (6052647.000.000) 08/16 22:47:05 Image size of job updated: 91064
	89  -  MemoryUsage of job (MB)
	91064  -  ResidentSetSize of job (KB)
...
006 (6052647.000.000) 08/16 22:52:05 Image size of job updated: 102596
	101  -  MemoryUsage of job (MB)
	102596  -  ResidentSetSize of job (KB)
...
006 (6052647.000.000) 08/16 22:57:05 Image size of job updated: 102600
	101  -  MemoryUsage of job (MB)
	102600  -  ResidentSetSize of job (KB)
...
006 (6052647.000.000) 08/16 23:02:06 Image size of job updated: 113440
	111  -  MemoryUsage of job (MB)
	113440  -  ResidentSetSize of job (KB)
...
006 (6052647.000.000) 08/16 23:07:06 Image size of job updated: 113444
	111  -  MemoryUsage of job (MB)
	113444  -  ResidentSetSize of job (KB)
...
006 (6052647.000.000) 08/16 23:10:59 Image size of job updated: 113448
	111  -  MemoryUsage of job (MB)
	113444  -  ResidentSetSize of job (KB)
...
040 (6052647.000.000) 08/16 23:10:59 Started transferring output files
...
040 (6052647.000.000) 08/16 23:10:59 Finished transferring output files
...
005 (6052647.000.000) 08/16 23:10:59 Job terminated.
	(1) Normal termination (return value 0)
		Usr 0 00:33:42, Sys 0 00:00:04  -  Run Remote Usage
		Usr 0 00:00:00, Sys 0 00:00:00  -  Run Local Usage
		Usr 0 00:33:42, Sys 0 00:00:04  -  Total Remote Usage
		Usr 0 00:00:00, Sys 0 00:00:00  -  Total Local Usage
	16978  -  Run Bytes Sent By Job
	10088  -  Run Bytes Received By Job
	16978  -  Total Bytes Sent By Job
	10088  -  Total Bytes Received By Job
	Partitionable Resources :    Usage  Request Allocated 
	   Cpus                 :     0.99        1         1 
	   Disk (KB)            : 39679     6144000   6186071 
	   GPUs                 :                           0 
	   Memory (MB)          :   111        3000      3000 
	   TimeExecute (s)      :  2043                       
	   TimeSlotBusy (s)     :  2044                       
...
