000 (6052878.000.000) 08/16 23:20:46 Job submitted from host: <188.185.133.2:9618?addrs=188.185.133.2-9618+[2001-1458-d03-2--100-208]-9618&alias=bigbird102.cern.ch&noUDP&sock=schedd_5723_1498>
    DAG Node: C_A06_S3_F0
...
040 (6052878.000.000) 08/16 23:21:06 Started transferring input files
	Transferring to host: <128.142.162.86:9618?addrs=128.142.162.86-9618+[2001-1458-301-7d--100-f]-9618&alias=b9g42p2030.cern.ch&noUDP&sock=slot1_16_5184_58cc_1529>
...
040 (6052878.000.000) 08/16 23:21:06 Finished transferring input files
...
001 (6052878.000.000) 08/16 23:21:07 Job executing on host: <128.142.162.86:9618?addrs=128.142.162.86-9618+[2001-1458-301-7d--100-f]-9618&alias=b9g42p2030.cern.ch&noUDP&sock=startd_4328_39fb>
	SlotName: slot1_16@b9g42p2030.cern.ch
	CondorScratchDir = "/pool/condor/dir_1485556"
	Cpus = 1
	Disk = 6168265
	GPUs = 0
	Memory = 3000
...
006 (6052878.000.000) 08/16 23:21:15 Image size of job updated: 36880
	31  -  MemoryUsage of job (MB)
	31008  -  ResidentSetSize of job (KB)
...
006 (6052878.000.000) 08/16 23:26:15 Image size of job updated: 96160
	94  -  MemoryUsage of job (MB)
	96160  -  ResidentSetSize of job (KB)
...
006 (6052878.000.000) 08/16 23:31:16 Image size of job updated: 96492
	95  -  MemoryUsage of job (MB)
	96492  -  ResidentSetSize of job (KB)
...
006 (6052878.000.000) 08/16 23:36:16 Image size of job updated: 108248
	106  -  MemoryUsage of job (MB)
	108248  -  ResidentSetSize of job (KB)
...
006 (6052878.000.000) 08/16 23:46:18 Image size of job updated: 119092
	117  -  MemoryUsage of job (MB)
	119092  -  ResidentSetSize of job (KB)
...
006 (6052878.000.000) 08/16 23:56:19 Image size of job updated: 119100
	117  -  MemoryUsage of job (MB)
	119100  -  ResidentSetSize of job (KB)
...
040 (6052878.000.000) 08/16 23:57:30 Started transferring output files
...
040 (6052878.000.000) 08/16 23:57:30 Finished transferring output files
...
005 (6052878.000.000) 08/16 23:57:30 Job terminated.
	(1) Normal termination (return value 0)
		Usr 0 00:36:06, Sys 0 00:00:04  -  Run Remote Usage
		Usr 0 00:00:00, Sys 0 00:00:00  -  Run Local Usage
		Usr 0 00:36:06, Sys 0 00:00:04  -  Total Remote Usage
		Usr 0 00:00:00, Sys 0 00:00:00  -  Total Local Usage
	17807  -  Run Bytes Sent By Job
	10088  -  Run Bytes Received By Job
	17807  -  Total Bytes Sent By Job
	10088  -  Total Bytes Received By Job
	Partitionable Resources :    Usage  Request Allocated 
	   Cpus                 :     1.00        1         1 
	   Disk (KB)            : 39641     6144000   6168265 
	   GPUs                 :                           0 
	   Memory (MB)          :   117        3000      3000 
	   TimeExecute (s)      :  2183                       
	   TimeSlotBusy (s)     :  2184                       
...
