000 (6052983.000.000) 08/17 00:13:44 Job submitted from host: <188.185.133.2:9618?addrs=188.185.133.2-9618+[2001-1458-d03-2--100-208]-9618&alias=bigbird102.cern.ch&noUDP&sock=schedd_5723_1498>
    DAG Node: C_A12_S7_F2
...
040 (6052983.000.000) 08/17 00:15:21 Started transferring input files
	Transferring to host: <188.185.196.99:9618?addrs=188.185.196.99-9618+[2001-1458-303-23--100-5f]-9618&alias=b9p16p0159.cern.ch&noUDP&sock=slot1_18_3864_4996_40657>
...
040 (6052983.000.000) 08/17 00:15:21 Finished transferring input files
...
001 (6052983.000.000) 08/17 00:15:22 Job executing on host: <188.185.196.99:9618?addrs=188.185.196.99-9618+[2001-1458-303-23--100-5f]-9618&alias=b9p16p0159.cern.ch&noUDP&sock=startd_3016_4db9>
	SlotName: slot1_18@b9p16p0159.cern.ch
	CondorScratchDir = "/pool/condor/dir_1293520"
	Cpus = 1
	Disk = 6264712
	GPUs = 0
	Memory = 3000
...
006 (6052983.000.000) 08/17 00:15:30 Image size of job updated: 48040
	31  -  MemoryUsage of job (MB)
	31440  -  ResidentSetSize of job (KB)
...
006 (6052983.000.000) 08/17 00:20:30 Image size of job updated: 94488
	93  -  MemoryUsage of job (MB)
	94488  -  ResidentSetSize of job (KB)
...
006 (6052983.000.000) 08/17 00:45:32 Image size of job updated: 94540
	93  -  MemoryUsage of job (MB)
	94540  -  ResidentSetSize of job (KB)
...
006 (6052983.000.000) 08/17 00:50:33 Image size of job updated: 94652
	93  -  MemoryUsage of job (MB)
	94652  -  ResidentSetSize of job (KB)
...
006 (6052983.000.000) 08/17 00:55:34 Image size of job updated: 94708
	93  -  MemoryUsage of job (MB)
	94708  -  ResidentSetSize of job (KB)
...
006 (6052983.000.000) 08/17 01:00:34 Image size of job updated: 94820
	93  -  MemoryUsage of job (MB)
	94820  -  ResidentSetSize of job (KB)
...
006 (6052983.000.000) 08/17 01:10:35 Image size of job updated: 94988
	93  -  MemoryUsage of job (MB)
	94988  -  ResidentSetSize of job (KB)
...
006 (6052983.000.000) 08/17 01:15:35 Image size of job updated: 94992
	93  -  MemoryUsage of job (MB)
	94992  -  ResidentSetSize of job (KB)
...
006 (6052983.000.000) 08/17 01:35:38 Image size of job updated: 95028
	93  -  MemoryUsage of job (MB)
	95028  -  ResidentSetSize of job (KB)
...
006 (6052983.000.000) 08/17 01:40:38 Image size of job updated: 95196
	93  -  MemoryUsage of job (MB)
	95196  -  ResidentSetSize of job (KB)
...
040 (6052983.000.000) 08/17 01:43:33 Started transferring output files
...
040 (6052983.000.000) 08/17 01:43:33 Finished transferring output files
...
005 (6052983.000.000) 08/17 01:43:33 Job terminated.
	(1) Normal termination (return value 0)
		Usr 0 01:27:31, Sys 0 00:00:08  -  Run Remote Usage
		Usr 0 00:00:00, Sys 0 00:00:00  -  Run Local Usage
		Usr 0 01:27:31, Sys 0 00:00:08  -  Total Remote Usage
		Usr 0 00:00:00, Sys 0 00:00:00  -  Total Local Usage
	17673  -  Run Bytes Sent By Job
	10088  -  Run Bytes Received By Job
	17673  -  Total Bytes Sent By Job
	10088  -  Total Bytes Received By Job
	Partitionable Resources :    Usage  Request Allocated 
	   Cpus                 :     1.00        1         1 
	   Disk (KB)            : 39681     6144000   6264712 
	   GPUs                 :                           0 
	   Memory (MB)          :    93        3000      3000 
	   TimeExecute (s)      :  5291                       
	   TimeSlotBusy (s)     :  5292                       
...
