000 (6052653.000.000) 08/16 22:34:49 Job submitted from host: <188.185.133.2:9618?addrs=188.185.133.2-9618+[2001-1458-d03-2--100-208]-9618&alias=bigbird102.cern.ch&noUDP&sock=schedd_5723_1498>
    DAG Node: C_A02_S3_F0
...
040 (6052653.000.000) 08/16 22:37:52 Started transferring input files
	Transferring to host: <188.185.197.104:9618?addrs=188.185.197.104-9618+[2001-1458-303-24--100-64]-9618&alias=b9p14p5393.cern.ch&noUDP&sock=slot1_5_7570_7fed_23230>
...
040 (6052653.000.000) 08/16 22:37:52 Finished transferring input files
...
001 (6052653.000.000) 08/16 22:37:53 Job executing on host: <188.185.197.104:9618?addrs=188.185.197.104-9618+[2001-1458-303-24--100-64]-9618&alias=b9p14p5393.cern.ch&noUDP&sock=startd_6564_efbe>
	SlotName: slot1_5@b9p14p5393.cern.ch
	CondorScratchDir = "/pool/condor/dir_4115506"
	Cpus = 1
	Disk = 6146812
	GPUs = 0
	Memory = 3000
...
006 (6052653.000.000) 08/16 22:38:01 Image size of job updated: 32396
	32  -  MemoryUsage of job (MB)
	32396  -  ResidentSetSize of job (KB)
...
006 (6052653.000.000) 08/16 22:43:01 Image size of job updated: 94616
	93  -  MemoryUsage of job (MB)
	94616  -  ResidentSetSize of job (KB)
...
006 (6052653.000.000) 08/16 22:48:02 Image size of job updated: 95120
	93  -  MemoryUsage of job (MB)
	95120  -  ResidentSetSize of job (KB)
...
006 (6052653.000.000) 08/16 22:53:02 Image size of job updated: 106652
	105  -  MemoryUsage of job (MB)
	106652  -  ResidentSetSize of job (KB)
...
006 (6052653.000.000) 08/16 22:58:03 Image size of job updated: 106656
	105  -  MemoryUsage of job (MB)
	106656  -  ResidentSetSize of job (KB)
...
006 (6052653.000.000) 08/16 23:03:04 Image size of job updated: 117496
	115  -  MemoryUsage of job (MB)
	117496  -  ResidentSetSize of job (KB)
...
006 (6052653.000.000) 08/16 23:08:04 Image size of job updated: 117500
	115  -  MemoryUsage of job (MB)
	117500  -  ResidentSetSize of job (KB)
...
006 (6052653.000.000) 08/16 23:10:09 Image size of job updated: 117504
	115  -  MemoryUsage of job (MB)
	117500  -  ResidentSetSize of job (KB)
...
040 (6052653.000.000) 08/16 23:10:09 Started transferring output files
...
040 (6052653.000.000) 08/16 23:10:09 Finished transferring output files
...
005 (6052653.000.000) 08/16 23:10:09 Job terminated.
	(1) Normal termination (return value 0)
		Usr 0 00:31:50, Sys 0 00:00:05  -  Run Remote Usage
		Usr 0 00:00:00, Sys 0 00:00:00  -  Run Local Usage
		Usr 0 00:31:50, Sys 0 00:00:05  -  Total Remote Usage
		Usr 0 00:00:00, Sys 0 00:00:00  -  Total Local Usage
	16977  -  Run Bytes Sent By Job
	10088  -  Run Bytes Received By Job
	16977  -  Total Bytes Sent By Job
	10088  -  Total Bytes Received By Job
	Partitionable Resources :    Usage  Request Allocated 
	   Cpus                 :     0.99        1         1 
	   Disk (KB)            : 39678     6144000   6146812 
	   GPUs                 :                           0 
	   Memory (MB)          :   115        3000      3000 
	   TimeExecute (s)      :  1936                       
	   TimeSlotBusy (s)     :  1938                       
...
