000 (6052960.000.000) 08/16 23:52:10 Job submitted from host: <188.185.133.2:9618?addrs=188.185.133.2-9618+[2001-1458-d03-2--100-208]-9618&alias=bigbird102.cern.ch&noUDP&sock=schedd_5723_1498>
    DAG Node: C_A13_S2_F1
...
040 (6052960.000.000) 08/16 23:52:42 Started transferring input files
	Transferring to host: <188.185.197.22:9618?addrs=188.185.197.22-9618+[2001-1458-303-24--100-12]-9618&alias=b9p14p6928.cern.ch&noUDP&sock=slot1_31_3146_6439_23584>
...
040 (6052960.000.000) 08/16 23:52:42 Finished transferring input files
...
001 (6052960.000.000) 08/16 23:52:43 Job executing on host: <188.185.197.22:9618?addrs=188.185.197.22-9618+[2001-1458-303-24--100-12]-9618&alias=b9p14p6928.cern.ch&noUDP&sock=startd_2536_1044>
	SlotName: slot1_31@b9p14p6928.cern.ch
	CondorScratchDir = "/pool/condor/dir_1657464"
	Cpus = 1
	Disk = 6247886
	GPUs = 0
	Memory = 3000
...
006 (6052960.000.000) 08/16 23:52:52 Image size of job updated: 53872
	41  -  MemoryUsage of job (MB)
	41236  -  ResidentSetSize of job (KB)
...
006 (6052960.000.000) 08/16 23:57:53 Image size of job updated: 94560
	93  -  MemoryUsage of job (MB)
	94560  -  ResidentSetSize of job (KB)
...
006 (6052960.000.000) 08/17 00:07:53 Image size of job updated: 94612
	93  -  MemoryUsage of job (MB)
	94612  -  ResidentSetSize of job (KB)
...
006 (6052960.000.000) 08/17 00:12:54 Image size of job updated: 94724
	93  -  MemoryUsage of job (MB)
	94724  -  ResidentSetSize of job (KB)
...
006 (6052960.000.000) 08/17 00:17:54 Image size of job updated: 94892
	93  -  MemoryUsage of job (MB)
	94892  -  ResidentSetSize of job (KB)
...
006 (6052960.000.000) 08/17 00:37:57 Image size of job updated: 95064
	93  -  MemoryUsage of job (MB)
	95064  -  ResidentSetSize of job (KB)
...
006 (6052960.000.000) 08/17 00:42:57 Image size of job updated: 95232
	93  -  MemoryUsage of job (MB)
	95232  -  ResidentSetSize of job (KB)
...
040 (6052960.000.000) 08/17 00:46:02 Started transferring output files
...
040 (6052960.000.000) 08/17 00:46:02 Finished transferring output files
...
005 (6052960.000.000) 08/17 00:46:02 Job terminated.
	(1) Normal termination (return value 0)
		Usr 0 00:52:42, Sys 0 00:00:07  -  Run Remote Usage
		Usr 0 00:00:00, Sys 0 00:00:00  -  Run Local Usage
		Usr 0 00:52:42, Sys 0 00:00:07  -  Total Remote Usage
		Usr 0 00:00:00, Sys 0 00:00:00  -  Total Local Usage
	16921  -  Run Bytes Sent By Job
	10088  -  Run Bytes Received By Job
	16921  -  Total Bytes Sent By Job
	10088  -  Total Bytes Received By Job
	Partitionable Resources :    Usage  Request Allocated 
	   Cpus                 :     0.99        1         1 
	   Disk (KB)            : 39678     6144000   6247886 
	   GPUs                 :                           0 
	   Memory (MB)          :    93        3000      3000 
	   TimeExecute (s)      :  3199                       
	   TimeSlotBusy (s)     :  3200                       
...
