000 (6052795.000.000) 08/16 22:53:53 Job submitted from host: <188.185.133.2:9618?addrs=188.185.133.2-9618+[2001-1458-d03-2--100-208]-9618&alias=bigbird102.cern.ch&noUDP&sock=schedd_5723_1498>
    DAG Node: C_A14_S3_F1
...
040 (6052795.000.000) 08/16 22:56:14 Started transferring input files
	Transferring to host: <188.185.192.87:9618?addrs=188.185.192.87-9618+[2001-1458-303-1f--100-53]-9618&alias=b9p13p5052.cern.ch&noUDP&sock=slot1_29_3471_6226_30170>
...
040 (6052795.000.000) 08/16 22:56:14 Finished transferring input files
...
001 (6052795.000.000) 08/16 22:56:15 Job executing on host: <188.185.192.87:9618?addrs=188.185.192.87-9618+[2001-1458-303-1f--100-53]-9618&alias=b9p13p5052.cern.ch&noUDP&sock=startd_2724_0412>
	SlotName: slot1_29@b9p13p5052.cern.ch
	CondorScratchDir = "/pool/condor/dir_3682355"
	Cpus = 1
	Disk = 6146815
	GPUs = 0
	Memory = 3000
...
006 (6052795.000.000) 08/16 22:56:23 Image size of job updated: 26068
	26  -  MemoryUsage of job (MB)
	26068  -  ResidentSetSize of job (KB)
...
006 (6052795.000.000) 08/16 23:01:23 Image size of job updated: 94420
	93  -  MemoryUsage of job (MB)
	94420  -  ResidentSetSize of job (KB)
...
006 (6052795.000.000) 08/16 23:11:24 Image size of job updated: 94588
	93  -  MemoryUsage of job (MB)
	94588  -  ResidentSetSize of job (KB)
...
006 (6052795.000.000) 08/16 23:16:25 Image size of job updated: 94756
	93  -  MemoryUsage of job (MB)
	94756  -  ResidentSetSize of job (KB)
...
006 (6052795.000.000) 08/16 23:26:25 Image size of job updated: 94924
	93  -  MemoryUsage of job (MB)
	94924  -  ResidentSetSize of job (KB)
...
006 (6052795.000.000) 08/16 23:31:26 Image size of job updated: 95096
	93  -  MemoryUsage of job (MB)
	95096  -  ResidentSetSize of job (KB)
...
040 (6052795.000.000) 08/16 23:36:52 Started transferring output files
...
040 (6052795.000.000) 08/16 23:36:52 Finished transferring output files
...
005 (6052795.000.000) 08/16 23:36:52 Job terminated.
	(1) Normal termination (return value 0)
		Usr 0 00:40:03, Sys 0 00:00:06  -  Run Remote Usage
		Usr 0 00:00:00, Sys 0 00:00:00  -  Run Local Usage
		Usr 0 00:40:03, Sys 0 00:00:06  -  Total Remote Usage
		Usr 0 00:00:00, Sys 0 00:00:00  -  Total Local Usage
	16840  -  Run Bytes Sent By Job
	10088  -  Run Bytes Received By Job
	16840  -  Total Bytes Sent By Job
	10088  -  Total Bytes Received By Job
	Partitionable Resources :    Usage  Request Allocated 
	   Cpus                 :     0.99        1         1 
	   Disk (KB)            : 39677     6144000   6146815 
	   GPUs                 :                           0 
	   Memory (MB)          :    93        3000      3000 
	   TimeExecute (s)      :  2437                       
	   TimeSlotBusy (s)     :  2439                       
...
