000 (6052677.000.000) 08/16 22:37:31 Job submitted from host: <188.185.133.2:9618?addrs=188.185.133.2-9618+[2001-1458-d03-2--100-208]-9618&alias=bigbird102.cern.ch&noUDP&sock=schedd_5723_1498>
    DAG Node: C_A05_S1_F0
...
040 (6052677.000.000) 08/16 22:38:00 Started transferring input files
	Transferring to host: <188.185.192.38:9618?addrs=188.185.192.38-9618+[2001-1458-303-1f--100-22]-9618&alias=b9p13p3236.cern.ch&noUDP&sock=slot1_28_8840_5461_32312>
...
040 (6052677.000.000) 08/16 22:38:00 Finished transferring input files
...
001 (6052677.000.000) 08/16 22:38:01 Job executing on host: <188.185.192.38:9618?addrs=188.185.192.38-9618+[2001-1458-303-1f--100-22]-9618&alias=b9p13p3236.cern.ch&noUDP&sock=startd_7470_608c>
	SlotName: slot1_28@b9p13p3236.cern.ch
	CondorScratchDir = "/pool/condor/dir_1464889"
	Cpus = 1
	Disk = 6146739
	GPUs = 0
	Memory = 3000
...
006 (6052677.000.000) 08/16 22:38:10 Image size of job updated: 28452
	28  -  MemoryUsage of job (MB)
	28452  -  ResidentSetSize of job (KB)
...
006 (6052677.000.000) 08/16 22:43:11 Image size of job updated: 96620
	95  -  MemoryUsage of job (MB)
	96620  -  ResidentSetSize of job (KB)
...
006 (6052677.000.000) 08/16 22:48:11 Image size of job updated: 97128
	95  -  MemoryUsage of job (MB)
	97128  -  ResidentSetSize of job (KB)
...
006 (6052677.000.000) 08/16 22:53:11 Image size of job updated: 108548
	107  -  MemoryUsage of job (MB)
	108548  -  ResidentSetSize of job (KB)
...
006 (6052677.000.000) 08/16 22:58:12 Image size of job updated: 119388
	117  -  MemoryUsage of job (MB)
	119388  -  ResidentSetSize of job (KB)
...
006 (6052677.000.000) 08/16 23:03:12 Image size of job updated: 119392
	117  -  MemoryUsage of job (MB)
	119392  -  ResidentSetSize of job (KB)
...
006 (6052677.000.000) 08/16 23:06:42 Image size of job updated: 119396
	117  -  MemoryUsage of job (MB)
	119392  -  ResidentSetSize of job (KB)
...
040 (6052677.000.000) 08/16 23:06:42 Started transferring output files
...
040 (6052677.000.000) 08/16 23:06:42 Finished transferring output files
...
005 (6052677.000.000) 08/16 23:06:42 Job terminated.
	(1) Normal termination (return value 0)
		Usr 0 00:28:18, Sys 0 00:00:04  -  Run Remote Usage
		Usr 0 00:00:00, Sys 0 00:00:00  -  Run Local Usage
		Usr 0 00:28:18, Sys 0 00:00:04  -  Total Remote Usage
		Usr 0 00:00:00, Sys 0 00:00:00  -  Total Local Usage
	16980  -  Run Bytes Sent By Job
	10088  -  Run Bytes Received By Job
	16980  -  Total Bytes Sent By Job
	10088  -  Total Bytes Received By Job
	Partitionable Resources :    Usage  Request Allocated 
	   Cpus                 :     0.99        1         1 
	   Disk (KB)            : 39678     6144000   6146739 
	   GPUs                 :                           0 
	   Memory (MB)          :   117        3000      3000 
	   TimeExecute (s)      :  1721                       
	   TimeSlotBusy (s)     :  1723                       
...
