000 (6052953.000.000) 08/16 23:47:22 Job submitted from host: <188.185.133.2:9618?addrs=188.185.133.2-9618+[2001-1458-d03-2--100-208]-9618&alias=bigbird102.cern.ch&noUDP&sock=schedd_5723_1498>
    DAG Node: C_A07_S1_F0
...
040 (6052953.000.000) 08/16 23:49:17 Started transferring input files
	Transferring to host: <188.185.197.148:9618?addrs=188.185.197.148-9618+[2001-1458-303-24--100-90]-9618&alias=b9p14p2451.cern.ch&noUDP&sock=slot1_35_7611_634f_23335>
...
040 (6052953.000.000) 08/16 23:49:17 Finished transferring input files
...
001 (6052953.000.000) 08/16 23:49:18 Job executing on host: <188.185.197.148:9618?addrs=188.185.197.148-9618+[2001-1458-303-24--100-90]-9618&alias=b9p14p2451.cern.ch&noUDP&sock=startd_6940_d75a>
	SlotName: slot1_35@b9p14p2451.cern.ch
	CondorScratchDir = "/pool/condor/dir_267570"
	Cpus = 1
	Disk = 6146847
	GPUs = 0
	Memory = 3000
...
006 (6052953.000.000) 08/16 23:49:27 Image size of job updated: 55460
	55  -  MemoryUsage of job (MB)
	55460  -  ResidentSetSize of job (KB)
...
006 (6052953.000.000) 08/16 23:54:28 Image size of job updated: 95056
	93  -  MemoryUsage of job (MB)
	95056  -  ResidentSetSize of job (KB)
...
006 (6052953.000.000) 08/16 23:59:28 Image size of job updated: 106644
	105  -  MemoryUsage of job (MB)
	106644  -  ResidentSetSize of job (KB)
...
006 (6052953.000.000) 08/17 00:04:28 Image size of job updated: 106648
	105  -  MemoryUsage of job (MB)
	106648  -  ResidentSetSize of job (KB)
...
006 (6052953.000.000) 08/17 00:09:29 Image size of job updated: 117488
	115  -  MemoryUsage of job (MB)
	117488  -  ResidentSetSize of job (KB)
...
006 (6052953.000.000) 08/17 00:11:58 Image size of job updated: 117492
	115  -  MemoryUsage of job (MB)
	117488  -  ResidentSetSize of job (KB)
...
040 (6052953.000.000) 08/17 00:11:58 Started transferring output files
...
040 (6052953.000.000) 08/17 00:11:58 Finished transferring output files
...
005 (6052953.000.000) 08/17 00:11:58 Job terminated.
	(1) Normal termination (return value 0)
		Usr 0 00:22:15, Sys 0 00:00:06  -  Run Remote Usage
		Usr 0 00:00:00, Sys 0 00:00:00  -  Run Local Usage
		Usr 0 00:22:15, Sys 0 00:00:06  -  Total Remote Usage
		Usr 0 00:00:00, Sys 0 00:00:00  -  Total Local Usage
	17580  -  Run Bytes Sent By Job
	10088  -  Run Bytes Received By Job
	17580  -  Total Bytes Sent By Job
	10088  -  Total Bytes Received By Job
	Partitionable Resources :    Usage  Request Allocated 
	   Cpus                 :     0.99        1         1 
	   Disk (KB)            : 39680     6144000   6146847 
	   GPUs                 :                           0 
	   Memory (MB)          :   115        3000      3000 
	   TimeExecute (s)      :  1360                       
	   TimeSlotBusy (s)     :  1362                       
...
