000 (6052712.000.000) 08/16 22:42:53 Job submitted from host: <188.185.133.2:9618?addrs=188.185.133.2-9618+[2001-1458-d03-2--100-208]-9618&alias=bigbird102.cern.ch&noUDP&sock=schedd_5723_1498>
    DAG Node: C_A01_S5_F2
...
040 (6052712.000.000) 08/16 22:44:20 Started transferring input files
	Transferring to host: <128.142.196.45:9618?addrs=128.142.196.45-9618+[2001-1458-301-3c--100-2b]-9618&alias=b9g32p2185.cern.ch&noUDP&sock=slot1_1_8750_ea9d_31895>
...
040 (6052712.000.000) 08/16 22:44:20 Finished transferring input files
...
001 (6052712.000.000) 08/16 22:44:21 Job executing on host: <128.142.196.45:9618?addrs=128.142.196.45-9618+[2001-1458-301-3c--100-2b]-9618&alias=b9g32p2185.cern.ch&noUDP&sock=startd_8199_6917>
	SlotName: slot1_1@b9g32p2185.cern.ch
	CondorScratchDir = "/pool/condor/dir_1789448"
	Cpus = 1
	Disk = 6147373
	GPUs = 0
	Memory = 3000
...
006 (6052712.000.000) 08/16 22:44:29 Image size of job updated: 27908
	28  -  MemoryUsage of job (MB)
	27908  -  ResidentSetSize of job (KB)
...
006 (6052712.000.000) 08/16 22:49:29 Image size of job updated: 94708
	93  -  MemoryUsage of job (MB)
	94708  -  ResidentSetSize of job (KB)
...
006 (6052712.000.000) 08/16 23:19:33 Image size of job updated: 94712
	93  -  MemoryUsage of job (MB)
	94712  -  ResidentSetSize of job (KB)
...
006 (6052712.000.000) 08/16 23:29:34 Image size of job updated: 94876
	93  -  MemoryUsage of job (MB)
	94876  -  ResidentSetSize of job (KB)
...
006 (6052712.000.000) 08/16 23:34:34 Image size of job updated: 94928
	93  -  MemoryUsage of job (MB)
	94928  -  ResidentSetSize of job (KB)
...
006 (6052712.000.000) 08/16 23:39:35 Image size of job updated: 95044
	93  -  MemoryUsage of job (MB)
	95044  -  ResidentSetSize of job (KB)
...
006 (6052712.000.000) 08/16 23:49:35 Image size of job updated: 95212
	93  -  MemoryUsage of job (MB)
	95212  -  ResidentSetSize of job (KB)
...
006 (6052712.000.000) 08/16 23:54:36 Image size of job updated: 95384
	94  -  MemoryUsage of job (MB)
	95384  -  ResidentSetSize of job (KB)
...
040 (6052712.000.000) 08/17 00:02:37 Started transferring output files
...
040 (6052712.000.000) 08/17 00:02:37 Finished transferring output files
...
005 (6052712.000.000) 08/17 00:02:37 Job terminated.
	(1) Normal termination (return value 0)
		Usr 0 01:17:15, Sys 0 00:00:08  -  Run Remote Usage
		Usr 0 00:00:00, Sys 0 00:00:00  -  Run Local Usage
		Usr 0 01:17:15, Sys 0 00:00:08  -  Total Remote Usage
		Usr 0 00:00:00, Sys 0 00:00:00  -  Total Local Usage
	16917  -  Run Bytes Sent By Job
	10088  -  Run Bytes Received By Job
	16917  -  Total Bytes Sent By Job
	10088  -  Total Bytes Received By Job
	Partitionable Resources :    Usage  Request Allocated 
	   Cpus                 :     0.99        1         1 
	   Disk (KB)            : 39697     6144000   6147373 
	   GPUs                 :                           0 
	   Memory (MB)          :    94        3000      3000 
	   TimeExecute (s)      :  4696                       
	   TimeSlotBusy (s)     :  4698                       
...
