000 (6052951.000.000) 08/16 23:47:12 Job submitted from host: <188.185.133.2:9618?addrs=188.185.133.2-9618+[2001-1458-d03-2--100-208]-9618&alias=bigbird102.cern.ch&noUDP&sock=schedd_5723_1498>
    DAG Node: C_A07_S6_F1
...
040 (6052951.000.000) 08/16 23:49:16 Started transferring input files
	Transferring to host: <188.185.195.19:9618?addrs=188.185.195.19-9618+[2001-1458-303-22--100-f]-9618&alias=b9p17p5825.cern.ch&noUDP&sock=slot1_36_6053_a2cf_30381>
...
040 (6052951.000.000) 08/16 23:49:16 Finished transferring input files
...
001 (6052951.000.000) 08/16 23:49:17 Job executing on host: <188.185.195.19:9618?addrs=188.185.195.19-9618+[2001-1458-303-22--100-f]-9618&alias=b9p17p5825.cern.ch&noUDP&sock=startd_4957_ab0d>
	SlotName: slot1_36@b9p17p5825.cern.ch
	CondorScratchDir = "/pool/condor/dir_3294774"
	Cpus = 1
	Disk = 6145891
	GPUs = 0
	Memory = 3000
...
006 (6052951.000.000) 08/16 23:49:26 Image size of job updated: 55608
	55  -  MemoryUsage of job (MB)
	55608  -  ResidentSetSize of job (KB)
...
006 (6052951.000.000) 08/16 23:54:27 Image size of job updated: 96940
	95  -  MemoryUsage of job (MB)
	96940  -  ResidentSetSize of job (KB)
...
006 (6052951.000.000) 08/17 00:23:19 Image size of job updated: 97280
	95  -  MemoryUsage of job (MB)
	96940  -  ResidentSetSize of job (KB)
...
040 (6052951.000.000) 08/17 00:23:19 Started transferring output files
...
040 (6052951.000.000) 08/17 00:23:20 Finished transferring output files
...
005 (6052951.000.000) 08/17 00:23:20 Job terminated.
	(1) Normal termination (return value 0)
		Usr 0 00:33:38, Sys 0 00:00:06  -  Run Remote Usage
		Usr 0 00:00:00, Sys 0 00:00:00  -  Run Local Usage
		Usr 0 00:33:38, Sys 0 00:00:06  -  Total Remote Usage
		Usr 0 00:00:00, Sys 0 00:00:00  -  Total Local Usage
	17437  -  Run Bytes Sent By Job
	10088  -  Run Bytes Received By Job
	17437  -  Total Bytes Sent By Job
	10088  -  Total Bytes Received By Job
	Partitionable Resources :    Usage  Request Allocated 
	   Cpus                 :     0.99        1         1 
	   Disk (KB)            : 39679     6144000   6145891 
	   GPUs                 :                           0 
	   Memory (MB)          :    95        3000      3000 
	   TimeExecute (s)      :  2042                       
	   TimeSlotBusy (s)     :  2044                       
...
