000 (6052804.000.000) 08/16 22:55:59 Job submitted from host: <188.185.133.2:9618?addrs=188.185.133.2-9618+[2001-1458-d03-2--100-208]-9618&alias=bigbird102.cern.ch&noUDP&sock=schedd_5723_1498>
    DAG Node: C_A14_S4_F1
...
040 (6052804.000.000) 08/16 22:56:17 Started transferring input files
	Transferring to host: <188.185.193.159:9618?addrs=188.185.193.159-9618+[2001-1458-303-20--100-9b]-9618&alias=b9p19p7480.cern.ch&noUDP&sock=slot1_19_3552_748a_32822>
...
040 (6052804.000.000) 08/16 22:56:17 Finished transferring input files
...
001 (6052804.000.000) 08/16 22:56:18 Job executing on host: <188.185.193.159:9618?addrs=188.185.193.159-9618+[2001-1458-303-20--100-9b]-9618&alias=b9p19p7480.cern.ch&noUDP&sock=startd_2874_e747>
	SlotName: slot1_19@b9p19p7480.cern.ch
	CondorScratchDir = "/pool/condor/dir_1523736"
	Cpus = 1
	Disk = 6146828
	GPUs = 0
	Memory = 3000
...
006 (6052804.000.000) 08/16 22:56:27 Image size of job updated: 32400
	32  -  MemoryUsage of job (MB)
	32400  -  ResidentSetSize of job (KB)
...
006 (6052804.000.000) 08/16 23:01:28 Image size of job updated: 94568
	93  -  MemoryUsage of job (MB)
	94568  -  ResidentSetSize of job (KB)
...
006 (6052804.000.000) 08/16 23:11:29 Image size of job updated: 94732
	93  -  MemoryUsage of job (MB)
	94732  -  ResidentSetSize of job (KB)
...
006 (6052804.000.000) 08/16 23:16:30 Image size of job updated: 94788
	93  -  MemoryUsage of job (MB)
	94788  -  ResidentSetSize of job (KB)
...
006 (6052804.000.000) 08/16 23:21:30 Image size of job updated: 94900
	93  -  MemoryUsage of job (MB)
	94900  -  ResidentSetSize of job (KB)
...
006 (6052804.000.000) 08/16 23:26:31 Image size of job updated: 95072
	93  -  MemoryUsage of job (MB)
	95072  -  ResidentSetSize of job (KB)
...
006 (6052804.000.000) 08/16 23:31:31 Image size of job updated: 95240
	94  -  MemoryUsage of job (MB)
	95240  -  ResidentSetSize of job (KB)
...
040 (6052804.000.000) 08/16 23:36:01 Started transferring output files
...
040 (6052804.000.000) 08/16 23:36:01 Finished transferring output files
...
005 (6052804.000.000) 08/16 23:36:01 Job terminated.
	(1) Normal termination (return value 0)
		Usr 0 00:38:51, Sys 0 00:00:13  -  Run Remote Usage
		Usr 0 00:00:00, Sys 0 00:00:00  -  Run Local Usage
		Usr 0 00:38:51, Sys 0 00:00:13  -  Total Remote Usage
		Usr 0 00:00:00, Sys 0 00:00:00  -  Total Local Usage
	16841  -  Run Bytes Sent By Job
	10088  -  Run Bytes Received By Job
	16841  -  Total Bytes Sent By Job
	10088  -  Total Bytes Received By Job
	Partitionable Resources :    Usage  Request Allocated 
	   Cpus                 :     0.99        1         1 
	   Disk (KB)            : 39677     6144000   6146828 
	   GPUs                 :                           0 
	   Memory (MB)          :    94        3000      3000 
	   TimeExecute (s)      :  2383                       
	   TimeSlotBusy (s)     :  2385                       
...
