000 (6052723.000.000) 08/16 22:45:11 Job submitted from host: <188.185.133.2:9618?addrs=188.185.133.2-9618+[2001-1458-d03-2--100-208]-9618&alias=bigbird102.cern.ch&noUDP&sock=schedd_5723_1498>
    DAG Node: C_A10_S6_F1
...
040 (6052723.000.000) 08/16 22:45:28 Started transferring input files
	Transferring to host: <128.142.162.42:9618?addrs=128.142.162.42-9618+[2001-1458-301-7b--100-23]-9618&alias=b9g42p1022.cern.ch&noUDP&sock=slot1_20_3916_ed18_22961>
...
040 (6052723.000.000) 08/16 22:45:28 Finished transferring input files
...
001 (6052723.000.000) 08/16 22:45:29 Job executing on host: <128.142.162.42:9618?addrs=128.142.162.42-9618+[2001-1458-301-7b--100-23]-9618&alias=b9g42p1022.cern.ch&noUDP&sock=startd_3569_9d99>
	SlotName: slot1_20@b9g42p1022.cern.ch
	CondorScratchDir = "/pool/condor/dir_3300998"
	Cpus = 1
	Disk = 6146764
	GPUs = 0
	Memory = 3000
...
006 (6052723.000.000) 08/16 22:45:37 Image size of job updated: 17140
	17  -  MemoryUsage of job (MB)
	17140  -  ResidentSetSize of job (KB)
...
006 (6052723.000.000) 08/16 22:50:37 Image size of job updated: 96244
	94  -  MemoryUsage of job (MB)
	96244  -  ResidentSetSize of job (KB)
...
006 (6052723.000.000) 08/16 23:05:39 Image size of job updated: 96408
	95  -  MemoryUsage of job (MB)
	96408  -  ResidentSetSize of job (KB)
...
006 (6052723.000.000) 08/16 23:10:40 Image size of job updated: 96576
	95  -  MemoryUsage of job (MB)
	96576  -  ResidentSetSize of job (KB)
...
006 (6052723.000.000) 08/16 23:20:40 Image size of job updated: 96580
	95  -  MemoryUsage of job (MB)
	96580  -  ResidentSetSize of job (KB)
...
006 (6052723.000.000) 08/16 23:25:41 Image size of job updated: 96748
	95  -  MemoryUsage of job (MB)
	96748  -  ResidentSetSize of job (KB)
...
006 (6052723.000.000) 08/16 23:30:41 Image size of job updated: 96916
	95  -  MemoryUsage of job (MB)
	96916  -  ResidentSetSize of job (KB)
...
040 (6052723.000.000) 08/16 23:32:28 Started transferring output files
...
040 (6052723.000.000) 08/16 23:32:28 Finished transferring output files
...
005 (6052723.000.000) 08/16 23:32:29 Job terminated.
	(1) Normal termination (return value 0)
		Usr 0 00:45:30, Sys 0 00:00:08  -  Run Remote Usage
		Usr 0 00:00:00, Sys 0 00:00:00  -  Run Local Usage
		Usr 0 00:45:30, Sys 0 00:00:08  -  Total Remote Usage
		Usr 0 00:00:00, Sys 0 00:00:00  -  Total Local Usage
	16841  -  Run Bytes Sent By Job
	10088  -  Run Bytes Received By Job
	16841  -  Total Bytes Sent By Job
	10088  -  Total Bytes Received By Job
	Partitionable Resources :    Usage  Request Allocated 
	   Cpus                 :     0.98        1         1 
	   Disk (KB)            : 39636     6144000   6146764 
	   GPUs                 :                           0 
	   Memory (MB)          :    95        3000      3000 
	   TimeExecute (s)      :  2819                       
	   TimeSlotBusy (s)     :  2822                       
...
