000 (6052892.000.000) 08/16 23:30:24 Job submitted from host: <188.185.133.2:9618?addrs=188.185.133.2-9618+[2001-1458-d03-2--100-208]-9618&alias=bigbird102.cern.ch&noUDP&sock=schedd_5723_1498>
    DAG Node: C_A06_S0_F2
...
040 (6052892.000.000) 08/16 23:31:16 Started transferring input files
	Transferring to host: <188.185.193.12:9618?addrs=188.185.193.12-9618+[2001-1458-303-20--100-8]-9618&alias=b9p19p6611.cern.ch&noUDP&sock=slot1_35_3385_c9e3_31239>
...
040 (6052892.000.000) 08/16 23:31:16 Finished transferring input files
...
001 (6052892.000.000) 08/16 23:31:17 Job executing on host: <188.185.193.12:9618?addrs=188.185.193.12-9618+[2001-1458-303-20--100-8]-9618&alias=b9p19p6611.cern.ch&noUDP&sock=startd_2695_1fd3>
	SlotName: slot1_35@b9p19p6611.cern.ch
	CondorScratchDir = "/pool/condor/dir_1096364"
	Cpus = 1
	Disk = 6151583
	GPUs = 0
	Memory = 3000
...
006 (6052892.000.000) 08/16 23:31:25 Image size of job updated: 41268
	41  -  MemoryUsage of job (MB)
	41268  -  ResidentSetSize of job (KB)
...
006 (6052892.000.000) 08/16 23:36:25 Image size of job updated: 90420
	89  -  MemoryUsage of job (MB)
	90420  -  ResidentSetSize of job (KB)
...
006 (6052892.000.000) 08/17 01:06:34 Image size of job updated: 90584
	89  -  MemoryUsage of job (MB)
	90584  -  ResidentSetSize of job (KB)
...
006 (6052892.000.000) 08/17 01:16:36 Image size of job updated: 90588
	89  -  MemoryUsage of job (MB)
	90588  -  ResidentSetSize of job (KB)
...
006 (6052892.000.000) 08/17 01:21:36 Image size of job updated: 90640
	89  -  MemoryUsage of job (MB)
	90640  -  ResidentSetSize of job (KB)
...
006 (6052892.000.000) 08/17 01:26:37 Image size of job updated: 90752
	89  -  MemoryUsage of job (MB)
	90752  -  ResidentSetSize of job (KB)
...
006 (6052892.000.000) 08/17 01:51:39 Image size of job updated: 90924
	89  -  MemoryUsage of job (MB)
	90924  -  ResidentSetSize of job (KB)
...
006 (6052892.000.000) 08/17 01:56:40 Image size of job updated: 91092
	89  -  MemoryUsage of job (MB)
	91092  -  ResidentSetSize of job (KB)
...
040 (6052892.000.000) 08/17 02:14:36 Started transferring output files
...
040 (6052892.000.000) 08/17 02:14:36 Finished transferring output files
...
005 (6052892.000.000) 08/17 02:14:36 Job terminated.
	(1) Normal termination (return value 0)
		Usr 0 02:41:25, Sys 0 00:00:14  -  Run Remote Usage
		Usr 0 00:00:00, Sys 0 00:00:00  -  Run Local Usage
		Usr 0 02:41:25, Sys 0 00:00:14  -  Total Remote Usage
		Usr 0 00:00:00, Sys 0 00:00:00  -  Total Local Usage
	17669  -  Run Bytes Sent By Job
	10088  -  Run Bytes Received By Job
	17669  -  Total Bytes Sent By Job
	10088  -  Total Bytes Received By Job
	Partitionable Resources :    Usage  Request Allocated 
	   Cpus                 :     0.99        1         1 
	   Disk (KB)            : 39681     6144000   6151583 
	   GPUs                 :                           0 
	   Memory (MB)          :    89        3000      3000 
	   TimeExecute (s)      :  9798                       
	   TimeSlotBusy (s)     :  9800                       
...
