000 (6052895.000.000) 08/16 23:30:39 Job submitted from host: <188.185.133.2:9618?addrs=188.185.133.2-9618+[2001-1458-d03-2--100-208]-9618&alias=bigbird102.cern.ch&noUDP&sock=schedd_5723_1498>
    DAG Node: C_A11_S3_F2
...
040 (6052895.000.000) 08/16 23:32:31 Started transferring input files
	Transferring to host: <128.142.162.42:9618?addrs=128.142.162.42-9618+[2001-1458-301-7b--100-23]-9618&alias=b9g42p1022.cern.ch&noUDP&sock=slot1_20_3916_ed18_22996>
...
040 (6052895.000.000) 08/16 23:32:31 Finished transferring input files
...
001 (6052895.000.000) 08/16 23:32:32 Job executing on host: <128.142.162.42:9618?addrs=128.142.162.42-9618+[2001-1458-301-7b--100-23]-9618&alias=b9g42p1022.cern.ch&noUDP&sock=startd_3569_9d99>
	SlotName: slot1_20@b9g42p1022.cern.ch
	CondorScratchDir = "/pool/condor/dir_3324869"
	Cpus = 1
	Disk = 6200612
	GPUs = 0
	Memory = 3000
...
006 (6052895.000.000) 08/16 23:32:40 Image size of job updated: 61448
	61  -  MemoryUsage of job (MB)
	61448  -  ResidentSetSize of job (KB)
...
006 (6052895.000.000) 08/16 23:37:40 Image size of job updated: 96156
	94  -  MemoryUsage of job (MB)
	96156  -  ResidentSetSize of job (KB)
...
006 (6052895.000.000) 08/17 01:12:50 Image size of job updated: 96408
	95  -  MemoryUsage of job (MB)
	96408  -  ResidentSetSize of job (KB)
...
006 (6052895.000.000) 08/17 01:22:50 Image size of job updated: 96412
	95  -  MemoryUsage of job (MB)
	96412  -  ResidentSetSize of job (KB)
...
006 (6052895.000.000) 08/17 01:27:51 Image size of job updated: 96576
	95  -  MemoryUsage of job (MB)
	96576  -  ResidentSetSize of job (KB)
...
006 (6052895.000.000) 08/17 01:52:54 Image size of job updated: 96800
	95  -  MemoryUsage of job (MB)
	96800  -  ResidentSetSize of job (KB)
...
006 (6052895.000.000) 08/17 01:57:54 Image size of job updated: 96916
	95  -  MemoryUsage of job (MB)
	96916  -  ResidentSetSize of job (KB)
...
040 (6052895.000.000) 08/17 02:10:26 Started transferring output files
...
040 (6052895.000.000) 08/17 02:10:26 Finished transferring output files
...
005 (6052895.000.000) 08/17 02:10:26 Job terminated.
	(1) Normal termination (return value 0)
		Usr 0 02:35:32, Sys 0 00:00:15  -  Run Remote Usage
		Usr 0 00:00:00, Sys 0 00:00:00  -  Run Local Usage
		Usr 0 02:35:32, Sys 0 00:00:15  -  Total Remote Usage
		Usr 0 00:00:00, Sys 0 00:00:00  -  Total Local Usage
	17669  -  Run Bytes Sent By Job
	10088  -  Run Bytes Received By Job
	17669  -  Total Bytes Sent By Job
	10088  -  Total Bytes Received By Job
	Partitionable Resources :    Usage  Request Allocated 
	   Cpus                 :     0.98        1         1 
	   Disk (KB)            : 39640     6144000   6200612 
	   GPUs                 :                           0 
	   Memory (MB)          :    95        3000      3000 
	   TimeExecute (s)      :  9474                       
	   TimeSlotBusy (s)     :  9476                       
...
