000 (6052687.000.000) 08/16 22:38:39 Job submitted from host: <188.185.133.2:9618?addrs=188.185.133.2-9618+[2001-1458-d03-2--100-208]-9618&alias=bigbird102.cern.ch&noUDP&sock=schedd_5723_1498>
    DAG Node: C_A01_S6_F1
...
040 (6052687.000.000) 08/16 22:39:10 Started transferring input files
	Transferring to host: <128.142.248.50:9618?addrs=128.142.248.50-9618+[2001-1458-301-73--100-122]-9618&alias=b9g23p3705.cern.ch&noUDP&sock=slot1_21_6537_a863_23312>
...
040 (6052687.000.000) 08/16 22:39:10 Finished transferring input files
...
001 (6052687.000.000) 08/16 22:39:11 Job executing on host: <128.142.248.50:9618?addrs=128.142.248.50-9618+[2001-1458-301-73--100-122]-9618&alias=b9g23p3705.cern.ch&noUDP&sock=startd_5254_62ad>
	SlotName: slot1_21@b9g23p3705.cern.ch
	CondorScratchDir = "/pool/condor/dir_878969"
	Cpus = 1
	Disk = 6146819
	GPUs = 0
	Memory = 3000
...
006 (6052687.000.000) 08/16 22:39:19 Image size of job updated: 33616
	33  -  MemoryUsage of job (MB)
	33616  -  ResidentSetSize of job (KB)
...
006 (6052687.000.000) 08/16 22:44:19 Image size of job updated: 94416
	93  -  MemoryUsage of job (MB)
	94416  -  ResidentSetSize of job (KB)
...
006 (6052687.000.000) 08/16 22:54:20 Image size of job updated: 94420
	93  -  MemoryUsage of job (MB)
	94420  -  ResidentSetSize of job (KB)
...
006 (6052687.000.000) 08/16 22:59:20 Image size of job updated: 94584
	93  -  MemoryUsage of job (MB)
	94584  -  ResidentSetSize of job (KB)
...
006 (6052687.000.000) 08/16 23:04:21 Image size of job updated: 94752
	93  -  MemoryUsage of job (MB)
	94752  -  ResidentSetSize of job (KB)
...
006 (6052687.000.000) 08/16 23:09:21 Image size of job updated: 95092
	93  -  MemoryUsage of job (MB)
	95092  -  ResidentSetSize of job (KB)
...
040 (6052687.000.000) 08/16 23:12:40 Started transferring output files
...
040 (6052687.000.000) 08/16 23:12:40 Finished transferring output files
...
005 (6052687.000.000) 08/16 23:12:40 Job terminated.
	(1) Normal termination (return value 0)
		Usr 0 00:33:05, Sys 0 00:00:05  -  Run Remote Usage
		Usr 0 00:00:00, Sys 0 00:00:00  -  Run Local Usage
		Usr 0 00:33:05, Sys 0 00:00:05  -  Total Remote Usage
		Usr 0 00:00:00, Sys 0 00:00:00  -  Total Local Usage
	16912  -  Run Bytes Sent By Job
	10088  -  Run Bytes Received By Job
	16912  -  Total Bytes Sent By Job
	10088  -  Total Bytes Received By Job
	Partitionable Resources :    Usage  Request Allocated 
	   Cpus                 :     0.99        1         1 
	   Disk (KB)            : 39677     6144000   6146819 
	   GPUs                 :                           0 
	   Memory (MB)          :    93        3000      3000 
	   TimeExecute (s)      :  2009                       
	   TimeSlotBusy (s)     :  2011                       
...
