000 (6052859.000.000) 08/16 23:11:41 Job submitted from host: <188.185.133.2:9618?addrs=188.185.133.2-9618+[2001-1458-d03-2--100-208]-9618&alias=bigbird102.cern.ch&noUDP&sock=schedd_5723_1498>
    DAG Node: C_A09_S6_F2
...
040 (6052859.000.000) 08/16 23:12:03 Started transferring input files
	Transferring to host: <188.185.215.145:9618?addrs=188.185.215.145-9618+[2001-1458-303-26--100-d]-9618&alias=b9p18p5150.cern.ch&noUDP&sock=slot1_19_7757_4215_22946>
...
040 (6052859.000.000) 08/16 23:12:03 Finished transferring input files
...
001 (6052859.000.000) 08/16 23:12:04 Job executing on host: <188.185.215.145:9618?addrs=188.185.215.145-9618+[2001-1458-303-26--100-d]-9618&alias=b9p18p5150.cern.ch&noUDP&sock=startd_6882_0edc>
	SlotName: slot1_19@b9p18p5150.cern.ch
	CondorScratchDir = "/pool/condor/dir_2245271"
	Cpus = 1
	Disk = 6146838
	GPUs = 0
	Memory = 3000
...
006 (6052859.000.000) 08/16 23:12:12 Image size of job updated: 26288
	26  -  MemoryUsage of job (MB)
	26288  -  ResidentSetSize of job (KB)
...
006 (6052859.000.000) 08/16 23:17:12 Image size of job updated: 96596
	95  -  MemoryUsage of job (MB)
	96596  -  ResidentSetSize of job (KB)
...
006 (6052859.000.000) 08/17 00:22:18 Image size of job updated: 96760
	95  -  MemoryUsage of job (MB)
	96760  -  ResidentSetSize of job (KB)
...
006 (6052859.000.000) 08/17 00:37:20 Image size of job updated: 96812
	95  -  MemoryUsage of job (MB)
	96812  -  ResidentSetSize of job (KB)
...
006 (6052859.000.000) 08/17 00:42:21 Image size of job updated: 96928
	95  -  MemoryUsage of job (MB)
	96928  -  ResidentSetSize of job (KB)
...
006 (6052859.000.000) 08/17 01:12:23 Image size of job updated: 97096
	95  -  MemoryUsage of job (MB)
	97096  -  ResidentSetSize of job (KB)
...
006 (6052859.000.000) 08/17 01:17:24 Image size of job updated: 97268
	95  -  MemoryUsage of job (MB)
	97268  -  ResidentSetSize of job (KB)
...
040 (6052859.000.000) 08/17 01:34:33 Started transferring output files
...
040 (6052859.000.000) 08/17 01:34:33 Finished transferring output files
...
005 (6052859.000.000) 08/17 01:34:33 Job terminated.
	(1) Normal termination (return value 0)
		Usr 0 02:21:07, Sys 0 00:00:11  -  Run Remote Usage
		Usr 0 00:00:00, Sys 0 00:00:00  -  Run Local Usage
		Usr 0 02:21:07, Sys 0 00:00:11  -  Total Remote Usage
		Usr 0 00:00:00, Sys 0 00:00:00  -  Total Local Usage
	16917  -  Run Bytes Sent By Job
	10088  -  Run Bytes Received By Job
	16917  -  Total Bytes Sent By Job
	10088  -  Total Bytes Received By Job
	Partitionable Resources :    Usage  Request Allocated 
	   Cpus                 :     0.99        1         1 
	   Disk (KB)            : 39677     6144000   6146838 
	   GPUs                 :                           0 
	   Memory (MB)          :    95        3000      3000 
	   TimeExecute (s)      :  8549                       
	   TimeSlotBusy (s)     :  8552                       
...
