000 (6052743.000.000) 08/16 22:47:04 Job submitted from host: <188.185.133.2:9618?addrs=188.185.133.2-9618+[2001-1458-d03-2--100-208]-9618&alias=bigbird102.cern.ch&noUDP&sock=schedd_5723_1498>
    DAG Node: C_A10_S1_F0
...
040 (6052743.000.000) 08/16 22:49:16 Started transferring input files
	Transferring to host: <188.185.207.149:9618?addrs=188.185.207.149-9618+[2001-1458-303-e--100-12]-9618&alias=b9p08p1041.cern.ch&noUDP&sock=slot1_14_6894_3251_27735>
...
040 (6052743.000.000) 08/16 22:49:16 Finished transferring input files
...
001 (6052743.000.000) 08/16 22:49:17 Job executing on host: <188.185.207.149:9618?addrs=188.185.207.149-9618+[2001-1458-303-e--100-12]-9618&alias=b9p08p1041.cern.ch&noUDP&sock=startd_6157_c4b3>
	SlotName: slot1_14@b9p08p1041.cern.ch
	CondorScratchDir = "/pool/condor/dir_3826805"
	Cpus = 1
	Disk = 6146568
	GPUs = 0
	Memory = 3000
...
006 (6052743.000.000) 08/16 22:49:25 Image size of job updated: 1212
	2  -  MemoryUsage of job (MB)
	1212  -  ResidentSetSize of job (KB)
...
006 (6052743.000.000) 08/16 22:54:25 Image size of job updated: 95216
	93  -  MemoryUsage of job (MB)
	95216  -  ResidentSetSize of job (KB)
...
006 (6052743.000.000) 08/16 22:59:26 Image size of job updated: 106972
	105  -  MemoryUsage of job (MB)
	106972  -  ResidentSetSize of job (KB)
...
006 (6052743.000.000) 08/16 23:04:26 Image size of job updated: 106976
	105  -  MemoryUsage of job (MB)
	106976  -  ResidentSetSize of job (KB)
...
006 (6052743.000.000) 08/16 23:09:27 Image size of job updated: 117816
	116  -  MemoryUsage of job (MB)
	117816  -  ResidentSetSize of job (KB)
...
006 (6052743.000.000) 08/16 23:14:27 Image size of job updated: 117820
	116  -  MemoryUsage of job (MB)
	117820  -  ResidentSetSize of job (KB)
...
006 (6052743.000.000) 08/16 23:17:35 Image size of job updated: 117824
	116  -  MemoryUsage of job (MB)
	117820  -  ResidentSetSize of job (KB)
...
040 (6052743.000.000) 08/16 23:17:35 Started transferring output files
...
040 (6052743.000.000) 08/16 23:17:35 Finished transferring output files
...
005 (6052743.000.000) 08/16 23:17:35 Job terminated.
	(1) Normal termination (return value 0)
		Usr 0 00:25:17, Sys 0 00:00:07  -  Run Remote Usage
		Usr 0 00:00:00, Sys 0 00:00:00  -  Run Local Usage
		Usr 0 00:25:17, Sys 0 00:00:07  -  Total Remote Usage
		Usr 0 00:00:00, Sys 0 00:00:00  -  Total Local Usage
	16985  -  Run Bytes Sent By Job
	10088  -  Run Bytes Received By Job
	16985  -  Total Bytes Sent By Job
	10088  -  Total Bytes Received By Job
	Partitionable Resources :    Usage  Request Allocated 
	   Cpus                 :     0.92        1         1 
	   Disk (KB)            : 39796     6144000   6146568 
	   GPUs                 :                           0 
	   Memory (MB)          :   116        3000      3000 
	   TimeExecute (s)      :  1698                       
	   TimeSlotBusy (s)     :  1701                       
...
