000 (6052659.000.000) 08/16 22:35:39 Job submitted from host: <188.185.133.2:9618?addrs=188.185.133.2-9618+[2001-1458-d03-2--100-208]-9618&alias=bigbird102.cern.ch&noUDP&sock=schedd_5723_1498>
    DAG Node: C_A02_S5_F0
...
040 (6052659.000.000) 08/16 22:37:54 Started transferring input files
	Transferring to host: <188.185.196.71:9618?addrs=188.185.196.71-9618+[2001-1458-303-23--100-43]-9618&alias=b9p16p0802.cern.ch&noUDP&sock=slot1_32_4362_2c6a_29432>
...
040 (6052659.000.000) 08/16 22:37:54 Finished transferring input files
...
001 (6052659.000.000) 08/16 22:37:55 Job executing on host: <188.185.196.71:9618?addrs=188.185.196.71-9618+[2001-1458-303-23--100-43]-9618&alias=b9p16p0802.cern.ch&noUDP&sock=startd_3301_ca37>
	SlotName: slot1_32@b9p16p0802.cern.ch
	CondorScratchDir = "/pool/condor/dir_2904498"
	Cpus = 1
	Disk = 6146837
	GPUs = 0
	Memory = 3000
...
006 (6052659.000.000) 08/16 22:38:03 Image size of job updated: 27560
	27  -  MemoryUsage of job (MB)
	27560  -  ResidentSetSize of job (KB)
...
006 (6052659.000.000) 08/16 22:43:03 Image size of job updated: 94572
	93  -  MemoryUsage of job (MB)
	94572  -  ResidentSetSize of job (KB)
...
006 (6052659.000.000) 08/16 22:48:04 Image size of job updated: 94904
	93  -  MemoryUsage of job (MB)
	94904  -  ResidentSetSize of job (KB)
...
006 (6052659.000.000) 08/16 22:53:04 Image size of job updated: 106660
	105  -  MemoryUsage of job (MB)
	106660  -  ResidentSetSize of job (KB)
...
006 (6052659.000.000) 08/16 23:03:06 Image size of job updated: 106664
	105  -  MemoryUsage of job (MB)
	106664  -  ResidentSetSize of job (KB)
...
006 (6052659.000.000) 08/16 23:08:06 Image size of job updated: 117504
	115  -  MemoryUsage of job (MB)
	117504  -  ResidentSetSize of job (KB)
...
006 (6052659.000.000) 08/16 23:18:07 Image size of job updated: 117512
	115  -  MemoryUsage of job (MB)
	117512  -  ResidentSetSize of job (KB)
...
040 (6052659.000.000) 08/16 23:20:21 Started transferring output files
...
040 (6052659.000.000) 08/16 23:20:21 Finished transferring output files
...
005 (6052659.000.000) 08/16 23:20:21 Job terminated.
	(1) Normal termination (return value 0)
		Usr 0 00:41:54, Sys 0 00:00:05  -  Run Remote Usage
		Usr 0 00:00:00, Sys 0 00:00:00  -  Run Local Usage
		Usr 0 00:41:54, Sys 0 00:00:05  -  Total Remote Usage
		Usr 0 00:00:00, Sys 0 00:00:00  -  Total Local Usage
	16978  -  Run Bytes Sent By Job
	10088  -  Run Bytes Received By Job
	16978  -  Total Bytes Sent By Job
	10088  -  Total Bytes Received By Job
	Partitionable Resources :    Usage  Request Allocated 
	   Cpus                 :     0.99        1         1 
	   Disk (KB)            : 39678     6144000   6146837 
	   GPUs                 :                           0 
	   Memory (MB)          :   115        3000      3000 
	   TimeExecute (s)      :  2546                       
	   TimeSlotBusy (s)     :  2548                       
...
