000 (6052780.000.000) 08/16 22:52:07 Job submitted from host: <188.185.133.2:9618?addrs=188.185.133.2-9618+[2001-1458-d03-2--100-208]-9618&alias=bigbird102.cern.ch&noUDP&sock=schedd_5723_1498>
    DAG Node: C_A04_S7_F1
...
040 (6052780.000.000) 08/16 22:52:23 Started transferring input files
	Transferring to host: <188.185.195.162:9618?addrs=188.185.195.162-9618+[2001-1458-303-22--100-9e]-9618&alias=b9p17p4729.cern.ch&noUDP&sock=slot1_34_6575_6ea4_31572>
...
040 (6052780.000.000) 08/16 22:52:23 Finished transferring input files
...
001 (6052780.000.000) 08/16 22:52:24 Job executing on host: <188.185.195.162:9618?addrs=188.185.195.162-9618+[2001-1458-303-22--100-9e]-9618&alias=b9p17p4729.cern.ch&noUDP&sock=startd_5745_2bae>
	SlotName: slot1_34@b9p17p4729.cern.ch
	CondorScratchDir = "/pool/condor/dir_2837512"
	Cpus = 1
	Disk = 6144185
	GPUs = 0
	Memory = 3000
...
006 (6052780.000.000) 08/16 22:52:32 Image size of job updated: 57596
	57  -  MemoryUsage of job (MB)
	57596  -  ResidentSetSize of job (KB)
...
006 (6052780.000.000) 08/16 22:57:32 Image size of job updated: 94572
	93  -  MemoryUsage of job (MB)
	94572  -  ResidentSetSize of job (KB)
...
006 (6052780.000.000) 08/16 23:12:34 Image size of job updated: 94736
	93  -  MemoryUsage of job (MB)
	94736  -  ResidentSetSize of job (KB)
...
006 (6052780.000.000) 08/16 23:17:35 Image size of job updated: 94904
	93  -  MemoryUsage of job (MB)
	94904  -  ResidentSetSize of job (KB)
...
006 (6052780.000.000) 08/16 23:22:35 Image size of job updated: 95244
	94  -  MemoryUsage of job (MB)
	95244  -  ResidentSetSize of job (KB)
...
040 (6052780.000.000) 08/16 23:27:48 Started transferring output files
...
040 (6052780.000.000) 08/16 23:27:48 Finished transferring output files
...
005 (6052780.000.000) 08/16 23:27:48 Job terminated.
	(1) Normal termination (return value 0)
		Usr 0 00:35:04, Sys 0 00:00:05  -  Run Remote Usage
		Usr 0 00:00:00, Sys 0 00:00:00  -  Run Local Usage
		Usr 0 00:35:04, Sys 0 00:00:05  -  Total Remote Usage
		Usr 0 00:00:00, Sys 0 00:00:00  -  Total Local Usage
	16912  -  Run Bytes Sent By Job
	10088  -  Run Bytes Received By Job
	16912  -  Total Bytes Sent By Job
	10088  -  Total Bytes Received By Job
	Partitionable Resources :    Usage  Request Allocated 
	   Cpus                 :     0.99        1         1 
	   Disk (KB)            : 39678     6144000   6144185 
	   GPUs                 :                           0 
	   Memory (MB)          :    94        3000      3000 
	   TimeExecute (s)      :  2124                       
	   TimeSlotBusy (s)     :  2125                       
...
