000 (6052733.000.000) 08/16 22:45:53 Job submitted from host: <188.185.133.2:9618?addrs=188.185.133.2-9618+[2001-1458-d03-2--100-208]-9618&alias=bigbird102.cern.ch&noUDP&sock=schedd_5723_1498>
    DAG Node: C_A10_S3_F2
...
040 (6052733.000.000) 08/16 22:49:16 Started transferring input files
	Transferring to host: <188.185.192.41:9618?addrs=188.185.192.41-9618+[2001-1458-303-1f--100-25]-9618&alias=b9p13p1507.cern.ch&noUDP&sock=slot1_7_1113316_9652_30494>
...
040 (6052733.000.000) 08/16 22:49:16 Finished transferring input files
...
001 (6052733.000.000) 08/16 22:49:17 Job executing on host: <188.185.192.41:9618?addrs=188.185.192.41-9618+[2001-1458-303-1f--100-25]-9618&alias=b9p13p1507.cern.ch&noUDP&sock=startd_6341_fa20>
	SlotName: slot1_7@b9p13p1507.cern.ch
	CondorScratchDir = "/pool/condor/dir_2676333"
	Cpus = 1
	Disk = 6146805
	GPUs = 0
	Memory = 3000
...
006 (6052733.000.000) 08/16 22:49:25 Image size of job updated: 19196
	19  -  MemoryUsage of job (MB)
	19196  -  ResidentSetSize of job (KB)
...
006 (6052733.000.000) 08/16 22:54:25 Image size of job updated: 97784
	93  -  MemoryUsage of job (MB)
	94416  -  ResidentSetSize of job (KB)
...
006 (6052733.000.000) 08/16 23:24:29 Image size of job updated: 97784
	93  -  MemoryUsage of job (MB)
	94420  -  ResidentSetSize of job (KB)
...
006 (6052733.000.000) 08/16 23:34:30 Image size of job updated: 97784
	93  -  MemoryUsage of job (MB)
	94472  -  ResidentSetSize of job (KB)
...
006 (6052733.000.000) 08/16 23:39:31 Image size of job updated: 97784
	93  -  MemoryUsage of job (MB)
	94584  -  ResidentSetSize of job (KB)
...
006 (6052733.000.000) 08/16 23:49:32 Image size of job updated: 97784
	93  -  MemoryUsage of job (MB)
	94636  -  ResidentSetSize of job (KB)
...
006 (6052733.000.000) 08/16 23:54:32 Image size of job updated: 97784
	93  -  MemoryUsage of job (MB)
	94752  -  ResidentSetSize of job (KB)
...
006 (6052733.000.000) 08/17 00:19:35 Image size of job updated: 97784
	93  -  MemoryUsage of job (MB)
	94920  -  ResidentSetSize of job (KB)
...
006 (6052733.000.000) 08/17 00:34:36 Image size of job updated: 97784
	93  -  MemoryUsage of job (MB)
	95092  -  ResidentSetSize of job (KB)
...
040 (6052733.000.000) 08/17 00:50:50 Started transferring output files
...
040 (6052733.000.000) 08/17 00:50:50 Finished transferring output files
...
005 (6052733.000.000) 08/17 00:50:50 Job terminated.
	(1) Normal termination (return value 0)
		Usr 0 02:00:06, Sys 0 00:00:12  -  Run Remote Usage
		Usr 0 00:00:00, Sys 0 00:00:00  -  Run Local Usage
		Usr 0 02:00:06, Sys 0 00:00:12  -  Total Remote Usage
		Usr 0 00:00:00, Sys 0 00:00:00  -  Total Local Usage
	16844  -  Run Bytes Sent By Job
	10088  -  Run Bytes Received By Job
	16844  -  Total Bytes Sent By Job
	10088  -  Total Bytes Received By Job
	Partitionable Resources :    Usage  Request Allocated 
	   Cpus                 :     0.99        1         1 
	   Disk (KB)            : 39677     6144000   6146805 
	   GPUs                 :                           0 
	   Memory (MB)          :    93        3000      3000 
	   TimeExecute (s)      :  7293                       
	   TimeSlotBusy (s)     :  7296                       
...
