000 (6052926.000.000) 08/16 23:38:46 Job submitted from host: <188.185.133.2:9618?addrs=188.185.133.2-9618+[2001-1458-d03-2--100-208]-9618&alias=bigbird102.cern.ch&noUDP&sock=schedd_5723_1498>
    DAG Node: C_A11_S1_F0
...
040 (6052926.000.000) 08/16 23:39:09 Started transferring input files
	Transferring to host: <188.185.197.155:9618?addrs=188.185.197.155-9618+[2001-1458-303-24--100-97]-9618&alias=b9p14p5401.cern.ch&noUDP&sock=slot1_39_9817_b6e8_22993>
...
040 (6052926.000.000) 08/16 23:39:09 Finished transferring input files
...
001 (6052926.000.000) 08/16 23:39:10 Job executing on host: <188.185.197.155:9618?addrs=188.185.197.155-9618+[2001-1458-303-24--100-97]-9618&alias=b9p14p5401.cern.ch&noUDP&sock=startd_8391_1b46>
	SlotName: slot1_39@b9p14p5401.cern.ch
	CondorScratchDir = "/pool/condor/dir_2592419"
	Cpus = 1
	Disk = 6146776
	GPUs = 0
	Memory = 3000
...
006 (6052926.000.000) 08/16 23:39:19 Image size of job updated: 45072
	45  -  MemoryUsage of job (MB)
	45072  -  ResidentSetSize of job (KB)
...
006 (6052926.000.000) 08/16 23:44:20 Image size of job updated: 94484
	93  -  MemoryUsage of job (MB)
	94484  -  ResidentSetSize of job (KB)
...
006 (6052926.000.000) 08/16 23:54:21 Image size of job updated: 94816
	93  -  MemoryUsage of job (MB)
	94816  -  ResidentSetSize of job (KB)
...
006 (6052926.000.000) 08/16 23:59:22 Image size of job updated: 106572
	105  -  MemoryUsage of job (MB)
	106572  -  ResidentSetSize of job (KB)
...
006 (6052926.000.000) 08/17 00:09:23 Image size of job updated: 106576
	105  -  MemoryUsage of job (MB)
	106576  -  ResidentSetSize of job (KB)
...
006 (6052926.000.000) 08/17 00:14:24 Image size of job updated: 106580
	105  -  MemoryUsage of job (MB)
	106580  -  ResidentSetSize of job (KB)
...
006 (6052926.000.000) 08/17 00:19:24 Image size of job updated: 117416
	115  -  MemoryUsage of job (MB)
	117416  -  ResidentSetSize of job (KB)
...
006 (6052926.000.000) 08/17 00:29:25 Image size of job updated: 117420
	115  -  MemoryUsage of job (MB)
	117420  -  ResidentSetSize of job (KB)
...
006 (6052926.000.000) 08/17 00:34:25 Image size of job updated: 117424
	115  -  MemoryUsage of job (MB)
	117424  -  ResidentSetSize of job (KB)
...
040 (6052926.000.000) 08/17 00:34:44 Started transferring output files
...
040 (6052926.000.000) 08/17 00:34:44 Finished transferring output files
...
005 (6052926.000.000) 08/17 00:34:44 Job terminated.
	(1) Normal termination (return value 0)
		Usr 0 00:54:47, Sys 0 00:00:08  -  Run Remote Usage
		Usr 0 00:00:00, Sys 0 00:00:00  -  Run Local Usage
		Usr 0 00:54:47, Sys 0 00:00:08  -  Total Remote Usage
		Usr 0 00:00:00, Sys 0 00:00:00  -  Total Local Usage
	17810  -  Run Bytes Sent By Job
	10088  -  Run Bytes Received By Job
	17810  -  Total Bytes Sent By Job
	10088  -  Total Bytes Received By Job
	Partitionable Resources :    Usage  Request Allocated 
	   Cpus                 :     0.99        1         1 
	   Disk (KB)            : 39680     6144000   6146776 
	   GPUs                 :                           0 
	   Memory (MB)          :   115        3000      3000 
	   TimeExecute (s)      :  3334                       
	   TimeSlotBusy (s)     :  3335                       
...
