000 (6052738.000.000) 08/16 22:46:39 Job submitted from host: <188.185.133.2:9618?addrs=188.185.133.2-9618+[2001-1458-d03-2--100-208]-9618&alias=bigbird102.cern.ch&noUDP&sock=schedd_5723_1498>
    DAG Node: C_A00_S6_F1
...
040 (6052738.000.000) 08/16 22:49:16 Started transferring input files
	Transferring to host: <128.142.248.234:9618?addrs=128.142.248.234-9618+[2001-1458-301-73--100-e9]-9618&alias=b9g23p4175.cern.ch&noUDP&sock=slot1_29_5075_8be7_24012>
...
040 (6052738.000.000) 08/16 22:49:16 Finished transferring input files
...
001 (6052738.000.000) 08/16 22:49:17 Job executing on host: <128.142.248.234:9618?addrs=128.142.248.234-9618+[2001-1458-301-73--100-e9]-9618&alias=b9g23p4175.cern.ch&noUDP&sock=startd_4166_1ba3>
	SlotName: slot1_29@b9g23p4175.cern.ch
	CondorScratchDir = "/pool/condor/dir_3898871"
	Cpus = 1
	Disk = 6146752
	GPUs = 0
	Memory = 3000
...
006 (6052738.000.000) 08/16 22:49:26 Image size of job updated: 45812
	38  -  MemoryUsage of job (MB)
	38280  -  ResidentSetSize of job (KB)
...
006 (6052738.000.000) 08/16 22:54:27 Image size of job updated: 94412
	93  -  MemoryUsage of job (MB)
	94412  -  ResidentSetSize of job (KB)
...
006 (6052738.000.000) 08/16 23:14:29 Image size of job updated: 94416
	93  -  MemoryUsage of job (MB)
	94416  -  ResidentSetSize of job (KB)
...
006 (6052738.000.000) 08/16 23:19:29 Image size of job updated: 94580
	93  -  MemoryUsage of job (MB)
	94580  -  ResidentSetSize of job (KB)
...
006 (6052738.000.000) 08/16 23:24:30 Image size of job updated: 94748
	93  -  MemoryUsage of job (MB)
	94748  -  ResidentSetSize of job (KB)
...
006 (6052738.000.000) 08/16 23:29:30 Image size of job updated: 95088
	93  -  MemoryUsage of job (MB)
	95088  -  ResidentSetSize of job (KB)
...
040 (6052738.000.000) 08/16 23:31:57 Started transferring output files
...
040 (6052738.000.000) 08/16 23:31:57 Finished transferring output files
...
005 (6052738.000.000) 08/16 23:31:57 Job terminated.
	(1) Normal termination (return value 0)
		Usr 0 00:42:12, Sys 0 00:00:05  -  Run Remote Usage
		Usr 0 00:00:00, Sys 0 00:00:00  -  Run Local Usage
		Usr 0 00:42:12, Sys 0 00:00:05  -  Total Remote Usage
		Usr 0 00:00:00, Sys 0 00:00:00  -  Total Local Usage
	17103  -  Run Bytes Sent By Job
	10088  -  Run Bytes Received By Job
	17103  -  Total Bytes Sent By Job
	10088  -  Total Bytes Received By Job
	Partitionable Resources :    Usage  Request Allocated 
	   Cpus                 :     0.99        1         1 
	   Disk (KB)            : 39678     6144000   6146752 
	   GPUs                 :                           0 
	   Memory (MB)          :    93        3000      3000 
	   TimeExecute (s)      :  2560                       
	   TimeSlotBusy (s)     :  2561                       
...
