000 (6052718.000.000) 08/16 22:43:39 Job submitted from host: <188.185.133.2:9618?addrs=188.185.133.2-9618+[2001-1458-d03-2--100-208]-9618&alias=bigbird102.cern.ch&noUDP&sock=schedd_5723_1498>
    DAG Node: C_A00_S2_F2
...
040 (6052718.000.000) 08/16 22:44:23 Started transferring input files
	Transferring to host: <188.185.210.158:9618?addrs=188.185.210.158-9618+[2001-1458-303-15--100-1a]-9618&alias=b9p22p6756.cern.ch&noUDP&sock=slot1_7_8727_b5fc_33190>
...
040 (6052718.000.000) 08/16 22:44:23 Finished transferring input files
...
001 (6052718.000.000) 08/16 22:44:24 Job executing on host: <188.185.210.158:9618?addrs=188.185.210.158-9618+[2001-1458-303-15--100-1a]-9618&alias=b9p22p6756.cern.ch&noUDP&sock=startd_7581_838f>
	SlotName: slot1_7@b9p22p6756.cern.ch
	CondorScratchDir = "/pool/condor/dir_1095110"
	Cpus = 1
	Disk = 6146833
	GPUs = 0
	Memory = 3000
...
006 (6052718.000.000) 08/16 22:44:33 Image size of job updated: 42704
	42  -  MemoryUsage of job (MB)
	42704  -  ResidentSetSize of job (KB)
...
006 (6052718.000.000) 08/16 22:49:34 Image size of job updated: 94616
	93  -  MemoryUsage of job (MB)
	94616  -  ResidentSetSize of job (KB)
...
006 (6052718.000.000) 08/16 23:39:39 Image size of job updated: 94784
	93  -  MemoryUsage of job (MB)
	94784  -  ResidentSetSize of job (KB)
...
006 (6052718.000.000) 08/16 23:44:40 Image size of job updated: 94952
	93  -  MemoryUsage of job (MB)
	94952  -  ResidentSetSize of job (KB)
...
006 (6052718.000.000) 08/16 23:54:41 Image size of job updated: 95120
	93  -  MemoryUsage of job (MB)
	95120  -  ResidentSetSize of job (KB)
...
006 (6052718.000.000) 08/16 23:59:42 Image size of job updated: 95292
	94  -  MemoryUsage of job (MB)
	95292  -  ResidentSetSize of job (KB)
...
040 (6052718.000.000) 08/17 00:05:35 Started transferring output files
...
040 (6052718.000.000) 08/17 00:05:35 Finished transferring output files
...
005 (6052718.000.000) 08/17 00:05:35 Job terminated.
	(1) Normal termination (return value 0)
		Usr 0 01:20:03, Sys 0 00:00:10  -  Run Remote Usage
		Usr 0 00:00:00, Sys 0 00:00:00  -  Run Local Usage
		Usr 0 01:20:03, Sys 0 00:00:10  -  Total Remote Usage
		Usr 0 00:00:00, Sys 0 00:00:00  -  Total Local Usage
	17111  -  Run Bytes Sent By Job
	10088  -  Run Bytes Received By Job
	17111  -  Total Bytes Sent By Job
	10088  -  Total Bytes Received By Job
	Partitionable Resources :    Usage  Request Allocated 
	   Cpus                 :     0.99        1         1 
	   Disk (KB)            : 39698     6144000   6146833 
	   GPUs                 :                           0 
	   Memory (MB)          :    94        3000      3000 
	   TimeExecute (s)      :  4871                       
	   TimeSlotBusy (s)     :  4873                       
...
