000 (6052839.000.000) 08/16 23:05:30 Job submitted from host: <188.185.133.2:9618?addrs=188.185.133.2-9618+[2001-1458-d03-2--100-208]-9618&alias=bigbird102.cern.ch&noUDP&sock=schedd_5723_1498>
    DAG Node: C_A06_S2_F0
...
040 (6052839.000.000) 08/16 23:05:31 Started transferring input files
	Transferring to host: <188.185.192.54:9618?addrs=188.185.192.54-9618+[2001-1458-303-1f--100-32]-9618&alias=b9p13p6922.cern.ch&noUDP&sock=slot1_38_9497_3edb_31621>
...
040 (6052839.000.000) 08/16 23:05:31 Finished transferring input files
...
001 (6052839.000.000) 08/16 23:05:32 Job executing on host: <188.185.192.54:9618?addrs=188.185.192.54-9618+[2001-1458-303-1f--100-32]-9618&alias=b9p13p6922.cern.ch&noUDP&sock=startd_8511_6aa3>
	SlotName: slot1_38@b9p13p6922.cern.ch
	CondorScratchDir = "/pool/condor/dir_3824257"
	Cpus = 1
	Disk = 6253380
	GPUs = 0
	Memory = 3000
...
006 (6052839.000.000) 08/16 23:05:41 Image size of job updated: 49328
	49  -  MemoryUsage of job (MB)
	49328  -  ResidentSetSize of job (KB)
...
006 (6052839.000.000) 08/16 23:10:42 Image size of job updated: 94344
	93  -  MemoryUsage of job (MB)
	94344  -  ResidentSetSize of job (KB)
...
006 (6052839.000.000) 08/16 23:15:43 Image size of job updated: 94680
	93  -  MemoryUsage of job (MB)
	94680  -  ResidentSetSize of job (KB)
...
006 (6052839.000.000) 08/16 23:20:43 Image size of job updated: 106436
	104  -  MemoryUsage of job (MB)
	106436  -  ResidentSetSize of job (KB)
...
006 (6052839.000.000) 08/16 23:25:44 Image size of job updated: 106440
	104  -  MemoryUsage of job (MB)
	106440  -  ResidentSetSize of job (KB)
...
006 (6052839.000.000) 08/16 23:30:44 Image size of job updated: 117280
	115  -  MemoryUsage of job (MB)
	117280  -  ResidentSetSize of job (KB)
...
006 (6052839.000.000) 08/16 23:35:44 Image size of job updated: 117284
	115  -  MemoryUsage of job (MB)
	117284  -  ResidentSetSize of job (KB)
...
006 (6052839.000.000) 08/16 23:37:29 Image size of job updated: 117288
	115  -  MemoryUsage of job (MB)
	117284  -  ResidentSetSize of job (KB)
...
040 (6052839.000.000) 08/16 23:37:29 Started transferring output files
...
040 (6052839.000.000) 08/16 23:37:29 Finished transferring output files
...
005 (6052839.000.000) 08/16 23:37:29 Job terminated.
	(1) Normal termination (return value 0)
		Usr 0 00:31:38, Sys 0 00:00:05  -  Run Remote Usage
		Usr 0 00:00:00, Sys 0 00:00:00  -  Run Local Usage
		Usr 0 00:31:38, Sys 0 00:00:05  -  Total Remote Usage
		Usr 0 00:00:00, Sys 0 00:00:00  -  Total Local Usage
	17811  -  Run Bytes Sent By Job
	10088  -  Run Bytes Received By Job
	17811  -  Total Bytes Sent By Job
	10088  -  Total Bytes Received By Job
	Partitionable Resources :    Usage  Request Allocated 
	   Cpus                 :     1.00        1         1 
	   Disk (KB)            : 39681     6144000   6253380 
	   GPUs                 :                           0 
	   Memory (MB)          :   115        3000      3000 
	   TimeExecute (s)      :  1917                       
	   TimeSlotBusy (s)     :  1918                       
...
