000 (6052675.000.000) 08/16 22:37:01 Job submitted from host: <188.185.133.2:9618?addrs=188.185.133.2-9618+[2001-1458-d03-2--100-208]-9618&alias=bigbird102.cern.ch&noUDP&sock=schedd_5723_1498>
    DAG Node: C_A05_S3_F1
...
040 (6052675.000.000) 08/16 22:37:59 Started transferring input files
	Transferring to host: <188.185.192.127:9618?addrs=188.185.192.127-9618+[2001-1458-303-1f--100-7b]-9618&alias=b9p13p4519.cern.ch&noUDP&sock=slot1_32_5786_82a4_32931>
...
040 (6052675.000.000) 08/16 22:37:59 Finished transferring input files
...
001 (6052675.000.000) 08/16 22:38:00 Job executing on host: <188.185.192.127:9618?addrs=188.185.192.127-9618+[2001-1458-303-1f--100-7b]-9618&alias=b9p13p4519.cern.ch&noUDP&sock=startd_4649_67e1>
	SlotName: slot1_32@b9p13p4519.cern.ch
	CondorScratchDir = "/pool/condor/dir_867775"
	Cpus = 1
	Disk = 6146695
	GPUs = 0
	Memory = 3000
...
006 (6052675.000.000) 08/16 22:38:09 Image size of job updated: 21500
	21  -  MemoryUsage of job (MB)
	21500  -  ResidentSetSize of job (KB)
...
006 (6052675.000.000) 08/16 22:43:10 Image size of job updated: 93852
	89  -  MemoryUsage of job (MB)
	90508  -  ResidentSetSize of job (KB)
...
006 (6052675.000.000) 08/16 22:58:11 Image size of job updated: 93852
	89  -  MemoryUsage of job (MB)
	90672  -  ResidentSetSize of job (KB)
...
006 (6052675.000.000) 08/16 23:03:11 Image size of job updated: 93852
	89  -  MemoryUsage of job (MB)
	90840  -  ResidentSetSize of job (KB)
...
006 (6052675.000.000) 08/16 23:13:12 Image size of job updated: 93852
	89  -  MemoryUsage of job (MB)
	91008  -  ResidentSetSize of job (KB)
...
006 (6052675.000.000) 08/16 23:18:12 Image size of job updated: 93852
	90  -  MemoryUsage of job (MB)
	91180  -  ResidentSetSize of job (KB)
...
040 (6052675.000.000) 08/16 23:24:27 Started transferring output files
...
040 (6052675.000.000) 08/16 23:24:27 Finished transferring output files
...
005 (6052675.000.000) 08/16 23:24:27 Job terminated.
	(1) Normal termination (return value 0)
		Usr 0 00:45:42, Sys 0 00:00:08  -  Run Remote Usage
		Usr 0 00:00:00, Sys 0 00:00:00  -  Run Local Usage
		Usr 0 00:45:42, Sys 0 00:00:08  -  Total Remote Usage
		Usr 0 00:00:00, Sys 0 00:00:00  -  Total Local Usage
	16834  -  Run Bytes Sent By Job
	10088  -  Run Bytes Received By Job
	16834  -  Total Bytes Sent By Job
	10088  -  Total Bytes Received By Job
	Partitionable Resources :    Usage  Request Allocated 
	   Cpus                 :     0.99        1         1 
	   Disk (KB)            : 39677     6144000   6146695 
	   GPUs                 :                           0 
	   Memory (MB)          :    90        3000      3000 
	   TimeExecute (s)      :  2787                       
	   TimeSlotBusy (s)     :  2789                       
...
