000 (6052841.000.000) 08/16 23:05:31 Job submitted from host: <188.185.133.2:9618?addrs=188.185.133.2-9618+[2001-1458-d03-2--100-208]-9618&alias=bigbird102.cern.ch&noUDP&sock=schedd_5723_1498>
    DAG Node: C_A06_S2_F2
...
040 (6052841.000.000) 08/16 23:06:00 Started transferring input files
	Transferring to host: <128.142.33.23:9618?addrs=128.142.33.23-9618+[2001-1458-301-53--100-14]-9618&alias=b9g34p5862.cern.ch&noUDP&sock=slot1_17_5267_d3ef_27194>
...
040 (6052841.000.000) 08/16 23:06:00 Finished transferring input files
...
001 (6052841.000.000) 08/16 23:06:01 Job executing on host: <128.142.33.23:9618?addrs=128.142.33.23-9618+[2001-1458-301-53--100-14]-9618&alias=b9g34p5862.cern.ch&noUDP&sock=startd_4284_0bd0>
	SlotName: slot1_17@b9g34p5862.cern.ch
	CondorScratchDir = "/pool/condor/dir_1811988"
	Cpus = 1
	Disk = 6146519
	GPUs = 0
	Memory = 3000
...
006 (6052841.000.000) 08/16 23:06:09 Image size of job updated: 61508
	61  -  MemoryUsage of job (MB)
	61508  -  ResidentSetSize of job (KB)
...
006 (6052841.000.000) 08/16 23:11:09 Image size of job updated: 94148
	92  -  MemoryUsage of job (MB)
	94148  -  ResidentSetSize of job (KB)
...
006 (6052841.000.000) 08/17 00:06:16 Image size of job updated: 94312
	93  -  MemoryUsage of job (MB)
	94312  -  ResidentSetSize of job (KB)
...
006 (6052841.000.000) 08/17 00:36:19 Image size of job updated: 94480
	93  -  MemoryUsage of job (MB)
	94480  -  ResidentSetSize of job (KB)
...
006 (6052841.000.000) 08/17 00:51:20 Image size of job updated: 94648
	93  -  MemoryUsage of job (MB)
	94648  -  ResidentSetSize of job (KB)
...
006 (6052841.000.000) 08/17 00:56:21 Image size of job updated: 94820
	93  -  MemoryUsage of job (MB)
	94820  -  ResidentSetSize of job (KB)
...
040 (6052841.000.000) 08/17 01:05:44 Started transferring output files
...
040 (6052841.000.000) 08/17 01:05:44 Finished transferring output files
...
005 (6052841.000.000) 08/17 01:05:44 Job terminated.
	(1) Normal termination (return value 0)
		Usr 0 01:58:50, Sys 0 00:00:09  -  Run Remote Usage
		Usr 0 00:00:00, Sys 0 00:00:00  -  Run Local Usage
		Usr 0 01:58:50, Sys 0 00:00:09  -  Total Remote Usage
		Usr 0 00:00:00, Sys 0 00:00:00  -  Total Local Usage
	17673  -  Run Bytes Sent By Job
	10088  -  Run Bytes Received By Job
	17673  -  Total Bytes Sent By Job
	10088  -  Total Bytes Received By Job
	Partitionable Resources :    Usage  Request Allocated 
	   Cpus                 :     1.00        1         1 
	   Disk (KB)            : 39644     6144000   6146519 
	   GPUs                 :                           0 
	   Memory (MB)          :    93        3000      3000 
	   TimeExecute (s)      :  7183                       
	   TimeSlotBusy (s)     :  7184                       
...
