000 (6052725.000.000) 08/16 22:45:22 Job submitted from host: <188.185.133.2:9618?addrs=188.185.133.2-9618+[2001-1458-d03-2--100-208]-9618&alias=bigbird102.cern.ch&noUDP&sock=schedd_5723_1498>
    DAG Node: C_A10_S2_F0
...
040 (6052725.000.000) 08/16 22:45:28 Started transferring input files
	Transferring to host: <128.142.33.11:9618?addrs=128.142.33.11-9618+[2001-1458-301-53--100-8]-9618&alias=b9g34p4862.cern.ch&noUDP&sock=slot1_21_5890_c9a9_29866>
...
040 (6052725.000.000) 08/16 22:45:28 Finished transferring input files
...
001 (6052725.000.000) 08/16 22:45:29 Job executing on host: <128.142.33.11:9618?addrs=128.142.33.11-9618+[2001-1458-301-53--100-8]-9618&alias=b9g34p4862.cern.ch&noUDP&sock=startd_4802_59df>
	SlotName: slot1_21@b9g34p4862.cern.ch
	CondorScratchDir = "/pool/condor/dir_3634466"
	Cpus = 1
	Disk = 6146678
	GPUs = 0
	Memory = 3000
...
006 (6052725.000.000) 08/16 22:45:37 Image size of job updated: 31604
	31  -  MemoryUsage of job (MB)
	31604  -  ResidentSetSize of job (KB)
...
006 (6052725.000.000) 08/16 22:50:37 Image size of job updated: 94424
	93  -  MemoryUsage of job (MB)
	94424  -  ResidentSetSize of job (KB)
...
006 (6052725.000.000) 08/16 22:55:38 Image size of job updated: 94932
	93  -  MemoryUsage of job (MB)
	94932  -  ResidentSetSize of job (KB)
...
006 (6052725.000.000) 08/16 23:00:39 Image size of job updated: 106348
	104  -  MemoryUsage of job (MB)
	106348  -  ResidentSetSize of job (KB)
...
006 (6052725.000.000) 08/16 23:05:39 Image size of job updated: 106352
	104  -  MemoryUsage of job (MB)
	106352  -  ResidentSetSize of job (KB)
...
006 (6052725.000.000) 08/16 23:10:40 Image size of job updated: 106356
	104  -  MemoryUsage of job (MB)
	106356  -  ResidentSetSize of job (KB)
...
006 (6052725.000.000) 08/16 23:15:41 Image size of job updated: 117192
	115  -  MemoryUsage of job (MB)
	117192  -  ResidentSetSize of job (KB)
...
006 (6052725.000.000) 08/16 23:20:41 Image size of job updated: 117196
	115  -  MemoryUsage of job (MB)
	117196  -  ResidentSetSize of job (KB)
...
006 (6052725.000.000) 08/16 23:23:00 Image size of job updated: 117200
	115  -  MemoryUsage of job (MB)
	117196  -  ResidentSetSize of job (KB)
...
040 (6052725.000.000) 08/16 23:23:01 Started transferring output files
...
040 (6052725.000.000) 08/16 23:23:01 Finished transferring output files
...
005 (6052725.000.000) 08/16 23:23:01 Job terminated.
	(1) Normal termination (return value 0)
		Usr 0 00:37:02, Sys 0 00:00:07  -  Run Remote Usage
		Usr 0 00:00:00, Sys 0 00:00:00  -  Run Local Usage
		Usr 0 00:37:02, Sys 0 00:00:07  -  Total Remote Usage
		Usr 0 00:00:00, Sys 0 00:00:00  -  Total Local Usage
	16986  -  Run Bytes Sent By Job
	10088  -  Run Bytes Received By Job
	16986  -  Total Bytes Sent By Job
	10088  -  Total Bytes Received By Job
	Partitionable Resources :    Usage  Request Allocated 
	   Cpus                 :     0.99        1         1 
	   Disk (KB)            : 39641     6144000   6146678 
	   GPUs                 :                           0 
	   Memory (MB)          :   115        3000      3000 
	   TimeExecute (s)      :  2251                       
	   TimeSlotBusy (s)     :  2255                       
...
