000 (6052967.000.000) 08/16 23:52:50 Job submitted from host: <188.185.133.2:9618?addrs=188.185.133.2-9618+[2001-1458-d03-2--100-208]-9618&alias=bigbird102.cern.ch&noUDP&sock=schedd_5723_1498>
    DAG Node: C_A11_S4_F2
...
040 (6052967.000.000) 08/16 23:54:45 Started transferring input files
	Transferring to host: <188.185.192.112:9618?addrs=188.185.192.112-9618+[2001-1458-303-1f--100-6c]-9618&alias=b9p13p2520.cern.ch&noUDP&sock=slot1_4_8484_7ed2_27873>
...
040 (6052967.000.000) 08/16 23:54:45 Finished transferring input files
...
001 (6052967.000.000) 08/16 23:54:46 Job executing on host: <188.185.192.112:9618?addrs=188.185.192.112-9618+[2001-1458-303-1f--100-6c]-9618&alias=b9p13p2520.cern.ch&noUDP&sock=startd_7269_8203>
	SlotName: slot1_4@b9p13p2520.cern.ch
	CondorScratchDir = "/pool/condor/dir_3452729"
	Cpus = 1
	Disk = 6146805
	GPUs = 0
	Memory = 3000
...
006 (6052967.000.000) 08/16 23:54:54 Image size of job updated: 51292
	51  -  MemoryUsage of job (MB)
	51292  -  ResidentSetSize of job (KB)
...
006 (6052967.000.000) 08/16 23:59:54 Image size of job updated: 90272
	89  -  MemoryUsage of job (MB)
	90272  -  ResidentSetSize of job (KB)
...
006 (6052967.000.000) 08/17 00:39:58 Image size of job updated: 90276
	89  -  MemoryUsage of job (MB)
	90276  -  ResidentSetSize of job (KB)
...
006 (6052967.000.000) 08/17 00:49:59 Image size of job updated: 90328
	89  -  MemoryUsage of job (MB)
	90328  -  ResidentSetSize of job (KB)
...
006 (6052967.000.000) 08/17 00:55:00 Image size of job updated: 90440
	89  -  MemoryUsage of job (MB)
	90440  -  ResidentSetSize of job (KB)
...
006 (6052967.000.000) 08/17 01:05:01 Image size of job updated: 90608
	89  -  MemoryUsage of job (MB)
	90608  -  ResidentSetSize of job (KB)
...
006 (6052967.000.000) 08/17 01:25:03 Image size of job updated: 90776
	89  -  MemoryUsage of job (MB)
	90776  -  ResidentSetSize of job (KB)
...
006 (6052967.000.000) 08/17 01:30:03 Image size of job updated: 90948
	89  -  MemoryUsage of job (MB)
	90948  -  ResidentSetSize of job (KB)
...
040 (6052967.000.000) 08/17 01:41:47 Started transferring output files
...
040 (6052967.000.000) 08/17 01:41:47 Finished transferring output files
...
005 (6052967.000.000) 08/17 01:41:47 Job terminated.
	(1) Normal termination (return value 0)
		Usr 0 01:46:14, Sys 0 00:00:08  -  Run Remote Usage
		Usr 0 00:00:00, Sys 0 00:00:00  -  Run Local Usage
		Usr 0 01:46:14, Sys 0 00:00:08  -  Total Remote Usage
		Usr 0 00:00:00, Sys 0 00:00:00  -  Total Local Usage
	17670  -  Run Bytes Sent By Job
	10088  -  Run Bytes Received By Job
	17670  -  Total Bytes Sent By Job
	10088  -  Total Bytes Received By Job
	Partitionable Resources :    Usage  Request Allocated 
	   Cpus                 :     1.00        1         1 
	   Disk (KB)            : 39680     6144000   6146805 
	   GPUs                 :                           0 
	   Memory (MB)          :    89        3000      3000 
	   TimeExecute (s)      :  6421                       
	   TimeSlotBusy (s)     :  6422                       
...
