000 (6052929.000.000) 08/16 23:39:02 Job submitted from host: <188.185.133.2:9618?addrs=188.185.133.2-9618+[2001-1458-d03-2--100-208]-9618&alias=bigbird102.cern.ch&noUDP&sock=schedd_5723_1498>
    DAG Node: C_A11_S0_F0
...
040 (6052929.000.000) 08/16 23:39:10 Started transferring input files
	Transferring to host: <188.185.196.77:9618?addrs=188.185.196.77-9618+[2001-1458-303-23--100-49]-9618&alias=b9p16p7066.cern.ch&noUDP&sock=slot1_29_6446_8a3f_30619>
...
040 (6052929.000.000) 08/16 23:39:10 Finished transferring input files
...
001 (6052929.000.000) 08/16 23:39:11 Job executing on host: <188.185.196.77:9618?addrs=188.185.196.77-9618+[2001-1458-303-23--100-49]-9618&alias=b9p16p7066.cern.ch&noUDP&sock=startd_5650_022e>
	SlotName: slot1_29@b9p16p7066.cern.ch
	CondorScratchDir = "/pool/condor/dir_2591831"
	Cpus = 1
	Disk = 6146804
	GPUs = 0
	Memory = 3000
...
006 (6052929.000.000) 08/16 23:39:20 Image size of job updated: 41892
	41  -  MemoryUsage of job (MB)
	41892  -  ResidentSetSize of job (KB)
...
006 (6052929.000.000) 08/16 23:44:21 Image size of job updated: 114212
	89  -  MemoryUsage of job (MB)
	90424  -  ResidentSetSize of job (KB)
...
006 (6052929.000.000) 08/16 23:49:22 Image size of job updated: 114212
	89  -  MemoryUsage of job (MB)
	90756  -  ResidentSetSize of job (KB)
...
006 (6052929.000.000) 08/16 23:54:22 Image size of job updated: 114212
	101  -  MemoryUsage of job (MB)
	102512  -  ResidentSetSize of job (KB)
...
006 (6052929.000.000) 08/16 23:59:23 Image size of job updated: 114212
	101  -  MemoryUsage of job (MB)
	102516  -  ResidentSetSize of job (KB)
...
006 (6052929.000.000) 08/17 00:04:23 Image size of job updated: 114212
	101  -  MemoryUsage of job (MB)
	102520  -  ResidentSetSize of job (KB)
...
006 (6052929.000.000) 08/17 00:09:23 Image size of job updated: 114212
	111  -  MemoryUsage of job (MB)
	113356  -  ResidentSetSize of job (KB)
...
006 (6052929.000.000) 08/17 00:14:24 Image size of job updated: 114212
	111  -  MemoryUsage of job (MB)
	113360  -  ResidentSetSize of job (KB)
...
040 (6052929.000.000) 08/17 00:16:21 Started transferring output files
...
040 (6052929.000.000) 08/17 00:16:21 Finished transferring output files
...
005 (6052929.000.000) 08/17 00:16:22 Job terminated.
	(1) Normal termination (return value 0)
		Usr 0 00:36:48, Sys 0 00:00:06  -  Run Remote Usage
		Usr 0 00:00:00, Sys 0 00:00:00  -  Run Local Usage
		Usr 0 00:36:48, Sys 0 00:00:06  -  Total Remote Usage
		Usr 0 00:00:00, Sys 0 00:00:00  -  Total Local Usage
	17807  -  Run Bytes Sent By Job
	10088  -  Run Bytes Received By Job
	17807  -  Total Bytes Sent By Job
	10088  -  Total Bytes Received By Job
	Partitionable Resources :    Usage  Request Allocated 
	   Cpus                 :     0.99        1         1 
	   Disk (KB)            : 39680     6144000   6146804 
	   GPUs                 :                           0 
	   Memory (MB)          :   111        3000      3000 
	   TimeExecute (s)      :  2230                       
	   TimeSlotBusy (s)     :  2231                       
...
