000 (6052932.000.000) 08/16 23:39:07 Job submitted from host: <188.185.133.2:9618?addrs=188.185.133.2-9618+[2001-1458-d03-2--100-208]-9618&alias=bigbird102.cern.ch&noUDP&sock=schedd_5723_1498>
    DAG Node: C_A08_S7_F0
...
040 (6052932.000.000) 08/16 23:39:11 Started transferring input files
	Transferring to host: <128.142.248.94:9618?addrs=128.142.248.94-9618+[2001-1458-301-73--100-14e]-9618&alias=b9g23p2790.cern.ch&noUDP&sock=slot1_9_5709_41c1_23690>
...
040 (6052932.000.000) 08/16 23:39:11 Finished transferring input files
...
001 (6052932.000.000) 08/16 23:39:12 Job executing on host: <128.142.248.94:9618?addrs=128.142.248.94-9618+[2001-1458-301-73--100-14e]-9618&alias=b9g23p2790.cern.ch&noUDP&sock=startd_4363_3bcb>
	SlotName: slot1_9@b9g23p2790.cern.ch
	CondorScratchDir = "/pool/condor/dir_370111"
	Cpus = 1
	Disk = 6146845
	GPUs = 0
	Memory = 3000
...
006 (6052932.000.000) 08/16 23:39:21 Image size of job updated: 57420
	57  -  MemoryUsage of job (MB)
	57420  -  ResidentSetSize of job (KB)
...
006 (6052932.000.000) 08/16 23:44:22 Image size of job updated: 94416
	93  -  MemoryUsage of job (MB)
	94416  -  ResidentSetSize of job (KB)
...
006 (6052932.000.000) 08/16 23:49:22 Image size of job updated: 94580
	93  -  MemoryUsage of job (MB)
	94580  -  ResidentSetSize of job (KB)
...
006 (6052932.000.000) 08/16 23:54:23 Image size of job updated: 95088
	93  -  MemoryUsage of job (MB)
	95088  -  ResidentSetSize of job (KB)
...
006 (6052932.000.000) 08/16 23:59:24 Image size of job updated: 106504
	105  -  MemoryUsage of job (MB)
	106504  -  ResidentSetSize of job (KB)
...
006 (6052932.000.000) 08/17 00:04:24 Image size of job updated: 106508
	105  -  MemoryUsage of job (MB)
	106508  -  ResidentSetSize of job (KB)
...
006 (6052932.000.000) 08/17 00:14:25 Image size of job updated: 117348
	115  -  MemoryUsage of job (MB)
	117348  -  ResidentSetSize of job (KB)
...
006 (6052932.000.000) 08/17 00:24:26 Image size of job updated: 117352
	115  -  MemoryUsage of job (MB)
	117352  -  ResidentSetSize of job (KB)
...
006 (6052932.000.000) 08/17 00:28:46 Image size of job updated: 117356
	115  -  MemoryUsage of job (MB)
	117352  -  ResidentSetSize of job (KB)
...
040 (6052932.000.000) 08/17 00:28:46 Started transferring output files
...
040 (6052932.000.000) 08/17 00:28:46 Finished transferring output files
...
005 (6052932.000.000) 08/17 00:28:46 Job terminated.
	(1) Normal termination (return value 0)
		Usr 0 00:49:02, Sys 0 00:00:06  -  Run Remote Usage
		Usr 0 00:00:00, Sys 0 00:00:00  -  Run Local Usage
		Usr 0 00:49:02, Sys 0 00:00:06  -  Total Remote Usage
		Usr 0 00:00:00, Sys 0 00:00:00  -  Total Local Usage
	17183  -  Run Bytes Sent By Job
	10088  -  Run Bytes Received By Job
	17183  -  Total Bytes Sent By Job
	10088  -  Total Bytes Received By Job
	Partitionable Resources :    Usage  Request Allocated 
	   Cpus                 :     0.99        1         1 
	   Disk (KB)            : 39679     6144000   6146845 
	   GPUs                 :                           0 
	   Memory (MB)          :   115        3000      3000 
	   TimeExecute (s)      :  2974                       
	   TimeSlotBusy (s)     :  2975                       
...
