000 (6052969.000.000) 08/16 23:54:51 Job submitted from host: <188.185.133.2:9618?addrs=188.185.133.2-9618+[2001-1458-d03-2--100-208]-9618&alias=bigbird102.cern.ch&noUDP&sock=schedd_5723_1498>
    DAG Node: C_A13_S5_F1
...
040 (6052969.000.000) 08/16 23:55:02 Started transferring input files
	Transferring to host: <128.142.161.118:9618?addrs=128.142.161.118-9618+[2001-1458-301-b8--100-34]-9618&alias=b9g03p9322.cern.ch&noUDP&sock=slot1_32_3600_468b_41161>
...
040 (6052969.000.000) 08/16 23:55:02 Finished transferring input files
...
001 (6052969.000.000) 08/16 23:55:03 Job executing on host: <128.142.161.118:9618?addrs=128.142.161.118-9618+[2001-1458-301-b8--100-34]-9618&alias=b9g03p9322.cern.ch&noUDP&sock=startd_2587_0b98>
	SlotName: slot1_32@b9g03p9322.cern.ch
	CondorScratchDir = "/pool/condor/dir_745390"
	Cpus = 1
	Disk = 6223991
	GPUs = 0
	Memory = 3000
...
006 (6052969.000.000) 08/16 23:55:12 Image size of job updated: 45324
	45  -  MemoryUsage of job (MB)
	45324  -  ResidentSetSize of job (KB)
...
006 (6052969.000.000) 08/17 00:00:13 Image size of job updated: 90512
	89  -  MemoryUsage of job (MB)
	90512  -  ResidentSetSize of job (KB)
...
006 (6052969.000.000) 08/17 00:10:13 Image size of job updated: 90676
	89  -  MemoryUsage of job (MB)
	90676  -  ResidentSetSize of job (KB)
...
006 (6052969.000.000) 08/17 00:15:14 Image size of job updated: 90844
	89  -  MemoryUsage of job (MB)
	90844  -  ResidentSetSize of job (KB)
...
006 (6052969.000.000) 08/17 00:20:14 Image size of job updated: 91016
	89  -  MemoryUsage of job (MB)
	91016  -  ResidentSetSize of job (KB)
...
006 (6052969.000.000) 08/17 00:25:15 Image size of job updated: 91184
	90  -  MemoryUsage of job (MB)
	91184  -  ResidentSetSize of job (KB)
...
040 (6052969.000.000) 08/17 00:26:30 Started transferring output files
...
040 (6052969.000.000) 08/17 00:26:30 Finished transferring output files
...
005 (6052969.000.000) 08/17 00:26:30 Job terminated.
	(1) Normal termination (return value 0)
		Usr 0 00:31:09, Sys 0 00:00:04  -  Run Remote Usage
		Usr 0 00:00:00, Sys 0 00:00:00  -  Run Local Usage
		Usr 0 00:31:09, Sys 0 00:00:04  -  Total Remote Usage
		Usr 0 00:00:00, Sys 0 00:00:00  -  Total Local Usage
	16917  -  Run Bytes Sent By Job
	10088  -  Run Bytes Received By Job
	16917  -  Total Bytes Sent By Job
	10088  -  Total Bytes Received By Job
	Partitionable Resources :    Usage  Request Allocated 
	   Cpus                 :     0.99        1         1 
	   Disk (KB)            : 39678     6144000   6223991 
	   GPUs                 :                           0 
	   Memory (MB)          :    90        3000      3000 
	   TimeExecute (s)      :  1887                       
	   TimeSlotBusy (s)     :  1888                       
...
