000 (6052808.000.000) 08/16 22:56:05 Job submitted from host: <188.185.133.2:9618?addrs=188.185.133.2-9618+[2001-1458-d03-2--100-208]-9618&alias=bigbird102.cern.ch&noUDP&sock=schedd_5723_1498>
    DAG Node: C_A14_S1_F2
...
040 (6052808.000.000) 08/16 22:56:18 Started transferring input files
	Transferring to host: <188.185.196.99:9618?addrs=188.185.196.99-9618+[2001-1458-303-23--100-5f]-9618&alias=b9p16p0159.cern.ch&noUDP&sock=slot1_18_3864_4996_40581>
...
040 (6052808.000.000) 08/16 22:56:18 Finished transferring input files
...
001 (6052808.000.000) 08/16 22:56:19 Job executing on host: <188.185.196.99:9618?addrs=188.185.196.99-9618+[2001-1458-303-23--100-5f]-9618&alias=b9p16p0159.cern.ch&noUDP&sock=startd_3016_4db9>
	SlotName: slot1_18@b9p16p0159.cern.ch
	CondorScratchDir = "/pool/condor/dir_1223959"
	Cpus = 1
	Disk = 6151774
	GPUs = 0
	Memory = 3000
...
006 (6052808.000.000) 08/16 22:56:28 Image size of job updated: 45076
	45  -  MemoryUsage of job (MB)
	45076  -  ResidentSetSize of job (KB)
...
006 (6052808.000.000) 08/16 23:01:29 Image size of job updated: 96608
	95  -  MemoryUsage of job (MB)
	96608  -  ResidentSetSize of job (KB)
...
006 (6052808.000.000) 08/16 23:26:32 Image size of job updated: 96660
	95  -  MemoryUsage of job (MB)
	96660  -  ResidentSetSize of job (KB)
...
006 (6052808.000.000) 08/16 23:31:32 Image size of job updated: 96772
	95  -  MemoryUsage of job (MB)
	96772  -  ResidentSetSize of job (KB)
...
006 (6052808.000.000) 08/16 23:36:33 Image size of job updated: 96940
	95  -  MemoryUsage of job (MB)
	96940  -  ResidentSetSize of job (KB)
...
006 (6052808.000.000) 08/16 23:56:36 Image size of job updated: 97112
	95  -  MemoryUsage of job (MB)
	97112  -  ResidentSetSize of job (KB)
...
006 (6052808.000.000) 08/17 00:01:36 Image size of job updated: 97280
	95  -  MemoryUsage of job (MB)
	97280  -  ResidentSetSize of job (KB)
...
040 (6052808.000.000) 08/17 00:15:20 Started transferring output files
...
040 (6052808.000.000) 08/17 00:15:20 Finished transferring output files
...
005 (6052808.000.000) 08/17 00:15:20 Job terminated.
	(1) Normal termination (return value 0)
		Usr 0 01:18:23, Sys 0 00:00:07  -  Run Remote Usage
		Usr 0 00:00:00, Sys 0 00:00:00  -  Run Local Usage
		Usr 0 01:18:23, Sys 0 00:00:07  -  Total Remote Usage
		Usr 0 00:00:00, Sys 0 00:00:00  -  Total Local Usage
	16847  -  Run Bytes Sent By Job
	10088  -  Run Bytes Received By Job
	16847  -  Total Bytes Sent By Job
	10088  -  Total Bytes Received By Job
	Partitionable Resources :    Usage  Request Allocated 
	   Cpus                 :     1.00        1         1 
	   Disk (KB)            : 39676     6144000   6151774 
	   GPUs                 :                           0 
	   Memory (MB)          :    95        3000      3000 
	   TimeExecute (s)      :  4741                       
	   TimeSlotBusy (s)     :  4743                       
...
