000 (6052880.000.000) 08/16 23:20:46 Job submitted from host: <188.185.133.2:9618?addrs=188.185.133.2-9618+[2001-1458-d03-2--100-208]-9618&alias=bigbird102.cern.ch&noUDP&sock=schedd_5723_1498>
    DAG Node: C_A06_S3_F2
...
040 (6052880.000.000) 08/16 23:21:44 Started transferring input files
	Transferring to host: <188.185.193.84:9618?addrs=188.185.193.84-9618+[2001-1458-303-20--100-50]-9618&alias=b9p19p9237.cern.ch&noUDP&sock=slot1_31_3425_f8e4_30544>
...
040 (6052880.000.000) 08/16 23:21:44 Finished transferring input files
...
001 (6052880.000.000) 08/16 23:21:45 Job executing on host: <188.185.193.84:9618?addrs=188.185.193.84-9618+[2001-1458-303-20--100-50]-9618&alias=b9p19p9237.cern.ch&noUDP&sock=startd_2849_c168>
	SlotName: slot1_31@b9p19p9237.cern.ch
	CondorScratchDir = "/pool/condor/dir_4173009"
	Cpus = 1
	Disk = 6224715
	GPUs = 0
	Memory = 3000
...
006 (6052880.000.000) 08/16 23:21:54 Image size of job updated: 32024
	32  -  MemoryUsage of job (MB)
	32024  -  ResidentSetSize of job (KB)
...
006 (6052880.000.000) 08/16 23:26:55 Image size of job updated: 94492
	93  -  MemoryUsage of job (MB)
	94492  -  ResidentSetSize of job (KB)
...
006 (6052880.000.000) 08/17 00:42:03 Image size of job updated: 94656
	93  -  MemoryUsage of job (MB)
	94656  -  ResidentSetSize of job (KB)
...
006 (6052880.000.000) 08/17 00:52:04 Image size of job updated: 94712
	93  -  MemoryUsage of job (MB)
	94712  -  ResidentSetSize of job (KB)
...
006 (6052880.000.000) 08/17 00:57:05 Image size of job updated: 94824
	93  -  MemoryUsage of job (MB)
	94824  -  ResidentSetSize of job (KB)
...
006 (6052880.000.000) 08/17 01:17:07 Image size of job updated: 95164
	93  -  MemoryUsage of job (MB)
	95164  -  ResidentSetSize of job (KB)
...
040 (6052880.000.000) 08/17 01:30:48 Started transferring output files
...
040 (6052880.000.000) 08/17 01:30:48 Finished transferring output files
...
005 (6052880.000.000) 08/17 01:30:49 Job terminated.
	(1) Normal termination (return value 0)
		Usr 0 02:07:56, Sys 0 00:00:10  -  Run Remote Usage
		Usr 0 00:00:00, Sys 0 00:00:00  -  Run Local Usage
		Usr 0 02:07:56, Sys 0 00:00:10  -  Total Remote Usage
		Usr 0 00:00:00, Sys 0 00:00:00  -  Total Local Usage
	17669  -  Run Bytes Sent By Job
	10088  -  Run Bytes Received By Job
	17669  -  Total Bytes Sent By Job
	10088  -  Total Bytes Received By Job
	Partitionable Resources :    Usage  Request Allocated 
	   Cpus                 :     0.99        1         1 
	   Disk (KB)            : 39681     6144000   6224715 
	   GPUs                 :                           0 
	   Memory (MB)          :    93        3000      3000 
	   TimeExecute (s)      :  7743                       
	   TimeSlotBusy (s)     :  7744                       
...
