000 (6052996.000.000) 08/17 00:32:02 Job submitted from host: <188.185.133.2:9618?addrs=188.185.133.2-9618+[2001-1458-d03-2--100-208]-9618&alias=bigbird102.cern.ch&noUDP&sock=schedd_5723_1498>
    DAG Node: C_A12_S3_F0
...
040 (6052996.000.000) 08/17 00:33:27 Started transferring input files
	Transferring to host: <128.142.162.99:9618?addrs=128.142.162.99-9618+[2001-1458-301-7d--100-1c]-9618&alias=b9g42p2003.cern.ch&noUDP&sock=slot1_16_4355_3dca_22026>
...
040 (6052996.000.000) 08/17 00:33:27 Finished transferring input files
...
001 (6052996.000.000) 08/17 00:33:28 Job executing on host: <128.142.162.99:9618?addrs=128.142.162.99-9618+[2001-1458-301-7d--100-1c]-9618&alias=b9g42p2003.cern.ch&noUDP&sock=startd_4004_fd4b>
	SlotName: slot1_16@b9g42p2003.cern.ch
	CondorScratchDir = "/pool/condor/dir_1466448"
	Cpus = 1
	Disk = 6146617
	GPUs = 0
	Memory = 3000
...
006 (6052996.000.000) 08/17 00:33:37 Image size of job updated: 32048
	32  -  MemoryUsage of job (MB)
	32048  -  ResidentSetSize of job (KB)
...
006 (6052996.000.000) 08/17 00:38:38 Image size of job updated: 94132
	92  -  MemoryUsage of job (MB)
	94132  -  ResidentSetSize of job (KB)
...
006 (6052996.000.000) 08/17 00:43:39 Image size of job updated: 94468
	93  -  MemoryUsage of job (MB)
	94468  -  ResidentSetSize of job (KB)
...
006 (6052996.000.000) 08/17 00:48:39 Image size of job updated: 106220
	104  -  MemoryUsage of job (MB)
	106220  -  ResidentSetSize of job (KB)
...
006 (6052996.000.000) 08/17 00:58:40 Image size of job updated: 106224
	104  -  MemoryUsage of job (MB)
	106224  -  ResidentSetSize of job (KB)
...
006 (6052996.000.000) 08/17 01:03:40 Image size of job updated: 117064
	115  -  MemoryUsage of job (MB)
	117064  -  ResidentSetSize of job (KB)
...
006 (6052996.000.000) 08/17 01:13:41 Image size of job updated: 117068
	115  -  MemoryUsage of job (MB)
	117068  -  ResidentSetSize of job (KB)
...
006 (6052996.000.000) 08/17 01:16:08 Image size of job updated: 117072
	115  -  MemoryUsage of job (MB)
	117068  -  ResidentSetSize of job (KB)
...
040 (6052996.000.000) 08/17 01:16:08 Started transferring output files
...
040 (6052996.000.000) 08/17 01:16:08 Finished transferring output files
...
005 (6052996.000.000) 08/17 01:16:08 Job terminated.
	(1) Normal termination (return value 0)
		Usr 0 00:42:10, Sys 0 00:00:06  -  Run Remote Usage
		Usr 0 00:00:00, Sys 0 00:00:00  -  Run Local Usage
		Usr 0 00:42:10, Sys 0 00:00:06  -  Total Remote Usage
		Usr 0 00:00:00, Sys 0 00:00:00  -  Total Local Usage
	17811  -  Run Bytes Sent By Job
	10088  -  Run Bytes Received By Job
	17811  -  Total Bytes Sent By Job
	10088  -  Total Bytes Received By Job
	Partitionable Resources :    Usage  Request Allocated 
	   Cpus                 :     0.99        1         1 
	   Disk (KB)            : 39640     6144000   6146617 
	   GPUs                 :                           0 
	   Memory (MB)          :   115        3000      3000 
	   TimeExecute (s)      :  2560                       
	   TimeSlotBusy (s)     :  2562                       
...
