000 (6052759.000.000) 08/16 22:49:00 Job submitted from host: <188.185.133.2:9618?addrs=188.185.133.2-9618+[2001-1458-d03-2--100-208]-9618&alias=bigbird102.cern.ch&noUDP&sock=schedd_5723_1498>
    DAG Node: C_A00_S4_F1
...
040 (6052759.000.000) 08/16 22:49:24 Started transferring input files
	Transferring to host: <188.185.212.28:9618?addrs=188.185.212.28-9618+[2001-1458-303-18--100-18]-9618&alias=b9p25p3885.cern.ch&noUDP&sock=slot1_20_4285_eb87_33455>
...
040 (6052759.000.000) 08/16 22:49:24 Finished transferring input files
...
001 (6052759.000.000) 08/16 22:49:25 Job executing on host: <188.185.212.28:9618?addrs=188.185.212.28-9618+[2001-1458-303-18--100-18]-9618&alias=b9p25p3885.cern.ch&noUDP&sock=startd_3613_cbc4>
	SlotName: slot1_20@b9p25p3885.cern.ch
	CondorScratchDir = "/pool/condor/dir_1286693"
	Cpus = 1
	Disk = 6146784
	GPUs = 0
	Memory = 3000
...
006 (6052759.000.000) 08/16 22:49:33 Image size of job updated: 33808
	34  -  MemoryUsage of job (MB)
	33808  -  ResidentSetSize of job (KB)
...
006 (6052759.000.000) 08/16 22:54:33 Image size of job updated: 94612
	93  -  MemoryUsage of job (MB)
	94612  -  ResidentSetSize of job (KB)
...
006 (6052759.000.000) 08/16 22:59:34 Image size of job updated: 94616
	93  -  MemoryUsage of job (MB)
	94616  -  ResidentSetSize of job (KB)
...
006 (6052759.000.000) 08/16 23:04:34 Image size of job updated: 94948
	93  -  MemoryUsage of job (MB)
	94948  -  ResidentSetSize of job (KB)
...
006 (6052759.000.000) 08/16 23:09:35 Image size of job updated: 95288
	94  -  MemoryUsage of job (MB)
	95288  -  ResidentSetSize of job (KB)
...
040 (6052759.000.000) 08/16 23:10:30 Started transferring output files
...
040 (6052759.000.000) 08/16 23:10:30 Finished transferring output files
...
005 (6052759.000.000) 08/16 23:10:31 Job terminated.
	(1) Normal termination (return value 0)
		Usr 0 00:20:41, Sys 0 00:00:05  -  Run Remote Usage
		Usr 0 00:00:00, Sys 0 00:00:00  -  Run Local Usage
		Usr 0 00:20:41, Sys 0 00:00:05  -  Total Remote Usage
		Usr 0 00:00:00, Sys 0 00:00:00  -  Total Local Usage
	17103  -  Run Bytes Sent By Job
	10088  -  Run Bytes Received By Job
	17103  -  Total Bytes Sent By Job
	10088  -  Total Bytes Received By Job
	Partitionable Resources :    Usage  Request Allocated 
	   Cpus                 :     0.99        1         1 
	   Disk (KB)            : 39698     6144000   6146784 
	   GPUs                 :                           0 
	   Memory (MB)          :    94        3000      3000 
	   TimeExecute (s)      :  1265                       
	   TimeSlotBusy (s)     :  1267                       
...
