000 (6052965.000.000) 08/16 23:52:50 Job submitted from host: <188.185.133.2:9618?addrs=188.185.133.2-9618+[2001-1458-d03-2--100-208]-9618&alias=bigbird102.cern.ch&noUDP&sock=schedd_5723_1498>
    DAG Node: C_A11_S4_F0
...
040 (6052965.000.000) 08/16 23:54:45 Started transferring input files
	Transferring to host: <128.142.161.140:9618?addrs=128.142.161.140-9618+[2001-1458-301-b9--100-9]-9618&alias=b9g03p3557.cern.ch&noUDP&sock=slot1_25_3343_3221_39817>
...
040 (6052965.000.000) 08/16 23:54:45 Finished transferring input files
...
001 (6052965.000.000) 08/16 23:54:46 Job executing on host: <128.142.161.140:9618?addrs=128.142.161.140-9618+[2001-1458-301-b9--100-9]-9618&alias=b9g03p3557.cern.ch&noUDP&sock=startd_2594_d8c2>
	SlotName: slot1_25@b9g03p3557.cern.ch
	CondorScratchDir = "/pool/condor/dir_3320681"
	Cpus = 1
	Disk = 6147006
	GPUs = 0
	Memory = 3000
...
006 (6052965.000.000) 08/16 23:54:54 Image size of job updated: 28592
	28  -  MemoryUsage of job (MB)
	28592  -  ResidentSetSize of job (KB)
...
006 (6052965.000.000) 08/16 23:59:54 Image size of job updated: 94492
	93  -  MemoryUsage of job (MB)
	94492  -  ResidentSetSize of job (KB)
...
006 (6052965.000.000) 08/17 00:04:55 Image size of job updated: 95164
	93  -  MemoryUsage of job (MB)
	95164  -  ResidentSetSize of job (KB)
...
006 (6052965.000.000) 08/17 00:09:55 Image size of job updated: 106580
	105  -  MemoryUsage of job (MB)
	106580  -  ResidentSetSize of job (KB)
...
006 (6052965.000.000) 08/17 00:14:56 Image size of job updated: 106584
	105  -  MemoryUsage of job (MB)
	106584  -  ResidentSetSize of job (KB)
...
006 (6052965.000.000) 08/17 00:19:57 Image size of job updated: 117424
	115  -  MemoryUsage of job (MB)
	117424  -  ResidentSetSize of job (KB)
...
006 (6052965.000.000) 08/17 00:29:58 Image size of job updated: 117428
	115  -  MemoryUsage of job (MB)
	117428  -  ResidentSetSize of job (KB)
...
006 (6052965.000.000) 08/17 00:34:58 Image size of job updated: 117432
	115  -  MemoryUsage of job (MB)
	117432  -  ResidentSetSize of job (KB)
...
040 (6052965.000.000) 08/17 00:35:32 Started transferring output files
...
040 (6052965.000.000) 08/17 00:35:32 Finished transferring output files
...
005 (6052965.000.000) 08/17 00:35:32 Job terminated.
	(1) Normal termination (return value 0)
		Usr 0 00:40:05, Sys 0 00:00:06  -  Run Remote Usage
		Usr 0 00:00:00, Sys 0 00:00:00  -  Run Local Usage
		Usr 0 00:40:05, Sys 0 00:00:06  -  Total Remote Usage
		Usr 0 00:00:00, Sys 0 00:00:00  -  Total Local Usage
	17808  -  Run Bytes Sent By Job
	10088  -  Run Bytes Received By Job
	17808  -  Total Bytes Sent By Job
	10088  -  Total Bytes Received By Job
	Partitionable Resources :    Usage  Request Allocated 
	   Cpus                 :     0.99        1         1 
	   Disk (KB)            : 39680     6144000   6147006 
	   GPUs                 :                           0 
	   Memory (MB)          :   115        3000      3000 
	   TimeExecute (s)      :  2446                       
	   TimeSlotBusy (s)     :  2448                       
...
