000 (6052706.000.000) 08/16 22:41:42 Job submitted from host: <188.185.133.2:9618?addrs=188.185.133.2-9618+[2001-1458-d03-2--100-208]-9618&alias=bigbird102.cern.ch&noUDP&sock=schedd_5723_1498>
    DAG Node: C_A01_S4_F2
...
040 (6052706.000.000) 08/16 22:44:19 Started transferring input files
	Transferring to host: <188.185.192.89:9618?addrs=188.185.192.89-9618+[2001-1458-303-1f--100-55]-9618&alias=b9p13p4128.cern.ch&noUDP&sock=slot1_8_4254_13e6_30479>
...
040 (6052706.000.000) 08/16 22:44:19 Finished transferring input files
...
001 (6052706.000.000) 08/16 22:44:20 Job executing on host: <188.185.192.89:9618?addrs=188.185.192.89-9618+[2001-1458-303-1f--100-55]-9618&alias=b9p13p4128.cern.ch&noUDP&sock=startd_3945_8535>
	SlotName: slot1_8@b9p13p4128.cern.ch
	CondorScratchDir = "/pool/condor/dir_595729"
	Cpus = 1
	Disk = 6146789
	GPUs = 0
	Memory = 3000
...
006 (6052706.000.000) 08/16 22:44:29 Image size of job updated: 37424
	37  -  MemoryUsage of job (MB)
	37424  -  ResidentSetSize of job (KB)
...
006 (6052706.000.000) 08/16 22:49:30 Image size of job updated: 94420
	93  -  MemoryUsage of job (MB)
	94420  -  ResidentSetSize of job (KB)
...
006 (6052706.000.000) 08/16 23:34:34 Image size of job updated: 94588
	93  -  MemoryUsage of job (MB)
	94588  -  ResidentSetSize of job (KB)
...
006 (6052706.000.000) 08/16 23:44:36 Image size of job updated: 94756
	93  -  MemoryUsage of job (MB)
	94756  -  ResidentSetSize of job (KB)
...
006 (6052706.000.000) 08/17 00:04:37 Image size of job updated: 94976
	93  -  MemoryUsage of job (MB)
	94976  -  ResidentSetSize of job (KB)
...
006 (6052706.000.000) 08/17 00:09:38 Image size of job updated: 95096
	93  -  MemoryUsage of job (MB)
	95096  -  ResidentSetSize of job (KB)
...
040 (6052706.000.000) 08/17 00:17:26 Started transferring output files
...
040 (6052706.000.000) 08/17 00:17:26 Finished transferring output files
...
005 (6052706.000.000) 08/17 00:17:26 Job terminated.
	(1) Normal termination (return value 0)
		Usr 0 01:32:21, Sys 0 00:00:07  -  Run Remote Usage
		Usr 0 00:00:00, Sys 0 00:00:00  -  Run Local Usage
		Usr 0 01:32:21, Sys 0 00:00:07  -  Total Remote Usage
		Usr 0 00:00:00, Sys 0 00:00:00  -  Total Local Usage
	16916  -  Run Bytes Sent By Job
	10088  -  Run Bytes Received By Job
	16916  -  Total Bytes Sent By Job
	10088  -  Total Bytes Received By Job
	Partitionable Resources :    Usage  Request Allocated 
	   Cpus                 :     0.99        1         1 
	   Disk (KB)            : 39677     6144000   6146789 
	   GPUs                 :                           0 
	   Memory (MB)          :    93        3000      3000 
	   TimeExecute (s)      :  5586                       
	   TimeSlotBusy (s)     :  5588                       
...
