000 (6052729.000.000) 08/16 22:45:27 Job submitted from host: <188.185.133.2:9618?addrs=188.185.133.2-9618+[2001-1458-d03-2--100-208]-9618&alias=bigbird102.cern.ch&noUDP&sock=schedd_5723_1498>
    DAG Node: C_A10_S5_F1
...
040 (6052729.000.000) 08/16 22:46:56 Started transferring input files
	Transferring to host: <188.185.194.116:9618?addrs=188.185.194.116-9618+[2001-1458-303-21--100-70]-9618&alias=b9p20p7873.cern.ch&noUDP&sock=slot1_33_4296_aba8_29354>
...
040 (6052729.000.000) 08/16 22:46:56 Finished transferring input files
...
001 (6052729.000.000) 08/16 22:46:57 Job executing on host: <188.185.194.116:9618?addrs=188.185.194.116-9618+[2001-1458-303-21--100-70]-9618&alias=b9p20p7873.cern.ch&noUDP&sock=startd_3152_969b>
	SlotName: slot1_33@b9p20p7873.cern.ch
	CondorScratchDir = "/pool/condor/dir_1808942"
	Cpus = 1
	Disk = 6150219
	GPUs = 0
	Memory = 3000
...
006 (6052729.000.000) 08/16 22:47:06 Image size of job updated: 61536
	61  -  MemoryUsage of job (MB)
	61536  -  ResidentSetSize of job (KB)
...
006 (6052729.000.000) 08/16 22:52:07 Image size of job updated: 94572
	93  -  MemoryUsage of job (MB)
	94572  -  ResidentSetSize of job (KB)
...
006 (6052729.000.000) 08/16 23:07:09 Image size of job updated: 94736
	93  -  MemoryUsage of job (MB)
	94736  -  ResidentSetSize of job (KB)
...
006 (6052729.000.000) 08/16 23:12:09 Image size of job updated: 94904
	93  -  MemoryUsage of job (MB)
	94904  -  ResidentSetSize of job (KB)
...
006 (6052729.000.000) 08/16 23:17:10 Image size of job updated: 94956
	93  -  MemoryUsage of job (MB)
	94956  -  ResidentSetSize of job (KB)
...
006 (6052729.000.000) 08/16 23:22:11 Image size of job updated: 95244
	94  -  MemoryUsage of job (MB)
	95244  -  ResidentSetSize of job (KB)
...
040 (6052729.000.000) 08/16 23:26:51 Started transferring output files
...
040 (6052729.000.000) 08/16 23:26:51 Finished transferring output files
...
005 (6052729.000.000) 08/16 23:26:51 Job terminated.
	(1) Normal termination (return value 0)
		Usr 0 00:39:28, Sys 0 00:00:06  -  Run Remote Usage
		Usr 0 00:00:00, Sys 0 00:00:00  -  Run Local Usage
		Usr 0 00:39:28, Sys 0 00:00:06  -  Total Remote Usage
		Usr 0 00:00:00, Sys 0 00:00:00  -  Total Local Usage
	16841  -  Run Bytes Sent By Job
	10088  -  Run Bytes Received By Job
	16841  -  Total Bytes Sent By Job
	10088  -  Total Bytes Received By Job
	Partitionable Resources :    Usage  Request Allocated 
	   Cpus                 :     1.00        1         1 
	   Disk (KB)            : 39678     6144000   6150219 
	   GPUs                 :                           0 
	   Memory (MB)          :    94        3000      3000 
	   TimeExecute (s)      :  2394                       
	   TimeSlotBusy (s)     :  2395                       
...
