000 (6052693.000.000) 08/16 22:40:50 Job submitted from host: <188.185.133.2:9618?addrs=188.185.133.2-9618+[2001-1458-d03-2--100-208]-9618&alias=bigbird102.cern.ch&noUDP&sock=schedd_5723_1498>
    DAG Node: C_A01_S3_F1
...
040 (6052693.000.000) 08/16 22:43:33 Started transferring input files
	Transferring to host: <128.142.162.11:9618?addrs=128.142.162.11-9618+[2001-1458-301-7b--100-4]-9618&alias=b9g42p1026.cern.ch&noUDP&sock=slot1_20_3632_d28d_22422>
...
040 (6052693.000.000) 08/16 22:43:33 Finished transferring input files
...
001 (6052693.000.000) 08/16 22:43:34 Job executing on host: <128.142.162.11:9618?addrs=128.142.162.11-9618+[2001-1458-301-7b--100-4]-9618&alias=b9g42p1026.cern.ch&noUDP&sock=startd_3247_c01a>
	SlotName: slot1_20@b9g42p1026.cern.ch
	CondorScratchDir = "/pool/condor/dir_3101846"
	Cpus = 1
	Disk = 6145056
	GPUs = 0
	Memory = 3000
...
006 (6052693.000.000) 08/16 22:43:43 Image size of job updated: 46432
	41  -  MemoryUsage of job (MB)
	41008  -  ResidentSetSize of job (KB)
...
006 (6052693.000.000) 08/16 22:48:44 Image size of job updated: 90160
	89  -  MemoryUsage of job (MB)
	90160  -  ResidentSetSize of job (KB)
...
006 (6052693.000.000) 08/16 23:08:45 Image size of job updated: 90328
	89  -  MemoryUsage of job (MB)
	90328  -  ResidentSetSize of job (KB)
...
006 (6052693.000.000) 08/16 23:13:46 Image size of job updated: 90496
	89  -  MemoryUsage of job (MB)
	90496  -  ResidentSetSize of job (KB)
...
006 (6052693.000.000) 08/16 23:18:46 Image size of job updated: 90836
	89  -  MemoryUsage of job (MB)
	90836  -  ResidentSetSize of job (KB)
...
040 (6052693.000.000) 08/16 23:22:29 Started transferring output files
...
040 (6052693.000.000) 08/16 23:22:29 Finished transferring output files
...
005 (6052693.000.000) 08/16 23:22:29 Job terminated.
	(1) Normal termination (return value 0)
		Usr 0 00:38:36, Sys 0 00:00:05  -  Run Remote Usage
		Usr 0 00:00:00, Sys 0 00:00:00  -  Run Local Usage
		Usr 0 00:38:36, Sys 0 00:00:05  -  Total Remote Usage
		Usr 0 00:00:00, Sys 0 00:00:00  -  Total Local Usage
	16912  -  Run Bytes Sent By Job
	10088  -  Run Bytes Received By Job
	16912  -  Total Bytes Sent By Job
	10088  -  Total Bytes Received By Job
	Partitionable Resources :    Usage  Request Allocated 
	   Cpus                 :     1.00        1         1 
	   Disk (KB)            : 39638     6144000   6145056 
	   GPUs                 :                           0 
	   Memory (MB)          :    89        3000      3000 
	   TimeExecute (s)      :  2335                       
	   TimeSlotBusy (s)     :  2336                       
...
