000 (6052800.000.000) 08/16 22:54:54 Job submitted from host: <188.185.133.2:9618?addrs=188.185.133.2-9618+[2001-1458-d03-2--100-208]-9618&alias=bigbird102.cern.ch&noUDP&sock=schedd_5723_1498>
    DAG Node: C_A03_S0_F0
...
040 (6052800.000.000) 08/16 22:56:15 Started transferring input files
	Transferring to host: <188.185.193.80:9618?addrs=188.185.193.80-9618+[2001-1458-303-20--100-4c]-9618&alias=b9p19p0340.cern.ch&noUDP&sock=slot1_30_1450453_1a3f_39890>
...
040 (6052800.000.000) 08/16 22:56:15 Finished transferring input files
...
001 (6052800.000.000) 08/16 22:56:16 Job executing on host: <188.185.193.80:9618?addrs=188.185.193.80-9618+[2001-1458-303-20--100-4c]-9618&alias=b9p19p0340.cern.ch&noUDP&sock=startd_4863_3126>
	SlotName: slot1_30@b9p19p0340.cern.ch
	CondorScratchDir = "/pool/condor/dir_4076775"
	Cpus = 1
	Disk = 6149809
	GPUs = 0
	Memory = 3000
...
006 (6052800.000.000) 08/16 22:56:25 Image size of job updated: 12504
	13  -  MemoryUsage of job (MB)
	12504  -  ResidentSetSize of job (KB)
...
006 (6052800.000.000) 08/16 23:01:26 Image size of job updated: 94568
	93  -  MemoryUsage of job (MB)
	94568  -  ResidentSetSize of job (KB)
...
006 (6052800.000.000) 08/16 23:11:26 Image size of job updated: 94900
	93  -  MemoryUsage of job (MB)
	94900  -  ResidentSetSize of job (KB)
...
006 (6052800.000.000) 08/16 23:16:27 Image size of job updated: 106656
	105  -  MemoryUsage of job (MB)
	106656  -  ResidentSetSize of job (KB)
...
006 (6052800.000.000) 08/16 23:26:28 Image size of job updated: 106660
	105  -  MemoryUsage of job (MB)
	106660  -  ResidentSetSize of job (KB)
...
006 (6052800.000.000) 08/16 23:31:29 Image size of job updated: 106664
	105  -  MemoryUsage of job (MB)
	106664  -  ResidentSetSize of job (KB)
...
006 (6052800.000.000) 08/16 23:36:29 Image size of job updated: 117500
	115  -  MemoryUsage of job (MB)
	117500  -  ResidentSetSize of job (KB)
...
006 (6052800.000.000) 08/16 23:46:30 Image size of job updated: 117504
	115  -  MemoryUsage of job (MB)
	117504  -  ResidentSetSize of job (KB)
...
006 (6052800.000.000) 08/16 23:51:30 Image size of job updated: 117508
	115  -  MemoryUsage of job (MB)
	117508  -  ResidentSetSize of job (KB)
...
040 (6052800.000.000) 08/16 23:51:54 Started transferring output files
...
040 (6052800.000.000) 08/16 23:51:54 Finished transferring output files
...
005 (6052800.000.000) 08/16 23:51:54 Job terminated.
	(1) Normal termination (return value 0)
		Usr 0 00:54:38, Sys 0 00:00:09  -  Run Remote Usage
		Usr 0 00:00:00, Sys 0 00:00:00  -  Run Local Usage
		Usr 0 00:54:38, Sys 0 00:00:09  -  Total Remote Usage
		Usr 0 00:00:00, Sys 0 00:00:00  -  Total Local Usage
	17249  -  Run Bytes Sent By Job
	10088  -  Run Bytes Received By Job
	17249  -  Total Bytes Sent By Job
	10088  -  Total Bytes Received By Job
	Partitionable Resources :    Usage  Request Allocated 
	   Cpus                 :     0.99        1         1 
	   Disk (KB)            : 39678     6144000   6149809 
	   GPUs                 :                           0 
	   Memory (MB)          :   115        3000      3000 
	   TimeExecute (s)      :  3338                       
	   TimeSlotBusy (s)     :  3340                       
...
