000 (6052964.000.000) 08/16 23:52:20 Job submitted from host: <188.185.133.2:9618?addrs=188.185.133.2-9618+[2001-1458-d03-2--100-208]-9618&alias=bigbird102.cern.ch&noUDP&sock=schedd_5723_1498>
    DAG Node: C_A13_S7_F2
...
040 (6052964.000.000) 08/16 23:54:08 Started transferring input files
	Transferring to host: <188.185.196.77:9618?addrs=188.185.196.77-9618+[2001-1458-303-23--100-49]-9618&alias=b9p16p7066.cern.ch&noUDP&sock=slot1_9_6446_8a3f_30633>
...
040 (6052964.000.000) 08/16 23:54:08 Finished transferring input files
...
001 (6052964.000.000) 08/16 23:54:09 Job executing on host: <188.185.196.77:9618?addrs=188.185.196.77-9618+[2001-1458-303-23--100-49]-9618&alias=b9p16p7066.cern.ch&noUDP&sock=startd_5650_022e>
	SlotName: slot1_9@b9p16p7066.cern.ch
	CondorScratchDir = "/pool/condor/dir_2597578"
	Cpus = 1
	Disk = 6227782
	GPUs = 0
	Memory = 3000
...
006 (6052964.000.000) 08/16 23:54:17 Image size of job updated: 42908
	35  -  MemoryUsage of job (MB)
	35208  -  ResidentSetSize of job (KB)
...
006 (6052964.000.000) 08/16 23:59:17 Image size of job updated: 92528
	91  -  MemoryUsage of job (MB)
	92528  -  ResidentSetSize of job (KB)
...
006 (6052964.000.000) 08/17 00:44:22 Image size of job updated: 92580
	91  -  MemoryUsage of job (MB)
	92580  -  ResidentSetSize of job (KB)
...
006 (6052964.000.000) 08/17 00:49:22 Image size of job updated: 92692
	91  -  MemoryUsage of job (MB)
	92692  -  ResidentSetSize of job (KB)
...
006 (6052964.000.000) 08/17 00:54:23 Image size of job updated: 92696
	91  -  MemoryUsage of job (MB)
	92696  -  ResidentSetSize of job (KB)
...
006 (6052964.000.000) 08/17 00:59:23 Image size of job updated: 92748
	91  -  MemoryUsage of job (MB)
	92748  -  ResidentSetSize of job (KB)
...
006 (6052964.000.000) 08/17 01:04:23 Image size of job updated: 92860
	91  -  MemoryUsage of job (MB)
	92860  -  ResidentSetSize of job (KB)
...
006 (6052964.000.000) 08/17 01:19:25 Image size of job updated: 92864
	91  -  MemoryUsage of job (MB)
	92864  -  ResidentSetSize of job (KB)
...
006 (6052964.000.000) 08/17 01:24:26 Image size of job updated: 93032
	91  -  MemoryUsage of job (MB)
	93032  -  ResidentSetSize of job (KB)
...
006 (6052964.000.000) 08/17 01:39:27 Image size of job updated: 93200
	92  -  MemoryUsage of job (MB)
	93200  -  ResidentSetSize of job (KB)
...
006 (6052964.000.000) 08/17 01:44:28 Image size of job updated: 93204
	92  -  MemoryUsage of job (MB)
	93204  -  ResidentSetSize of job (KB)
...
040 (6052964.000.000) 08/17 01:49:27 Started transferring output files
...
040 (6052964.000.000) 08/17 01:49:27 Finished transferring output files
...
005 (6052964.000.000) 08/17 01:49:27 Job terminated.
	(1) Normal termination (return value 0)
		Usr 0 01:54:26, Sys 0 00:00:08  -  Run Remote Usage
		Usr 0 00:00:00, Sys 0 00:00:00  -  Run Local Usage
		Usr 0 01:54:26, Sys 0 00:00:08  -  Total Remote Usage
		Usr 0 00:00:00, Sys 0 00:00:00  -  Total Local Usage
	16921  -  Run Bytes Sent By Job
	10088  -  Run Bytes Received By Job
	16921  -  Total Bytes Sent By Job
	10088  -  Total Bytes Received By Job
	Partitionable Resources :    Usage  Request Allocated 
	   Cpus                 :     1.00        1         1 
	   Disk (KB)            : 39678     6144000   6227782 
	   GPUs                 :                           0 
	   Memory (MB)          :    92        3000      3000 
	   TimeExecute (s)      :  6918                       
	   TimeSlotBusy (s)     :  6919                       
...
