000 (6052924.000.000) 08/16 23:38:20 Job submitted from host: <188.185.133.2:9618?addrs=188.185.133.2-9618+[2001-1458-d03-2--100-208]-9618&alias=bigbird102.cern.ch&noUDP&sock=schedd_5723_1498>
    DAG Node: C_A11_S7_F1
...
040 (6052924.000.000) 08/16 23:38:57 Started transferring input files
	Transferring to host: <128.142.248.217:9618?addrs=128.142.248.217-9618+[2001-1458-301-73--100-d8]-9618&alias=b9g23p8981.cern.ch&noUDP&sock=slot1_2_6928_2713_23557>
...
040 (6052924.000.000) 08/16 23:38:57 Finished transferring input files
...
001 (6052924.000.000) 08/16 23:38:58 Job executing on host: <128.142.248.217:9618?addrs=128.142.248.217-9618+[2001-1458-301-73--100-d8]-9618&alias=b9g23p8981.cern.ch&noUDP&sock=startd_6197_347c>
	SlotName: slot1_2@b9g23p8981.cern.ch
	CondorScratchDir = "/pool/condor/dir_1622471"
	Cpus = 1
	Disk = 6200633
	GPUs = 0
	Memory = 3000
...
006 (6052924.000.000) 08/16 23:39:07 Image size of job updated: 57452
	45  -  MemoryUsage of job (MB)
	45784  -  ResidentSetSize of job (KB)
...
006 (6052924.000.000) 08/16 23:44:08 Image size of job updated: 94352
	93  -  MemoryUsage of job (MB)
	94352  -  ResidentSetSize of job (KB)
...
006 (6052924.000.000) 08/17 00:04:10 Image size of job updated: 94404
	93  -  MemoryUsage of job (MB)
	94404  -  ResidentSetSize of job (KB)
...
006 (6052924.000.000) 08/17 00:09:11 Image size of job updated: 94684
	93  -  MemoryUsage of job (MB)
	94684  -  ResidentSetSize of job (KB)
...
006 (6052924.000.000) 08/17 00:14:11 Image size of job updated: 94852
	93  -  MemoryUsage of job (MB)
	94852  -  ResidentSetSize of job (KB)
...
006 (6052924.000.000) 08/17 00:19:05 Image size of job updated: 95024
	93  -  MemoryUsage of job (MB)
	94852  -  ResidentSetSize of job (KB)
...
040 (6052924.000.000) 08/17 00:19:05 Started transferring output files
...
040 (6052924.000.000) 08/17 00:19:05 Finished transferring output files
...
005 (6052924.000.000) 08/17 00:19:06 Job terminated.
	(1) Normal termination (return value 0)
		Usr 0 00:39:40, Sys 0 00:00:06  -  Run Remote Usage
		Usr 0 00:00:00, Sys 0 00:00:00  -  Run Local Usage
		Usr 0 00:39:40, Sys 0 00:00:06  -  Total Remote Usage
		Usr 0 00:00:00, Sys 0 00:00:00  -  Total Local Usage
	17665  -  Run Bytes Sent By Job
	10088  -  Run Bytes Received By Job
	17665  -  Total Bytes Sent By Job
	10088  -  Total Bytes Received By Job
	Partitionable Resources :    Usage  Request Allocated 
	   Cpus                 :     0.99        1         1 
	   Disk (KB)            : 39681     6144000   6200633 
	   GPUs                 :                           0 
	   Memory (MB)          :    93        3000      3000 
	   TimeExecute (s)      :  2407                       
	   TimeSlotBusy (s)     :  2408                       
...
