000 (6052662.000.000) 08/16 22:36:00 Job submitted from host: <188.185.133.2:9618?addrs=188.185.133.2-9618+[2001-1458-d03-2--100-208]-9618&alias=bigbird102.cern.ch&noUDP&sock=schedd_5723_1498>
    DAG Node: C_A05_S4_F0
...
040 (6052662.000.000) 08/16 22:37:56 Started transferring input files
	Transferring to host: <188.185.196.98:9618?addrs=188.185.196.98-9618+[2001-1458-303-23--100-5e]-9618&alias=b9p16p2691.cern.ch&noUDP&sock=slot1_36_703822_0506_30398>
...
040 (6052662.000.000) 08/16 22:37:56 Finished transferring input files
...
001 (6052662.000.000) 08/16 22:37:57 Job executing on host: <188.185.196.98:9618?addrs=188.185.196.98-9618+[2001-1458-303-23--100-5e]-9618&alias=b9p16p2691.cern.ch&noUDP&sock=startd_2615_403f>
	SlotName: slot1_36@b9p16p2691.cern.ch
	CondorScratchDir = "/pool/condor/dir_1843457"
	Cpus = 1
	Disk = 6146776
	GPUs = 0
	Memory = 3000
...
006 (6052662.000.000) 08/16 22:38:05 Image size of job updated: 26172
	26  -  MemoryUsage of job (MB)
	26172  -  ResidentSetSize of job (KB)
...
006 (6052662.000.000) 08/16 22:43:05 Image size of job updated: 94564
	93  -  MemoryUsage of job (MB)
	94564  -  ResidentSetSize of job (KB)
...
006 (6052662.000.000) 08/16 22:48:06 Image size of job updated: 94896
	93  -  MemoryUsage of job (MB)
	94896  -  ResidentSetSize of job (KB)
...
006 (6052662.000.000) 08/16 22:53:07 Image size of job updated: 106652
	105  -  MemoryUsage of job (MB)
	106652  -  ResidentSetSize of job (KB)
...
006 (6052662.000.000) 08/16 22:58:07 Image size of job updated: 106656
	105  -  MemoryUsage of job (MB)
	106656  -  ResidentSetSize of job (KB)
...
006 (6052662.000.000) 08/16 23:08:08 Image size of job updated: 117496
	115  -  MemoryUsage of job (MB)
	117496  -  ResidentSetSize of job (KB)
...
006 (6052662.000.000) 08/16 23:13:08 Image size of job updated: 117500
	115  -  MemoryUsage of job (MB)
	117500  -  ResidentSetSize of job (KB)
...
006 (6052662.000.000) 08/16 23:18:09 Image size of job updated: 117504
	115  -  MemoryUsage of job (MB)
	117504  -  ResidentSetSize of job (KB)
...
040 (6052662.000.000) 08/16 23:18:47 Started transferring output files
...
040 (6052662.000.000) 08/16 23:18:47 Finished transferring output files
...
005 (6052662.000.000) 08/16 23:18:47 Job terminated.
	(1) Normal termination (return value 0)
		Usr 0 00:40:16, Sys 0 00:00:06  -  Run Remote Usage
		Usr 0 00:00:00, Sys 0 00:00:00  -  Run Local Usage
		Usr 0 00:40:16, Sys 0 00:00:06  -  Total Remote Usage
		Usr 0 00:00:00, Sys 0 00:00:00  -  Total Local Usage
	16978  -  Run Bytes Sent By Job
	10088  -  Run Bytes Received By Job
	16978  -  Total Bytes Sent By Job
	10088  -  Total Bytes Received By Job
	Partitionable Resources :    Usage  Request Allocated 
	   Cpus                 :     0.99        1         1 
	   Disk (KB)            : 39678     6144000   6146776 
	   GPUs                 :                           0 
	   Memory (MB)          :   115        3000      3000 
	   TimeExecute (s)      :  2450                       
	   TimeSlotBusy (s)     :  2453                       
...
