000 (6052666.000.000) 08/16 22:36:30 Job submitted from host: <188.185.133.2:9618?addrs=188.185.133.2-9618+[2001-1458-d03-2--100-208]-9618&alias=bigbird102.cern.ch&noUDP&sock=schedd_5723_1498>
    DAG Node: C_A05_S6_F1
...
040 (6052666.000.000) 08/16 22:37:56 Started transferring input files
	Transferring to host: <188.185.192.135:9618?addrs=188.185.192.135-9618+[2001-1458-303-1f--100-83]-9618&alias=b9p13p3014.cern.ch&noUDP&sock=slot1_2_354788_fdd4_17585>
...
040 (6052666.000.000) 08/16 22:37:56 Finished transferring input files
...
001 (6052666.000.000) 08/16 22:37:57 Job executing on host: <188.185.192.135:9618?addrs=188.185.192.135-9618+[2001-1458-303-1f--100-83]-9618&alias=b9p13p3014.cern.ch&noUDP&sock=startd_2647_3347>
	SlotName: slot1_2@b9p13p3014.cern.ch
	CondorScratchDir = "/pool/condor/dir_343813"
	Cpus = 1
	Disk = 6146696
	GPUs = 0
	Memory = 3000
...
006 (6052666.000.000) 08/16 22:38:05 Image size of job updated: 58708
	58  -  MemoryUsage of job (MB)
	58708  -  ResidentSetSize of job (KB)
...
006 (6052666.000.000) 08/16 22:43:05 Image size of job updated: 94572
	93  -  MemoryUsage of job (MB)
	94572  -  ResidentSetSize of job (KB)
...
006 (6052666.000.000) 08/16 22:53:06 Image size of job updated: 94736
	93  -  MemoryUsage of job (MB)
	94736  -  ResidentSetSize of job (KB)
...
006 (6052666.000.000) 08/16 22:58:06 Image size of job updated: 94904
	93  -  MemoryUsage of job (MB)
	94904  -  ResidentSetSize of job (KB)
...
006 (6052666.000.000) 08/16 23:03:07 Image size of job updated: 95072
	93  -  MemoryUsage of job (MB)
	95072  -  ResidentSetSize of job (KB)
...
006 (6052666.000.000) 08/16 23:08:07 Image size of job updated: 95244
	94  -  MemoryUsage of job (MB)
	95244  -  ResidentSetSize of job (KB)
...
040 (6052666.000.000) 08/16 23:09:05 Started transferring output files
...
040 (6052666.000.000) 08/16 23:09:05 Finished transferring output files
...
005 (6052666.000.000) 08/16 23:09:05 Job terminated.
	(1) Normal termination (return value 0)
		Usr 0 00:30:47, Sys 0 00:00:05  -  Run Remote Usage
		Usr 0 00:00:00, Sys 0 00:00:00  -  Run Local Usage
		Usr 0 00:30:47, Sys 0 00:00:05  -  Total Remote Usage
		Usr 0 00:00:00, Sys 0 00:00:00  -  Total Local Usage
	16835  -  Run Bytes Sent By Job
	10088  -  Run Bytes Received By Job
	16835  -  Total Bytes Sent By Job
	10088  -  Total Bytes Received By Job
	Partitionable Resources :    Usage  Request Allocated 
	   Cpus                 :     0.99        1         1 
	   Disk (KB)            : 39677     6144000   6146696 
	   GPUs                 :                           0 
	   Memory (MB)          :    94        3000      3000 
	   TimeExecute (s)      :  1868                       
	   TimeSlotBusy (s)     :  1870                       
...
