000 (6052826.000.000) 08/16 23:01:08 Job submitted from host: <188.185.133.2:9618?addrs=188.185.133.2-9618+[2001-1458-d03-2--100-208]-9618&alias=bigbird102.cern.ch&noUDP&sock=schedd_5723_1498>
    DAG Node: C_A03_S3_F2
...
040 (6052826.000.000) 08/16 23:02:34 Started transferring input files
	Transferring to host: <188.185.197.64:9618?addrs=188.185.197.64-9618+[2001-1458-303-24--100-3c]-9618&alias=b9p14p1999.cern.ch&noUDP&sock=slot1_25_8079_22e2_22318>
...
040 (6052826.000.000) 08/16 23:02:34 Finished transferring input files
...
001 (6052826.000.000) 08/16 23:02:35 Job executing on host: <188.185.197.64:9618?addrs=188.185.197.64-9618+[2001-1458-303-24--100-3c]-9618&alias=b9p14p1999.cern.ch&noUDP&sock=startd_7346_52ce>
	SlotName: slot1_25@b9p14p1999.cern.ch
	CondorScratchDir = "/pool/condor/dir_3006854"
	Cpus = 1
	Disk = 6198974
	GPUs = 0
	Memory = 3000
...
006 (6052826.000.000) 08/16 23:02:43 Image size of job updated: 51780
	51  -  MemoryUsage of job (MB)
	51780  -  ResidentSetSize of job (KB)
...
006 (6052826.000.000) 08/16 23:07:43 Image size of job updated: 94560
	93  -  MemoryUsage of job (MB)
	94560  -  ResidentSetSize of job (KB)
...
006 (6052826.000.000) 08/17 00:32:51 Image size of job updated: 94724
	93  -  MemoryUsage of job (MB)
	94724  -  ResidentSetSize of job (KB)
...
006 (6052826.000.000) 08/17 00:42:52 Image size of job updated: 94780
	93  -  MemoryUsage of job (MB)
	94780  -  ResidentSetSize of job (KB)
...
006 (6052826.000.000) 08/17 00:47:53 Image size of job updated: 94892
	93  -  MemoryUsage of job (MB)
	94892  -  ResidentSetSize of job (KB)
...
006 (6052826.000.000) 08/17 01:12:55 Image size of job updated: 95116
	93  -  MemoryUsage of job (MB)
	95116  -  ResidentSetSize of job (KB)
...
006 (6052826.000.000) 08/17 01:17:56 Image size of job updated: 95232
	93  -  MemoryUsage of job (MB)
	95232  -  ResidentSetSize of job (KB)
...
040 (6052826.000.000) 08/17 01:29:46 Started transferring output files
...
040 (6052826.000.000) 08/17 01:29:46 Finished transferring output files
...
005 (6052826.000.000) 08/17 01:29:46 Job terminated.
	(1) Normal termination (return value 0)
		Usr 0 02:25:40, Sys 0 00:00:15  -  Run Remote Usage
		Usr 0 00:00:00, Sys 0 00:00:00  -  Run Local Usage
		Usr 0 02:25:40, Sys 0 00:00:15  -  Total Remote Usage
		Usr 0 00:00:00, Sys 0 00:00:00  -  Total Local Usage
	17112  -  Run Bytes Sent By Job
	10088  -  Run Bytes Received By Job
	17112  -  Total Bytes Sent By Job
	10088  -  Total Bytes Received By Job
	Partitionable Resources :    Usage  Request Allocated 
	   Cpus                 :     0.99        1         1 
	   Disk (KB)            : 39679     6144000   6198974 
	   GPUs                 :                           0 
	   Memory (MB)          :    93        3000      3000 
	   TimeExecute (s)      :  8831                       
	   TimeSlotBusy (s)     :  8833                       
...
