000 (6052701.000.000) 08/16 22:41:21 Job submitted from host: <188.185.133.2:9618?addrs=188.185.133.2-9618+[2001-1458-d03-2--100-208]-9618&alias=bigbird102.cern.ch&noUDP&sock=schedd_5723_1498>
    DAG Node: C_A01_S2_F0
...
040 (6052701.000.000) 08/16 22:44:18 Started transferring input files
	Transferring to host: <188.185.213.139:9618?addrs=188.185.213.139-9618+[2001-1458-303-1b--100-7]-9618&alias=b9p28p3597.cern.ch&noUDP&sock=slot1_11_3984_d69b_40622>
...
040 (6052701.000.000) 08/16 22:44:18 Finished transferring input files
...
001 (6052701.000.000) 08/16 22:44:19 Job executing on host: <188.185.213.139:9618?addrs=188.185.213.139-9618+[2001-1458-303-1b--100-7]-9618&alias=b9p28p3597.cern.ch&noUDP&sock=startd_3728_ad28>
	SlotName: slot1_11@b9p28p3597.cern.ch
	CondorScratchDir = "/pool/condor/dir_2306212"
	Cpus = 1
	Disk = 6146799
	GPUs = 0
	Memory = 3000
...
006 (6052701.000.000) 08/16 22:44:28 Image size of job updated: 37100
	37  -  MemoryUsage of job (MB)
	37100  -  ResidentSetSize of job (KB)
...
006 (6052701.000.000) 08/16 22:49:29 Image size of job updated: 94620
	93  -  MemoryUsage of job (MB)
	94620  -  ResidentSetSize of job (KB)
...
006 (6052701.000.000) 08/16 22:54:29 Image size of job updated: 95296
	94  -  MemoryUsage of job (MB)
	95296  -  ResidentSetSize of job (KB)
...
006 (6052701.000.000) 08/16 22:59:30 Image size of job updated: 106712
	105  -  MemoryUsage of job (MB)
	106712  -  ResidentSetSize of job (KB)
...
006 (6052701.000.000) 08/16 23:04:31 Image size of job updated: 106720
	105  -  MemoryUsage of job (MB)
	106720  -  ResidentSetSize of job (KB)
...
006 (6052701.000.000) 08/16 23:09:31 Image size of job updated: 117556
	115  -  MemoryUsage of job (MB)
	117556  -  ResidentSetSize of job (KB)
...
006 (6052701.000.000) 08/16 23:14:32 Image size of job updated: 117560
	115  -  MemoryUsage of job (MB)
	117560  -  ResidentSetSize of job (KB)
...
006 (6052701.000.000) 08/16 23:15:42 Image size of job updated: 117564
	115  -  MemoryUsage of job (MB)
	117560  -  ResidentSetSize of job (KB)
...
040 (6052701.000.000) 08/16 23:15:42 Started transferring output files
...
040 (6052701.000.000) 08/16 23:15:42 Finished transferring output files
...
005 (6052701.000.000) 08/16 23:15:43 Job terminated.
	(1) Normal termination (return value 0)
		Usr 0 00:30:48, Sys 0 00:00:07  -  Run Remote Usage
		Usr 0 00:00:00, Sys 0 00:00:00  -  Run Local Usage
		Usr 0 00:30:48, Sys 0 00:00:07  -  Total Remote Usage
		Usr 0 00:00:00, Sys 0 00:00:00  -  Total Local Usage
	17058  -  Run Bytes Sent By Job
	10088  -  Run Bytes Received By Job
	17058  -  Total Bytes Sent By Job
	10088  -  Total Bytes Received By Job
	Partitionable Resources :    Usage  Request Allocated 
	   Cpus                 :     0.99        1         1 
	   Disk (KB)            : 39698     6144000   6146799 
	   GPUs                 :                           0 
	   Memory (MB)          :   115        3000      3000 
	   TimeExecute (s)      :  1883                       
	   TimeSlotBusy (s)     :  1885                       
...
