000 (6052899.000.000) 08/16 23:33:16 Job submitted from host: <188.185.133.2:9618?addrs=188.185.133.2-9618+[2001-1458-d03-2--100-208]-9618&alias=bigbird102.cern.ch&noUDP&sock=schedd_5723_1498>
    DAG Node: C_A08_S0_F0
...
040 (6052899.000.000) 08/16 23:33:17 Started transferring input files
	Transferring to host: <188.185.193.52:9618?addrs=188.185.193.52-9618+[2001-1458-303-20--100-30]-9618&alias=b9p19p2108.cern.ch&noUDP&sock=slot1_28_3298_7d3f_31281>
...
040 (6052899.000.000) 08/16 23:33:17 Finished transferring input files
...
001 (6052899.000.000) 08/16 23:33:18 Job executing on host: <188.185.193.52:9618?addrs=188.185.193.52-9618+[2001-1458-303-20--100-30]-9618&alias=b9p19p2108.cern.ch&noUDP&sock=startd_2577_2fa6>
	SlotName: slot1_28@b9p19p2108.cern.ch
	CondorScratchDir = "/pool/condor/dir_3179573"
	Cpus = 1
	Disk = 6170079
	GPUs = 0
	Memory = 3000
...
006 (6052899.000.000) 08/16 23:33:26 Image size of job updated: 40504
	40  -  MemoryUsage of job (MB)
	40504  -  ResidentSetSize of job (KB)
...
006 (6052899.000.000) 08/16 23:38:26 Image size of job updated: 94564
	93  -  MemoryUsage of job (MB)
	94564  -  ResidentSetSize of job (KB)
...
006 (6052899.000.000) 08/16 23:43:26 Image size of job updated: 94896
	93  -  MemoryUsage of job (MB)
	94896  -  ResidentSetSize of job (KB)
...
006 (6052899.000.000) 08/16 23:48:27 Image size of job updated: 95236
	94  -  MemoryUsage of job (MB)
	95236  -  ResidentSetSize of job (KB)
...
006 (6052899.000.000) 08/16 23:53:27 Image size of job updated: 106652
	105  -  MemoryUsage of job (MB)
	106652  -  ResidentSetSize of job (KB)
...
006 (6052899.000.000) 08/16 23:58:28 Image size of job updated: 106656
	105  -  MemoryUsage of job (MB)
	106656  -  ResidentSetSize of job (KB)
...
006 (6052899.000.000) 08/17 00:03:29 Image size of job updated: 106660
	105  -  MemoryUsage of job (MB)
	106660  -  ResidentSetSize of job (KB)
...
006 (6052899.000.000) 08/17 00:08:29 Image size of job updated: 117496
	115  -  MemoryUsage of job (MB)
	117496  -  ResidentSetSize of job (KB)
...
006 (6052899.000.000) 08/17 00:13:30 Image size of job updated: 117500
	115  -  MemoryUsage of job (MB)
	117500  -  ResidentSetSize of job (KB)
...
006 (6052899.000.000) 08/17 00:17:37 Image size of job updated: 117504
	115  -  MemoryUsage of job (MB)
	117500  -  ResidentSetSize of job (KB)
...
040 (6052899.000.000) 08/17 00:17:37 Started transferring output files
...
040 (6052899.000.000) 08/17 00:17:37 Finished transferring output files
...
005 (6052899.000.000) 08/17 00:17:37 Job terminated.
	(1) Normal termination (return value 0)
		Usr 0 00:43:47, Sys 0 00:00:08  -  Run Remote Usage
		Usr 0 00:00:00, Sys 0 00:00:00  -  Run Local Usage
		Usr 0 00:43:47, Sys 0 00:00:08  -  Total Remote Usage
		Usr 0 00:00:00, Sys 0 00:00:00  -  Total Local Usage
	17184  -  Run Bytes Sent By Job
	10088  -  Run Bytes Received By Job
	17184  -  Total Bytes Sent By Job
	10088  -  Total Bytes Received By Job
	Partitionable Resources :    Usage  Request Allocated 
	   Cpus                 :     0.99        1         1 
	   Disk (KB)            : 39679     6144000   6170079 
	   GPUs                 :                           0 
	   Memory (MB)          :   115        3000      3000 
	   TimeExecute (s)      :  2659                       
	   TimeSlotBusy (s)     :  2661                       
...
