000 (6052669.000.000) 08/16 22:37:01 Job submitted from host: <188.185.133.2:9618?addrs=188.185.133.2-9618+[2001-1458-d03-2--100-208]-9618&alias=bigbird102.cern.ch&noUDP&sock=schedd_5723_1498>
    DAG Node: C_A02_S0_F1
...
040 (6052669.000.000) 08/16 22:37:57 Started transferring input files
	Transferring to host: <188.185.192.155:9618?addrs=188.185.192.155-9618+[2001-1458-303-1f--100-97]-9618&alias=b9p13p1865.cern.ch&noUDP&sock=slot1_4_4387_c9cb_30284>
...
040 (6052669.000.000) 08/16 22:37:57 Finished transferring input files
...
001 (6052669.000.000) 08/16 22:37:58 Job executing on host: <188.185.192.155:9618?addrs=188.185.192.155-9618+[2001-1458-303-1f--100-97]-9618&alias=b9p13p1865.cern.ch&noUDP&sock=startd_3469_0620>
	SlotName: slot1_4@b9p13p1865.cern.ch
	CondorScratchDir = "/pool/condor/dir_928537"
	Cpus = 1
	Disk = 6146764
	GPUs = 0
	Memory = 3000
...
006 (6052669.000.000) 08/16 22:38:06 Image size of job updated: 26296
	26  -  MemoryUsage of job (MB)
	26296  -  ResidentSetSize of job (KB)
...
006 (6052669.000.000) 08/16 22:43:06 Image size of job updated: 94568
	93  -  MemoryUsage of job (MB)
	94568  -  ResidentSetSize of job (KB)
...
006 (6052669.000.000) 08/16 22:53:07 Image size of job updated: 94732
	93  -  MemoryUsage of job (MB)
	94732  -  ResidentSetSize of job (KB)
...
006 (6052669.000.000) 08/16 22:58:08 Image size of job updated: 94900
	93  -  MemoryUsage of job (MB)
	94900  -  ResidentSetSize of job (KB)
...
006 (6052669.000.000) 08/16 23:03:09 Image size of job updated: 95068
	93  -  MemoryUsage of job (MB)
	95068  -  ResidentSetSize of job (KB)
...
006 (6052669.000.000) 08/16 23:08:09 Image size of job updated: 95240
	94  -  MemoryUsage of job (MB)
	95240  -  ResidentSetSize of job (KB)
...
040 (6052669.000.000) 08/16 23:08:59 Started transferring output files
...
040 (6052669.000.000) 08/16 23:08:59 Finished transferring output files
...
005 (6052669.000.000) 08/16 23:08:59 Job terminated.
	(1) Normal termination (return value 0)
		Usr 0 00:30:34, Sys 0 00:00:05  -  Run Remote Usage
		Usr 0 00:00:00, Sys 0 00:00:00  -  Run Local Usage
		Usr 0 00:30:34, Sys 0 00:00:05  -  Total Remote Usage
		Usr 0 00:00:00, Sys 0 00:00:00  -  Total Local Usage
	16834  -  Run Bytes Sent By Job
	10088  -  Run Bytes Received By Job
	16834  -  Total Bytes Sent By Job
	10088  -  Total Bytes Received By Job
	Partitionable Resources :    Usage  Request Allocated 
	   Cpus                 :     0.99        1         1 
	   Disk (KB)            : 39677     6144000   6146764 
	   GPUs                 :                           0 
	   Memory (MB)          :    94        3000      3000 
	   TimeExecute (s)      :  1861                       
	   TimeSlotBusy (s)     :  1863                       
...
