000 (6052915.000.000) 08/16 23:35:33 Job submitted from host: <188.185.133.2:9618?addrs=188.185.133.2-9618+[2001-1458-d03-2--100-208]-9618&alias=bigbird102.cern.ch&noUDP&sock=schedd_5723_1498>
    DAG Node: C_A08_S1_F1
...
040 (6052915.000.000) 08/16 23:36:10 Started transferring input files
	Transferring to host: <188.185.197.58:9618?addrs=188.185.197.58-9618+[2001-1458-303-24--100-36]-9618&alias=b9p14p9619.cern.ch&noUDP&sock=slot1_28_4942_d602_23640>
...
040 (6052915.000.000) 08/16 23:36:10 Finished transferring input files
...
001 (6052915.000.000) 08/16 23:36:11 Job executing on host: <188.185.197.58:9618?addrs=188.185.197.58-9618+[2001-1458-303-24--100-36]-9618&alias=b9p14p9619.cern.ch&noUDP&sock=startd_4029_2329>
	SlotName: slot1_28@b9p14p9619.cern.ch
	CondorScratchDir = "/pool/condor/dir_2694970"
	Cpus = 1
	Disk = 6146882
	GPUs = 0
	Memory = 3000
...
006 (6052915.000.000) 08/16 23:36:19 Image size of job updated: 49928
	49  -  MemoryUsage of job (MB)
	49928  -  ResidentSetSize of job (KB)
...
006 (6052915.000.000) 08/16 23:41:19 Image size of job updated: 94548
	93  -  MemoryUsage of job (MB)
	94548  -  ResidentSetSize of job (KB)
...
006 (6052915.000.000) 08/16 23:56:21 Image size of job updated: 94712
	93  -  MemoryUsage of job (MB)
	94712  -  ResidentSetSize of job (KB)
...
006 (6052915.000.000) 08/17 00:06:22 Image size of job updated: 94880
	93  -  MemoryUsage of job (MB)
	94880  -  ResidentSetSize of job (KB)
...
006 (6052915.000.000) 08/17 00:11:23 Image size of job updated: 95052
	93  -  MemoryUsage of job (MB)
	95052  -  ResidentSetSize of job (KB)
...
006 (6052915.000.000) 08/17 00:21:24 Image size of job updated: 95220
	93  -  MemoryUsage of job (MB)
	95220  -  ResidentSetSize of job (KB)
...
040 (6052915.000.000) 08/17 00:25:01 Started transferring output files
...
040 (6052915.000.000) 08/17 00:25:01 Finished transferring output files
...
005 (6052915.000.000) 08/17 00:25:01 Job terminated.
	(1) Normal termination (return value 0)
		Usr 0 00:48:14, Sys 0 00:00:06  -  Run Remote Usage
		Usr 0 00:00:00, Sys 0 00:00:00  -  Run Local Usage
		Usr 0 00:48:14, Sys 0 00:00:06  -  Total Remote Usage
		Usr 0 00:00:00, Sys 0 00:00:00  -  Total Local Usage
	17045  -  Run Bytes Sent By Job
	10088  -  Run Bytes Received By Job
	17045  -  Total Bytes Sent By Job
	10088  -  Total Bytes Received By Job
	Partitionable Resources :    Usage  Request Allocated 
	   Cpus                 :     0.98        1         1 
	   Disk (KB)            : 39677     6144000   6146882 
	   GPUs                 :                           0 
	   Memory (MB)          :    93        3000      3000 
	   TimeExecute (s)      :  2930                       
	   TimeSlotBusy (s)     :  2931                       
...
