000 (6052949.000.000) 08/16 23:46:51 Job submitted from host: <188.185.133.2:9618?addrs=188.185.133.2-9618+[2001-1458-d03-2--100-208]-9618&alias=bigbird102.cern.ch&noUDP&sock=schedd_5723_1498>
    DAG Node: C_A13_S3_F2
...
040 (6052949.000.000) 08/16 23:49:15 Started transferring input files
	Transferring to host: <188.185.195.75:9618?addrs=188.185.195.75-9618+[2001-1458-303-22--100-47]-9618&alias=b9p17p7899.cern.ch&noUDP&sock=slot1_40_4372_382b_30483>
...
040 (6052949.000.000) 08/16 23:49:15 Finished transferring input files
...
001 (6052949.000.000) 08/16 23:49:16 Job executing on host: <188.185.195.75:9618?addrs=188.185.195.75-9618+[2001-1458-303-22--100-47]-9618&alias=b9p17p7899.cern.ch&noUDP&sock=startd_3222_9a3c>
	SlotName: slot1_40@b9p17p7899.cern.ch
	CondorScratchDir = "/pool/condor/dir_3092506"
	Cpus = 1
	Disk = 6178403
	GPUs = 0
	Memory = 3000
...
006 (6052949.000.000) 08/16 23:49:25 Image size of job updated: 61820
	61  -  MemoryUsage of job (MB)
	61820  -  ResidentSetSize of job (KB)
...
006 (6052949.000.000) 08/16 23:54:26 Image size of job updated: 94576
	93  -  MemoryUsage of job (MB)
	94576  -  ResidentSetSize of job (KB)
...
006 (6052949.000.000) 08/17 00:24:28 Image size of job updated: 94628
	93  -  MemoryUsage of job (MB)
	94628  -  ResidentSetSize of job (KB)
...
006 (6052949.000.000) 08/17 00:29:28 Image size of job updated: 94740
	93  -  MemoryUsage of job (MB)
	94740  -  ResidentSetSize of job (KB)
...
006 (6052949.000.000) 08/17 01:09:32 Image size of job updated: 94908
	93  -  MemoryUsage of job (MB)
	94908  -  ResidentSetSize of job (KB)
...
006 (6052949.000.000) 08/17 01:34:34 Image size of job updated: 94964
	93  -  MemoryUsage of job (MB)
	94964  -  ResidentSetSize of job (KB)
...
006 (6052949.000.000) 08/17 01:39:34 Image size of job updated: 95080
	93  -  MemoryUsage of job (MB)
	95080  -  ResidentSetSize of job (KB)
...
006 (6052949.000.000) 08/17 01:44:34 Image size of job updated: 95248
	94  -  MemoryUsage of job (MB)
	95248  -  ResidentSetSize of job (KB)
...
040 (6052949.000.000) 08/17 01:48:19 Started transferring output files
...
040 (6052949.000.000) 08/17 01:48:19 Finished transferring output files
...
005 (6052949.000.000) 08/17 01:48:19 Job terminated.
	(1) Normal termination (return value 0)
		Usr 0 01:57:35, Sys 0 00:00:17  -  Run Remote Usage
		Usr 0 00:00:00, Sys 0 00:00:00  -  Run Local Usage
		Usr 0 01:57:35, Sys 0 00:00:17  -  Total Remote Usage
		Usr 0 00:00:00, Sys 0 00:00:00  -  Total Local Usage
	16921  -  Run Bytes Sent By Job
	10088  -  Run Bytes Received By Job
	16921  -  Total Bytes Sent By Job
	10088  -  Total Bytes Received By Job
	Partitionable Resources :    Usage  Request Allocated 
	   Cpus                 :     0.99        1         1 
	   Disk (KB)            : 39678     6144000   6178403 
	   GPUs                 :                           0 
	   Memory (MB)          :    94        3000      3000 
	   TimeExecute (s)      :  7143                       
	   TimeSlotBusy (s)     :  7144                       
...
