000 (6052946.000.000) 08/16 23:41:55 Job submitted from host: <188.185.133.2:9618?addrs=188.185.133.2-9618+[2001-1458-d03-2--100-208]-9618&alias=bigbird102.cern.ch&noUDP&sock=schedd_5723_1498>
    DAG Node: C_A13_S6_F2
...
040 (6052946.000.000) 08/16 23:44:20 Started transferring input files
	Transferring to host: <188.185.192.117:9618?addrs=188.185.192.117-9618+[2001-1458-303-1f--100-71]-9618&alias=b9p13p7787.cern.ch&noUDP&sock=slot1_7_5176_b5cc_31294>
...
040 (6052946.000.000) 08/16 23:44:20 Finished transferring input files
...
001 (6052946.000.000) 08/16 23:44:21 Job executing on host: <188.185.192.117:9618?addrs=188.185.192.117-9618+[2001-1458-303-1f--100-71]-9618&alias=b9p13p7787.cern.ch&noUDP&sock=startd_4054_4908>
	SlotName: slot1_7@b9p13p7787.cern.ch
	CondorScratchDir = "/pool/condor/dir_608440"
	Cpus = 1
	Disk = 6146877
	GPUs = 0
	Memory = 3000
...
006 (6052946.000.000) 08/16 23:44:30 Image size of job updated: 4504
	5  -  MemoryUsage of job (MB)
	4504  -  ResidentSetSize of job (KB)
...
006 (6052946.000.000) 08/16 23:49:32 Image size of job updated: 90356
	89  -  MemoryUsage of job (MB)
	90356  -  ResidentSetSize of job (KB)
...
006 (6052946.000.000) 08/17 00:49:37 Image size of job updated: 90520
	89  -  MemoryUsage of job (MB)
	90520  -  ResidentSetSize of job (KB)
...
006 (6052946.000.000) 08/17 01:09:40 Image size of job updated: 90572
	89  -  MemoryUsage of job (MB)
	90572  -  ResidentSetSize of job (KB)
...
006 (6052946.000.000) 08/17 01:14:40 Image size of job updated: 90688
	89  -  MemoryUsage of job (MB)
	90688  -  ResidentSetSize of job (KB)
...
006 (6052946.000.000) 08/17 01:49:44 Image size of job updated: 90740
	89  -  MemoryUsage of job (MB)
	90740  -  ResidentSetSize of job (KB)
...
006 (6052946.000.000) 08/17 01:54:44 Image size of job updated: 90856
	89  -  MemoryUsage of job (MB)
	90856  -  ResidentSetSize of job (KB)
...
006 (6052946.000.000) 08/17 02:04:45 Image size of job updated: 91028
	89  -  MemoryUsage of job (MB)
	91028  -  ResidentSetSize of job (KB)
...
040 (6052946.000.000) 08/17 02:31:23 Started transferring output files
...
040 (6052946.000.000) 08/17 02:31:23 Finished transferring output files
...
005 (6052946.000.000) 08/17 02:31:23 Job terminated.
	(1) Normal termination (return value 0)
		Usr 0 02:42:07, Sys 0 00:00:18  -  Run Remote Usage
		Usr 0 00:00:00, Sys 0 00:00:00  -  Run Local Usage
		Usr 0 02:42:07, Sys 0 00:00:18  -  Total Remote Usage
		Usr 0 00:00:00, Sys 0 00:00:00  -  Total Local Usage
	16921  -  Run Bytes Sent By Job
	10088  -  Run Bytes Received By Job
	16921  -  Total Bytes Sent By Job
	10088  -  Total Bytes Received By Job
	Partitionable Resources :    Usage  Request Allocated 
	   Cpus                 :     0.99        1         1 
	   Disk (KB)            : 39677     6144000   6146877 
	   GPUs                 :                           0 
	   Memory (MB)          :    89        3000      3000 
	   TimeExecute (s)      : 10022                       
	   TimeSlotBusy (s)     : 10024                       
...
