000 (6052656.000.000) 08/16 22:35:09 Job submitted from host: <188.185.133.2:9618?addrs=188.185.133.2-9618+[2001-1458-d03-2--100-208]-9618&alias=bigbird102.cern.ch&noUDP&sock=schedd_5723_1498>
    DAG Node: C_A02_S2_F0
...
040 (6052656.000.000) 08/16 22:37:52 Started transferring input files
	Transferring to host: <188.185.195.127:9618?addrs=188.185.195.127-9618+[2001-1458-303-22--100-7b]-9618&alias=b9p17p7452.cern.ch&noUDP&sock=slot1_22_3214_4dbc_29633>
...
040 (6052656.000.000) 08/16 22:37:52 Finished transferring input files
...
001 (6052656.000.000) 08/16 22:37:53 Job executing on host: <188.185.195.127:9618?addrs=188.185.195.127-9618+[2001-1458-303-22--100-7b]-9618&alias=b9p17p7452.cern.ch&noUDP&sock=startd_2673_08bd>
	SlotName: slot1_22@b9p17p7452.cern.ch
	CondorScratchDir = "/pool/condor/dir_3740659"
	Cpus = 1
	Disk = 6146772
	GPUs = 0
	Memory = 3000
...
006 (6052656.000.000) 08/16 22:38:01 Image size of job updated: 31112
	31  -  MemoryUsage of job (MB)
	31112  -  ResidentSetSize of job (KB)
...
006 (6052656.000.000) 08/16 22:43:01 Image size of job updated: 90504
	89  -  MemoryUsage of job (MB)
	90504  -  ResidentSetSize of job (KB)
...
006 (6052656.000.000) 08/16 22:48:02 Image size of job updated: 90840
	89  -  MemoryUsage of job (MB)
	90840  -  ResidentSetSize of job (KB)
...
006 (6052656.000.000) 08/16 22:53:02 Image size of job updated: 102596
	101  -  MemoryUsage of job (MB)
	102596  -  ResidentSetSize of job (KB)
...
006 (6052656.000.000) 08/16 23:03:04 Image size of job updated: 102604
	101  -  MemoryUsage of job (MB)
	102604  -  ResidentSetSize of job (KB)
...
006 (6052656.000.000) 08/16 23:08:04 Image size of job updated: 113436
	111  -  MemoryUsage of job (MB)
	113436  -  ResidentSetSize of job (KB)
...
006 (6052656.000.000) 08/16 23:13:05 Image size of job updated: 113440
	111  -  MemoryUsage of job (MB)
	113440  -  ResidentSetSize of job (KB)
...
006 (6052656.000.000) 08/16 23:17:18 Image size of job updated: 113444
	111  -  MemoryUsage of job (MB)
	113440  -  ResidentSetSize of job (KB)
...
040 (6052656.000.000) 08/16 23:17:18 Started transferring output files
...
040 (6052656.000.000) 08/16 23:17:18 Finished transferring output files
...
005 (6052656.000.000) 08/16 23:17:18 Job terminated.
	(1) Normal termination (return value 0)
		Usr 0 00:39:00, Sys 0 00:00:06  -  Run Remote Usage
		Usr 0 00:00:00, Sys 0 00:00:00  -  Run Local Usage
		Usr 0 00:39:00, Sys 0 00:00:06  -  Total Remote Usage
		Usr 0 00:00:00, Sys 0 00:00:00  -  Total Local Usage
	16981  -  Run Bytes Sent By Job
	10088  -  Run Bytes Received By Job
	16981  -  Total Bytes Sent By Job
	10088  -  Total Bytes Received By Job
	Partitionable Resources :    Usage  Request Allocated 
	   Cpus                 :     0.99        1         1 
	   Disk (KB)            : 39678     6144000   6146772 
	   GPUs                 :                           0 
	   Memory (MB)          :   111        3000      3000 
	   TimeExecute (s)      :  2365                       
	   TimeSlotBusy (s)     :  2366                       
...
