000 (6052986.000.000) 08/17 00:16:05 Job submitted from host: <188.185.133.2:9618?addrs=188.185.133.2-9618+[2001-1458-d03-2--100-208]-9618&alias=bigbird102.cern.ch&noUDP&sock=schedd_5723_1498>
    DAG Node: C_A12_S4_F2
...
040 (6052986.000.000) 08/17 00:17:07 Started transferring input files
	Transferring to host: <188.185.194.40:9618?addrs=188.185.194.40-9618+[2001-1458-303-21--100-24]-9618&alias=b9p20p0551.cern.ch&noUDP&sock=slot1_12_4233_4805_32374>
...
040 (6052986.000.000) 08/17 00:17:07 Finished transferring input files
...
001 (6052986.000.000) 08/17 00:17:08 Job executing on host: <188.185.194.40:9618?addrs=188.185.194.40-9618+[2001-1458-303-21--100-24]-9618&alias=b9p20p0551.cern.ch&noUDP&sock=startd_3110_c7a0>
	SlotName: slot1_12@b9p20p0551.cern.ch
	CondorScratchDir = "/pool/condor/dir_2153682"
	Cpus = 1
	Disk = 6146869
	GPUs = 0
	Memory = 3000
...
006 (6052986.000.000) 08/17 00:17:17 Image size of job updated: 32420
	32  -  MemoryUsage of job (MB)
	32420  -  ResidentSetSize of job (KB)
...
006 (6052986.000.000) 08/17 00:22:18 Image size of job updated: 94480
	93  -  MemoryUsage of job (MB)
	94480  -  ResidentSetSize of job (KB)
...
006 (6052986.000.000) 08/17 01:27:25 Image size of job updated: 94644
	93  -  MemoryUsage of job (MB)
	94644  -  ResidentSetSize of job (KB)
...
006 (6052986.000.000) 08/17 01:37:26 Image size of job updated: 94648
	93  -  MemoryUsage of job (MB)
	94648  -  ResidentSetSize of job (KB)
...
006 (6052986.000.000) 08/17 01:42:26 Image size of job updated: 94812
	93  -  MemoryUsage of job (MB)
	94812  -  ResidentSetSize of job (KB)
...
006 (6052986.000.000) 08/17 02:07:28 Image size of job updated: 94984
	93  -  MemoryUsage of job (MB)
	94984  -  ResidentSetSize of job (KB)
...
006 (6052986.000.000) 08/17 02:17:30 Image size of job updated: 95152
	93  -  MemoryUsage of job (MB)
	95152  -  ResidentSetSize of job (KB)
...
040 (6052986.000.000) 08/17 02:37:12 Started transferring output files
...
040 (6052986.000.000) 08/17 02:37:12 Finished transferring output files
...
005 (6052986.000.000) 08/17 02:37:12 Job terminated.
	(1) Normal termination (return value 0)
		Usr 0 02:18:29, Sys 0 00:00:14  -  Run Remote Usage
		Usr 0 00:00:00, Sys 0 00:00:00  -  Run Local Usage
		Usr 0 02:18:29, Sys 0 00:00:14  -  Total Remote Usage
		Usr 0 00:00:00, Sys 0 00:00:00  -  Total Local Usage
	17674  -  Run Bytes Sent By Job
	10088  -  Run Bytes Received By Job
	17674  -  Total Bytes Sent By Job
	10088  -  Total Bytes Received By Job
	Partitionable Resources :    Usage  Request Allocated 
	   Cpus                 :     0.99        1         1 
	   Disk (KB)            : 39680     6144000   6146869 
	   GPUs                 :                           0 
	   Memory (MB)          :    93        3000      3000 
	   TimeExecute (s)      :  8404                       
	   TimeSlotBusy (s)     :  8406                       
...
