000 (6052705.000.000) 08/16 22:41:42 Job submitted from host: <188.185.133.2:9618?addrs=188.185.133.2-9618+[2001-1458-d03-2--100-208]-9618&alias=bigbird102.cern.ch&noUDP&sock=schedd_5723_1498>
    DAG Node: C_A01_S4_F1
...
040 (6052705.000.000) 08/16 22:44:19 Started transferring input files
	Transferring to host: <188.185.210.9:9618?addrs=188.185.210.9-9618+[2001-1458-303-1--100-5]-9618&alias=b9p21p5099.cern.ch&noUDP&sock=slot1_6_3230_93bc_33716>
...
040 (6052705.000.000) 08/16 22:44:19 Finished transferring input files
...
001 (6052705.000.000) 08/16 22:44:20 Job executing on host: <188.185.210.9:9618?addrs=188.185.210.9-9618+[2001-1458-303-1--100-5]-9618&alias=b9p21p5099.cern.ch&noUDP&sock=startd_2667_eb2c>
	SlotName: slot1_6@b9p21p5099.cern.ch
	CondorScratchDir = "/pool/condor/dir_2681488"
	Cpus = 1
	Disk = 6146772
	GPUs = 0
	Memory = 3000
...
006 (6052705.000.000) 08/16 22:44:29 Image size of job updated: 26232
	26  -  MemoryUsage of job (MB)
	26232  -  ResidentSetSize of job (KB)
...
006 (6052705.000.000) 08/16 22:49:30 Image size of job updated: 94620
	93  -  MemoryUsage of job (MB)
	94620  -  ResidentSetSize of job (KB)
...
006 (6052705.000.000) 08/16 22:59:31 Image size of job updated: 94624
	93  -  MemoryUsage of job (MB)
	94624  -  ResidentSetSize of job (KB)
...
006 (6052705.000.000) 08/16 23:04:31 Image size of job updated: 94956
	93  -  MemoryUsage of job (MB)
	94956  -  ResidentSetSize of job (KB)
...
006 (6052705.000.000) 08/16 23:09:32 Image size of job updated: 95296
	94  -  MemoryUsage of job (MB)
	95296  -  ResidentSetSize of job (KB)
...
040 (6052705.000.000) 08/16 23:13:10 Started transferring output files
...
040 (6052705.000.000) 08/16 23:13:10 Finished transferring output files
...
005 (6052705.000.000) 08/16 23:13:10 Job terminated.
	(1) Normal termination (return value 0)
		Usr 0 00:28:13, Sys 0 00:00:07  -  Run Remote Usage
		Usr 0 00:00:00, Sys 0 00:00:00  -  Run Local Usage
		Usr 0 00:28:13, Sys 0 00:00:07  -  Total Remote Usage
		Usr 0 00:00:00, Sys 0 00:00:00  -  Total Local Usage
	16913  -  Run Bytes Sent By Job
	10088  -  Run Bytes Received By Job
	16913  -  Total Bytes Sent By Job
	10088  -  Total Bytes Received By Job
	Partitionable Resources :    Usage  Request Allocated 
	   Cpus                 :     0.99        1         1 
	   Disk (KB)            : 39697     6144000   6146772 
	   GPUs                 :                           0 
	   Memory (MB)          :    94        3000      3000 
	   TimeExecute (s)      :  1730                       
	   TimeSlotBusy (s)     :  1732                       
...
