000 (6052876.000.000) 08/16 23:20:06 Job submitted from host: <188.185.133.2:9618?addrs=188.185.133.2-9618+[2001-1458-d03-2--100-208]-9618&alias=bigbird102.cern.ch&noUDP&sock=schedd_5723_1498>
    DAG Node: C_A06_S7_F1
...
040 (6052876.000.000) 08/16 23:20:37 Started transferring input files
	Transferring to host: <128.142.248.122:9618?addrs=128.142.248.122-9618+[2001-1458-301-73--100-16a]-9618&alias=b9g23p2132.cern.ch&noUDP&sock=slot1_52_7537_3f8c_23822>
...
040 (6052876.000.000) 08/16 23:20:37 Finished transferring input files
...
001 (6052876.000.000) 08/16 23:20:38 Job executing on host: <128.142.248.122:9618?addrs=128.142.248.122-9618+[2001-1458-301-73--100-16a]-9618&alias=b9g23p2132.cern.ch&noUDP&sock=startd_6630_34ff>
	SlotName: slot1_52@b9g23p2132.cern.ch
	CondorScratchDir = "/pool/condor/dir_1849448"
	Cpus = 1
	Disk = 6146749
	GPUs = 0
	Memory = 3000
...
006 (6052876.000.000) 08/16 23:20:46 Image size of job updated: 42628
	42  -  MemoryUsage of job (MB)
	42628  -  ResidentSetSize of job (KB)
...
006 (6052876.000.000) 08/16 23:25:46 Image size of job updated: 90276
	89  -  MemoryUsage of job (MB)
	90276  -  ResidentSetSize of job (KB)
...
006 (6052876.000.000) 08/16 23:40:47 Image size of job updated: 90280
	89  -  MemoryUsage of job (MB)
	90280  -  ResidentSetSize of job (KB)
...
006 (6052876.000.000) 08/16 23:45:48 Image size of job updated: 90332
	89  -  MemoryUsage of job (MB)
	90332  -  ResidentSetSize of job (KB)
...
006 (6052876.000.000) 08/16 23:50:48 Image size of job updated: 90444
	89  -  MemoryUsage of job (MB)
	90444  -  ResidentSetSize of job (KB)
...
006 (6052876.000.000) 08/16 23:55:49 Image size of job updated: 90612
	89  -  MemoryUsage of job (MB)
	90612  -  ResidentSetSize of job (KB)
...
006 (6052876.000.000) 08/17 00:00:49 Image size of job updated: 90780
	89  -  MemoryUsage of job (MB)
	90780  -  ResidentSetSize of job (KB)
...
006 (6052876.000.000) 08/17 00:05:49 Image size of job updated: 90952
	89  -  MemoryUsage of job (MB)
	90952  -  ResidentSetSize of job (KB)
...
040 (6052876.000.000) 08/17 00:06:28 Started transferring output files
...
040 (6052876.000.000) 08/17 00:06:29 Finished transferring output files
...
005 (6052876.000.000) 08/17 00:06:29 Job terminated.
	(1) Normal termination (return value 0)
		Usr 0 00:45:19, Sys 0 00:00:05  -  Run Remote Usage
		Usr 0 00:00:00, Sys 0 00:00:00  -  Run Local Usage
		Usr 0 00:45:19, Sys 0 00:00:05  -  Total Remote Usage
		Usr 0 00:00:00, Sys 0 00:00:00  -  Total Local Usage
	17665  -  Run Bytes Sent By Job
	10088  -  Run Bytes Received By Job
	17665  -  Total Bytes Sent By Job
	10088  -  Total Bytes Received By Job
	Partitionable Resources :    Usage  Request Allocated 
	   Cpus                 :     0.99        1         1 
	   Disk (KB)            : 39681     6144000   6146749 
	   GPUs                 :                           0 
	   Memory (MB)          :    89        3000      3000 
	   TimeExecute (s)      :  2750                       
	   TimeSlotBusy (s)     :  2752                       
...
