000 (6052909.000.000) 08/16 23:34:32 Job submitted from host: <188.185.133.2:9618?addrs=188.185.133.2-9618+[2001-1458-d03-2--100-208]-9618&alias=bigbird102.cern.ch&noUDP&sock=schedd_5723_1498>
    DAG Node: C_A08_S3_F1
...
040 (6052909.000.000) 08/16 23:35:39 Started transferring input files
	Transferring to host: <188.185.197.85:9618?addrs=188.185.197.85-9618+[2001-1458-303-24--100-51]-9618&alias=b9p14p0001.cern.ch&noUDP&sock=slot1_12_9697_29e3_22933>
...
040 (6052909.000.000) 08/16 23:35:39 Finished transferring input files
...
001 (6052909.000.000) 08/16 23:35:40 Job executing on host: <188.185.197.85:9618?addrs=188.185.197.85-9618+[2001-1458-303-24--100-51]-9618&alias=b9p14p0001.cern.ch&noUDP&sock=startd_8568_8389>
	SlotName: slot1_12@b9p14p0001.cern.ch
	CondorScratchDir = "/pool/condor/dir_1139217"
	Cpus = 1
	Disk = 6207026
	GPUs = 0
	Memory = 3000
...
006 (6052909.000.000) 08/16 23:35:48 Image size of job updated: 45708
	45  -  MemoryUsage of job (MB)
	45708  -  ResidentSetSize of job (KB)
...
006 (6052909.000.000) 08/16 23:40:48 Image size of job updated: 94560
	93  -  MemoryUsage of job (MB)
	94560  -  ResidentSetSize of job (KB)
...
006 (6052909.000.000) 08/16 23:55:49 Image size of job updated: 94612
	93  -  MemoryUsage of job (MB)
	94612  -  ResidentSetSize of job (KB)
...
006 (6052909.000.000) 08/17 00:00:51 Image size of job updated: 94892
	93  -  MemoryUsage of job (MB)
	94892  -  ResidentSetSize of job (KB)
...
006 (6052909.000.000) 08/17 00:10:51 Image size of job updated: 95232
	93  -  MemoryUsage of job (MB)
	95232  -  ResidentSetSize of job (KB)
...
040 (6052909.000.000) 08/17 00:14:03 Started transferring output files
...
040 (6052909.000.000) 08/17 00:14:03 Finished transferring output files
...
005 (6052909.000.000) 08/17 00:14:03 Job terminated.
	(1) Normal termination (return value 0)
		Usr 0 00:37:58, Sys 0 00:00:06  -  Run Remote Usage
		Usr 0 00:00:00, Sys 0 00:00:00  -  Run Local Usage
		Usr 0 00:37:58, Sys 0 00:00:06  -  Total Remote Usage
		Usr 0 00:00:00, Sys 0 00:00:00  -  Total Local Usage
	17042  -  Run Bytes Sent By Job
	10088  -  Run Bytes Received By Job
	17042  -  Total Bytes Sent By Job
	10088  -  Total Bytes Received By Job
	Partitionable Resources :    Usage  Request Allocated 
	   Cpus                 :     0.99        1         1 
	   Disk (KB)            : 39679     6144000   6207026 
	   GPUs                 :                           0 
	   Memory (MB)          :    93        3000      3000 
	   TimeExecute (s)      :  2303                       
	   TimeSlotBusy (s)     :  2305                       
...
