000 (6052737.000.000) 08/16 22:46:39 Job submitted from host: <188.185.133.2:9618?addrs=188.185.133.2-9618+[2001-1458-d03-2--100-208]-9618&alias=bigbird102.cern.ch&noUDP&sock=schedd_5723_1498>
    DAG Node: C_A00_S6_F0
...
040 (6052737.000.000) 08/16 22:49:17 Started transferring input files
	Transferring to host: <188.185.192.51:9618?addrs=188.185.192.51-9618+[2001-1458-303-1f--100-2f]-9618&alias=b9p13p9021.cern.ch&noUDP&sock=slot1_11_6700_818a_32198>
...
040 (6052737.000.000) 08/16 22:49:17 Finished transferring input files
...
001 (6052737.000.000) 08/16 22:49:18 Job executing on host: <188.185.192.51:9618?addrs=188.185.192.51-9618+[2001-1458-303-1f--100-2f]-9618&alias=b9p13p9021.cern.ch&noUDP&sock=startd_5210_3483>
	SlotName: slot1_11@b9p13p9021.cern.ch
	CondorScratchDir = "/pool/condor/dir_3623966"
	Cpus = 1
	Disk = 6146811
	GPUs = 0
	Memory = 3000
...
006 (6052737.000.000) 08/16 22:49:27 Image size of job updated: 26796
	27  -  MemoryUsage of job (MB)
	26796  -  ResidentSetSize of job (KB)
...
006 (6052737.000.000) 08/16 22:54:28 Image size of job updated: 96456
	95  -  MemoryUsage of job (MB)
	96456  -  ResidentSetSize of job (KB)
...
006 (6052737.000.000) 08/16 22:59:29 Image size of job updated: 96792
	95  -  MemoryUsage of job (MB)
	96792  -  ResidentSetSize of job (KB)
...
006 (6052737.000.000) 08/16 23:04:29 Image size of job updated: 108548
	107  -  MemoryUsage of job (MB)
	108548  -  ResidentSetSize of job (KB)
...
006 (6052737.000.000) 08/16 23:14:30 Image size of job updated: 108552
	107  -  MemoryUsage of job (MB)
	108552  -  ResidentSetSize of job (KB)
...
006 (6052737.000.000) 08/16 23:19:31 Image size of job updated: 119392
	117  -  MemoryUsage of job (MB)
	119392  -  ResidentSetSize of job (KB)
...
006 (6052737.000.000) 08/16 23:29:32 Image size of job updated: 119396
	117  -  MemoryUsage of job (MB)
	119396  -  ResidentSetSize of job (KB)
...
006 (6052737.000.000) 08/16 23:32:54 Image size of job updated: 119400
	117  -  MemoryUsage of job (MB)
	119396  -  ResidentSetSize of job (KB)
...
040 (6052737.000.000) 08/16 23:32:54 Started transferring output files
...
040 (6052737.000.000) 08/16 23:32:54 Finished transferring output files
...
005 (6052737.000.000) 08/16 23:32:54 Job terminated.
	(1) Normal termination (return value 0)
		Usr 0 00:43:03, Sys 0 00:00:06  -  Run Remote Usage
		Usr 0 00:00:00, Sys 0 00:00:00  -  Run Local Usage
		Usr 0 00:43:03, Sys 0 00:00:06  -  Total Remote Usage
		Usr 0 00:00:00, Sys 0 00:00:00  -  Total Local Usage
	17245  -  Run Bytes Sent By Job
	10088  -  Run Bytes Received By Job
	17245  -  Total Bytes Sent By Job
	10088  -  Total Bytes Received By Job
	Partitionable Resources :    Usage  Request Allocated 
	   Cpus                 :     0.99        1         1 
	   Disk (KB)            : 39679     6144000   6146811 
	   GPUs                 :                           0 
	   Memory (MB)          :   117        3000      3000 
	   TimeExecute (s)      :  2616                       
	   TimeSlotBusy (s)     :  2618                       
...
