000 (6052950.000.000) 08/16 23:47:12 Job submitted from host: <188.185.133.2:9618?addrs=188.185.133.2-9618+[2001-1458-d03-2--100-208]-9618&alias=bigbird102.cern.ch&noUDP&sock=schedd_5723_1498>
    DAG Node: C_A07_S6_F0
...
040 (6052950.000.000) 08/16 23:49:16 Started transferring input files
	Transferring to host: <188.185.192.149:9618?addrs=188.185.192.149-9618+[2001-1458-303-1f--100-91]-9618&alias=b9p13p3961.cern.ch&noUDP&sock=slot1_6_3329_54e0_33201>
...
040 (6052950.000.000) 08/16 23:49:16 Finished transferring input files
...
001 (6052950.000.000) 08/16 23:49:17 Job executing on host: <188.185.192.149:9618?addrs=188.185.192.149-9618+[2001-1458-303-1f--100-91]-9618&alias=b9p13p3961.cern.ch&noUDP&sock=startd_2632_e95b>
	SlotName: slot1_6@b9p13p3961.cern.ch
	CondorScratchDir = "/pool/condor/dir_3177096"
	Cpus = 1
	Disk = 6146946
	GPUs = 0
	Memory = 3000
...
006 (6052950.000.000) 08/16 23:49:26 Image size of job updated: 25760
	26  -  MemoryUsage of job (MB)
	25760  -  ResidentSetSize of job (KB)
...
006 (6052950.000.000) 08/16 23:54:27 Image size of job updated: 94880
	93  -  MemoryUsage of job (MB)
	94880  -  ResidentSetSize of job (KB)
...
006 (6052950.000.000) 08/17 00:04:27 Image size of job updated: 106636
	105  -  MemoryUsage of job (MB)
	106636  -  ResidentSetSize of job (KB)
...
006 (6052950.000.000) 08/17 00:14:28 Image size of job updated: 117480
	115  -  MemoryUsage of job (MB)
	117480  -  ResidentSetSize of job (KB)
...
006 (6052950.000.000) 08/17 00:23:14 Image size of job updated: 117484
	115  -  MemoryUsage of job (MB)
	117480  -  ResidentSetSize of job (KB)
...
040 (6052950.000.000) 08/17 00:23:14 Started transferring output files
...
040 (6052950.000.000) 08/17 00:23:14 Finished transferring output files
...
005 (6052950.000.000) 08/17 00:23:14 Job terminated.
	(1) Normal termination (return value 0)
		Usr 0 00:33:24, Sys 0 00:00:06  -  Run Remote Usage
		Usr 0 00:00:00, Sys 0 00:00:00  -  Run Local Usage
		Usr 0 00:33:24, Sys 0 00:00:06  -  Total Remote Usage
		Usr 0 00:00:00, Sys 0 00:00:00  -  Total Local Usage
	17579  -  Run Bytes Sent By Job
	10088  -  Run Bytes Received By Job
	17579  -  Total Bytes Sent By Job
	10088  -  Total Bytes Received By Job
	Partitionable Resources :    Usage  Request Allocated 
	   Cpus                 :     0.99        1         1 
	   Disk (KB)            : 39680     6144000   6146946 
	   GPUs                 :                           0 
	   Memory (MB)          :   115        3000      3000 
	   TimeExecute (s)      :  2037                       
	   TimeSlotBusy (s)     :  2039                       
...
