000 (6052785.000.000) 08/16 22:52:32 Job submitted from host: <188.185.133.2:9618?addrs=188.185.133.2-9618+[2001-1458-d03-2--100-208]-9618&alias=bigbird102.cern.ch&noUDP&sock=schedd_5723_1498>
    DAG Node: C_A14_S5_F0
...
040 (6052785.000.000) 08/16 22:55:57 Started transferring input files
	Transferring to host: <188.185.192.82:9618?addrs=188.185.192.82-9618+[2001-1458-303-1f--100-4e]-9618&alias=b9p13p9917.cern.ch&noUDP&sock=slot1_5_5580_5d5c_31023>
...
040 (6052785.000.000) 08/16 22:55:57 Finished transferring input files
...
001 (6052785.000.000) 08/16 22:55:58 Job executing on host: <188.185.192.82:9618?addrs=188.185.192.82-9618+[2001-1458-303-1f--100-4e]-9618&alias=b9p13p9917.cern.ch&noUDP&sock=startd_5008_a661>
	SlotName: slot1_5@b9p13p9917.cern.ch
	CondorScratchDir = "/pool/condor/dir_3247590"
	Cpus = 1
	Disk = 6149152
	GPUs = 0
	Memory = 3000
...
006 (6052785.000.000) 08/16 22:56:07 Image size of job updated: 33592
	30  -  MemoryUsage of job (MB)
	30680  -  ResidentSetSize of job (KB)
...
006 (6052785.000.000) 08/16 23:01:08 Image size of job updated: 94580
	93  -  MemoryUsage of job (MB)
	94580  -  ResidentSetSize of job (KB)
...
006 (6052785.000.000) 08/16 23:06:09 Image size of job updated: 95088
	93  -  MemoryUsage of job (MB)
	95088  -  ResidentSetSize of job (KB)
...
006 (6052785.000.000) 08/16 23:11:09 Image size of job updated: 106504
	105  -  MemoryUsage of job (MB)
	106504  -  ResidentSetSize of job (KB)
...
006 (6052785.000.000) 08/16 23:16:10 Image size of job updated: 106508
	105  -  MemoryUsage of job (MB)
	106508  -  ResidentSetSize of job (KB)
...
006 (6052785.000.000) 08/16 23:21:10 Image size of job updated: 117348
	115  -  MemoryUsage of job (MB)
	117348  -  ResidentSetSize of job (KB)
...
006 (6052785.000.000) 08/16 23:26:10 Image size of job updated: 117352
	115  -  MemoryUsage of job (MB)
	117352  -  ResidentSetSize of job (KB)
...
006 (6052785.000.000) 08/16 23:31:11 Image size of job updated: 117356
	115  -  MemoryUsage of job (MB)
	117356  -  ResidentSetSize of job (KB)
...
040 (6052785.000.000) 08/16 23:31:21 Started transferring output files
...
040 (6052785.000.000) 08/16 23:31:21 Finished transferring output files
...
005 (6052785.000.000) 08/16 23:31:22 Job terminated.
	(1) Normal termination (return value 0)
		Usr 0 00:35:00, Sys 0 00:00:05  -  Run Remote Usage
		Usr 0 00:00:00, Sys 0 00:00:00  -  Run Local Usage
		Usr 0 00:35:00, Sys 0 00:00:05  -  Total Remote Usage
		Usr 0 00:00:00, Sys 0 00:00:00  -  Total Local Usage
	16983  -  Run Bytes Sent By Job
	10088  -  Run Bytes Received By Job
	16983  -  Total Bytes Sent By Job
	10088  -  Total Bytes Received By Job
	Partitionable Resources :    Usage  Request Allocated 
	   Cpus                 :     0.99        1         1 
	   Disk (KB)            : 39679     6144000   6149152 
	   GPUs                 :                           0 
	   Memory (MB)          :   115        3000      3000 
	   TimeExecute (s)      :  2123                       
	   TimeSlotBusy (s)     :  2124                       
...
