000 (6052979.000.000) 08/17 00:11:53 Job submitted from host: <188.185.133.2:9618?addrs=188.185.133.2-9618+[2001-1458-d03-2--100-208]-9618&alias=bigbird102.cern.ch&noUDP&sock=schedd_5723_1498>
    DAG Node: C_A12_S5_F1
...
040 (6052979.000.000) 08/17 00:11:59 Started transferring input files
	Transferring to host: <188.185.197.148:9618?addrs=188.185.197.148-9618+[2001-1458-303-24--100-90]-9618&alias=b9p14p2451.cern.ch&noUDP&sock=slot1_35_7611_634f_23355>
...
040 (6052979.000.000) 08/17 00:11:59 Finished transferring input files
...
001 (6052979.000.000) 08/17 00:12:00 Job executing on host: <188.185.197.148:9618?addrs=188.185.197.148-9618+[2001-1458-303-24--100-90]-9618&alias=b9p14p2451.cern.ch&noUDP&sock=startd_6940_d75a>
	SlotName: slot1_35@b9p14p2451.cern.ch
	CondorScratchDir = "/pool/condor/dir_282042"
	Cpus = 1
	Disk = 6172996
	GPUs = 0
	Memory = 3000
...
006 (6052979.000.000) 08/17 00:12:08 Image size of job updated: 59700
	59  -  MemoryUsage of job (MB)
	59700  -  ResidentSetSize of job (KB)
...
006 (6052979.000.000) 08/17 00:17:08 Image size of job updated: 96512
	95  -  MemoryUsage of job (MB)
	96512  -  ResidentSetSize of job (KB)
...
006 (6052979.000.000) 08/17 00:27:09 Image size of job updated: 96676
	95  -  MemoryUsage of job (MB)
	96676  -  ResidentSetSize of job (KB)
...
006 (6052979.000.000) 08/17 00:42:10 Image size of job updated: 96844
	95  -  MemoryUsage of job (MB)
	96844  -  ResidentSetSize of job (KB)
...
006 (6052979.000.000) 08/17 00:47:11 Image size of job updated: 97016
	95  -  MemoryUsage of job (MB)
	97016  -  ResidentSetSize of job (KB)
...
006 (6052979.000.000) 08/17 00:51:41 Image size of job updated: 97184
	95  -  MemoryUsage of job (MB)
	97016  -  ResidentSetSize of job (KB)
...
040 (6052979.000.000) 08/17 00:51:41 Started transferring output files
...
040 (6052979.000.000) 08/17 00:51:41 Finished transferring output files
...
005 (6052979.000.000) 08/17 00:51:41 Job terminated.
	(1) Normal termination (return value 0)
		Usr 0 00:39:17, Sys 0 00:00:05  -  Run Remote Usage
		Usr 0 00:00:00, Sys 0 00:00:00  -  Run Local Usage
		Usr 0 00:39:17, Sys 0 00:00:05  -  Total Remote Usage
		Usr 0 00:00:00, Sys 0 00:00:00  -  Total Local Usage
	17669  -  Run Bytes Sent By Job
	10088  -  Run Bytes Received By Job
	17669  -  Total Bytes Sent By Job
	10088  -  Total Bytes Received By Job
	Partitionable Resources :    Usage  Request Allocated 
	   Cpus                 :     0.99        1         1 
	   Disk (KB)            : 39681     6144000   6172996 
	   GPUs                 :                           0 
	   Memory (MB)          :    95        3000      3000 
	   TimeExecute (s)      :  2381                       
	   TimeSlotBusy (s)     :  2382                       
...
