000 (6052998.000.000) 08/17 00:32:02 Job submitted from host: <188.185.133.2:9618?addrs=188.185.133.2-9618+[2001-1458-d03-2--100-208]-9618&alias=bigbird102.cern.ch&noUDP&sock=schedd_5723_1498>
    DAG Node: C_A12_S3_F2
...
040 (6052998.000.000) 08/17 00:33:27 Started transferring input files
	Transferring to host: <128.142.33.61:9618?addrs=128.142.33.61-9618+[2001-1458-301-53--100-3a]-9618&alias=b9g34p5098.cern.ch&noUDP&sock=slot1_15_4777_941b_29889>
...
040 (6052998.000.000) 08/17 00:33:27 Finished transferring input files
...
001 (6052998.000.000) 08/17 00:33:28 Job executing on host: <128.142.33.61:9618?addrs=128.142.33.61-9618+[2001-1458-301-53--100-3a]-9618&alias=b9g34p5098.cern.ch&noUDP&sock=startd_4471_5006>
	SlotName: slot1_15@b9g34p5098.cern.ch
	CondorScratchDir = "/pool/condor/dir_3735118"
	Cpus = 1
	Disk = 6146680
	GPUs = 0
	Memory = 3000
...
006 (6052998.000.000) 08/17 00:33:37 Image size of job updated: 44576
	44  -  MemoryUsage of job (MB)
	44576  -  ResidentSetSize of job (KB)
...
006 (6052998.000.000) 08/17 00:38:38 Image size of job updated: 90128
	89  -  MemoryUsage of job (MB)
	90128  -  ResidentSetSize of job (KB)
...
006 (6052998.000.000) 08/17 01:38:44 Image size of job updated: 90292
	89  -  MemoryUsage of job (MB)
	90292  -  ResidentSetSize of job (KB)
...
006 (6052998.000.000) 08/17 01:48:45 Image size of job updated: 90344
	89  -  MemoryUsage of job (MB)
	90344  -  ResidentSetSize of job (KB)
...
006 (6052998.000.000) 08/17 01:53:45 Image size of job updated: 90460
	89  -  MemoryUsage of job (MB)
	90460  -  ResidentSetSize of job (KB)
...
006 (6052998.000.000) 08/17 02:18:47 Image size of job updated: 90628
	89  -  MemoryUsage of job (MB)
	90628  -  ResidentSetSize of job (KB)
...
006 (6052998.000.000) 08/17 02:23:48 Image size of job updated: 90632
	89  -  MemoryUsage of job (MB)
	90632  -  ResidentSetSize of job (KB)
...
006 (6052998.000.000) 08/17 02:28:49 Image size of job updated: 90800
	89  -  MemoryUsage of job (MB)
	90800  -  ResidentSetSize of job (KB)
...
040 (6052998.000.000) 08/17 02:42:13 Started transferring output files
...
040 (6052998.000.000) 08/17 02:42:13 Finished transferring output files
...
005 (6052998.000.000) 08/17 02:42:13 Job terminated.
	(1) Normal termination (return value 0)
		Usr 0 02:07:50, Sys 0 00:00:09  -  Run Remote Usage
		Usr 0 00:00:00, Sys 0 00:00:00  -  Run Local Usage
		Usr 0 02:07:50, Sys 0 00:00:09  -  Total Remote Usage
		Usr 0 00:00:00, Sys 0 00:00:00  -  Total Local Usage
	17674  -  Run Bytes Sent By Job
	10088  -  Run Bytes Received By Job
	17674  -  Total Bytes Sent By Job
	10088  -  Total Bytes Received By Job
	Partitionable Resources :    Usage  Request Allocated 
	   Cpus                 :     1.00        1         1 
	   Disk (KB)            : 39644     6144000   6146680 
	   GPUs                 :                           0 
	   Memory (MB)          :    89        3000      3000 
	   TimeExecute (s)      :  7725                       
	   TimeSlotBusy (s)     :  7727                       
...
