000 (6052945.000.000) 08/16 23:41:54 Job submitted from host: <188.185.133.2:9618?addrs=188.185.133.2-9618+[2001-1458-d03-2--100-208]-9618&alias=bigbird102.cern.ch&noUDP&sock=schedd_5723_1498>
    DAG Node: C_A13_S6_F1
...
040 (6052945.000.000) 08/16 23:44:21 Started transferring input files
	Transferring to host: <188.185.193.132:9618?addrs=188.185.193.132-9618+[2001-1458-303-20--100-80]-9618&alias=b9p19p8900.cern.ch&noUDP&sock=slot1_34_6417_1b5e_29291>
...
040 (6052945.000.000) 08/16 23:44:21 Finished transferring input files
...
001 (6052945.000.000) 08/16 23:44:22 Job executing on host: <188.185.193.132:9618?addrs=188.185.193.132-9618+[2001-1458-303-20--100-80]-9618&alias=b9p19p8900.cern.ch&noUDP&sock=startd_5538_2f93>
	SlotName: slot1_34@b9p19p8900.cern.ch
	CondorScratchDir = "/pool/condor/dir_1324406"
	Cpus = 1
	Disk = 6146903
	GPUs = 0
	Memory = 3000
...
006 (6052945.000.000) 08/16 23:44:30 Image size of job updated: 57400
	57  -  MemoryUsage of job (MB)
	57400  -  ResidentSetSize of job (KB)
...
006 (6052945.000.000) 08/16 23:49:30 Image size of job updated: 95880
	91  -  MemoryUsage of job (MB)
	92532  -  ResidentSetSize of job (KB)
...
006 (6052945.000.000) 08/16 23:59:31 Image size of job updated: 95880
	91  -  MemoryUsage of job (MB)
	92864  -  ResidentSetSize of job (KB)
...
006 (6052945.000.000) 08/17 00:04:31 Image size of job updated: 95880
	91  -  MemoryUsage of job (MB)
	92868  -  ResidentSetSize of job (KB)
...
006 (6052945.000.000) 08/17 00:09:32 Image size of job updated: 95880
	92  -  MemoryUsage of job (MB)
	93204  -  ResidentSetSize of job (KB)
...
040 (6052945.000.000) 08/17 00:13:26 Started transferring output files
...
040 (6052945.000.000) 08/17 00:13:26 Finished transferring output files
...
005 (6052945.000.000) 08/17 00:13:26 Job terminated.
	(1) Normal termination (return value 0)
		Usr 0 00:28:46, Sys 0 00:00:04  -  Run Remote Usage
		Usr 0 00:00:00, Sys 0 00:00:00  -  Run Local Usage
		Usr 0 00:28:46, Sys 0 00:00:04  -  Total Remote Usage
		Usr 0 00:00:00, Sys 0 00:00:00  -  Total Local Usage
	16918  -  Run Bytes Sent By Job
	10088  -  Run Bytes Received By Job
	16918  -  Total Bytes Sent By Job
	10088  -  Total Bytes Received By Job
	Partitionable Resources :    Usage  Request Allocated 
	   Cpus                 :     0.99        1         1 
	   Disk (KB)            : 39677     6144000   6146903 
	   GPUs                 :                           0 
	   Memory (MB)          :    92        3000      3000 
	   TimeExecute (s)      :  1744                       
	   TimeSlotBusy (s)     :  1746                       
...
