000 (6052906.000.000) 08/16 23:34:22 Job submitted from host: <188.185.133.2:9618?addrs=188.185.133.2-9618+[2001-1458-d03-2--100-208]-9618&alias=bigbird102.cern.ch&noUDP&sock=schedd_5723_1498>
    DAG Node: C_A07_S3_F1
...
040 (6052906.000.000) 08/16 23:34:56 Started transferring input files
	Transferring to host: <188.185.193.86:9618?addrs=188.185.193.86-9618+[2001-1458-303-20--100-52]-9618&alias=b9p19p8854.cern.ch&noUDP&sock=slot1_16_7138_1ddb_31003>
...
040 (6052906.000.000) 08/16 23:34:56 Finished transferring input files
...
001 (6052906.000.000) 08/16 23:34:57 Job executing on host: <188.185.193.86:9618?addrs=188.185.193.86-9618+[2001-1458-303-20--100-52]-9618&alias=b9p19p8854.cern.ch&noUDP&sock=startd_6333_7d5e>
	SlotName: slot1_16@b9p19p8854.cern.ch
	CondorScratchDir = "/pool/condor/dir_3576288"
	Cpus = 1
	Disk = 6227720
	GPUs = 0
	Memory = 3000
...
006 (6052906.000.000) 08/16 23:35:05 Image size of job updated: 46604
	46  -  MemoryUsage of job (MB)
	46604  -  ResidentSetSize of job (KB)
...
006 (6052906.000.000) 08/16 23:40:05 Image size of job updated: 90676
	89  -  MemoryUsage of job (MB)
	90676  -  ResidentSetSize of job (KB)
...
006 (6052906.000.000) 08/17 00:05:08 Image size of job updated: 90844
	89  -  MemoryUsage of job (MB)
	90844  -  ResidentSetSize of job (KB)
...
006 (6052906.000.000) 08/17 00:06:34 Image size of job updated: 91184
	89  -  MemoryUsage of job (MB)
	90844  -  ResidentSetSize of job (KB)
...
040 (6052906.000.000) 08/17 00:06:34 Started transferring output files
...
040 (6052906.000.000) 08/17 00:06:34 Finished transferring output files
...
005 (6052906.000.000) 08/17 00:06:35 Job terminated.
	(1) Normal termination (return value 0)
		Usr 0 00:31:18, Sys 0 00:00:05  -  Run Remote Usage
		Usr 0 00:00:00, Sys 0 00:00:00  -  Run Local Usage
		Usr 0 00:31:18, Sys 0 00:00:05  -  Total Remote Usage
		Usr 0 00:00:00, Sys 0 00:00:00  -  Total Local Usage
	17438  -  Run Bytes Sent By Job
	10088  -  Run Bytes Received By Job
	17438  -  Total Bytes Sent By Job
	10088  -  Total Bytes Received By Job
	Partitionable Resources :    Usage  Request Allocated 
	   Cpus                 :     0.99        1         1 
	   Disk (KB)            : 39680     6144000   6227720 
	   GPUs                 :                           0 
	   Memory (MB)          :    89        3000      3000 
	   TimeExecute (s)      :  1897                       
	   TimeSlotBusy (s)     :  1898                       
...
