000 (6052710.000.000) 08/16 22:42:53 Job submitted from host: <188.185.133.2:9618?addrs=188.185.133.2-9618+[2001-1458-d03-2--100-208]-9618&alias=bigbird102.cern.ch&noUDP&sock=schedd_5723_1498>
    DAG Node: C_A01_S5_F0
...
040 (6052710.000.000) 08/16 22:44:22 Started transferring input files
	Transferring to host: <188.185.215.20:9618?addrs=188.185.215.20-9618+[2001-1458-303-1e--100-10]-9618&alias=b9p31p6744.cern.ch&noUDP&sock=slot1_4_4781_659b_24063>
...
040 (6052710.000.000) 08/16 22:44:22 Finished transferring input files
...
001 (6052710.000.000) 08/16 22:44:23 Job executing on host: <188.185.215.20:9618?addrs=188.185.215.20-9618+[2001-1458-303-1e--100-10]-9618&alias=b9p31p6744.cern.ch&noUDP&sock=startd_4083_2d47>
	SlotName: slot1_4@b9p31p6744.cern.ch
	CondorScratchDir = "/pool/condor/dir_3358921"
	Cpus = 1
	Disk = 6146867
	GPUs = 0
	Memory = 3000
...
006 (6052710.000.000) 08/16 22:44:32 Image size of job updated: 31044
	31  -  MemoryUsage of job (MB)
	31044  -  ResidentSetSize of job (KB)
...
006 (6052710.000.000) 08/16 22:49:33 Image size of job updated: 94780
	93  -  MemoryUsage of job (MB)
	94780  -  ResidentSetSize of job (KB)
...
006 (6052710.000.000) 08/16 22:54:33 Image size of job updated: 106704
	105  -  MemoryUsage of job (MB)
	106704  -  ResidentSetSize of job (KB)
...
006 (6052710.000.000) 08/16 22:59:34 Image size of job updated: 106708
	105  -  MemoryUsage of job (MB)
	106708  -  ResidentSetSize of job (KB)
...
006 (6052710.000.000) 08/16 23:04:35 Image size of job updated: 117548
	115  -  MemoryUsage of job (MB)
	117548  -  ResidentSetSize of job (KB)
...
006 (6052710.000.000) 08/16 23:09:35 Image size of job updated: 117556
	115  -  MemoryUsage of job (MB)
	117556  -  ResidentSetSize of job (KB)
...
040 (6052710.000.000) 08/16 23:10:48 Started transferring output files
...
040 (6052710.000.000) 08/16 23:10:48 Finished transferring output files
...
005 (6052710.000.000) 08/16 23:10:48 Job terminated.
	(1) Normal termination (return value 0)
		Usr 0 00:25:54, Sys 0 00:00:06  -  Run Remote Usage
		Usr 0 00:00:00, Sys 0 00:00:00  -  Run Local Usage
		Usr 0 00:25:54, Sys 0 00:00:06  -  Total Remote Usage
		Usr 0 00:00:00, Sys 0 00:00:00  -  Total Local Usage
	17055  -  Run Bytes Sent By Job
	10088  -  Run Bytes Received By Job
	17055  -  Total Bytes Sent By Job
	10088  -  Total Bytes Received By Job
	Partitionable Resources :    Usage  Request Allocated 
	   Cpus                 :     0.99        1         1 
	   Disk (KB)            : 39698     6144000   6146867 
	   GPUs                 :                           0 
	   Memory (MB)          :   115        3000      3000 
	   TimeExecute (s)      :  1585                       
	   TimeSlotBusy (s)     :  1587                       
...
