000 (6052686.000.000) 08/16 22:38:39 Job submitted from host: <188.185.133.2:9618?addrs=188.185.133.2-9618+[2001-1458-d03-2--100-208]-9618&alias=bigbird102.cern.ch&noUDP&sock=schedd_5723_1498>
    DAG Node: C_A01_S6_F0
...
040 (6052686.000.000) 08/16 22:39:09 Started transferring input files
	Transferring to host: <188.185.196.168:9618?addrs=188.185.196.168-9618+[2001-1458-303-23--100-a4]-9618&alias=b9p16p7936.cern.ch&noUDP&sock=slot1_21_3250_ab3d_30245>
...
040 (6052686.000.000) 08/16 22:39:09 Finished transferring input files
...
001 (6052686.000.000) 08/16 22:39:10 Job executing on host: <188.185.196.168:9618?addrs=188.185.196.168-9618+[2001-1458-303-23--100-a4]-9618&alias=b9p16p7936.cern.ch&noUDP&sock=startd_2571_1214>
	SlotName: slot1_21@b9p16p7936.cern.ch
	CondorScratchDir = "/pool/condor/dir_3802630"
	Cpus = 1
	Disk = 6146473
	GPUs = 0
	Memory = 3000
...
006 (6052686.000.000) 08/16 22:39:18 Image size of job updated: 28348
	28  -  MemoryUsage of job (MB)
	28348  -  ResidentSetSize of job (KB)
...
006 (6052686.000.000) 08/16 22:44:18 Image size of job updated: 90512
	89  -  MemoryUsage of job (MB)
	90512  -  ResidentSetSize of job (KB)
...
006 (6052686.000.000) 08/16 22:49:19 Image size of job updated: 90844
	89  -  MemoryUsage of job (MB)
	90844  -  ResidentSetSize of job (KB)
...
006 (6052686.000.000) 08/16 22:54:19 Image size of job updated: 102600
	101  -  MemoryUsage of job (MB)
	102600  -  ResidentSetSize of job (KB)
...
006 (6052686.000.000) 08/16 22:59:20 Image size of job updated: 102604
	101  -  MemoryUsage of job (MB)
	102604  -  ResidentSetSize of job (KB)
...
006 (6052686.000.000) 08/16 23:04:21 Image size of job updated: 113444
	111  -  MemoryUsage of job (MB)
	113444  -  ResidentSetSize of job (KB)
...
006 (6052686.000.000) 08/16 23:09:21 Image size of job updated: 113448
	111  -  MemoryUsage of job (MB)
	113448  -  ResidentSetSize of job (KB)
...
006 (6052686.000.000) 08/16 23:12:44 Image size of job updated: 113452
	111  -  MemoryUsage of job (MB)
	113448  -  ResidentSetSize of job (KB)
...
040 (6052686.000.000) 08/16 23:12:44 Started transferring output files
...
040 (6052686.000.000) 08/16 23:12:44 Finished transferring output files
...
005 (6052686.000.000) 08/16 23:12:44 Job terminated.
	(1) Normal termination (return value 0)
		Usr 0 00:33:08, Sys 0 00:00:05  -  Run Remote Usage
		Usr 0 00:00:00, Sys 0 00:00:00  -  Run Local Usage
		Usr 0 00:33:08, Sys 0 00:00:05  -  Total Remote Usage
		Usr 0 00:00:00, Sys 0 00:00:00  -  Total Local Usage
	17055  -  Run Bytes Sent By Job
	10088  -  Run Bytes Received By Job
	17055  -  Total Bytes Sent By Job
	10088  -  Total Bytes Received By Job
	Partitionable Resources :    Usage  Request Allocated 
	   Cpus                 :     0.99        1         1 
	   Disk (KB)            : 39678     6144000   6146473 
	   GPUs                 :                           0 
	   Memory (MB)          :   111        3000      3000 
	   TimeExecute (s)      :  2014                       
	   TimeSlotBusy (s)     :  2016                       
...
