000 (6052813.000.000) 08/16 22:57:01 Job submitted from host: <188.185.133.2:9618?addrs=188.185.133.2-9618+[2001-1458-d03-2--100-208]-9618&alias=bigbird102.cern.ch&noUDP&sock=schedd_5723_1498>
    DAG Node: C_A14_S7_F1
...
040 (6052813.000.000) 08/16 22:57:39 Started transferring input files
	Transferring to host: <128.142.33.23:9618?addrs=128.142.33.23-9618+[2001-1458-301-53--100-14]-9618&alias=b9g34p5862.cern.ch&noUDP&sock=slot1_8_5267_d3ef_27187>
...
040 (6052813.000.000) 08/16 22:57:39 Finished transferring input files
...
001 (6052813.000.000) 08/16 22:57:40 Job executing on host: <128.142.33.23:9618?addrs=128.142.33.23-9618+[2001-1458-301-53--100-14]-9618&alias=b9g34p5862.cern.ch&noUDP&sock=startd_4284_0bd0>
	SlotName: slot1_8@b9g34p5862.cern.ch
	CondorScratchDir = "/pool/condor/dir_1802282"
	Cpus = 1
	Disk = 6146697
	GPUs = 0
	Memory = 3000
...
006 (6052813.000.000) 08/16 22:57:49 Image size of job updated: 24212
	24  -  MemoryUsage of job (MB)
	24212  -  ResidentSetSize of job (KB)
...
006 (6052813.000.000) 08/16 23:02:50 Image size of job updated: 90172
	89  -  MemoryUsage of job (MB)
	90172  -  ResidentSetSize of job (KB)
...
006 (6052813.000.000) 08/16 23:12:51 Image size of job updated: 90336
	89  -  MemoryUsage of job (MB)
	90336  -  ResidentSetSize of job (KB)
...
006 (6052813.000.000) 08/16 23:17:52 Image size of job updated: 90504
	89  -  MemoryUsage of job (MB)
	90504  -  ResidentSetSize of job (KB)
...
006 (6052813.000.000) 08/16 23:27:53 Image size of job updated: 90676
	89  -  MemoryUsage of job (MB)
	90676  -  ResidentSetSize of job (KB)
...
006 (6052813.000.000) 08/16 23:32:54 Image size of job updated: 90844
	89  -  MemoryUsage of job (MB)
	90844  -  ResidentSetSize of job (KB)
...
040 (6052813.000.000) 08/16 23:33:41 Started transferring output files
...
040 (6052813.000.000) 08/16 23:33:41 Finished transferring output files
...
005 (6052813.000.000) 08/16 23:33:41 Job terminated.
	(1) Normal termination (return value 0)
		Usr 0 00:35:34, Sys 0 00:00:06  -  Run Remote Usage
		Usr 0 00:00:00, Sys 0 00:00:00  -  Run Local Usage
		Usr 0 00:35:34, Sys 0 00:00:06  -  Total Remote Usage
		Usr 0 00:00:00, Sys 0 00:00:00  -  Total Local Usage
	16840  -  Run Bytes Sent By Job
	10088  -  Run Bytes Received By Job
	16840  -  Total Bytes Sent By Job
	10088  -  Total Bytes Received By Job
	Partitionable Resources :    Usage  Request Allocated 
	   Cpus                 :     0.99        1         1 
	   Disk (KB)            : 39641     6144000   6146697 
	   GPUs                 :                           0 
	   Memory (MB)          :    89        3000      3000 
	   TimeExecute (s)      :  2161                       
	   TimeSlotBusy (s)     :  2163                       
...
