000 (6052697.000.000) 08/16 22:41:01 Job submitted from host: <188.185.133.2:9618?addrs=188.185.133.2-9618+[2001-1458-d03-2--100-208]-9618&alias=bigbird102.cern.ch&noUDP&sock=schedd_5723_1498>
    DAG Node: C_A00_S1_F2
...
040 (6052697.000.000) 08/16 22:44:15 Started transferring input files
	Transferring to host: <188.185.215.52:9618?addrs=188.185.215.52-9618+[2001-1458-303-1e--100-30]-9618&alias=b9p31p4926.cern.ch&noUDP&sock=slot1_1_3704_8d90_33559>
...
040 (6052697.000.000) 08/16 22:44:15 Finished transferring input files
...
001 (6052697.000.000) 08/16 22:44:16 Job executing on host: <188.185.215.52:9618?addrs=188.185.215.52-9618+[2001-1458-303-1e--100-30]-9618&alias=b9p31p4926.cern.ch&noUDP&sock=startd_3169_3fb7>
	SlotName: slot1_1@b9p31p4926.cern.ch
	CondorScratchDir = "/pool/condor/dir_1860834"
	Cpus = 1
	Disk = 6146817
	GPUs = 0
	Memory = 3000
...
006 (6052697.000.000) 08/16 22:44:25 Image size of job updated: 41696
	41  -  MemoryUsage of job (MB)
	41696  -  ResidentSetSize of job (KB)
...
006 (6052697.000.000) 08/16 22:49:26 Image size of job updated: 94608
	93  -  MemoryUsage of job (MB)
	94608  -  ResidentSetSize of job (KB)
...
006 (6052697.000.000) 08/16 23:34:31 Image size of job updated: 94776
	93  -  MemoryUsage of job (MB)
	94776  -  ResidentSetSize of job (KB)
...
006 (6052697.000.000) 08/16 23:39:32 Image size of job updated: 94944
	93  -  MemoryUsage of job (MB)
	94944  -  ResidentSetSize of job (KB)
...
006 (6052697.000.000) 08/16 23:49:33 Image size of job updated: 95112
	93  -  MemoryUsage of job (MB)
	95112  -  ResidentSetSize of job (KB)
...
006 (6052697.000.000) 08/16 23:54:34 Image size of job updated: 95284
	94  -  MemoryUsage of job (MB)
	95284  -  ResidentSetSize of job (KB)
...
040 (6052697.000.000) 08/16 23:57:48 Started transferring output files
...
040 (6052697.000.000) 08/16 23:57:48 Finished transferring output files
...
005 (6052697.000.000) 08/16 23:57:48 Job terminated.
	(1) Normal termination (return value 0)
		Usr 0 01:12:33, Sys 0 00:00:09  -  Run Remote Usage
		Usr 0 00:00:00, Sys 0 00:00:00  -  Run Local Usage
		Usr 0 01:12:33, Sys 0 00:00:09  -  Total Remote Usage
		Usr 0 00:00:00, Sys 0 00:00:00  -  Total Local Usage
	17109  -  Run Bytes Sent By Job
	10088  -  Run Bytes Received By Job
	17109  -  Total Bytes Sent By Job
	10088  -  Total Bytes Received By Job
	Partitionable Resources :    Usage  Request Allocated 
	   Cpus                 :     0.99        1         1 
	   Disk (KB)            : 39698     6144000   6146817 
	   GPUs                 :                           0 
	   Memory (MB)          :    94        3000      3000 
	   TimeExecute (s)      :  4411                       
	   TimeSlotBusy (s)     :  4414                       
...
