000 (6052692.000.000) 08/16 22:40:50 Job submitted from host: <188.185.133.2:9618?addrs=188.185.133.2-9618+[2001-1458-d03-2--100-208]-9618&alias=bigbird102.cern.ch&noUDP&sock=schedd_5723_1498>
    DAG Node: C_A01_S3_F0
...
040 (6052692.000.000) 08/16 22:42:48 Started transferring input files
	Transferring to host: <128.142.162.29:9618?addrs=128.142.162.29-9618+[2001-1458-301-7b--100-16]-9618&alias=b9g42p1018.cern.ch&noUDP&sock=slot1_16_3975_7f3b_22742>
...
040 (6052692.000.000) 08/16 22:42:48 Finished transferring input files
...
001 (6052692.000.000) 08/16 22:42:49 Job executing on host: <128.142.162.29:9618?addrs=128.142.162.29-9618+[2001-1458-301-7b--100-16]-9618&alias=b9g42p1018.cern.ch&noUDP&sock=startd_3650_2cc5>
	SlotName: slot1_16@b9g42p1018.cern.ch
	CondorScratchDir = "/pool/condor/dir_7244"
	Cpus = 1
	Disk = 6150050
	GPUs = 0
	Memory = 3000
...
006 (6052692.000.000) 08/16 22:42:57 Image size of job updated: 43616
	43  -  MemoryUsage of job (MB)
	43616  -  ResidentSetSize of job (KB)
...
006 (6052692.000.000) 08/16 22:47:57 Image size of job updated: 94232
	93  -  MemoryUsage of job (MB)
	94232  -  ResidentSetSize of job (KB)
...
006 (6052692.000.000) 08/16 22:52:58 Image size of job updated: 94564
	93  -  MemoryUsage of job (MB)
	94564  -  ResidentSetSize of job (KB)
...
006 (6052692.000.000) 08/16 22:57:58 Image size of job updated: 106320
	104  -  MemoryUsage of job (MB)
	106320  -  ResidentSetSize of job (KB)
...
006 (6052692.000.000) 08/16 23:08:00 Image size of job updated: 106324
	104  -  MemoryUsage of job (MB)
	106324  -  ResidentSetSize of job (KB)
...
006 (6052692.000.000) 08/16 23:13:00 Image size of job updated: 117164
	115  -  MemoryUsage of job (MB)
	117164  -  ResidentSetSize of job (KB)
...
006 (6052692.000.000) 08/16 23:23:01 Image size of job updated: 117168
	115  -  MemoryUsage of job (MB)
	117168  -  ResidentSetSize of job (KB)
...
006 (6052692.000.000) 08/16 23:28:01 Image size of job updated: 117172
	115  -  MemoryUsage of job (MB)
	117172  -  ResidentSetSize of job (KB)
...
040 (6052692.000.000) 08/16 23:28:13 Started transferring output files
...
040 (6052692.000.000) 08/16 23:28:13 Finished transferring output files
...
005 (6052692.000.000) 08/16 23:28:13 Job terminated.
	(1) Normal termination (return value 0)
		Usr 0 00:44:56, Sys 0 00:00:06  -  Run Remote Usage
		Usr 0 00:00:00, Sys 0 00:00:00  -  Run Local Usage
		Usr 0 00:44:56, Sys 0 00:00:06  -  Total Remote Usage
		Usr 0 00:00:00, Sys 0 00:00:00  -  Total Local Usage
	17051  -  Run Bytes Sent By Job
	10088  -  Run Bytes Received By Job
	17051  -  Total Bytes Sent By Job
	10088  -  Total Bytes Received By Job
	Partitionable Resources :    Usage  Request Allocated 
	   Cpus                 :     0.99        1         1 
	   Disk (KB)            : 39639     6144000   6150050 
	   GPUs                 :                           0 
	   Memory (MB)          :   115        3000      3000 
	   TimeExecute (s)      :  2724                       
	   TimeSlotBusy (s)     :  2725                       
...
