000 (6052648.000.000) 08/16 22:34:33 Job submitted from host: <188.185.133.2:9618?addrs=188.185.133.2-9618+[2001-1458-d03-2--100-208]-9618&alias=bigbird102.cern.ch&noUDP&sock=schedd_5723_1498>
    DAG Node: C_A02_S6_F1
...
040 (6052648.000.000) 08/16 22:36:55 Started transferring input files
	Transferring to host: <188.185.195.83:9618?addrs=188.185.195.83-9618+[2001-1458-303-22--100-4f]-9618&alias=b9p17p6449.cern.ch&noUDP&sock=slot1_36_4347_9aca_31723>
...
040 (6052648.000.000) 08/16 22:36:55 Finished transferring input files
...
001 (6052648.000.000) 08/16 22:36:56 Job executing on host: <188.185.195.83:9618?addrs=188.185.195.83-9618+[2001-1458-303-22--100-4f]-9618&alias=b9p17p6449.cern.ch&noUDP&sock=startd_3179_1ba9>
	SlotName: slot1_36@b9p17p6449.cern.ch
	CondorScratchDir = "/pool/condor/dir_1577780"
	Cpus = 1
	Disk = 6146250
	GPUs = 0
	Memory = 3000
...
006 (6052648.000.000) 08/16 22:37:04 Image size of job updated: 35736
	35  -  MemoryUsage of job (MB)
	35736  -  ResidentSetSize of job (KB)
...
006 (6052648.000.000) 08/16 22:42:04 Image size of job updated: 90508
	89  -  MemoryUsage of job (MB)
	90508  -  ResidentSetSize of job (KB)
...
006 (6052648.000.000) 08/16 22:52:05 Image size of job updated: 90672
	89  -  MemoryUsage of job (MB)
	90672  -  ResidentSetSize of job (KB)
...
006 (6052648.000.000) 08/16 22:57:05 Image size of job updated: 90840
	89  -  MemoryUsage of job (MB)
	90840  -  ResidentSetSize of job (KB)
...
006 (6052648.000.000) 08/16 23:07:06 Image size of job updated: 91180
	90  -  MemoryUsage of job (MB)
	91180  -  ResidentSetSize of job (KB)
...
040 (6052648.000.000) 08/16 23:10:17 Started transferring output files
...
040 (6052648.000.000) 08/16 23:10:17 Finished transferring output files
...
005 (6052648.000.000) 08/16 23:10:17 Job terminated.
	(1) Normal termination (return value 0)
		Usr 0 00:32:57, Sys 0 00:00:04  -  Run Remote Usage
		Usr 0 00:00:00, Sys 0 00:00:00  -  Run Local Usage
		Usr 0 00:32:57, Sys 0 00:00:04  -  Total Remote Usage
		Usr 0 00:00:00, Sys 0 00:00:00  -  Total Local Usage
	16836  -  Run Bytes Sent By Job
	10088  -  Run Bytes Received By Job
	16836  -  Total Bytes Sent By Job
	10088  -  Total Bytes Received By Job
	Partitionable Resources :    Usage  Request Allocated 
	   Cpus                 :     0.99        1         1 
	   Disk (KB)            : 39678     6144000   6146250 
	   GPUs                 :                           0 
	   Memory (MB)          :    90        3000      3000 
	   TimeExecute (s)      :  2001                       
	   TimeSlotBusy (s)     :  2002                       
...
