000 (6052948.000.000) 08/16 23:46:51 Job submitted from host: <188.185.133.2:9618?addrs=188.185.133.2-9618+[2001-1458-d03-2--100-208]-9618&alias=bigbird102.cern.ch&noUDP&sock=schedd_5723_1498>
    DAG Node: C_A13_S3_F1
...
040 (6052948.000.000) 08/16 23:49:07 Started transferring input files
	Transferring to host: <188.185.192.94:9618?addrs=188.185.192.94-9618+[2001-1458-303-1f--100-5a]-9618&alias=b9p13p0998.cern.ch&noUDP&sock=slot1_31_8441_32b0_30645>
...
040 (6052948.000.000) 08/16 23:49:07 Finished transferring input files
...
001 (6052948.000.000) 08/16 23:49:08 Job executing on host: <188.185.192.94:9618?addrs=188.185.192.94-9618+[2001-1458-303-1f--100-5a]-9618&alias=b9p13p0998.cern.ch&noUDP&sock=startd_7294_a7e1>
	SlotName: slot1_31@b9p13p0998.cern.ch
	CondorScratchDir = "/pool/condor/dir_506597"
	Cpus = 1
	Disk = 6187481
	GPUs = 0
	Memory = 3000
...
006 (6052948.000.000) 08/16 23:49:17 Image size of job updated: 57416
	57  -  MemoryUsage of job (MB)
	57416  -  ResidentSetSize of job (KB)
...
006 (6052948.000.000) 08/16 23:54:18 Image size of job updated: 94404
	93  -  MemoryUsage of job (MB)
	94404  -  ResidentSetSize of job (KB)
...
006 (6052948.000.000) 08/16 23:59:19 Image size of job updated: 94408
	93  -  MemoryUsage of job (MB)
	94408  -  ResidentSetSize of job (KB)
...
006 (6052948.000.000) 08/17 00:04:19 Image size of job updated: 94572
	93  -  MemoryUsage of job (MB)
	94572  -  ResidentSetSize of job (KB)
...
006 (6052948.000.000) 08/17 00:14:20 Image size of job updated: 94740
	93  -  MemoryUsage of job (MB)
	94740  -  ResidentSetSize of job (KB)
...
006 (6052948.000.000) 08/17 00:24:22 Image size of job updated: 95080
	93  -  MemoryUsage of job (MB)
	95080  -  ResidentSetSize of job (KB)
...
040 (6052948.000.000) 08/17 00:26:15 Started transferring output files
...
040 (6052948.000.000) 08/17 00:26:15 Finished transferring output files
...
005 (6052948.000.000) 08/17 00:26:16 Job terminated.
	(1) Normal termination (return value 0)
		Usr 0 00:36:38, Sys 0 00:00:06  -  Run Remote Usage
		Usr 0 00:00:00, Sys 0 00:00:00  -  Run Local Usage
		Usr 0 00:36:38, Sys 0 00:00:06  -  Total Remote Usage
		Usr 0 00:00:00, Sys 0 00:00:00  -  Total Local Usage
	16916  -  Run Bytes Sent By Job
	10088  -  Run Bytes Received By Job
	16916  -  Total Bytes Sent By Job
	10088  -  Total Bytes Received By Job
	Partitionable Resources :    Usage  Request Allocated 
	   Cpus                 :     0.99        1         1 
	   Disk (KB)            : 39678     6144000   6187481 
	   GPUs                 :                           0 
	   Memory (MB)          :    93        3000      3000 
	   TimeExecute (s)      :  2227                       
	   TimeSlotBusy (s)     :  2228                       
...
