000 (6052958.000.000) 08/16 23:49:13 Job submitted from host: <188.185.133.2:9618?addrs=188.185.133.2-9618+[2001-1458-d03-2--100-208]-9618&alias=bigbird102.cern.ch&noUDP&sock=schedd_5723_1498>
    DAG Node: C_A07_S7_F2
...
040 (6052958.000.000) 08/16 23:49:18 Started transferring input files
	Transferring to host: <188.185.195.115:9618?addrs=188.185.195.115-9618+[2001-1458-303-22--100-6f]-9618&alias=b9p17p9555.cern.ch&noUDP&sock=slot1_25_4035_c5bd_31850>
...
040 (6052958.000.000) 08/16 23:49:18 Finished transferring input files
...
001 (6052958.000.000) 08/16 23:49:19 Job executing on host: <188.185.195.115:9618?addrs=188.185.195.115-9618+[2001-1458-303-22--100-6f]-9618&alias=b9p17p9555.cern.ch&noUDP&sock=startd_3096_2d4d>
	SlotName: slot1_25@b9p17p9555.cern.ch
	CondorScratchDir = "/pool/condor/dir_3691148"
	Cpus = 1
	Disk = 6146902
	GPUs = 0
	Memory = 3000
...
006 (6052958.000.000) 08/16 23:49:28 Image size of job updated: 28332
	28  -  MemoryUsage of job (MB)
	28332  -  ResidentSetSize of job (KB)
...
006 (6052958.000.000) 08/16 23:54:29 Image size of job updated: 90508
	89  -  MemoryUsage of job (MB)
	90508  -  ResidentSetSize of job (KB)
...
006 (6052958.000.000) 08/17 00:49:34 Image size of job updated: 90672
	89  -  MemoryUsage of job (MB)
	90672  -  ResidentSetSize of job (KB)
...
006 (6052958.000.000) 08/17 00:54:34 Image size of job updated: 90728
	89  -  MemoryUsage of job (MB)
	90728  -  ResidentSetSize of job (KB)
...
006 (6052958.000.000) 08/17 00:59:35 Image size of job updated: 90840
	89  -  MemoryUsage of job (MB)
	90840  -  ResidentSetSize of job (KB)
...
006 (6052958.000.000) 08/17 01:09:36 Image size of job updated: 90896
	89  -  MemoryUsage of job (MB)
	90896  -  ResidentSetSize of job (KB)
...
006 (6052958.000.000) 08/17 01:14:36 Image size of job updated: 91180
	90  -  MemoryUsage of job (MB)
	91180  -  ResidentSetSize of job (KB)
...
040 (6052958.000.000) 08/17 01:24:22 Started transferring output files
...
040 (6052958.000.000) 08/17 01:24:22 Finished transferring output files
...
005 (6052958.000.000) 08/17 01:24:22 Job terminated.
	(1) Normal termination (return value 0)
		Usr 0 01:34:12, Sys 0 00:00:08  -  Run Remote Usage
		Usr 0 00:00:00, Sys 0 00:00:00  -  Run Local Usage
		Usr 0 01:34:12, Sys 0 00:00:08  -  Total Remote Usage
		Usr 0 00:00:00, Sys 0 00:00:00  -  Total Local Usage
	17440  -  Run Bytes Sent By Job
	10088  -  Run Bytes Received By Job
	17440  -  Total Bytes Sent By Job
	10088  -  Total Bytes Received By Job
	Partitionable Resources :    Usage  Request Allocated 
	   Cpus                 :     1.00        1         1 
	   Disk (KB)            : 39679     6144000   6146902 
	   GPUs                 :                           0 
	   Memory (MB)          :    90        3000      3000 
	   TimeExecute (s)      :  5703                       
	   TimeSlotBusy (s)     :  5705                       
...
