000 (6052730.000.000) 08/16 22:45:27 Job submitted from host: <188.185.133.2:9618?addrs=188.185.133.2-9618+[2001-1458-d03-2--100-208]-9618&alias=bigbird102.cern.ch&noUDP&sock=schedd_5723_1498>
    DAG Node: C_A10_S5_F2
...
040 (6052730.000.000) 08/16 22:48:52 Started transferring input files
	Transferring to host: <128.142.33.55:9618?addrs=128.142.33.55-9618+[2001-1458-301-53--100-34]-9618&alias=b9g34p2738.cern.ch&noUDP&sock=slot1_11_4875_a0df_28114>
...
040 (6052730.000.000) 08/16 22:48:52 Finished transferring input files
...
001 (6052730.000.000) 08/16 22:48:53 Job executing on host: <128.142.33.55:9618?addrs=128.142.33.55-9618+[2001-1458-301-53--100-34]-9618&alias=b9g34p2738.cern.ch&noUDP&sock=startd_4121_3de0>
	SlotName: slot1_11@b9g34p2738.cern.ch
	CondorScratchDir = "/pool/condor/dir_3761910"
	Cpus = 1
	Disk = 6170602
	GPUs = 0
	Memory = 3000
...
006 (6052730.000.000) 08/16 22:49:01 Image size of job updated: 35524
	35  -  MemoryUsage of job (MB)
	35524  -  ResidentSetSize of job (KB)
...
006 (6052730.000.000) 08/16 22:54:01 Image size of job updated: 93580
	89  -  MemoryUsage of job (MB)
	90212  -  ResidentSetSize of job (KB)
...
006 (6052730.000.000) 08/16 23:44:06 Image size of job updated: 93580
	89  -  MemoryUsage of job (MB)
	90376  -  ResidentSetSize of job (KB)
...
006 (6052730.000.000) 08/16 23:59:08 Image size of job updated: 93580
	89  -  MemoryUsage of job (MB)
	90544  -  ResidentSetSize of job (KB)
...
006 (6052730.000.000) 08/17 00:29:11 Image size of job updated: 93580
	89  -  MemoryUsage of job (MB)
	90712  -  ResidentSetSize of job (KB)
...
006 (6052730.000.000) 08/17 00:39:13 Image size of job updated: 93580
	89  -  MemoryUsage of job (MB)
	90716  -  ResidentSetSize of job (KB)
...
006 (6052730.000.000) 08/17 00:44:13 Image size of job updated: 93580
	89  -  MemoryUsage of job (MB)
	90884  -  ResidentSetSize of job (KB)
...
040 (6052730.000.000) 08/17 01:01:50 Started transferring output files
...
040 (6052730.000.000) 08/17 01:01:50 Finished transferring output files
...
005 (6052730.000.000) 08/17 01:01:50 Job terminated.
	(1) Normal termination (return value 0)
		Usr 0 02:11:42, Sys 0 00:00:14  -  Run Remote Usage
		Usr 0 00:00:00, Sys 0 00:00:00  -  Run Local Usage
		Usr 0 02:11:42, Sys 0 00:00:14  -  Total Remote Usage
		Usr 0 00:00:00, Sys 0 00:00:00  -  Total Local Usage
	16845  -  Run Bytes Sent By Job
	10088  -  Run Bytes Received By Job
	16845  -  Total Bytes Sent By Job
	10088  -  Total Bytes Received By Job
	Partitionable Resources :    Usage  Request Allocated 
	   Cpus                 :     0.99        1         1 
	   Disk (KB)            : 39642     6144000   6170602 
	   GPUs                 :                           0 
	   Memory (MB)          :    89        3000      3000 
	   TimeExecute (s)      :  7977                       
	   TimeSlotBusy (s)     :  7979                       
...
