000 (6052783.000.000) 08/16 22:52:22 Job submitted from host: <188.185.133.2:9618?addrs=188.185.133.2-9618+[2001-1458-d03-2--100-208]-9618&alias=bigbird102.cern.ch&noUDP&sock=schedd_5723_1498>
    DAG Node: C_A04_S4_F1
...
040 (6052783.000.000) 08/16 22:53:45 Started transferring input files
	Transferring to host: <188.185.196.132:9618?addrs=188.185.196.132-9618+[2001-1458-303-23--100-80]-9618&alias=b9p16p6169.cern.ch&noUDP&sock=slot1_25_3269_0e5e_27766>
...
040 (6052783.000.000) 08/16 22:53:45 Finished transferring input files
...
001 (6052783.000.000) 08/16 22:53:46 Job executing on host: <188.185.196.132:9618?addrs=188.185.196.132-9618+[2001-1458-303-23--100-80]-9618&alias=b9p16p6169.cern.ch&noUDP&sock=startd_2537_bfdc>
	SlotName: slot1_25@b9p16p6169.cern.ch
	CondorScratchDir = "/pool/condor/dir_13836"
	Cpus = 1
	Disk = 6176973
	GPUs = 0
	Memory = 3000
...
006 (6052783.000.000) 08/16 22:53:55 Image size of job updated: 61884
	61  -  MemoryUsage of job (MB)
	61884  -  ResidentSetSize of job (KB)
...
006 (6052783.000.000) 08/16 22:58:56 Image size of job updated: 94564
	93  -  MemoryUsage of job (MB)
	94564  -  ResidentSetSize of job (KB)
...
006 (6052783.000.000) 08/16 23:13:57 Image size of job updated: 94728
	93  -  MemoryUsage of job (MB)
	94728  -  ResidentSetSize of job (KB)
...
006 (6052783.000.000) 08/16 23:18:57 Image size of job updated: 94896
	93  -  MemoryUsage of job (MB)
	94896  -  ResidentSetSize of job (KB)
...
006 (6052783.000.000) 08/16 23:28:59 Image size of job updated: 95236
	94  -  MemoryUsage of job (MB)
	95236  -  ResidentSetSize of job (KB)
...
040 (6052783.000.000) 08/16 23:33:31 Started transferring output files
...
040 (6052783.000.000) 08/16 23:33:31 Finished transferring output files
...
005 (6052783.000.000) 08/16 23:33:31 Job terminated.
	(1) Normal termination (return value 0)
		Usr 0 00:39:19, Sys 0 00:00:05  -  Run Remote Usage
		Usr 0 00:00:00, Sys 0 00:00:00  -  Run Local Usage
		Usr 0 00:39:19, Sys 0 00:00:05  -  Total Remote Usage
		Usr 0 00:00:00, Sys 0 00:00:00  -  Total Local Usage
	16911  -  Run Bytes Sent By Job
	10088  -  Run Bytes Received By Job
	16911  -  Total Bytes Sent By Job
	10088  -  Total Bytes Received By Job
	Partitionable Resources :    Usage  Request Allocated 
	   Cpus                 :     0.99        1         1 
	   Disk (KB)            : 39678     6144000   6176973 
	   GPUs                 :                           0 
	   Memory (MB)          :    94        3000      3000 
	   TimeExecute (s)      :  2385                       
	   TimeSlotBusy (s)     :  2386                       
...
