000 (6052689.000.000) 08/16 22:39:09 Job submitted from host: <188.185.133.2:9618?addrs=188.185.133.2-9618+[2001-1458-d03-2--100-208]-9618&alias=bigbird102.cern.ch&noUDP&sock=schedd_5723_1498>
    DAG Node: C_A05_S5_F0
...
040 (6052689.000.000) 08/16 22:39:45 Started transferring input files
	Transferring to host: <128.142.162.103:9618?addrs=128.142.162.103-9618+[2001-1458-301-7d--100-20]-9618&alias=b9g42p2036.cern.ch&noUDP&sock=slot1_1_3831_0935_22620>
...
040 (6052689.000.000) 08/16 22:39:45 Finished transferring input files
...
001 (6052689.000.000) 08/16 22:39:46 Job executing on host: <128.142.162.103:9618?addrs=128.142.162.103-9618+[2001-1458-301-7d--100-20]-9618&alias=b9g42p2036.cern.ch&noUDP&sock=startd_3478_327a>
	SlotName: slot1_1@b9g42p2036.cern.ch
	CondorScratchDir = "/pool/condor/dir_2726725"
	Cpus = 1
	Disk = 6145106
	GPUs = 0
	Memory = 3000
...
006 (6052689.000.000) 08/16 22:39:56 Image size of job updated: 32032
	32  -  MemoryUsage of job (MB)
	32032  -  ResidentSetSize of job (KB)
...
006 (6052689.000.000) 08/16 22:44:56 Image size of job updated: 97544
	92  -  MemoryUsage of job (MB)
	94200  -  ResidentSetSize of job (KB)
...
006 (6052689.000.000) 08/16 22:49:56 Image size of job updated: 97544
	93  -  MemoryUsage of job (MB)
	94704  -  ResidentSetSize of job (KB)
...
006 (6052689.000.000) 08/16 22:54:57 Image size of job updated: 106288
	104  -  MemoryUsage of job (MB)
	106288  -  ResidentSetSize of job (KB)
...
006 (6052689.000.000) 08/16 22:59:57 Image size of job updated: 106292
	104  -  MemoryUsage of job (MB)
	106292  -  ResidentSetSize of job (KB)
...
006 (6052689.000.000) 08/16 23:04:58 Image size of job updated: 106296
	104  -  MemoryUsage of job (MB)
	106296  -  ResidentSetSize of job (KB)
...
006 (6052689.000.000) 08/16 23:09:59 Image size of job updated: 117132
	115  -  MemoryUsage of job (MB)
	117132  -  ResidentSetSize of job (KB)
...
006 (6052689.000.000) 08/16 23:20:00 Image size of job updated: 117140
	115  -  MemoryUsage of job (MB)
	117140  -  ResidentSetSize of job (KB)
...
040 (6052689.000.000) 08/16 23:21:16 Started transferring output files
...
040 (6052689.000.000) 08/16 23:21:16 Finished transferring output files
...
005 (6052689.000.000) 08/16 23:21:16 Job terminated.
	(1) Normal termination (return value 0)
		Usr 0 00:40:58, Sys 0 00:00:06  -  Run Remote Usage
		Usr 0 00:00:00, Sys 0 00:00:00  -  Run Local Usage
		Usr 0 00:40:58, Sys 0 00:00:06  -  Total Remote Usage
		Usr 0 00:00:00, Sys 0 00:00:00  -  Total Local Usage
	16978  -  Run Bytes Sent By Job
	10088  -  Run Bytes Received By Job
	16978  -  Total Bytes Sent By Job
	10088  -  Total Bytes Received By Job
	Partitionable Resources :    Usage  Request Allocated 
	   Cpus                 :     0.99        1         1 
	   Disk (KB)            : 39637     6144000   6145106 
	   GPUs                 :                           0 
	   Memory (MB)          :   115        3000      3000 
	   TimeExecute (s)      :  2490                       
	   TimeSlotBusy (s)     :  2492                       
...
