000 (6052907.000.000) 08/16 23:34:22 Job submitted from host: <188.185.133.2:9618?addrs=188.185.133.2-9618+[2001-1458-d03-2--100-208]-9618&alias=bigbird102.cern.ch&noUDP&sock=schedd_5723_1498>
    DAG Node: C_A07_S3_F2
...
040 (6052907.000.000) 08/16 23:35:26 Started transferring input files
	Transferring to host: <188.185.192.74:9618?addrs=188.185.192.74-9618+[2001-1458-303-1f--100-46]-9618&alias=b9p13p7172.cern.ch&noUDP&sock=slot1_47_8530_e814_31022>
...
040 (6052907.000.000) 08/16 23:35:26 Finished transferring input files
...
001 (6052907.000.000) 08/16 23:35:27 Job executing on host: <188.185.192.74:9618?addrs=188.185.192.74-9618+[2001-1458-303-1f--100-46]-9618&alias=b9p13p7172.cern.ch&noUDP&sock=startd_7170_9a23>
	SlotName: slot1_47@b9p13p7172.cern.ch
	CondorScratchDir = "/pool/condor/dir_2234682"
	Cpus = 1
	Disk = 6266101
	GPUs = 0
	Memory = 3000
...
006 (6052907.000.000) 08/16 23:35:36 Image size of job updated: 45792
	31  -  MemoryUsage of job (MB)
	31436  -  ResidentSetSize of job (KB)
...
006 (6052907.000.000) 08/16 23:40:37 Image size of job updated: 94580
	93  -  MemoryUsage of job (MB)
	94580  -  ResidentSetSize of job (KB)
...
006 (6052907.000.000) 08/17 01:20:47 Image size of job updated: 95088
	93  -  MemoryUsage of job (MB)
	95088  -  ResidentSetSize of job (KB)
...
040 (6052907.000.000) 08/17 01:22:25 Started transferring output files
...
040 (6052907.000.000) 08/17 01:22:25 Finished transferring output files
...
005 (6052907.000.000) 08/17 01:22:25 Job terminated.
	(1) Normal termination (return value 0)
		Usr 0 01:46:09, Sys 0 00:00:08  -  Run Remote Usage
		Usr 0 00:00:00, Sys 0 00:00:00  -  Run Local Usage
		Usr 0 01:46:09, Sys 0 00:00:08  -  Total Remote Usage
		Usr 0 00:00:00, Sys 0 00:00:00  -  Total Local Usage
	17442  -  Run Bytes Sent By Job
	10088  -  Run Bytes Received By Job
	17442  -  Total Bytes Sent By Job
	10088  -  Total Bytes Received By Job
	Partitionable Resources :    Usage  Request Allocated 
	   Cpus                 :     0.99        1         1 
	   Disk (KB)            : 39680     6144000   6266101 
	   GPUs                 :                           0 
	   Memory (MB)          :    93        3000      3000 
	   TimeExecute (s)      :  6418                       
	   TimeSlotBusy (s)     :  6419                       
...
