000 (6052708.000.000) 08/16 22:42:07 Job submitted from host: <188.185.133.2:9618?addrs=188.185.133.2-9618+[2001-1458-d03-2--100-208]-9618&alias=bigbird102.cern.ch&noUDP&sock=schedd_5723_1498>
    DAG Node: C_A01_S0_F1
...
040 (6052708.000.000) 08/16 22:44:22 Started transferring input files
	Transferring to host: <188.185.204.179:9618?addrs=188.185.204.179-9618+[2001-1458-303-8--100-a7]-9618&alias=b9p02p7493.cern.ch&noUDP&sock=slot1_2_6814_d44e_28945>
...
040 (6052708.000.000) 08/16 22:44:22 Finished transferring input files
...
001 (6052708.000.000) 08/16 22:44:23 Job executing on host: <188.185.204.179:9618?addrs=188.185.204.179-9618+[2001-1458-303-8--100-a7]-9618&alias=b9p02p7493.cern.ch&noUDP&sock=startd_6067_092d>
	SlotName: slot1_2@b9p02p7493.cern.ch
	CondorScratchDir = "/pool/condor/dir_3838079"
	Cpus = 1
	Disk = 6146660
	GPUs = 0
	Memory = 3000
...
006 (6052708.000.000) 08/16 22:44:32 Image size of job updated: 31524
	31  -  MemoryUsage of job (MB)
	31524  -  ResidentSetSize of job (KB)
...
006 (6052708.000.000) 08/16 22:49:33 Image size of job updated: 94964
	93  -  MemoryUsage of job (MB)
	94964  -  ResidentSetSize of job (KB)
...
006 (6052708.000.000) 08/16 22:59:34 Image size of job updated: 95300
	94  -  MemoryUsage of job (MB)
	95300  -  ResidentSetSize of job (KB)
...
006 (6052708.000.000) 08/16 23:04:34 Image size of job updated: 95640
	94  -  MemoryUsage of job (MB)
	95640  -  ResidentSetSize of job (KB)
...
040 (6052708.000.000) 08/16 23:06:33 Started transferring output files
...
040 (6052708.000.000) 08/16 23:06:33 Finished transferring output files
...
005 (6052708.000.000) 08/16 23:06:34 Job terminated.
	(1) Normal termination (return value 0)
		Usr 0 00:21:47, Sys 0 00:00:04  -  Run Remote Usage
		Usr 0 00:00:00, Sys 0 00:00:00  -  Run Local Usage
		Usr 0 00:21:47, Sys 0 00:00:04  -  Total Remote Usage
		Usr 0 00:00:00, Sys 0 00:00:00  -  Total Local Usage
	16912  -  Run Bytes Sent By Job
	10088  -  Run Bytes Received By Job
	16912  -  Total Bytes Sent By Job
	10088  -  Total Bytes Received By Job
	Partitionable Resources :    Usage  Request Allocated 
	   Cpus                 :     0.99        1         1 
	   Disk (KB)            : 39795     6144000   6146660 
	   GPUs                 :                           0 
	   Memory (MB)          :    94        3000      3000 
	   TimeExecute (s)      :  1330                       
	   TimeSlotBusy (s)     :  1332                       
...
