000 (6052957.000.000) 08/16 23:49:13 Job submitted from host: <188.185.133.2:9618?addrs=188.185.133.2-9618+[2001-1458-d03-2--100-208]-9618&alias=bigbird102.cern.ch&noUDP&sock=schedd_5723_1498>
    DAG Node: C_A07_S7_F1
...
040 (6052957.000.000) 08/16 23:49:18 Started transferring input files
	Transferring to host: <128.142.248.214:9618?addrs=128.142.248.214-9618+[2001-1458-301-73--100-d5]-9618&alias=b9g23p2447.cern.ch&noUDP&sock=slot1_17_4480_50af_23270>
...
040 (6052957.000.000) 08/16 23:49:18 Finished transferring input files
...
001 (6052957.000.000) 08/16 23:49:19 Job executing on host: <128.142.248.214:9618?addrs=128.142.248.214-9618+[2001-1458-301-73--100-d5]-9618&alias=b9g23p2447.cern.ch&noUDP&sock=startd_3362_a17e>
	SlotName: slot1_17@b9g23p2447.cern.ch
	CondorScratchDir = "/pool/condor/dir_1483415"
	Cpus = 1
	Disk = 6148007
	GPUs = 0
	Memory = 3000
...
006 (6052957.000.000) 08/16 23:49:28 Image size of job updated: 55372
	55  -  MemoryUsage of job (MB)
	55372  -  ResidentSetSize of job (KB)
...
006 (6052957.000.000) 08/16 23:54:29 Image size of job updated: 94420
	93  -  MemoryUsage of job (MB)
	94420  -  ResidentSetSize of job (KB)
...
006 (6052957.000.000) 08/17 00:14:31 Image size of job updated: 94756
	93  -  MemoryUsage of job (MB)
	94756  -  ResidentSetSize of job (KB)
...
006 (6052957.000.000) 08/17 00:19:32 Image size of job updated: 94924
	93  -  MemoryUsage of job (MB)
	94924  -  ResidentSetSize of job (KB)
...
006 (6052957.000.000) 08/17 00:23:53 Image size of job updated: 95096
	93  -  MemoryUsage of job (MB)
	94924  -  ResidentSetSize of job (KB)
...
040 (6052957.000.000) 08/17 00:23:53 Started transferring output files
...
040 (6052957.000.000) 08/17 00:23:53 Finished transferring output files
...
005 (6052957.000.000) 08/17 00:23:53 Job terminated.
	(1) Normal termination (return value 0)
		Usr 0 00:34:10, Sys 0 00:00:05  -  Run Remote Usage
		Usr 0 00:00:00, Sys 0 00:00:00  -  Run Local Usage
		Usr 0 00:34:10, Sys 0 00:00:05  -  Total Remote Usage
		Usr 0 00:00:00, Sys 0 00:00:00  -  Total Local Usage
	17436  -  Run Bytes Sent By Job
	10088  -  Run Bytes Received By Job
	17436  -  Total Bytes Sent By Job
	10088  -  Total Bytes Received By Job
	Partitionable Resources :    Usage  Request Allocated 
	   Cpus                 :     1.00        1         1 
	   Disk (KB)            : 39679     6144000   6148007 
	   GPUs                 :                           0 
	   Memory (MB)          :    93        3000      3000 
	   TimeExecute (s)      :  2074                       
	   TimeSlotBusy (s)     :  2076                       
...
