000 (6052994.000.000) 08/17 00:30:36 Job submitted from host: <188.185.133.2:9618?addrs=188.185.133.2-9618+[2001-1458-d03-2--100-208]-9618&alias=bigbird102.cern.ch&noUDP&sock=schedd_5723_1498>
    DAG Node: C_A12_S6_F1
...
040 (6052994.000.000) 08/17 00:33:08 Started transferring input files
	Transferring to host: <188.185.196.138:9618?addrs=188.185.196.138-9618+[2001-1458-303-23--100-86]-9618&alias=b9p16p4018.cern.ch&noUDP&sock=slot1_14_3518007_ef6c_11243>
...
040 (6052994.000.000) 08/17 00:33:08 Finished transferring input files
...
001 (6052994.000.000) 08/17 00:33:09 Job executing on host: <188.185.196.138:9618?addrs=188.185.196.138-9618+[2001-1458-303-23--100-86]-9618&alias=b9p16p4018.cern.ch&noUDP&sock=startd_3229_6765>
	SlotName: slot1_14@b9p16p4018.cern.ch
	CondorScratchDir = "/pool/condor/dir_217349"
	Cpus = 1
	Disk = 6161437
	GPUs = 0
	Memory = 3000
...
006 (6052994.000.000) 08/17 00:33:18 Image size of job updated: 59712
	59  -  MemoryUsage of job (MB)
	59712  -  ResidentSetSize of job (KB)
...
006 (6052994.000.000) 08/17 00:38:19 Image size of job updated: 94484
	93  -  MemoryUsage of job (MB)
	94484  -  ResidentSetSize of job (KB)
...
006 (6052994.000.000) 08/17 00:53:21 Image size of job updated: 94816
	93  -  MemoryUsage of job (MB)
	94816  -  ResidentSetSize of job (KB)
...
006 (6052994.000.000) 08/17 00:58:21 Image size of job updated: 94872
	93  -  MemoryUsage of job (MB)
	94872  -  ResidentSetSize of job (KB)
...
006 (6052994.000.000) 08/17 01:03:22 Image size of job updated: 95156
	93  -  MemoryUsage of job (MB)
	95156  -  ResidentSetSize of job (KB)
...
040 (6052994.000.000) 08/17 01:06:57 Started transferring output files
...
040 (6052994.000.000) 08/17 01:06:57 Finished transferring output files
...
005 (6052994.000.000) 08/17 01:06:57 Job terminated.
	(1) Normal termination (return value 0)
		Usr 0 00:33:27, Sys 0 00:00:05  -  Run Remote Usage
		Usr 0 00:00:00, Sys 0 00:00:00  -  Run Local Usage
		Usr 0 00:33:27, Sys 0 00:00:05  -  Total Remote Usage
		Usr 0 00:00:00, Sys 0 00:00:00  -  Total Local Usage
	17669  -  Run Bytes Sent By Job
	10088  -  Run Bytes Received By Job
	17669  -  Total Bytes Sent By Job
	10088  -  Total Bytes Received By Job
	Partitionable Resources :    Usage  Request Allocated 
	   Cpus                 :     0.99        1         1 
	   Disk (KB)            : 39680     6144000   6161437 
	   GPUs                 :                           0 
	   Memory (MB)          :    93        3000      3000 
	   TimeExecute (s)      :  2028                       
	   TimeSlotBusy (s)     :  2029                       
...
