000 (6052726.000.000) 08/16 22:45:22 Job submitted from host: <188.185.133.2:9618?addrs=188.185.133.2-9618+[2001-1458-d03-2--100-208]-9618&alias=bigbird102.cern.ch&noUDP&sock=schedd_5723_1498>
    DAG Node: C_A10_S2_F1
...
040 (6052726.000.000) 08/16 22:45:26 Started transferring input files
	Transferring to host: <128.142.162.75:9618?addrs=128.142.162.75-9618+[2001-1458-301-7d--100-4]-9618&alias=b9g42p2015.cern.ch&noUDP&sock=slot1_10_5584_2edc_23143>
...
040 (6052726.000.000) 08/16 22:45:26 Finished transferring input files
...
001 (6052726.000.000) 08/16 22:45:27 Job executing on host: <128.142.162.75:9618?addrs=128.142.162.75-9618+[2001-1458-301-7d--100-4]-9618&alias=b9g42p2015.cern.ch&noUDP&sock=startd_4580_13d8>
	SlotName: slot1_10@b9g42p2015.cern.ch
	CondorScratchDir = "/pool/condor/dir_1944598"
	Cpus = 1
	Disk = 6146773
	GPUs = 0
	Memory = 3000
...
006 (6052726.000.000) 08/16 22:45:36 Image size of job updated: 54040
	53  -  MemoryUsage of job (MB)
	54040  -  ResidentSetSize of job (KB)
...
006 (6052726.000.000) 08/16 22:50:37 Image size of job updated: 94208
	92  -  MemoryUsage of job (MB)
	94208  -  ResidentSetSize of job (KB)
...
006 (6052726.000.000) 08/16 23:00:38 Image size of job updated: 94376
	93  -  MemoryUsage of job (MB)
	94376  -  ResidentSetSize of job (KB)
...
006 (6052726.000.000) 08/16 23:05:38 Image size of job updated: 94544
	93  -  MemoryUsage of job (MB)
	94544  -  ResidentSetSize of job (KB)
...
006 (6052726.000.000) 08/16 23:10:38 Image size of job updated: 94712
	93  -  MemoryUsage of job (MB)
	94712  -  ResidentSetSize of job (KB)
...
006 (6052726.000.000) 08/16 23:15:39 Image size of job updated: 94884
	93  -  MemoryUsage of job (MB)
	94884  -  ResidentSetSize of job (KB)
...
040 (6052726.000.000) 08/16 23:18:31 Started transferring output files
...
040 (6052726.000.000) 08/16 23:18:31 Finished transferring output files
...
005 (6052726.000.000) 08/16 23:18:31 Job terminated.
	(1) Normal termination (return value 0)
		Usr 0 00:32:38, Sys 0 00:00:05  -  Run Remote Usage
		Usr 0 00:00:00, Sys 0 00:00:00  -  Run Local Usage
		Usr 0 00:32:38, Sys 0 00:00:05  -  Total Remote Usage
		Usr 0 00:00:00, Sys 0 00:00:00  -  Total Local Usage
	16844  -  Run Bytes Sent By Job
	10088  -  Run Bytes Received By Job
	16844  -  Total Bytes Sent By Job
	10088  -  Total Bytes Received By Job
	Partitionable Resources :    Usage  Request Allocated 
	   Cpus                 :     1.00        1         1 
	   Disk (KB)            : 39636     6144000   6146773 
	   GPUs                 :                           0 
	   Memory (MB)          :    93        3000      3000 
	   TimeExecute (s)      :  1984                       
	   TimeSlotBusy (s)     :  1986                       
...
