000 (6052671.000.000) 08/16 22:37:01 Job submitted from host: <188.185.133.2:9618?addrs=188.185.133.2-9618+[2001-1458-d03-2--100-208]-9618&alias=bigbird102.cern.ch&noUDP&sock=schedd_5723_1498>
    DAG Node: C_A05_S0_F0
...
040 (6052671.000.000) 08/16 22:37:58 Started transferring input files
	Transferring to host: <188.185.192.111:9618?addrs=188.185.192.111-9618+[2001-1458-303-1f--100-6b]-9618&alias=b9p13p6936.cern.ch&noUDP&sock=slot1_7_7458_95e8_30725>
...
040 (6052671.000.000) 08/16 22:37:58 Finished transferring input files
...
001 (6052671.000.000) 08/16 22:37:59 Job executing on host: <188.185.192.111:9618?addrs=188.185.192.111-9618+[2001-1458-303-1f--100-6b]-9618&alias=b9p13p6936.cern.ch&noUDP&sock=startd_6136_5d36>
	SlotName: slot1_7@b9p13p6936.cern.ch
	CondorScratchDir = "/pool/condor/dir_1204729"
	Cpus = 1
	Disk = 6146782
	GPUs = 0
	Memory = 3000
...
006 (6052671.000.000) 08/16 22:38:07 Image size of job updated: 25812
	26  -  MemoryUsage of job (MB)
	25812  -  ResidentSetSize of job (KB)
...
006 (6052671.000.000) 08/16 22:43:07 Image size of job updated: 90528
	89  -  MemoryUsage of job (MB)
	90528  -  ResidentSetSize of job (KB)
...
006 (6052671.000.000) 08/16 22:48:08 Image size of job updated: 91036
	89  -  MemoryUsage of job (MB)
	91036  -  ResidentSetSize of job (KB)
...
006 (6052671.000.000) 08/16 22:53:08 Image size of job updated: 102452
	101  -  MemoryUsage of job (MB)
	102452  -  ResidentSetSize of job (KB)
...
006 (6052671.000.000) 08/16 22:58:09 Image size of job updated: 102456
	101  -  MemoryUsage of job (MB)
	102456  -  ResidentSetSize of job (KB)
...
006 (6052671.000.000) 08/16 23:03:10 Image size of job updated: 113296
	111  -  MemoryUsage of job (MB)
	113296  -  ResidentSetSize of job (KB)
...
006 (6052671.000.000) 08/16 23:13:11 Image size of job updated: 113304
	111  -  MemoryUsage of job (MB)
	113304  -  ResidentSetSize of job (KB)
...
040 (6052671.000.000) 08/16 23:13:52 Started transferring output files
...
040 (6052671.000.000) 08/16 23:13:52 Finished transferring output files
...
005 (6052671.000.000) 08/16 23:13:52 Job terminated.
	(1) Normal termination (return value 0)
		Usr 0 00:35:26, Sys 0 00:00:06  -  Run Remote Usage
		Usr 0 00:00:00, Sys 0 00:00:00  -  Run Local Usage
		Usr 0 00:35:26, Sys 0 00:00:06  -  Total Remote Usage
		Usr 0 00:00:00, Sys 0 00:00:00  -  Total Local Usage
	16977  -  Run Bytes Sent By Job
	10088  -  Run Bytes Received By Job
	16977  -  Total Bytes Sent By Job
	10088  -  Total Bytes Received By Job
	Partitionable Resources :    Usage  Request Allocated 
	   Cpus                 :     0.99        1         1 
	   Disk (KB)            : 39678     6144000   6146782 
	   GPUs                 :                           0 
	   Memory (MB)          :   111        3000      3000 
	   TimeExecute (s)      :  2153                       
	   TimeSlotBusy (s)     :  2155                       
...
