000 (6052766.000.000) 08/16 22:49:20 Job submitted from host: <188.185.133.2:9618?addrs=188.185.133.2-9618+[2001-1458-d03-2--100-208]-9618&alias=bigbird102.cern.ch&noUDP&sock=schedd_5723_1498>
    DAG Node: C_A04_S0_F2
...
040 (6052766.000.000) 08/16 22:51:11 Started transferring input files
	Transferring to host: <128.142.162.41:9618?addrs=128.142.162.41-9618+[2001-1458-301-7b--100-22]-9618&alias=b9g42p1031.cern.ch&noUDP&sock=slot1_15_4413_1b8d_22491>
...
040 (6052766.000.000) 08/16 22:51:11 Finished transferring input files
...
001 (6052766.000.000) 08/16 22:51:12 Job executing on host: <128.142.162.41:9618?addrs=128.142.162.41-9618+[2001-1458-301-7b--100-22]-9618&alias=b9g42p1031.cern.ch&noUDP&sock=startd_4095_686a>
	SlotName: slot1_15@b9g42p1031.cern.ch
	CondorScratchDir = "/pool/condor/dir_2434945"
	Cpus = 1
	Disk = 6146652
	GPUs = 0
	Memory = 3000
...
006 (6052766.000.000) 08/16 22:51:20 Image size of job updated: 27996
	28  -  MemoryUsage of job (MB)
	27996  -  ResidentSetSize of job (KB)
...
006 (6052766.000.000) 08/16 22:56:20 Image size of job updated: 90164
	89  -  MemoryUsage of job (MB)
	90164  -  ResidentSetSize of job (KB)
...
006 (6052766.000.000) 08/16 23:46:25 Image size of job updated: 90328
	89  -  MemoryUsage of job (MB)
	90328  -  ResidentSetSize of job (KB)
...
006 (6052766.000.000) 08/16 23:51:26 Image size of job updated: 90332
	89  -  MemoryUsage of job (MB)
	90332  -  ResidentSetSize of job (KB)
...
006 (6052766.000.000) 08/16 23:56:27 Image size of job updated: 90384
	89  -  MemoryUsage of job (MB)
	90384  -  ResidentSetSize of job (KB)
...
006 (6052766.000.000) 08/17 00:01:27 Image size of job updated: 90496
	89  -  MemoryUsage of job (MB)
	90496  -  ResidentSetSize of job (KB)
...
006 (6052766.000.000) 08/17 00:16:29 Image size of job updated: 90500
	89  -  MemoryUsage of job (MB)
	90500  -  ResidentSetSize of job (KB)
...
006 (6052766.000.000) 08/17 00:21:30 Image size of job updated: 90668
	89  -  MemoryUsage of job (MB)
	90668  -  ResidentSetSize of job (KB)
...
006 (6052766.000.000) 08/17 00:36:31 Image size of job updated: 90840
	89  -  MemoryUsage of job (MB)
	90840  -  ResidentSetSize of job (KB)
...
040 (6052766.000.000) 08/17 00:52:00 Started transferring output files
...
040 (6052766.000.000) 08/17 00:52:00 Finished transferring output files
...
005 (6052766.000.000) 08/17 00:52:00 Job terminated.
	(1) Normal termination (return value 0)
		Usr 0 01:59:54, Sys 0 00:00:09  -  Run Remote Usage
		Usr 0 00:00:00, Sys 0 00:00:00  -  Run Local Usage
		Usr 0 01:59:54, Sys 0 00:00:09  -  Total Remote Usage
		Usr 0 00:00:00, Sys 0 00:00:00  -  Total Local Usage
	16916  -  Run Bytes Sent By Job
	10088  -  Run Bytes Received By Job
	16916  -  Total Bytes Sent By Job
	10088  -  Total Bytes Received By Job
	Partitionable Resources :    Usage  Request Allocated 
	   Cpus                 :     1.00        1         1 
	   Disk (KB)            : 39637     6144000   6146652 
	   GPUs                 :                           0 
	   Memory (MB)          :    89        3000      3000 
	   TimeExecute (s)      :  7248                       
	   TimeSlotBusy (s)     :  7250                       
...
