000 (6052774.000.000) 08/16 22:51:01 Job submitted from host: <188.185.133.2:9618?addrs=188.185.133.2-9618+[2001-1458-d03-2--100-208]-9618&alias=bigbird102.cern.ch&noUDP&sock=schedd_5723_1498>
    DAG Node: C_A04_S3_F1
...
040 (6052774.000.000) 08/16 22:51:13 Started transferring input files
	Transferring to host: <188.185.194.88:9618?addrs=188.185.194.88-9618+[2001-1458-303-21--100-54]-9618&alias=b9p20p0409.cern.ch&noUDP&sock=slot1_39_5449_1037_31080>
...
040 (6052774.000.000) 08/16 22:51:13 Finished transferring input files
...
001 (6052774.000.000) 08/16 22:51:14 Job executing on host: <188.185.194.88:9618?addrs=188.185.194.88-9618+[2001-1458-303-21--100-54]-9618&alias=b9p20p0409.cern.ch&noUDP&sock=startd_4338_15ed>
	SlotName: slot1_39@b9p20p0409.cern.ch
	CondorScratchDir = "/pool/condor/dir_457879"
	Cpus = 1
	Disk = 6146742
	GPUs = 0
	Memory = 3000
...
006 (6052774.000.000) 08/16 22:51:23 Image size of job updated: 57788
	57  -  MemoryUsage of job (MB)
	57788  -  ResidentSetSize of job (KB)
...
006 (6052774.000.000) 08/16 22:56:24 Image size of job updated: 90516
	89  -  MemoryUsage of job (MB)
	90516  -  ResidentSetSize of job (KB)
...
006 (6052774.000.000) 08/16 23:16:26 Image size of job updated: 90680
	89  -  MemoryUsage of job (MB)
	90680  -  ResidentSetSize of job (KB)
...
006 (6052774.000.000) 08/16 23:21:27 Image size of job updated: 90848
	89  -  MemoryUsage of job (MB)
	90848  -  ResidentSetSize of job (KB)
...
006 (6052774.000.000) 08/16 23:31:27 Image size of job updated: 91188
	90  -  MemoryUsage of job (MB)
	91188  -  ResidentSetSize of job (KB)
...
040 (6052774.000.000) 08/16 23:36:06 Started transferring output files
...
040 (6052774.000.000) 08/16 23:36:06 Finished transferring output files
...
005 (6052774.000.000) 08/16 23:36:07 Job terminated.
	(1) Normal termination (return value 0)
		Usr 0 00:44:25, Sys 0 00:00:05  -  Run Remote Usage
		Usr 0 00:00:00, Sys 0 00:00:00  -  Run Local Usage
		Usr 0 00:44:25, Sys 0 00:00:05  -  Total Remote Usage
		Usr 0 00:00:00, Sys 0 00:00:00  -  Total Local Usage
	16911  -  Run Bytes Sent By Job
	10088  -  Run Bytes Received By Job
	16911  -  Total Bytes Sent By Job
	10088  -  Total Bytes Received By Job
	Partitionable Resources :    Usage  Request Allocated 
	   Cpus                 :     0.99        1         1 
	   Disk (KB)            : 39677     6144000   6146742 
	   GPUs                 :                           0 
	   Memory (MB)          :    90        3000      3000 
	   TimeExecute (s)      :  2692                       
	   TimeSlotBusy (s)     :  2693                       
...
