000 (6052854.000.000) 08/16 23:11:25 Job submitted from host: <188.185.133.2:9618?addrs=188.185.133.2-9618+[2001-1458-d03-2--100-208]-9618&alias=bigbird102.cern.ch&noUDP&sock=schedd_5723_1498>
    DAG Node: C_A08_S6_F0
...
040 (6052854.000.000) 08/16 23:11:26 Started transferring input files
	Transferring to host: <128.142.248.226:9618?addrs=128.142.248.226-9618+[2001-1458-301-73--100-e1]-9618&alias=b9g23p6179.cern.ch&noUDP&sock=slot1_16_6392_7dfd_23089>
...
040 (6052854.000.000) 08/16 23:11:26 Finished transferring input files
...
001 (6052854.000.000) 08/16 23:11:27 Job executing on host: <128.142.248.226:9618?addrs=128.142.248.226-9618+[2001-1458-301-73--100-e1]-9618&alias=b9g23p6179.cern.ch&noUDP&sock=startd_5399_d7e9>
	SlotName: slot1_16@b9g23p6179.cern.ch
	CondorScratchDir = "/pool/condor/dir_3578183"
	Cpus = 1
	Disk = 6185164
	GPUs = 0
	Memory = 3000
...
006 (6052854.000.000) 08/16 23:11:35 Image size of job updated: 61692
	31  -  MemoryUsage of job (MB)
	31328  -  ResidentSetSize of job (KB)
...
006 (6052854.000.000) 08/16 23:16:35 Image size of job updated: 96664
	95  -  MemoryUsage of job (MB)
	96664  -  ResidentSetSize of job (KB)
...
006 (6052854.000.000) 08/16 23:21:36 Image size of job updated: 108536
	106  -  MemoryUsage of job (MB)
	108536  -  ResidentSetSize of job (KB)
...
006 (6052854.000.000) 08/16 23:26:37 Image size of job updated: 108540
	106  -  MemoryUsage of job (MB)
	108540  -  ResidentSetSize of job (KB)
...
006 (6052854.000.000) 08/16 23:31:37 Image size of job updated: 119380
	117  -  MemoryUsage of job (MB)
	119380  -  ResidentSetSize of job (KB)
...
006 (6052854.000.000) 08/16 23:41:27 Image size of job updated: 119388
	117  -  MemoryUsage of job (MB)
	119380  -  ResidentSetSize of job (KB)
...
040 (6052854.000.000) 08/16 23:41:27 Started transferring output files
...
040 (6052854.000.000) 08/16 23:41:27 Finished transferring output files
...
005 (6052854.000.000) 08/16 23:41:27 Job terminated.
	(1) Normal termination (return value 0)
		Usr 0 00:29:44, Sys 0 00:00:04  -  Run Remote Usage
		Usr 0 00:00:00, Sys 0 00:00:00  -  Run Local Usage
		Usr 0 00:29:44, Sys 0 00:00:04  -  Total Remote Usage
		Usr 0 00:00:00, Sys 0 00:00:00  -  Total Local Usage
	17185  -  Run Bytes Sent By Job
	10088  -  Run Bytes Received By Job
	17185  -  Total Bytes Sent By Job
	10088  -  Total Bytes Received By Job
	Partitionable Resources :    Usage  Request Allocated 
	   Cpus                 :     0.99        1         1 
	   Disk (KB)            : 39679     6144000   6185164 
	   GPUs                 :                           0 
	   Memory (MB)          :   117        3000      3000 
	   TimeExecute (s)      :  1800                       
	   TimeSlotBusy (s)     :  1802                       
...
