000 (6052805.000.000) 08/16 22:55:59 Job submitted from host: <188.185.133.2:9618?addrs=188.185.133.2-9618+[2001-1458-d03-2--100-208]-9618&alias=bigbird102.cern.ch&noUDP&sock=schedd_5723_1498>
    DAG Node: C_A14_S4_F2
...
040 (6052805.000.000) 08/16 22:56:17 Started transferring input files
	Transferring to host: <188.185.196.109:9618?addrs=188.185.196.109-9618+[2001-1458-303-23--100-69]-9618&alias=b9p16p3804.cern.ch&noUDP&sock=slot1_7_5227_a4ee_32307>
...
040 (6052805.000.000) 08/16 22:56:17 Finished transferring input files
...
001 (6052805.000.000) 08/16 22:56:18 Job executing on host: <188.185.196.109:9618?addrs=188.185.196.109-9618+[2001-1458-303-23--100-69]-9618&alias=b9p16p3804.cern.ch&noUDP&sock=startd_4180_b5f6>
	SlotName: slot1_7@b9p16p3804.cern.ch
	CondorScratchDir = "/pool/condor/dir_1482018"
	Cpus = 1
	Disk = 6146734
	GPUs = 0
	Memory = 3000
...
006 (6052805.000.000) 08/16 22:56:27 Image size of job updated: 32404
	32  -  MemoryUsage of job (MB)
	32404  -  ResidentSetSize of job (KB)
...
006 (6052805.000.000) 08/16 23:01:28 Image size of job updated: 94572
	93  -  MemoryUsage of job (MB)
	94572  -  ResidentSetSize of job (KB)
...
006 (6052805.000.000) 08/16 23:46:32 Image size of job updated: 94736
	93  -  MemoryUsage of job (MB)
	94736  -  ResidentSetSize of job (KB)
...
006 (6052805.000.000) 08/17 00:01:34 Image size of job updated: 94792
	93  -  MemoryUsage of job (MB)
	94792  -  ResidentSetSize of job (KB)
...
006 (6052805.000.000) 08/17 00:06:34 Image size of job updated: 94904
	93  -  MemoryUsage of job (MB)
	94904  -  ResidentSetSize of job (KB)
...
006 (6052805.000.000) 08/17 00:31:37 Image size of job updated: 95072
	93  -  MemoryUsage of job (MB)
	95072  -  ResidentSetSize of job (KB)
...
006 (6052805.000.000) 08/17 00:36:37 Image size of job updated: 95076
	93  -  MemoryUsage of job (MB)
	95076  -  ResidentSetSize of job (KB)
...
006 (6052805.000.000) 08/17 00:46:38 Image size of job updated: 95244
	94  -  MemoryUsage of job (MB)
	95244  -  ResidentSetSize of job (KB)
...
040 (6052805.000.000) 08/17 00:59:52 Started transferring output files
...
040 (6052805.000.000) 08/17 00:59:52 Finished transferring output files
...
005 (6052805.000.000) 08/17 00:59:52 Job terminated.
	(1) Normal termination (return value 0)
		Usr 0 02:02:04, Sys 0 00:00:16  -  Run Remote Usage
		Usr 0 00:00:00, Sys 0 00:00:00  -  Run Local Usage
		Usr 0 02:02:04, Sys 0 00:00:16  -  Total Remote Usage
		Usr 0 00:00:00, Sys 0 00:00:00  -  Total Local Usage
	16845  -  Run Bytes Sent By Job
	10088  -  Run Bytes Received By Job
	16845  -  Total Bytes Sent By Job
	10088  -  Total Bytes Received By Job
	Partitionable Resources :    Usage  Request Allocated 
	   Cpus                 :     0.99        1         1 
	   Disk (KB)            : 39677     6144000   6146734 
	   GPUs                 :                           0 
	   Memory (MB)          :    94        3000      3000 
	   TimeExecute (s)      :  7414                       
	   TimeSlotBusy (s)     :  7416                       
...
