000 (6052869.000.000) 08/16 23:17:00 Job submitted from host: <188.185.133.2:9618?addrs=188.185.133.2-9618+[2001-1458-d03-2--100-208]-9618&alias=bigbird102.cern.ch&noUDP&sock=schedd_5723_1498>
    DAG Node: C_A06_S6_F0
...
040 (6052869.000.000) 08/16 23:17:02 Started transferring input files
	Transferring to host: <188.185.196.77:9618?addrs=188.185.196.77-9618+[2001-1458-303-23--100-49]-9618&alias=b9p16p7066.cern.ch&noUDP&sock=slot1_9_6446_8a3f_30604>
...
040 (6052869.000.000) 08/16 23:17:02 Finished transferring input files
...
001 (6052869.000.000) 08/16 23:17:03 Job executing on host: <188.185.196.77:9618?addrs=188.185.196.77-9618+[2001-1458-303-23--100-49]-9618&alias=b9p16p7066.cern.ch&noUDP&sock=startd_5650_022e>
	SlotName: slot1_9@b9p16p7066.cern.ch
	CondorScratchDir = "/pool/condor/dir_2580808"
	Cpus = 1
	Disk = 6146823
	GPUs = 0
	Memory = 3000
...
006 (6052869.000.000) 08/16 23:17:12 Image size of job updated: 54932
	54  -  MemoryUsage of job (MB)
	54932  -  ResidentSetSize of job (KB)
...
006 (6052869.000.000) 08/16 23:22:13 Image size of job updated: 90428
	89  -  MemoryUsage of job (MB)
	90428  -  ResidentSetSize of job (KB)
...
006 (6052869.000.000) 08/16 23:27:13 Image size of job updated: 90760
	89  -  MemoryUsage of job (MB)
	90760  -  ResidentSetSize of job (KB)
...
006 (6052869.000.000) 08/16 23:32:13 Image size of job updated: 102516
	101  -  MemoryUsage of job (MB)
	102516  -  ResidentSetSize of job (KB)
...
006 (6052869.000.000) 08/16 23:37:14 Image size of job updated: 102520
	101  -  MemoryUsage of job (MB)
	102520  -  ResidentSetSize of job (KB)
...
006 (6052869.000.000) 08/16 23:42:14 Image size of job updated: 113360
	111  -  MemoryUsage of job (MB)
	113360  -  ResidentSetSize of job (KB)
...
006 (6052869.000.000) 08/16 23:52:15 Image size of job updated: 113364
	111  -  MemoryUsage of job (MB)
	113364  -  ResidentSetSize of job (KB)
...
006 (6052869.000.000) 08/16 23:54:07 Image size of job updated: 113368
	111  -  MemoryUsage of job (MB)
	113364  -  ResidentSetSize of job (KB)
...
040 (6052869.000.000) 08/16 23:54:07 Started transferring output files
...
040 (6052869.000.000) 08/16 23:54:07 Finished transferring output files
...
005 (6052869.000.000) 08/16 23:54:07 Job terminated.
	(1) Normal termination (return value 0)
		Usr 0 00:36:41, Sys 0 00:00:06  -  Run Remote Usage
		Usr 0 00:00:00, Sys 0 00:00:00  -  Run Local Usage
		Usr 0 00:36:41, Sys 0 00:00:06  -  Total Remote Usage
		Usr 0 00:00:00, Sys 0 00:00:00  -  Total Local Usage
	17808  -  Run Bytes Sent By Job
	10088  -  Run Bytes Received By Job
	17808  -  Total Bytes Sent By Job
	10088  -  Total Bytes Received By Job
	Partitionable Resources :    Usage  Request Allocated 
	   Cpus                 :     1.00        1         1 
	   Disk (KB)            : 39680     6144000   6146823 
	   GPUs                 :                           0 
	   Memory (MB)          :   111        3000      3000 
	   TimeExecute (s)      :  2224                       
	   TimeSlotBusy (s)     :  2225                       
...
