000 (16610808.000.000) 07/27 18:02:16 Job submitted from host: <188.184.90.241:9618?addrs=188.184.90.241-9618+[2001-1458-201-e4--100-2eb]-9618&alias=bigbird15.cern.ch&noUDP&sock=schedd_3150_376a>
...
000 (16610808.001.000) 07/27 18:02:16 Job submitted from host: <188.184.90.241:9618?addrs=188.184.90.241-9618+[2001-1458-201-e4--100-2eb]-9618&alias=bigbird15.cern.ch&noUDP&sock=schedd_3150_376a>
...
000 (16610808.002.000) 07/27 18:02:16 Job submitted from host: <188.184.90.241:9618?addrs=188.184.90.241-9618+[2001-1458-201-e4--100-2eb]-9618&alias=bigbird15.cern.ch&noUDP&sock=schedd_3150_376a>
...
000 (16610808.003.000) 07/27 18:02:16 Job submitted from host: <188.184.90.241:9618?addrs=188.184.90.241-9618+[2001-1458-201-e4--100-2eb]-9618&alias=bigbird15.cern.ch&noUDP&sock=schedd_3150_376a>
...
000 (16610808.004.000) 07/27 18:02:16 Job submitted from host: <188.184.90.241:9618?addrs=188.184.90.241-9618+[2001-1458-201-e4--100-2eb]-9618&alias=bigbird15.cern.ch&noUDP&sock=schedd_3150_376a>
...
000 (16610808.005.000) 07/27 18:02:16 Job submitted from host: <188.184.90.241:9618?addrs=188.184.90.241-9618+[2001-1458-201-e4--100-2eb]-9618&alias=bigbird15.cern.ch&noUDP&sock=schedd_3150_376a>
...
000 (16610808.006.000) 07/27 18:02:16 Job submitted from host: <188.184.90.241:9618?addrs=188.184.90.241-9618+[2001-1458-201-e4--100-2eb]-9618&alias=bigbird15.cern.ch&noUDP&sock=schedd_3150_376a>
...
000 (16610808.007.000) 07/27 18:02:16 Job submitted from host: <188.184.90.241:9618?addrs=188.184.90.241-9618+[2001-1458-201-e4--100-2eb]-9618&alias=bigbird15.cern.ch&noUDP&sock=schedd_3150_376a>
...
040 (16610808.000.000) 07/27 18:06:00 Started transferring input files
	Transferring to host: <188.185.193.55:9618?addrs=188.185.193.55-9618+[2001-1458-303-20--100-33]-9618&alias=b9p19p3911.cern.ch&noUDP&sock=slot1_3_5202_078d_11285>
...
040 (16610808.000.000) 07/27 18:06:01 Finished transferring input files
...
040 (16610808.001.000) 07/27 18:06:01 Started transferring input files
	Transferring to host: <188.185.215.153:9618?addrs=188.185.215.153-9618+[2001-1458-303-26--100-15]-9618&alias=b9p18p4537.cern.ch&noUDP&sock=slot1_32_6319_0e9a_11865>
...
040 (16610808.001.000) 07/27 18:06:01 Finished transferring input files
...
001 (16610808.000.000) 07/27 18:06:01 Job executing on host: <188.185.193.55:9618?addrs=188.185.193.55-9618+[2001-1458-303-20--100-33]-9618&alias=b9p19p3911.cern.ch&noUDP&sock=startd_4212_a8fe>
	SlotName: slot1_3@b9p19p3911.cern.ch
	CondorScratchDir = "/pool/condor/dir_2766753"
	Cpus = 2
	Disk = 3841
	GPUs = 0
	Memory = 6000
...
040 (16610808.002.000) 07/27 18:06:02 Started transferring input files
	Transferring to host: <128.142.248.98:9618?addrs=128.142.248.98-9618+[2001-1458-301-73--100-152]-9618&alias=b9g23p0629.cern.ch&noUDP&sock=slot1_10_9998_3ed0_3219>
...
001 (16610808.001.000) 07/27 18:06:02 Job executing on host: <188.185.215.153:9618?addrs=188.185.215.153-9618+[2001-1458-303-26--100-15]-9618&alias=b9p18p4537.cern.ch&noUDP&sock=startd_5106_dea9>
	SlotName: slot1_32@b9p18p4537.cern.ch
	CondorScratchDir = "/pool/condor/dir_1345607"
	Cpus = 2
	Disk = 3755
	GPUs = 0
	Memory = 6000
...
040 (16610808.003.000) 07/27 18:06:03 Started transferring input files
	Transferring to host: <128.142.51.207:9618?addrs=128.142.51.207-9618+[2001-1458-301-3--100-c]-9618&alias=b9g02p4318.cern.ch&noUDP&sock=slot1_22_9590_c5bf_10713>
...
040 (16610808.002.000) 07/27 18:06:03 Finished transferring input files
...
040 (16610808.004.000) 07/27 18:06:04 Started transferring input files
	Transferring to host: <128.142.248.221:9618?addrs=128.142.248.221-9618+[2001-1458-301-73--100-dc]-9618&alias=b9g23p8976.cern.ch&noUDP&sock=slot1_23_7633_e38f_3374>
...
040 (16610808.003.000) 07/27 18:06:05 Finished transferring input files
...
040 (16610808.005.000) 07/27 18:06:05 Started transferring input files
	Transferring to host: <188.185.193.32:9618?addrs=188.185.193.32-9618+[2001-1458-303-20--100-1c]-9618&alias=b9p19p9987.cern.ch&noUDP&sock=slot1_23_6407_0f9e_11069>
...
040 (16610808.004.000) 07/27 18:06:06 Finished transferring input files
...
040 (16610808.006.000) 07/27 18:06:06 Started transferring input files
	Transferring to host: <188.185.197.133:9618?addrs=188.185.197.133-9618+[2001-1458-303-24--100-81]-9618&alias=b9p14p4837.cern.ch&noUDP&sock=slot1_14_3903_c438_3342>
...
001 (16610808.002.000) 07/27 18:06:06 Job executing on host: <128.142.248.98:9618?addrs=128.142.248.98-9618+[2001-1458-301-73--100-152]-9618&alias=b9g23p0629.cern.ch&noUDP&sock=startd_8459_bfb7>
	SlotName: slot1_10@b9g23p0629.cern.ch
	CondorScratchDir = "/pool/condor/dir_161904"
	Cpus = 2
	Disk = 3830
	GPUs = 0
	Memory = 6000
...
040 (16610808.005.000) 07/27 18:06:06 Finished transferring input files
...
040 (16610808.006.000) 07/27 18:06:06 Finished transferring input files
...
001 (16610808.003.000) 07/27 18:06:07 Job executing on host: <128.142.51.207:9618?addrs=128.142.51.207-9618+[2001-1458-301-3--100-c]-9618&alias=b9g02p4318.cern.ch&noUDP&sock=startd_8125_a715>
	SlotName: slot1_22@b9g02p4318.cern.ch
	CondorScratchDir = "/pool/condor/dir_2420751"
	Cpus = 2
	Disk = 3802
	GPUs = 0
	Memory = 6000
...
001 (16610808.004.000) 07/27 18:06:08 Job executing on host: <128.142.248.221:9618?addrs=128.142.248.221-9618+[2001-1458-301-73--100-dc]-9618&alias=b9g23p8976.cern.ch&noUDP&sock=startd_6853_2a9d>
	SlotName: slot1_23@b9g23p8976.cern.ch
	CondorScratchDir = "/pool/condor/dir_1245163"
	Cpus = 2
	Disk = 3891
	GPUs = 0
	Memory = 6000
...
040 (16610808.007.000) 07/27 18:06:08 Started transferring input files
	Transferring to host: <188.185.196.19:9618?addrs=188.185.196.19-9618+[2001-1458-303-23--100-f]-9618&alias=b9p16p6242.cern.ch&noUDP&sock=slot1_34_6201_ea55_10512>
...
001 (16610808.005.000) 07/27 18:06:09 Job executing on host: <188.185.193.32:9618?addrs=188.185.193.32-9618+[2001-1458-303-20--100-1c]-9618&alias=b9p19p9987.cern.ch&noUDP&sock=startd_5574_e0fc>
	SlotName: slot1_23@b9p19p9987.cern.ch
	CondorScratchDir = "/pool/condor/dir_427618"
	Cpus = 2
	Disk = 3865
	GPUs = 0
	Memory = 6000
...
001 (16610808.006.000) 07/27 18:06:10 Job executing on host: <188.185.197.133:9618?addrs=188.185.197.133-9618+[2001-1458-303-24--100-81]-9618&alias=b9p14p4837.cern.ch&noUDP&sock=startd_3851_0b4e>
	SlotName: slot1_14@b9p14p4837.cern.ch
	CondorScratchDir = "/pool/condor/dir_128690"
	Cpus = 2
	Disk = 4044
	GPUs = 0
	Memory = 6000
...
040 (16610808.007.000) 07/27 18:06:10 Finished transferring input files
...
006 (16610808.000.000) 07/27 18:06:10 Image size of job updated: 27280
	23  -  MemoryUsage of job (MB)
	23348  -  ResidentSetSize of job (KB)
...
006 (16610808.001.000) 07/27 18:06:11 Image size of job updated: 37716
	37  -  MemoryUsage of job (MB)
	37716  -  ResidentSetSize of job (KB)
...
001 (16610808.007.000) 07/27 18:06:12 Job executing on host: <188.185.196.19:9618?addrs=188.185.196.19-9618+[2001-1458-303-23--100-f]-9618&alias=b9p16p6242.cern.ch&noUDP&sock=startd_5081_b8cb>
	SlotName: slot1_34@b9p16p6242.cern.ch
	CondorScratchDir = "/pool/condor/dir_2640993"
	Cpus = 2
	Disk = 3807
	GPUs = 0
	Memory = 6000
...
006 (16610808.003.000) 07/27 18:06:15 Image size of job updated: 32984
	33  -  MemoryUsage of job (MB)
	32984  -  ResidentSetSize of job (KB)
...
006 (16610808.002.000) 07/27 18:06:15 Image size of job updated: 23504
	23  -  MemoryUsage of job (MB)
	23504  -  ResidentSetSize of job (KB)
...
006 (16610808.004.000) 07/27 18:06:16 Image size of job updated: 27052
	24  -  MemoryUsage of job (MB)
	23584  -  ResidentSetSize of job (KB)
...
006 (16610808.005.000) 07/27 18:06:17 Image size of job updated: 37092
	37  -  MemoryUsage of job (MB)
	37092  -  ResidentSetSize of job (KB)
...
006 (16610808.006.000) 07/27 18:06:18 Image size of job updated: 37596
	37  -  MemoryUsage of job (MB)
	37596  -  ResidentSetSize of job (KB)
...
006 (16610808.007.000) 07/27 18:06:21 Image size of job updated: 34296
	34  -  MemoryUsage of job (MB)
	34296  -  ResidentSetSize of job (KB)
...
006 (16610808.000.000) 07/27 18:06:31 Image size of job updated: 37616
	23  -  MemoryUsage of job (MB)
	23372  -  ResidentSetSize of job (KB)
...
040 (16610808.000.000) 07/27 18:06:31 Started transferring output files
...
040 (16610808.000.000) 07/27 18:06:31 Finished transferring output files
...
005 (16610808.000.000) 07/27 18:06:31 Job terminated.
	(1) Normal termination (return value 0)
		Usr 0 00:00:34, Sys 0 00:00:03  -  Run Remote Usage
		Usr 0 00:00:00, Sys 0 00:00:00  -  Run Local Usage
		Usr 0 00:00:34, Sys 0 00:00:03  -  Total Remote Usage
		Usr 0 00:00:00, Sys 0 00:00:00  -  Total Local Usage
	17057  -  Run Bytes Sent By Job
	14720  -  Run Bytes Received By Job
	17057  -  Total Bytes Sent By Job
	14720  -  Total Bytes Received By Job
	Partitionable Resources :    Usage  Request Allocated 
	   Cpus                 :        0        1         2 
	   Disk (KB)            :      754       17      3841 
	   GPUs                 :                           0 
	   Memory (MB)          :       23     3000      6000 
	   TimeExecute (s)      :       30                    
	   TimeSlotBusy (s)     :       31                    
...
006 (16610808.003.000) 07/27 18:06:34 Image size of job updated: 47436
	33  -  MemoryUsage of job (MB)
	32984  -  ResidentSetSize of job (KB)
...
040 (16610808.003.000) 07/27 18:06:34 Started transferring output files
...
040 (16610808.003.000) 07/27 18:06:34 Finished transferring output files
...
005 (16610808.003.000) 07/27 18:06:35 Job terminated.
	(1) Normal termination (return value 0)
		Usr 0 00:00:32, Sys 0 00:00:03  -  Run Remote Usage
		Usr 0 00:00:00, Sys 0 00:00:00  -  Run Local Usage
		Usr 0 00:00:32, Sys 0 00:00:03  -  Total Remote Usage
		Usr 0 00:00:00, Sys 0 00:00:00  -  Total Local Usage
	17032  -  Run Bytes Sent By Job
	14723  -  Run Bytes Received By Job
	17032  -  Total Bytes Sent By Job
	14723  -  Total Bytes Received By Job
	Partitionable Resources :    Usage  Request Allocated 
	   Cpus                 :        0        1         2 
	   Disk (KB)            :      700       17      3802 
	   GPUs                 :                           0 
	   Memory (MB)          :       33     3000      6000 
	   TimeExecute (s)      :       28                    
	   TimeSlotBusy (s)     :       32                    
...
006 (16610808.002.000) 07/27 18:06:39 Image size of job updated: 47084
	23  -  MemoryUsage of job (MB)
	23504  -  ResidentSetSize of job (KB)
...
040 (16610808.002.000) 07/27 18:06:40 Started transferring output files
...
040 (16610808.002.000) 07/27 18:06:40 Finished transferring output files
...
005 (16610808.002.000) 07/27 18:06:41 Job terminated.
	(1) Normal termination (return value 0)
		Usr 0 00:00:34, Sys 0 00:00:04  -  Run Remote Usage
		Usr 0 00:00:00, Sys 0 00:00:00  -  Run Local Usage
		Usr 0 00:00:34, Sys 0 00:00:04  -  Total Remote Usage
		Usr 0 00:00:00, Sys 0 00:00:00  -  Total Local Usage
	17057  -  Run Bytes Sent By Job
	14720  -  Run Bytes Received By Job
	17057  -  Total Bytes Sent By Job
	14720  -  Total Bytes Received By Job
	Partitionable Resources :    Usage  Request Allocated 
	   Cpus                 :        0        1         2 
	   Disk (KB)            :      317       17      3830 
	   GPUs                 :                           0 
	   Memory (MB)          :       23     3000      6000 
	   TimeExecute (s)      :       34                    
	   TimeSlotBusy (s)     :       38                    
...
040 (16610808.006.000) 07/27 18:06:43 Started transferring output files
...
040 (16610808.006.000) 07/27 18:06:43 Finished transferring output files
...
005 (16610808.006.000) 07/27 18:06:43 Job terminated.
	(1) Normal termination (return value 0)
		Usr 0 00:00:40, Sys 0 00:00:04  -  Run Remote Usage
		Usr 0 00:00:00, Sys 0 00:00:00  -  Run Local Usage
		Usr 0 00:00:40, Sys 0 00:00:04  -  Total Remote Usage
		Usr 0 00:00:00, Sys 0 00:00:00  -  Total Local Usage
	17057  -  Run Bytes Sent By Job
	14720  -  Run Bytes Received By Job
	17057  -  Total Bytes Sent By Job
	14720  -  Total Bytes Received By Job
	Partitionable Resources :    Usage  Request Allocated 
	   Cpus                 :        0        1         2 
	   Disk (KB)            :      597       17      4044 
	   GPUs                 :                           0 
	   Memory (MB)          :       37     3000      6000 
	   TimeExecute (s)      :       35                    
	   TimeSlotBusy (s)     :       38                    
...
006 (16610808.001.000) 07/27 18:06:44 Image size of job updated: 50860
	39  -  MemoryUsage of job (MB)
	39764  -  ResidentSetSize of job (KB)
...
040 (16610808.001.000) 07/27 18:06:44 Started transferring output files
...
040 (16610808.001.000) 07/27 18:06:44 Finished transferring output files
...
005 (16610808.001.000) 07/27 18:06:44 Job terminated.
	(1) Normal termination (return value 0)
		Usr 0 00:00:39, Sys 0 00:00:03  -  Run Remote Usage
		Usr 0 00:00:00, Sys 0 00:00:00  -  Run Local Usage
		Usr 0 00:00:39, Sys 0 00:00:03  -  Total Remote Usage
		Usr 0 00:00:00, Sys 0 00:00:00  -  Total Local Usage
	17035  -  Run Bytes Sent By Job
	14723  -  Run Bytes Received By Job
	17035  -  Total Bytes Sent By Job
	14723  -  Total Bytes Received By Job
	Partitionable Resources :    Usage  Request Allocated 
	   Cpus                 :        0        1         2 
	   Disk (KB)            :      819       17      3755 
	   GPUs                 :                           0 
	   Memory (MB)          :       39     3000      6000 
	   TimeExecute (s)      :       42                    
	   TimeSlotBusy (s)     :       43                    
...
040 (16610808.005.000) 07/27 18:06:47 Started transferring output files
...
040 (16610808.005.000) 07/27 18:06:47 Finished transferring output files
...
006 (16610808.007.000) 07/27 18:06:47 Image size of job updated: 37452
	34  -  MemoryUsage of job (MB)
	34336  -  ResidentSetSize of job (KB)
...
040 (16610808.007.000) 07/27 18:06:47 Started transferring output files
...
005 (16610808.005.000) 07/27 18:06:47 Job terminated.
	(1) Normal termination (return value 0)
		Usr 0 00:00:47, Sys 0 00:00:04  -  Run Remote Usage
		Usr 0 00:00:00, Sys 0 00:00:00  -  Run Local Usage
		Usr 0 00:00:47, Sys 0 00:00:04  -  Total Remote Usage
		Usr 0 00:00:00, Sys 0 00:00:00  -  Total Local Usage
	17032  -  Run Bytes Sent By Job
	14723  -  Run Bytes Received By Job
	17032  -  Total Bytes Sent By Job
	14723  -  Total Bytes Received By Job
	Partitionable Resources :    Usage  Request Allocated 
	   Cpus                 :                 1         2 
	   Disk (KB)            :      637       17      3865 
	   GPUs                 :                           0 
	   Memory (MB)          :       37     3000      6000 
	   TimeExecute (s)      :       39                    
	   TimeSlotBusy (s)     :       43                    
...
040 (16610808.007.000) 07/27 18:06:47 Finished transferring output files
...
005 (16610808.007.000) 07/27 18:06:48 Job terminated.
	(1) Normal termination (return value 0)
		Usr 0 00:00:40, Sys 0 00:00:04  -  Run Remote Usage
		Usr 0 00:00:00, Sys 0 00:00:00  -  Run Local Usage
		Usr 0 00:00:40, Sys 0 00:00:04  -  Total Remote Usage
		Usr 0 00:00:00, Sys 0 00:00:00  -  Total Local Usage
	17032  -  Run Bytes Sent By Job
	14723  -  Run Bytes Received By Job
	17032  -  Total Bytes Sent By Job
	14723  -  Total Bytes Received By Job
	Partitionable Resources :    Usage  Request Allocated 
	   Cpus                 :                 1         2 
	   Disk (KB)            :      775       17      3807 
	   GPUs                 :                           0 
	   Memory (MB)          :       34     3000      6000 
	   TimeExecute (s)      :       35                    
	   TimeSlotBusy (s)     :       41                    
...
006 (16610808.004.000) 07/27 18:06:49 Image size of job updated: 47312
	24  -  MemoryUsage of job (MB)
	23584  -  ResidentSetSize of job (KB)
...
040 (16610808.004.000) 07/27 18:06:50 Started transferring output files
...
040 (16610808.004.000) 07/27 18:06:50 Finished transferring output files
...
005 (16610808.004.000) 07/27 18:06:50 Job terminated.
	(1) Normal termination (return value 0)
		Usr 0 00:00:44, Sys 0 00:00:04  -  Run Remote Usage
		Usr 0 00:00:00, Sys 0 00:00:00  -  Run Local Usage
		Usr 0 00:00:44, Sys 0 00:00:04  -  Total Remote Usage
		Usr 0 00:00:00, Sys 0 00:00:00  -  Total Local Usage
	17057  -  Run Bytes Sent By Job
	14720  -  Run Bytes Received By Job
	17057  -  Total Bytes Sent By Job
	14720  -  Total Bytes Received By Job
	Partitionable Resources :    Usage  Request Allocated 
	   Cpus                 :                 1         2 
	   Disk (KB)            :      308       17      3891 
	   GPUs                 :                           0 
	   Memory (MB)          :       24     3000      6000 
	   TimeExecute (s)      :       43                    
	   TimeSlotBusy (s)     :       47                    
...
