| Writing log to 'whizard.log'
|=============================================================================|
|                                                                             |
|    WW             WW  WW   WW  WW  WWWWWW      WW      WWWWW    WWWW        |
|     WW    WW     WW   WW   WW  WW     WW      WWWW     WW  WW   WW  WW      |
|      WW  WW WW  WW    WWWWWWW  WW    WW      WW  WW    WWWWW    WW   WW     |
|       WWWW   WWWW     WW   WW  WW   WW      WWWWWWWW   WW  WW   WW  WW      |
|        WW     WW      WW   WW  WW  WWWWWW  WW      WW  WW   WW  WWWW        |
|                                                                             |
|                                                                             |
|                                        W                                    |
|                                       sW                                    |
|                                       WW                                    |
|                                      sWW                                    |
|                                      WWW                                    |
|                                     wWWW                                    |
|                                    wWWWW                                    |
|                                    WW WW                                    |
|                                    WW WW                                    |
|                                   wWW WW                                    |
|                                  wWW  WW                                    |
|                                  WW   WW                                    |
|                                  WW   WW                                    |
|                                 WW    WW                                    |
|                                 WW    WW                                    |
|                                WW     WW                                    |
|                                WW     WW                                    |
|           wwwwww              WW      WW                                    |
|              WWWWWww          WW      WW                                    |
|                 WWWWWwwwww   WW       WW                                    |
|                     wWWWwwwwwWW       WW                                    |
|                 wWWWWWWWWWWwWWW       WW                                    |
|                wWWWWW       wW        WWWWWWW                               |
|                  WWWW       wW        WW  wWWWWWWWwww                       |
|                   WWWW                      wWWWWWWWwwww                    |
|                     WWWW                      WWWW     WWw                  |
|                       WWWWww                   WWWW                         |
|                           WWWwwww              WWWW                         |
|                               wWWWWwww       wWWWWW                         |
|                                     WwwwwwwwwWWW                            |
|                                                                             |
|                                                                             |
|                                                                             |
|  by:   Wolfgang Kilian, Thorsten Ohl, Juergen Reuter                        |
|        with contributions from Christian Speckner                           |
|        Contact: <whizard@desy.de>                                           |
|                                                                             |
|  if you use WHIZARD please cite:                                            |
|        W. Kilian, T. Ohl, J. Reuter,  Eur.Phys.J.C71 (2011) 1742            |
|                                          [arXiv: 0708.4233 [hep-ph]]        |
|        M. Moretti, T. Ohl, J. Reuter, arXiv: hep-ph/0102195                 |
|                                                                             |
|=============================================================================|
|                               WHIZARD 3.1.5
|=============================================================================|
| Reading model file '/cvmfs/sw.hsf.org/key4hep/releases/2026-04-08/x86_64-almalinux9-gcc14.2.0-opt/whizard/3.1.5-nmagsz/share/whizard/models/SM.mdl'
| Preloaded model: SM
| Process library 'default_lib': initialized
| Preloaded library: default_lib
| Reading model file '/cvmfs/sw.hsf.org/key4hep/releases/2026-04-08/x86_64-almalinux9-gcc14.2.0-opt/whizard/3.1.5-nmagsz/share/whizard/models/SM_hadrons.mdl'
| Reading commands from file 'input.sin'
| Switching to model 'SM', scheme 'default'
| Process library 'default_lib': recorded process 'tt_prod'
| Process library 'default_lib': recorded process 't_decay'
| Process library 'default_lib': recorded process 'tbar_decay'
| Integrate: current process library needs compilation
| Process library 'default_lib': compiling ...
| Process library 'default_lib': writing makefile
| Process library 'default_lib': writing driver
| Process library 'default_lib': creating source code
  RM        tt_prod_i1.f90,.mod,.lo
  RM        t_decay_i1.f90,.mod,.lo
  RM        tbar_decay_i1.f90,.mod,.lo
  OMEGA     tt_prod_i1.f90
[1/1] mu- mu+ -> t tbar ... allowed. [time: 0.21 secs, total: 0.21 secs, remaining: 0.00 secs]
all processes done. [total time: 0.21 secs]
SUMMARY: 6 fusions, 2 propagators, 2 diagrams
SUMMARY: 4 vertices
  OMEGA     t_decay_i1.f90
[1/1] t -> b e+ nue ... allowed. [time: 0.22 secs, total: 0.22 secs, remaining: 0.00 secs]
all processes done. [total time: 0.22 secs]
SUMMARY: 3 fusions, 1 propagators, 1 diagrams
SUMMARY: 1 vertices
  OMEGA     tbar_decay_i1.f90
[1/1] tbar -> bbar mu- numubar ... allowed. [time: 0.21 secs, total: 0.21 secs, remaining: 0.00 secs]
all processes done. [total time: 0.21 secs]
SUMMARY: 3 fusions, 1 propagators, 1 diagrams
SUMMARY: 1 vertices
| Process library 'default_lib': compiling sources
  FC        default_lib.lo
| Process library 'default_lib': linking
  FCLD      default_lib.la
| Process library 'default_lib': loading
| Process library 'default_lib': ... success.
| Integrate: compilation done
| RNG: Initializing TAO random-number generator
| RNG: Setting seed for random-number generator to 30316
| Initializing integration for process t_decay:
| Beam structure: [any particles]
| Beam data (decay):
|   t  (mass = 1.7310000E+02 GeV)
| Phase space: generating configuration ...
| Phase space: ... success.
| Phase space: writing configuration file 't_decay.i1.phs'
| ------------------------------------------------------------------------
| Process [decay]: 't_decay'
|   Library name  = 'default_lib'
|   Process index = 2
|   Process components:
|     1: 't_decay_i1':   t => b, e+, nue [omega]
| ------------------------------------------------------------------------
| Phase space: 2 channels, 5 dimensions
| Phase space: found 2 channels, collected in 2 groves.
| Phase space: Using 2 equivalences between channels.
| Phase space: wood
Warning: No cuts have been defined.
| OpenMP: Using 1 thread
| Starting integration for process 't_decay'
| Integrate: iterations = 3:5000:"gw", 3:20000
| Integrator: 2 chains, 2 channels, 5 dimensions
| Integrator: Using VAMP channel equivalences
| Integrator: 5000 initial calls, 20 bins, stratified = T
| Integrator: VAMP
|=============================================================================|
| It      Calls  Integral[GeV] Error[GeV]  Err[%]    Acc  Eff[%]   Chi2 N[It] |
|=============================================================================|
   1       5000  1.6164118E-01  1.51E-03    0.93    0.66*  37.55
   2       4999  1.6345687E-01  8.65E-04    0.53    0.37*  62.63
   3       4998  1.6326986E-01  6.22E-04    0.38    0.27*  60.93
|-----------------------------------------------------------------------------|
   3      14997  1.6316342E-01  4.79E-04    0.29    0.36   60.93    0.58   3
|-----------------------------------------------------------------------------|
   4      19999  1.6347351E-01  3.05E-04    0.19    0.26*  57.33
   5      19999  1.6353918E-01  3.04E-04    0.19    0.26*  57.31
   6      19999  1.6346277E-01  3.08E-04    0.19    0.27   56.84
|-----------------------------------------------------------------------------|
   6      59997  1.6349211E-01  1.77E-04    0.11    0.26   56.84    0.02   3
|=============================================================================|
| Time estimate for generating 10000 events: 0d:00h:00m:00s
| RNG: Initializing TAO random-number generator
| RNG: Setting seed for random-number generator to 30317
| Initializing integration for process tbar_decay:
| Beam structure: [any particles]
| Beam data (decay):
|   tbar  (mass = 1.7310000E+02 GeV)
| Phase space: generating configuration ...
| Phase space: ... success.
| Phase space: writing configuration file 'tbar_decay.i1.phs'
| ------------------------------------------------------------------------
| Process [decay]: 'tbar_decay'
|   Library name  = 'default_lib'
|   Process index = 3
|   Process components:
|     1: 'tbar_decay_i1':   tbar => bbar, mu-, numubar [omega]
| ------------------------------------------------------------------------
| Phase space: 2 channels, 5 dimensions
| Phase space: found 2 channels, collected in 2 groves.
| Phase space: Using 2 equivalences between channels.
| Phase space: wood
Warning: No cuts have been defined.
| OpenMP: Using 1 thread
| Starting integration for process 'tbar_decay'
| Integrate: iterations = 3:5000:"gw", 3:20000
| Integrator: 2 chains, 2 channels, 5 dimensions
| Integrator: Using VAMP channel equivalences
| Integrator: 5000 initial calls, 20 bins, stratified = T
| Integrator: VAMP
|=============================================================================|
| It      Calls  Integral[GeV] Error[GeV]  Err[%]    Acc  Eff[%]   Chi2 N[It] |
|=============================================================================|
   1       5000  1.6342557E-01  1.49E-03    0.91    0.65*  37.90
   2       4999  1.6238833E-01  8.41E-04    0.52    0.37*  61.41
   3       4998  1.6254850E-01  6.31E-04    0.39    0.27*  67.18
|-----------------------------------------------------------------------------|
   3      14997  1.6258652E-01  4.78E-04    0.29    0.36   67.18    0.19   3
|-----------------------------------------------------------------------------|
   4      19999  1.6347669E-01  3.10E-04    0.19    0.27*  65.14
   5      19999  1.6378540E-01  3.06E-04    0.19    0.26*  65.27
   6      19999  1.6324412E-01  3.09E-04    0.19    0.27   64.90
|-----------------------------------------------------------------------------|
   6      59997  1.6350377E-01  1.78E-04    0.11    0.27   64.90    0.78   3
|=============================================================================|
| Time estimate for generating 10000 events: 0d:00h:00m:00s
sqrts =  5.000000000000E+02
?diagonal_decay = false
?isotropic_decay = false
?polarized_events = true
| RNG: Initializing TAO random-number generator
| RNG: Setting seed for random-number generator to 30318
| Initializing integration for process tt_prod:
| Beam structure: mu-, mu+
| Beam data (collision):
|   mu-  (mass = 1.0565839E-01 GeV)
|   mu+  (mass = 1.0565839E-01 GeV)
|   sqrts = 5.000000000000E+02 GeV
| Phase space: generating configuration ...
| Phase space: ... success.
| Phase space: writing configuration file 'tt_prod.i1.phs'
| ------------------------------------------------------------------------
| Process [scattering]: 'tt_prod'
|   Library name  = 'default_lib'
|   Process index = 1
|   Process components:
|     1: 'tt_prod_i1':   mu-, mu+ => t, tbar [omega]
| ------------------------------------------------------------------------
| Phase space: 1 channels, 2 dimensions
| Phase space: found 1 channel, collected in 1 grove.
| Phase space: Using 1 equivalence between channels.
| Phase space: wood
Warning: No cuts have been defined.
| OpenMP: Using 1 thread
| Starting integration for process 'tt_prod'
| Integrate: iterations = 5:20000:"gw", 5:50000
| Integrator: 1 chains, 1 channels, 2 dimensions
| Integrator: Using VAMP channel equivalences
| Integrator: 20000 initial calls, 20 bins, stratified = T
| Integrator: VAMP
|=============================================================================|
| It      Calls  Integral[fb]  Error[fb]   Err[%]    Acc  Eff[%]   Chi2 N[It] |
|=============================================================================|
   1      18432  5.4840386E+02  2.25E-02    0.00    0.01*  48.24
   2      18432  5.4834176E+02  2.01E-02    0.00    0.00*  80.46
   3      18432  5.4838200E+02  1.98E-02    0.00    0.00*  58.50
   4      18432  5.4837961E+02  1.92E-02    0.00    0.00*  74.65
   5      18432  5.4838568E+02  1.89E-02    0.00    0.00*  61.64
|-----------------------------------------------------------------------------|
   5      92160  5.4837778E+02  8.95E-03    0.00    0.00   61.64    1.19   5
|-----------------------------------------------------------------------------|
   6      49968  5.4837945E+02  7.68E-03    0.00    0.00*  61.63
   7      49968  5.4837765E+02  7.70E-03    0.00    0.00   61.63
   8      49968  5.4837643E+02  7.70E-03    0.00    0.00*  61.63
   9      49968  5.4837473E+02  7.69E-03    0.00    0.00*  61.63
  10      49968  5.4837714E+02  7.67E-03    0.00    0.00*  61.63
|-----------------------------------------------------------------------------|
  10     249840  5.4837708E+02  3.44E-03    0.00    0.00   61.63    0.05   5
|=============================================================================|
| Time estimate for generating 10000 events: 0d:00h:00m:00s
| Unstable particle t: computed branching ratios:
|   t_decay: 1.0000000E+00   b, e+, nue
|   Total width = 1.6349211E-01 GeV (computed)
|               = 1.5230000E+00 GeV (preset)
|   Decay options: helicity treated exactly
| Unstable particle tbar: computed branching ratios:
|   tbar_decay: 1.0000000E+00   bbar, mu-, numubar
|   Total width = 1.6350377E-01 GeV (computed)
|               = 1.5230000E+00 GeV (preset)
|   Decay options: helicity treated exactly
seed = 210001
n_events = 10000
$sample = "mumu_ttbar_emu_unpol_sc_500GeV"
?polarized_events = true
| Starting simulation for process 'tt_prod'
| Simulate: using integration grids from file 'tt_prod.m1.vg'
| Simulate: activating decays
| Simulate: using integration grids from file 't_decay.m1.vg'
| Simulate: using integration grids from file 'tbar_decay.m1.vg'
| RNG: Initializing TAO random-number generator
| RNG: Setting seed for random-number generator to 13393
| OpenMP: Using 1 thread
| Simulation: requested number of events = 10000
|             corr. to luminosity [fb-1] =   1.8236E+01
| Events: writing to LHEF file 'mumu_ttbar_emu_unpol_sc_500GeV.lhe'
| Events: writing to raw file 'mumu_ttbar_emu_unpol_sc_500GeV.evx'
| Events: generating 10000 unweighted, polarized events ...
| Events: event normalization mode '1'
|         ... event sample complete.
| Events: actual unweighting efficiency =  61.91 %
| Events: closing LHEF file 'mumu_ttbar_emu_unpol_sc_500GeV.lhe'
| Events: closing raw file 'mumu_ttbar_emu_unpol_sc_500GeV.evx'
| There were no errors and    3 warning(s).
| WHIZARD run finished.
|=============================================================================|
