000 (6053468.000.000) 08/17 01:21:45 Job submitted from host: <188.185.133.2:9618?addrs=188.185.133.2-9618+[2001-1458-d03-2--100-208]-9618&alias=bigbird102.cern.ch&noUDP&sock=schedd_5723_1498>
    DAG Node: P_A05_S1
...
040 (6053468.000.000) 08/17 01:23:39 Started transferring input files
	Transferring to host: <188.185.193.121:9618?addrs=188.185.193.121-9618+[2001-1458-303-20--100-75]-9618&alias=b9p19p6653.cern.ch&noUDP&sock=slot1_14_3324_cf00_32985>
...
040 (6053468.000.000) 08/17 01:23:39 Finished transferring input files
...
001 (6053468.000.000) 08/17 01:23:40 Job executing on host: <188.185.193.121:9618?addrs=188.185.193.121-9618+[2001-1458-303-20--100-75]-9618&alias=b9p19p6653.cern.ch&noUDP&sock=startd_2548_4b67>
	SlotName: slot1_14@b9p19p6653.cern.ch
	CondorScratchDir = "/pool/condor/dir_906525"
	Cpus = 1
	Disk = 6146856
	GPUs = 0
	Memory = 3000
...
006 (6053468.000.000) 08/17 01:23:49 Image size of job updated: 32732
	32  -  MemoryUsage of job (MB)
	32732  -  ResidentSetSize of job (KB)
...
006 (6053468.000.000) 08/17 01:28:50 Image size of job updated: 115332
	113  -  MemoryUsage of job (MB)
	115332  -  ResidentSetSize of job (KB)
...
040 (6053468.000.000) 08/17 01:29:18 Started transferring output files
...
040 (6053468.000.000) 08/17 01:29:18 Finished transferring output files
...
005 (6053468.000.000) 08/17 01:29:18 Job terminated.
	(1) Normal termination (return value 0)
		Usr 0 00:05:16, Sys 0 00:00:04  -  Run Remote Usage
		Usr 0 00:00:00, Sys 0 00:00:00  -  Run Local Usage
		Usr 0 00:05:16, Sys 0 00:00:04  -  Total Remote Usage
		Usr 0 00:00:00, Sys 0 00:00:00  -  Total Local Usage
	16783  -  Run Bytes Sent By Job
	7129  -  Run Bytes Received By Job
	16783  -  Total Bytes Sent By Job
	7129  -  Total Bytes Received By Job
	Partitionable Resources :    Usage  Request Allocated 
	   Cpus                 :        0        1         1 
	   Disk (KB)            :     9236  6144000   6146856 
	   GPUs                 :                           0 
	   Memory (MB)          :      113     3000      3000 
	   TimeExecute (s)      :      338                    
	   TimeSlotBusy (s)     :      340                    
...
