000 (6053510.000.000) 08/17 01:21:45 Job submitted from host: <188.185.133.2:9618?addrs=188.185.133.2-9618+[2001-1458-d03-2--100-208]-9618&alias=bigbird102.cern.ch&noUDP&sock=schedd_5723_1498>
    DAG Node: P_A10_S3
...
040 (6053510.000.000) 08/17 01:23:53 Started transferring input files
	Transferring to host: <188.185.192.23:9618?addrs=188.185.192.23-9618+[2001-1458-303-1f--100-13]-9618&alias=b9p13p0752.cern.ch&noUDP&sock=slot1_8_10234_8759_31271>
...
040 (6053510.000.000) 08/17 01:23:53 Finished transferring input files
...
001 (6053510.000.000) 08/17 01:23:54 Job executing on host: <188.185.192.23:9618?addrs=188.185.192.23-9618+[2001-1458-303-1f--100-13]-9618&alias=b9p13p0752.cern.ch&noUDP&sock=startd_8891_10a0>
	SlotName: slot1_8@b9p13p0752.cern.ch
	CondorScratchDir = "/pool/condor/dir_3424406"
	Cpus = 1
	Disk = 6146770
	GPUs = 0
	Memory = 3000
...
006 (6053510.000.000) 08/17 01:24:03 Image size of job updated: 29540
	29  -  MemoryUsage of job (MB)
	29540  -  ResidentSetSize of job (KB)
...
006 (6053510.000.000) 08/17 01:29:05 Image size of job updated: 114736
	113  -  MemoryUsage of job (MB)
	114736  -  ResidentSetSize of job (KB)
...
006 (6053510.000.000) 08/17 01:33:27 Image size of job updated: 115188
	113  -  MemoryUsage of job (MB)
	114736  -  ResidentSetSize of job (KB)
...
040 (6053510.000.000) 08/17 01:33:27 Started transferring output files
...
040 (6053510.000.000) 08/17 01:33:28 Finished transferring output files
...
005 (6053510.000.000) 08/17 01:33:28 Job terminated.
	(1) Normal termination (return value 0)
		Usr 0 00:09:14, Sys 0 00:00:03  -  Run Remote Usage
		Usr 0 00:00:00, Sys 0 00:00:00  -  Run Local Usage
		Usr 0 00:09:14, Sys 0 00:00:03  -  Total Remote Usage
		Usr 0 00:00:00, Sys 0 00:00:00  -  Total Local Usage
	16786  -  Run Bytes Sent By Job
	7129  -  Run Bytes Received By Job
	16786  -  Total Bytes Sent By Job
	7129  -  Total Bytes Received By Job
	Partitionable Resources :    Usage  Request Allocated 
	   Cpus                 :        0        1         1 
	   Disk (KB)            :     9236  6144000   6146770 
	   GPUs                 :                           0 
	   Memory (MB)          :      113     3000      3000 
	   TimeExecute (s)      :      573                    
	   TimeSlotBusy (s)     :      576                    
...
