000 (6053458.000.000) 08/17 01:21:44 Job submitted from host: <188.185.133.2:9618?addrs=188.185.133.2-9618+[2001-1458-d03-2--100-208]-9618&alias=bigbird102.cern.ch&noUDP&sock=schedd_5723_1498>
    DAG Node: P_A03_S7
...
040 (6053458.000.000) 08/17 01:23:35 Started transferring input files
	Transferring to host: <188.185.195.9:9618?addrs=188.185.195.9-9618+[2001-1458-303-22--100-5]-9618&alias=b9p17p4096.cern.ch&noUDP&sock=slot1_29_3279_1a1e_30565>
...
040 (6053458.000.000) 08/17 01:23:35 Finished transferring input files
...
001 (6053458.000.000) 08/17 01:23:36 Job executing on host: <188.185.195.9:9618?addrs=188.185.195.9-9618+[2001-1458-303-22--100-5]-9618&alias=b9p17p4096.cern.ch&noUDP&sock=startd_2575_d075>
	SlotName: slot1_29@b9p17p4096.cern.ch
	CondorScratchDir = "/pool/condor/dir_2644772"
	Cpus = 1
	Disk = 6146836
	GPUs = 0
	Memory = 3000
...
006 (6053458.000.000) 08/17 01:23:45 Image size of job updated: 32464
	28  -  MemoryUsage of job (MB)
	27840  -  ResidentSetSize of job (KB)
...
006 (6053458.000.000) 08/17 01:28:46 Image size of job updated: 129000
	126  -  MemoryUsage of job (MB)
	129000  -  ResidentSetSize of job (KB)
...
006 (6053458.000.000) 08/17 01:33:46 Image size of job updated: 140716
	138  -  MemoryUsage of job (MB)
	140716  -  ResidentSetSize of job (KB)
...
006 (6053458.000.000) 08/17 01:38:47 Image size of job updated: 152320
	149  -  MemoryUsage of job (MB)
	152320  -  ResidentSetSize of job (KB)
...
006 (6053458.000.000) 08/17 01:43:47 Image size of job updated: 152324
	149  -  MemoryUsage of job (MB)
	152324  -  ResidentSetSize of job (KB)
...
006 (6053458.000.000) 08/17 01:48:48 Image size of job updated: 163720
	160  -  MemoryUsage of job (MB)
	163720  -  ResidentSetSize of job (KB)
...
006 (6053458.000.000) 08/17 01:50:34 Image size of job updated: 165992
	160  -  MemoryUsage of job (MB)
	163720  -  ResidentSetSize of job (KB)
...
040 (6053458.000.000) 08/17 01:50:34 Started transferring output files
...
040 (6053458.000.000) 08/17 01:50:34 Finished transferring output files
...
005 (6053458.000.000) 08/17 01:50:34 Job terminated.
	(1) Normal termination (return value 0)
		Usr 0 00:26:35, Sys 0 00:00:05  -  Run Remote Usage
		Usr 0 00:00:00, Sys 0 00:00:00  -  Run Local Usage
		Usr 0 00:26:35, Sys 0 00:00:05  -  Total Remote Usage
		Usr 0 00:00:00, Sys 0 00:00:00  -  Total Local Usage
	17057  -  Run Bytes Sent By Job
	7129  -  Run Bytes Received By Job
	17057  -  Total Bytes Sent By Job
	7129  -  Total Bytes Received By Job
	Partitionable Resources :    Usage  Request Allocated 
	   Cpus                 :     0.99        1         1 
	   Disk (KB)            : 39255     6144000   6146836 
	   GPUs                 :                           0 
	   Memory (MB)          :   160        3000      3000 
	   TimeExecute (s)      :  1618                       
	   TimeSlotBusy (s)     :  1619                       
...
