000 (6053501.000.000) 08/17 01:21:45 Job submitted from host: <188.185.133.2:9618?addrs=188.185.133.2-9618+[2001-1458-d03-2--100-208]-9618&alias=bigbird102.cern.ch&noUDP&sock=schedd_5723_1498>
    DAG Node: P_A09_S2
...
040 (6053501.000.000) 08/17 01:23:49 Started transferring input files
	Transferring to host: <188.185.195.164:9618?addrs=188.185.195.164-9618+[2001-1458-303-22--100-a0]-9618&alias=b9p17p3699.cern.ch&noUDP&sock=slot1_31_1331784_0e86_29713>
...
040 (6053501.000.000) 08/17 01:23:49 Finished transferring input files
...
001 (6053501.000.000) 08/17 01:23:50 Job executing on host: <188.185.195.164:9618?addrs=188.185.195.164-9618+[2001-1458-303-22--100-a0]-9618&alias=b9p17p3699.cern.ch&noUDP&sock=startd_3062_db15>
	SlotName: slot1_31@b9p17p3699.cern.ch
	CondorScratchDir = "/pool/condor/dir_554602"
	Cpus = 1
	Disk = 6146390
	GPUs = 0
	Memory = 3000
...
006 (6053501.000.000) 08/17 01:23:59 Image size of job updated: 49120
	48  -  MemoryUsage of job (MB)
	49120  -  ResidentSetSize of job (KB)
...
006 (6053501.000.000) 08/17 01:29:00 Image size of job updated: 115156
	113  -  MemoryUsage of job (MB)
	115156  -  ResidentSetSize of job (KB)
...
006 (6053501.000.000) 08/17 01:34:00 Image size of job updated: 126940
	124  -  MemoryUsage of job (MB)
	126940  -  ResidentSetSize of job (KB)
...
006 (6053501.000.000) 08/17 01:54:03 Image size of job updated: 126944
	124  -  MemoryUsage of job (MB)
	126944  -  ResidentSetSize of job (KB)
...
040 (6053501.000.000) 08/17 02:00:33 Started transferring output files
...
040 (6053501.000.000) 08/17 02:00:33 Finished transferring output files
...
005 (6053501.000.000) 08/17 02:00:33 Job terminated.
	(1) Normal termination (return value 0)
		Usr 0 00:36:05, Sys 0 00:00:08  -  Run Remote Usage
		Usr 0 00:00:00, Sys 0 00:00:00  -  Run Local Usage
		Usr 0 00:36:05, Sys 0 00:00:08  -  Total Remote Usage
		Usr 0 00:00:00, Sys 0 00:00:00  -  Total Local Usage
	16860  -  Run Bytes Sent By Job
	7129  -  Run Bytes Received By Job
	16860  -  Total Bytes Sent By Job
	7129  -  Total Bytes Received By Job
	Partitionable Resources :    Usage  Request Allocated 
	   Cpus                 :     0.99        1         1 
	   Disk (KB)            : 39254     6144000   6146390 
	   GPUs                 :                           0 
	   Memory (MB)          :   124        3000      3000 
	   TimeExecute (s)      :  2203                       
	   TimeSlotBusy (s)     :  2204                       
...
