000 (6053477.000.000) 08/17 01:21:45 Job submitted from host: <188.185.133.2:9618?addrs=188.185.133.2-9618+[2001-1458-d03-2--100-208]-9618&alias=bigbird102.cern.ch&noUDP&sock=schedd_5723_1498>
    DAG Node: P_A06_S2
...
040 (6053477.000.000) 08/17 01:23:42 Started transferring input files
	Transferring to host: <188.185.194.10:9618?addrs=188.185.194.10-9618+[2001-1458-303-21--100-6]-9618&alias=b9p20p0398.cern.ch&noUDP&sock=slot1_17_7404_89a6_31082>
...
040 (6053477.000.000) 08/17 01:23:42 Finished transferring input files
...
001 (6053477.000.000) 08/17 01:23:43 Job executing on host: <188.185.194.10:9618?addrs=188.185.194.10-9618+[2001-1458-303-21--100-6]-9618&alias=b9p20p0398.cern.ch&noUDP&sock=startd_6334_2cf6>
	SlotName: slot1_17@b9p20p0398.cern.ch
	CondorScratchDir = "/pool/condor/dir_493007"
	Cpus = 1
	Disk = 6146797
	GPUs = 0
	Memory = 3000
...
006 (6053477.000.000) 08/17 01:23:52 Image size of job updated: 28732
	29  -  MemoryUsage of job (MB)
	28732  -  ResidentSetSize of job (KB)
...
006 (6053477.000.000) 08/17 01:28:53 Image size of job updated: 126932
	124  -  MemoryUsage of job (MB)
	126932  -  ResidentSetSize of job (KB)
...
006 (6053477.000.000) 08/17 01:33:53 Image size of job updated: 138596
	136  -  MemoryUsage of job (MB)
	138596  -  ResidentSetSize of job (KB)
...
006 (6053477.000.000) 08/17 01:48:54 Image size of job updated: 138600
	136  -  MemoryUsage of job (MB)
	138600  -  ResidentSetSize of job (KB)
...
040 (6053477.000.000) 08/17 01:49:08 Started transferring output files
...
040 (6053477.000.000) 08/17 01:49:08 Finished transferring output files
...
005 (6053477.000.000) 08/17 01:49:08 Job terminated.
	(1) Normal termination (return value 0)
		Usr 0 00:24:58, Sys 0 00:00:06  -  Run Remote Usage
		Usr 0 00:00:00, Sys 0 00:00:00  -  Run Local Usage
		Usr 0 00:24:58, Sys 0 00:00:06  -  Total Remote Usage
		Usr 0 00:00:00, Sys 0 00:00:00  -  Total Local Usage
	17449  -  Run Bytes Sent By Job
	7129  -  Run Bytes Received By Job
	17449  -  Total Bytes Sent By Job
	7129  -  Total Bytes Received By Job
	Partitionable Resources :    Usage  Request Allocated 
	   Cpus                 :     1.00        1         1 
	   Disk (KB)            : 39256     6144000   6146797 
	   GPUs                 :                           0 
	   Memory (MB)          :   136        3000      3000 
	   TimeExecute (s)      :  1525                       
	   TimeSlotBusy (s)     :  1527                       
...
