000 (6053441.000.000) 08/17 01:21:44 Job submitted from host: <188.185.133.2:9618?addrs=188.185.133.2-9618+[2001-1458-d03-2--100-208]-9618&alias=bigbird102.cern.ch&noUDP&sock=schedd_5723_1498>
    DAG Node: P_A01_S6
...
040 (6053441.000.000) 08/17 01:23:30 Started transferring input files
	Transferring to host: <188.185.197.60:9618?addrs=188.185.197.60-9618+[2001-1458-303-24--100-38]-9618&alias=b9p14p0206.cern.ch&noUDP&sock=slot1_11_4192_64a4_23056>
...
040 (6053441.000.000) 08/17 01:23:30 Finished transferring input files
...
001 (6053441.000.000) 08/17 01:23:31 Job executing on host: <188.185.197.60:9618?addrs=188.185.197.60-9618+[2001-1458-303-24--100-38]-9618&alias=b9p14p0206.cern.ch&noUDP&sock=startd_3051_4f8a>
	SlotName: slot1_11@b9p14p0206.cern.ch
	CondorScratchDir = "/pool/condor/dir_388317"
	Cpus = 1
	Disk = 6146792
	GPUs = 0
	Memory = 3000
...
006 (6053441.000.000) 08/17 01:23:39 Image size of job updated: 32264
	32  -  MemoryUsage of job (MB)
	32264  -  ResidentSetSize of job (KB)
...
006 (6053441.000.000) 08/17 01:28:39 Image size of job updated: 126944
	124  -  MemoryUsage of job (MB)
	126944  -  ResidentSetSize of job (KB)
...
006 (6053441.000.000) 08/17 01:32:03 Image size of job updated: 129172
	124  -  MemoryUsage of job (MB)
	126944  -  ResidentSetSize of job (KB)
...
040 (6053441.000.000) 08/17 01:32:03 Started transferring output files
...
040 (6053441.000.000) 08/17 01:32:03 Finished transferring output files
...
005 (6053441.000.000) 08/17 01:32:03 Job terminated.
	(1) Normal termination (return value 0)
		Usr 0 00:08:13, Sys 0 00:00:04  -  Run Remote Usage
		Usr 0 00:00:00, Sys 0 00:00:00  -  Run Local Usage
		Usr 0 00:08:13, Sys 0 00:00:04  -  Total Remote Usage
		Usr 0 00:00:00, Sys 0 00:00:00  -  Total Local Usage
	16857  -  Run Bytes Sent By Job
	7129  -  Run Bytes Received By Job
	16857  -  Total Bytes Sent By Job
	7129  -  Total Bytes Received By Job
	Partitionable Resources :    Usage  Request Allocated 
	   Cpus                 :                 1         1 
	   Disk (KB)            :    39245  6144000   6146792 
	   GPUs                 :                           0 
	   Memory (MB)          :      124     3000      3000 
	   TimeExecute (s)      :      512                    
	   TimeSlotBusy (s)     :      513                    
...
