000 (6053482.000.000) 08/17 01:21:45 Job submitted from host: <188.185.133.2:9618?addrs=188.185.133.2-9618+[2001-1458-d03-2--100-208]-9618&alias=bigbird102.cern.ch&noUDP&sock=schedd_5723_1498>
    DAG Node: P_A06_S7
...
040 (6053482.000.000) 08/17 01:23:44 Started transferring input files
	Transferring to host: <188.185.194.159:9618?addrs=188.185.194.159-9618+[2001-1458-303-21--100-9b]-9618&alias=b9p20p5001.cern.ch&noUDP&sock=slot1_25_3546_3a49_31596>
...
040 (6053482.000.000) 08/17 01:23:44 Finished transferring input files
...
001 (6053482.000.000) 08/17 01:23:45 Job executing on host: <188.185.194.159:9618?addrs=188.185.194.159-9618+[2001-1458-303-21--100-9b]-9618&alias=b9p20p5001.cern.ch&noUDP&sock=startd_2917_65d9>
	SlotName: slot1_25@b9p20p5001.cern.ch
	CondorScratchDir = "/pool/condor/dir_2742307"
	Cpus = 1
	Disk = 6146881
	GPUs = 0
	Memory = 3000
...
006 (6053482.000.000) 08/17 01:23:54 Image size of job updated: 32272
	32  -  MemoryUsage of job (MB)
	32272  -  ResidentSetSize of job (KB)
...
006 (6053482.000.000) 08/17 01:28:55 Image size of job updated: 126940
	124  -  MemoryUsage of job (MB)
	126940  -  ResidentSetSize of job (KB)
...
006 (6053482.000.000) 08/17 01:38:56 Image size of job updated: 138604
	136  -  MemoryUsage of job (MB)
	138604  -  ResidentSetSize of job (KB)
...
006 (6053482.000.000) 08/17 01:58:58 Image size of job updated: 138608
	136  -  MemoryUsage of job (MB)
	138608  -  ResidentSetSize of job (KB)
...
040 (6053482.000.000) 08/17 02:01:44 Started transferring output files
...
040 (6053482.000.000) 08/17 02:01:44 Finished transferring output files
...
005 (6053482.000.000) 08/17 02:01:44 Job terminated.
	(1) Normal termination (return value 0)
		Usr 0 00:37:23, Sys 0 00:00:07  -  Run Remote Usage
		Usr 0 00:00:00, Sys 0 00:00:00  -  Run Local Usage
		Usr 0 00:37:23, Sys 0 00:00:07  -  Total Remote Usage
		Usr 0 00:00:00, Sys 0 00:00:00  -  Total Local Usage
	17451  -  Run Bytes Sent By Job
	7129  -  Run Bytes Received By Job
	17451  -  Total Bytes Sent By Job
	7129  -  Total Bytes Received By Job
	Partitionable Resources :    Usage  Request Allocated 
	   Cpus                 :     0.99        1         1 
	   Disk (KB)            : 39256     6144000   6146881 
	   GPUs                 :                           0 
	   Memory (MB)          :   136        3000      3000 
	   TimeExecute (s)      :  2279                       
	   TimeSlotBusy (s)     :  2281                       
...
