000 (6053481.000.000) 08/17 01:21:45 Job submitted from host: <188.185.133.2:9618?addrs=188.185.133.2-9618+[2001-1458-d03-2--100-208]-9618&alias=bigbird102.cern.ch&noUDP&sock=schedd_5723_1498>
    DAG Node: P_A06_S6
...
040 (6053481.000.000) 08/17 01:23:44 Started transferring input files
	Transferring to host: <188.185.193.133:9618?addrs=188.185.193.133-9618+[2001-1458-303-20--100-81]-9618&alias=b9p19p3628.cern.ch&noUDP&sock=slot1_27_3283204_faff_29884>
...
040 (6053481.000.000) 08/17 01:23:44 Finished transferring input files
...
001 (6053481.000.000) 08/17 01:23:45 Job executing on host: <188.185.193.133:9618?addrs=188.185.193.133-9618+[2001-1458-303-20--100-81]-9618&alias=b9p19p3628.cern.ch&noUDP&sock=startd_4156_3fb1>
	SlotName: slot1_27@b9p19p3628.cern.ch
	CondorScratchDir = "/pool/condor/dir_1233754"
	Cpus = 1
	Disk = 6146665
	GPUs = 0
	Memory = 3000
...
006 (6053481.000.000) 08/17 01:23:54 Image size of job updated: 18240
	18  -  MemoryUsage of job (MB)
	18240  -  ResidentSetSize of job (KB)
...
006 (6053481.000.000) 08/17 01:28:54 Image size of job updated: 126956
	124  -  MemoryUsage of job (MB)
	126956  -  ResidentSetSize of job (KB)
...
006 (6053481.000.000) 08/17 01:38:55 Image size of job updated: 138620
	136  -  MemoryUsage of job (MB)
	138620  -  ResidentSetSize of job (KB)
...
006 (6053481.000.000) 08/17 01:58:56 Image size of job updated: 138624
	136  -  MemoryUsage of job (MB)
	138624  -  ResidentSetSize of job (KB)
...
040 (6053481.000.000) 08/17 02:01:20 Started transferring output files
...
040 (6053481.000.000) 08/17 02:01:20 Finished transferring output files
...
005 (6053481.000.000) 08/17 02:01:21 Job terminated.
	(1) Normal termination (return value 0)
		Usr 0 00:36:58, Sys 0 00:00:07  -  Run Remote Usage
		Usr 0 00:00:00, Sys 0 00:00:00  -  Run Local Usage
		Usr 0 00:36:58, Sys 0 00:00:07  -  Total Remote Usage
		Usr 0 00:00:00, Sys 0 00:00:00  -  Total Local Usage
	17447  -  Run Bytes Sent By Job
	7129  -  Run Bytes Received By Job
	17447  -  Total Bytes Sent By Job
	7129  -  Total Bytes Received By Job
	Partitionable Resources :    Usage  Request Allocated 
	   Cpus                 :     0.99        1         1 
	   Disk (KB)            : 39255     6144000   6146665 
	   GPUs                 :                           0 
	   Memory (MB)          :   136        3000      3000 
	   TimeExecute (s)      :  2255                       
	   TimeSlotBusy (s)     :  2257                       
...
