000 (6053449.000.000) 08/17 01:21:44 Job submitted from host: <188.185.133.2:9618?addrs=188.185.133.2-9618+[2001-1458-d03-2--100-208]-9618&alias=bigbird102.cern.ch&noUDP&sock=schedd_5723_1498>
    DAG Node: P_A02_S6
...
040 (6053449.000.000) 08/17 01:23:33 Started transferring input files
	Transferring to host: <128.142.162.76:9618?addrs=128.142.162.76-9618+[2001-1458-301-7d--100-5]-9618&alias=b9g42p2038.cern.ch&noUDP&sock=slot1_13_4739_cdda_22401>
...
040 (6053449.000.000) 08/17 01:23:33 Finished transferring input files
...
001 (6053449.000.000) 08/17 01:23:34 Job executing on host: <128.142.162.76:9618?addrs=128.142.162.76-9618+[2001-1458-301-7d--100-5]-9618&alias=b9g42p2038.cern.ch&noUDP&sock=startd_4421_0449>
	SlotName: slot1_13@b9g42p2038.cern.ch
	CondorScratchDir = "/pool/condor/dir_2632838"
	Cpus = 1
	Disk = 6146726
	GPUs = 0
	Memory = 3000
...
006 (6053449.000.000) 08/17 01:23:43 Image size of job updated: 31920
	32  -  MemoryUsage of job (MB)
	31920  -  ResidentSetSize of job (KB)
...
006 (6053449.000.000) 08/17 01:27:19 Image size of job updated: 117216
	32  -  MemoryUsage of job (MB)
	31920  -  ResidentSetSize of job (KB)
...
040 (6053449.000.000) 08/17 01:27:19 Started transferring output files
...
040 (6053449.000.000) 08/17 01:27:19 Finished transferring output files
...
005 (6053449.000.000) 08/17 01:27:19 Job terminated.
	(1) Normal termination (return value 0)
		Usr 0 00:03:30, Sys 0 00:00:03  -  Run Remote Usage
		Usr 0 00:00:00, Sys 0 00:00:00  -  Run Local Usage
		Usr 0 00:03:30, Sys 0 00:00:03  -  Total Remote Usage
		Usr 0 00:00:00, Sys 0 00:00:00  -  Total Local Usage
	16781  -  Run Bytes Sent By Job
	7129  -  Run Bytes Received By Job
	16781  -  Total Bytes Sent By Job
	7129  -  Total Bytes Received By Job
	Partitionable Resources :    Usage  Request Allocated 
	   Cpus                 :        0        1         1 
	   Disk (KB)            :     8371  6144000   6146726 
	   GPUs                 :                           0 
	   Memory (MB)          :       32     3000      3000 
	   TimeExecute (s)      :      225                    
	   TimeSlotBusy (s)     :      227                    
...
