000 (6053464.000.000) 08/17 01:21:45 Job submitted from host: <188.185.133.2:9618?addrs=188.185.133.2-9618+[2001-1458-d03-2--100-208]-9618&alias=bigbird102.cern.ch&noUDP&sock=schedd_5723_1498>
    DAG Node: P_A04_S5
...
040 (6053464.000.000) 08/17 01:23:38 Started transferring input files
	Transferring to host: <128.142.248.121:9618?addrs=128.142.248.121-9618+[2001-1458-301-73--100-169]-9618&alias=b9g23p5509.cern.ch&noUDP&sock=slot1_34_7882_54fa_24022>
...
040 (6053464.000.000) 08/17 01:23:38 Finished transferring input files
...
001 (6053464.000.000) 08/17 01:23:39 Job executing on host: <128.142.248.121:9618?addrs=128.142.248.121-9618+[2001-1458-301-73--100-169]-9618&alias=b9g23p5509.cern.ch&noUDP&sock=startd_7049_9b2d>
	SlotName: slot1_34@b9g23p5509.cern.ch
	CondorScratchDir = "/pool/condor/dir_3088975"
	Cpus = 1
	Disk = 6146763
	GPUs = 0
	Memory = 3000
...
006 (6053464.000.000) 08/17 01:23:48 Image size of job updated: 27120
	27  -  MemoryUsage of job (MB)
	27120  -  ResidentSetSize of job (KB)
...
006 (6053464.000.000) 08/17 01:28:48 Image size of job updated: 122752
	120  -  MemoryUsage of job (MB)
	122752  -  ResidentSetSize of job (KB)
...
006 (6053464.000.000) 08/17 01:33:48 Image size of job updated: 122756
	120  -  MemoryUsage of job (MB)
	122756  -  ResidentSetSize of job (KB)
...
006 (6053464.000.000) 08/17 01:35:59 Image size of job updated: 124984
	120  -  MemoryUsage of job (MB)
	122756  -  ResidentSetSize of job (KB)
...
040 (6053464.000.000) 08/17 01:35:59 Started transferring output files
...
040 (6053464.000.000) 08/17 01:35:59 Finished transferring output files
...
005 (6053464.000.000) 08/17 01:35:59 Job terminated.
	(1) Normal termination (return value 0)
		Usr 0 00:12:08, Sys 0 00:00:04  -  Run Remote Usage
		Usr 0 00:00:00, Sys 0 00:00:00  -  Run Local Usage
		Usr 0 00:12:08, Sys 0 00:00:04  -  Total Remote Usage
		Usr 0 00:00:00, Sys 0 00:00:00  -  Total Local Usage
	16859  -  Run Bytes Sent By Job
	7129  -  Run Bytes Received By Job
	16859  -  Total Bytes Sent By Job
	7129  -  Total Bytes Received By Job
	Partitionable Resources :    Usage  Request Allocated 
	   Cpus                 :     1.00        1         1 
	   Disk (KB)            : 39254     6144000   6146763 
	   GPUs                 :                           0 
	   Memory (MB)          :   120        3000      3000 
	   TimeExecute (s)      :   740                       
	   TimeSlotBusy (s)     :   742                       
...
