000 (6053476.000.000) 08/17 01:21:45 Job submitted from host: <188.185.133.2:9618?addrs=188.185.133.2-9618+[2001-1458-d03-2--100-208]-9618&alias=bigbird102.cern.ch&noUDP&sock=schedd_5723_1498>
    DAG Node: P_A06_S1
...
040 (6053476.000.000) 08/17 01:23:42 Started transferring input files
	Transferring to host: <188.185.195.83:9618?addrs=188.185.195.83-9618+[2001-1458-303-22--100-4f]-9618&alias=b9p17p6449.cern.ch&noUDP&sock=slot1_8_4347_9aca_31831>
...
040 (6053476.000.000) 08/17 01:23:42 Finished transferring input files
...
001 (6053476.000.000) 08/17 01:23:43 Job executing on host: <188.185.195.83:9618?addrs=188.185.195.83-9618+[2001-1458-303-22--100-4f]-9618&alias=b9p17p6449.cern.ch&noUDP&sock=startd_3179_1ba9>
	SlotName: slot1_8@b9p17p6449.cern.ch
	CondorScratchDir = "/pool/condor/dir_1656558"
	Cpus = 1
	Disk = 6146861
	GPUs = 0
	Memory = 3000
...
006 (6053476.000.000) 08/17 01:23:52 Image size of job updated: 14176
	14  -  MemoryUsage of job (MB)
	14176  -  ResidentSetSize of job (KB)
...
006 (6053476.000.000) 08/17 01:28:53 Image size of job updated: 122888
	121  -  MemoryUsage of job (MB)
	122888  -  ResidentSetSize of job (KB)
...
006 (6053476.000.000) 08/17 01:33:53 Image size of job updated: 122892
	121  -  MemoryUsage of job (MB)
	122892  -  ResidentSetSize of job (KB)
...
006 (6053476.000.000) 08/17 01:38:53 Image size of job updated: 134552
	132  -  MemoryUsage of job (MB)
	134552  -  ResidentSetSize of job (KB)
...
006 (6053476.000.000) 08/17 01:53:15 Image size of job updated: 136784
	132  -  MemoryUsage of job (MB)
	134552  -  ResidentSetSize of job (KB)
...
040 (6053476.000.000) 08/17 01:53:15 Started transferring output files
...
040 (6053476.000.000) 08/17 01:53:16 Finished transferring output files
...
005 (6053476.000.000) 08/17 01:53:16 Job terminated.
	(1) Normal termination (return value 0)
		Usr 0 00:28:58, Sys 0 00:00:05  -  Run Remote Usage
		Usr 0 00:00:00, Sys 0 00:00:00  -  Run Local Usage
		Usr 0 00:28:58, Sys 0 00:00:05  -  Total Remote Usage
		Usr 0 00:00:00, Sys 0 00:00:00  -  Total Local Usage
	17450  -  Run Bytes Sent By Job
	7129  -  Run Bytes Received By Job
	17450  -  Total Bytes Sent By Job
	7129  -  Total Bytes Received By Job
	Partitionable Resources :    Usage  Request Allocated 
	   Cpus                 :     0.99        1         1 
	   Disk (KB)            : 39256     6144000   6146861 
	   GPUs                 :                           0 
	   Memory (MB)          :   132        3000      3000 
	   TimeExecute (s)      :  1772                       
	   TimeSlotBusy (s)     :  1775                       
...
