000 (6053478.000.000) 08/17 01:21:45 Job submitted from host: <188.185.133.2:9618?addrs=188.185.133.2-9618+[2001-1458-d03-2--100-208]-9618&alias=bigbird102.cern.ch&noUDP&sock=schedd_5723_1498>
    DAG Node: P_A06_S3
...
040 (6053478.000.000) 08/17 01:23:43 Started transferring input files
	Transferring to host: <188.185.196.83:9618?addrs=188.185.196.83-9618+[2001-1458-303-23--100-4f]-9618&alias=b9p16p9719.cern.ch&noUDP&sock=slot1_5_3423_9024_28952>
...
040 (6053478.000.000) 08/17 01:23:43 Finished transferring input files
...
001 (6053478.000.000) 08/17 01:23:44 Job executing on host: <188.185.196.83:9618?addrs=188.185.196.83-9618+[2001-1458-303-23--100-4f]-9618&alias=b9p16p9719.cern.ch&noUDP&sock=startd_2638_06ed>
	SlotName: slot1_5@b9p16p9719.cern.ch
	CondorScratchDir = "/pool/condor/dir_3611345"
	Cpus = 1
	Disk = 6146868
	GPUs = 0
	Memory = 3000
...
006 (6053478.000.000) 08/17 01:23:53 Image size of job updated: 28216
	28  -  MemoryUsage of job (MB)
	28216  -  ResidentSetSize of job (KB)
...
006 (6053478.000.000) 08/17 01:28:54 Image size of job updated: 122884
	121  -  MemoryUsage of job (MB)
	122884  -  ResidentSetSize of job (KB)
...
006 (6053478.000.000) 08/17 01:38:55 Image size of job updated: 134548
	132  -  MemoryUsage of job (MB)
	134548  -  ResidentSetSize of job (KB)
...
006 (6053478.000.000) 08/17 01:58:57 Image size of job updated: 134552
	132  -  MemoryUsage of job (MB)
	134552  -  ResidentSetSize of job (KB)
...
006 (6053478.000.000) 08/17 02:02:21 Image size of job updated: 136780
	132  -  MemoryUsage of job (MB)
	134552  -  ResidentSetSize of job (KB)
...
040 (6053478.000.000) 08/17 02:02:21 Started transferring output files
...
040 (6053478.000.000) 08/17 02:02:21 Finished transferring output files
...
005 (6053478.000.000) 08/17 02:02:22 Job terminated.
	(1) Normal termination (return value 0)
		Usr 0 00:37:59, Sys 0 00:00:06  -  Run Remote Usage
		Usr 0 00:00:00, Sys 0 00:00:00  -  Run Local Usage
		Usr 0 00:37:59, Sys 0 00:00:06  -  Total Remote Usage
		Usr 0 00:00:00, Sys 0 00:00:00  -  Total Local Usage
	17448  -  Run Bytes Sent By Job
	7129  -  Run Bytes Received By Job
	17448  -  Total Bytes Sent By Job
	7129  -  Total Bytes Received By Job
	Partitionable Resources :    Usage  Request Allocated 
	   Cpus                 :     0.99        1         1 
	   Disk (KB)            : 39256     6144000   6146868 
	   GPUs                 :                           0 
	   Memory (MB)          :   132        3000      3000 
	   TimeExecute (s)      :  2317                       
	   TimeSlotBusy (s)     :  2319                       
...
