000 (6053521.000.000) 08/17 01:21:46 Job submitted from host: <188.185.133.2:9618?addrs=188.185.133.2-9618+[2001-1458-d03-2--100-208]-9618&alias=bigbird102.cern.ch&noUDP&sock=schedd_5723_1498>
    DAG Node: P_A11_S6
...
040 (6053521.000.000) 08/17 01:23:57 Started transferring input files
	Transferring to host: <188.185.193.38:9618?addrs=188.185.193.38-9618+[2001-1458-303-20--100-22]-9618&alias=b9p19p5891.cern.ch&noUDP&sock=slot1_18_6249_bc57_31681>
...
040 (6053521.000.000) 08/17 01:23:57 Finished transferring input files
...
001 (6053521.000.000) 08/17 01:23:58 Job executing on host: <188.185.193.38:9618?addrs=188.185.193.38-9618+[2001-1458-303-20--100-22]-9618&alias=b9p19p5891.cern.ch&noUDP&sock=startd_5235_5a61>
	SlotName: slot1_18@b9p19p5891.cern.ch
	CondorScratchDir = "/pool/condor/dir_2038823"
	Cpus = 1
	Disk = 6146876
	GPUs = 0
	Memory = 3000
...
006 (6053521.000.000) 08/17 01:24:07 Image size of job updated: 26308
	26  -  MemoryUsage of job (MB)
	26308  -  ResidentSetSize of job (KB)
...
006 (6053521.000.000) 08/17 01:29:08 Image size of job updated: 126940
	124  -  MemoryUsage of job (MB)
	126940  -  ResidentSetSize of job (KB)
...
006 (6053521.000.000) 08/17 01:44:10 Image size of job updated: 126944
	124  -  MemoryUsage of job (MB)
	126944  -  ResidentSetSize of job (KB)
...
006 (6053521.000.000) 08/17 01:49:10 Image size of job updated: 138604
	136  -  MemoryUsage of job (MB)
	138604  -  ResidentSetSize of job (KB)
...
006 (6053521.000.000) 08/17 02:19:14 Image size of job updated: 138608
	136  -  MemoryUsage of job (MB)
	138608  -  ResidentSetSize of job (KB)
...
040 (6053521.000.000) 08/17 02:26:26 Started transferring output files
...
040 (6053521.000.000) 08/17 02:26:26 Finished transferring output files
...
005 (6053521.000.000) 08/17 02:26:26 Job terminated.
	(1) Normal termination (return value 0)
		Usr 0 01:01:13, Sys 0 00:00:09  -  Run Remote Usage
		Usr 0 00:00:00, Sys 0 00:00:00  -  Run Local Usage
		Usr 0 01:01:13, Sys 0 00:00:09  -  Total Remote Usage
		Usr 0 00:00:00, Sys 0 00:00:00  -  Total Local Usage
	17447  -  Run Bytes Sent By Job
	7129  -  Run Bytes Received By Job
	17447  -  Total Bytes Sent By Job
	7129  -  Total Bytes Received By Job
	Partitionable Resources :    Usage  Request Allocated 
	   Cpus                 :     0.99        1         1 
	   Disk (KB)            : 39256     6144000   6146876 
	   GPUs                 :                           0 
	   Memory (MB)          :   136        3000      3000 
	   TimeExecute (s)      :  3748                       
	   TimeSlotBusy (s)     :  3750                       
...
