000 (6053443.000.000) 08/17 01:21:44 Job submitted from host: <188.185.133.2:9618?addrs=188.185.133.2-9618+[2001-1458-d03-2--100-208]-9618&alias=bigbird102.cern.ch&noUDP&sock=schedd_5723_1498>
    DAG Node: P_A02_S0
...
040 (6053443.000.000) 08/17 01:23:30 Started transferring input files
	Transferring to host: <188.185.194.167:9618?addrs=188.185.194.167-9618+[2001-1458-303-21--100-a3]-9618&alias=b9p20p3976.cern.ch&noUDP&sock=slot1_21_4521_3411_31793>
...
040 (6053443.000.000) 08/17 01:23:30 Finished transferring input files
...
001 (6053443.000.000) 08/17 01:23:31 Job executing on host: <188.185.194.167:9618?addrs=188.185.194.167-9618+[2001-1458-303-21--100-a3]-9618&alias=b9p20p3976.cern.ch&noUDP&sock=startd_3561_20d7>
	SlotName: slot1_21@b9p20p3976.cern.ch
	CondorScratchDir = "/pool/condor/dir_3277232"
	Cpus = 1
	Disk = 6146806
	GPUs = 0
	Memory = 3000
...
006 (6053443.000.000) 08/17 01:23:39 Image size of job updated: 21732
	22  -  MemoryUsage of job (MB)
	21732  -  ResidentSetSize of job (KB)
...
006 (6053443.000.000) 08/17 01:26:23 Image size of job updated: 111284
	22  -  MemoryUsage of job (MB)
	21732  -  ResidentSetSize of job (KB)
...
040 (6053443.000.000) 08/17 01:26:23 Started transferring output files
...
040 (6053443.000.000) 08/17 01:26:23 Finished transferring output files
...
005 (6053443.000.000) 08/17 01:26:23 Job terminated.
	(1) Normal termination (return value 0)
		Usr 0 00:02:39, Sys 0 00:00:04  -  Run Remote Usage
		Usr 0 00:00:00, Sys 0 00:00:00  -  Run Local Usage
		Usr 0 00:02:39, Sys 0 00:00:04  -  Total Remote Usage
		Usr 0 00:00:00, Sys 0 00:00:00  -  Total Local Usage
	16784  -  Run Bytes Sent By Job
	7129  -  Run Bytes Received By Job
	16784  -  Total Bytes Sent By Job
	7129  -  Total Bytes Received By Job
	Partitionable Resources :    Usage  Request Allocated 
	   Cpus                 :                 1         1 
	   Disk (KB)            :     8436  6144000   6146806 
	   GPUs                 :                           0 
	   Memory (MB)          :       22     3000      3000 
	   TimeExecute (s)      :      172                    
	   TimeSlotBusy (s)     :      173                    
...
