000 (6053472.000.000) 08/17 01:21:45 Job submitted from host: <188.185.133.2:9618?addrs=188.185.133.2-9618+[2001-1458-d03-2--100-208]-9618&alias=bigbird102.cern.ch&noUDP&sock=schedd_5723_1498>
    DAG Node: P_A05_S5
...
040 (6053472.000.000) 08/17 01:23:41 Started transferring input files
	Transferring to host: <128.142.248.46:9618?addrs=128.142.248.46-9618+[2001-1458-301-73--100-11e]-9618&alias=b9g23p9671.cern.ch&noUDP&sock=slot1_5_7391_60c6_23157>
...
040 (6053472.000.000) 08/17 01:23:41 Finished transferring input files
...
001 (6053472.000.000) 08/17 01:23:42 Job executing on host: <128.142.248.46:9618?addrs=128.142.248.46-9618+[2001-1458-301-73--100-11e]-9618&alias=b9g23p9671.cern.ch&noUDP&sock=startd_6636_5290>
	SlotName: slot1_5@b9g23p9671.cern.ch
	CondorScratchDir = "/pool/condor/dir_1851747"
	Cpus = 1
	Disk = 6146810
	GPUs = 0
	Memory = 3000
...
006 (6053472.000.000) 08/17 01:23:50 Image size of job updated: 17336
	17  -  MemoryUsage of job (MB)
	17336  -  ResidentSetSize of job (KB)
...
006 (6053472.000.000) 08/17 01:28:50 Image size of job updated: 115188
	113  -  MemoryUsage of job (MB)
	115188  -  ResidentSetSize of job (KB)
...
040 (6053472.000.000) 08/17 01:29:20 Started transferring output files
...
040 (6053472.000.000) 08/17 01:29:20 Finished transferring output files
...
005 (6053472.000.000) 08/17 01:29:21 Job terminated.
	(1) Normal termination (return value 0)
		Usr 0 00:05:19, Sys 0 00:00:04  -  Run Remote Usage
		Usr 0 00:00:00, Sys 0 00:00:00  -  Run Local Usage
		Usr 0 00:05:19, Sys 0 00:00:04  -  Total Remote Usage
		Usr 0 00:00:00, Sys 0 00:00:00  -  Total Local Usage
	16782  -  Run Bytes Sent By Job
	7129  -  Run Bytes Received By Job
	16782  -  Total Bytes Sent By Job
	7129  -  Total Bytes Received By Job
	Partitionable Resources :    Usage  Request Allocated 
	   Cpus                 :        0        1         1 
	   Disk (KB)            :     9236  6144000   6146810 
	   GPUs                 :                           0 
	   Memory (MB)          :      113     3000      3000 
	   TimeExecute (s)      :      338                    
	   TimeSlotBusy (s)     :      340                    
...
