000 (6053463.000.000) 08/17 01:21:45 Job submitted from host: <188.185.133.2:9618?addrs=188.185.133.2-9618+[2001-1458-d03-2--100-208]-9618&alias=bigbird102.cern.ch&noUDP&sock=schedd_5723_1498>
    DAG Node: P_A04_S4
...
040 (6053463.000.000) 08/17 01:23:38 Started transferring input files
	Transferring to host: <128.142.248.250:9618?addrs=128.142.248.250-9618+[2001-1458-301-73--100-f9]-9618&alias=b9g23p4856.cern.ch&noUDP&sock=slot1_30_2163247_f539_22133>
...
040 (6053463.000.000) 08/17 01:23:38 Finished transferring input files
...
001 (6053463.000.000) 08/17 01:23:40 Job executing on host: <128.142.248.250:9618?addrs=128.142.248.250-9618+[2001-1458-301-73--100-f9]-9618&alias=b9g23p4856.cern.ch&noUDP&sock=startd_4050_8aa7>
	SlotName: slot1_30@b9g23p4856.cern.ch
	CondorScratchDir = "/pool/condor/dir_1584500"
	Cpus = 1
	Disk = 6146908
	GPUs = 0
	Memory = 3000
...
006 (6053463.000.000) 08/17 01:23:48 Image size of job updated: 22016
	22  -  MemoryUsage of job (MB)
	22016  -  ResidentSetSize of job (KB)
...
006 (6053463.000.000) 08/17 01:28:48 Image size of job updated: 122748
	120  -  MemoryUsage of job (MB)
	122748  -  ResidentSetSize of job (KB)
...
006 (6053463.000.000) 08/17 01:33:48 Image size of job updated: 122752
	120  -  MemoryUsage of job (MB)
	122752  -  ResidentSetSize of job (KB)
...
006 (6053463.000.000) 08/17 01:41:04 Image size of job updated: 124980
	120  -  MemoryUsage of job (MB)
	122752  -  ResidentSetSize of job (KB)
...
040 (6053463.000.000) 08/17 01:41:04 Started transferring output files
...
040 (6053463.000.000) 08/17 01:41:04 Finished transferring output files
...
005 (6053463.000.000) 08/17 01:41:04 Job terminated.
	(1) Normal termination (return value 0)
		Usr 0 00:16:59, Sys 0 00:00:05  -  Run Remote Usage
		Usr 0 00:00:00, Sys 0 00:00:00  -  Run Local Usage
		Usr 0 00:16:59, Sys 0 00:00:05  -  Total Remote Usage
		Usr 0 00:00:00, Sys 0 00:00:00  -  Total Local Usage
	16858  -  Run Bytes Sent By Job
	7129  -  Run Bytes Received By Job
	16858  -  Total Bytes Sent By Job
	7129  -  Total Bytes Received By Job
	Partitionable Resources :    Usage  Request Allocated 
	   Cpus                 :     0.99        1         1 
	   Disk (KB)            : 39254     6144000   6146908 
	   GPUs                 :                           0 
	   Memory (MB)          :   120        3000      3000 
	   TimeExecute (s)      :  1044                       
	   TimeSlotBusy (s)     :  1047                       
...
