000 (6053542.000.000) 08/17 01:21:52 Job submitted from host: <188.185.133.2:9618?addrs=188.185.133.2-9618+[2001-1458-d03-2--100-208]-9618&alias=bigbird102.cern.ch&noUDP&sock=schedd_5723_1498>
    DAG Node: P_A14_S1
...
040 (6053542.000.000) 08/17 01:24:06 Started transferring input files
	Transferring to host: <188.185.193.99:9618?addrs=188.185.193.99-9618+[2001-1458-303-20--100-5f]-9618&alias=b9p19p2598.cern.ch&noUDP&sock=slot1_32_5491_a7f8_29697>
...
040 (6053542.000.000) 08/17 01:24:06 Finished transferring input files
...
001 (6053542.000.000) 08/17 01:24:07 Job executing on host: <188.185.193.99:9618?addrs=188.185.193.99-9618+[2001-1458-303-20--100-5f]-9618&alias=b9p19p2598.cern.ch&noUDP&sock=startd_4395_2ed3>
	SlotName: slot1_32@b9p19p2598.cern.ch
	CondorScratchDir = "/pool/condor/dir_3321746"
	Cpus = 1
	Disk = 6146609
	GPUs = 0
	Memory = 3000
...
006 (6053542.000.000) 08/17 01:24:16 Image size of job updated: 28612
	27  -  MemoryUsage of job (MB)
	27384  -  ResidentSetSize of job (KB)
...
006 (6053542.000.000) 08/17 01:29:17 Image size of job updated: 110616
	109  -  MemoryUsage of job (MB)
	110616  -  ResidentSetSize of job (KB)
...
006 (6053542.000.000) 08/17 01:34:17 Image size of job updated: 110780
	109  -  MemoryUsage of job (MB)
	110780  -  ResidentSetSize of job (KB)
...
006 (6053542.000.000) 08/17 01:39:17 Image size of job updated: 110948
	109  -  MemoryUsage of job (MB)
	110948  -  ResidentSetSize of job (KB)
...
006 (6053542.000.000) 08/17 01:44:10 Image size of job updated: 113512
	109  -  MemoryUsage of job (MB)
	110948  -  ResidentSetSize of job (KB)
...
040 (6053542.000.000) 08/17 01:44:10 Started transferring output files
...
040 (6053542.000.000) 08/17 01:44:10 Finished transferring output files
...
005 (6053542.000.000) 08/17 01:44:10 Job terminated.
	(1) Normal termination (return value 0)
		Usr 0 00:19:45, Sys 0 00:00:04  -  Run Remote Usage
		Usr 0 00:00:00, Sys 0 00:00:00  -  Run Local Usage
		Usr 0 00:19:45, Sys 0 00:00:04  -  Total Remote Usage
		Usr 0 00:00:00, Sys 0 00:00:00  -  Total Local Usage
	16788  -  Run Bytes Sent By Job
	7129  -  Run Bytes Received By Job
	16788  -  Total Bytes Sent By Job
	7129  -  Total Bytes Received By Job
	Partitionable Resources :    Usage  Request Allocated 
	   Cpus                 :     0.99        1         1 
	   Disk (KB)            :  9236     6144000   6146609 
	   GPUs                 :                           0 
	   Memory (MB)          :   109        3000      3000 
	   TimeExecute (s)      :  1203                       
	   TimeSlotBusy (s)     :  1204                       
...
