000 (6053491.000.000) 08/17 01:21:45 Job submitted from host: <188.185.133.2:9618?addrs=188.185.133.2-9618+[2001-1458-d03-2--100-208]-9618&alias=bigbird102.cern.ch&noUDP&sock=schedd_5723_1498>
    DAG Node: P_A08_S0
...
040 (6053491.000.000) 08/17 01:23:46 Started transferring input files
	Transferring to host: <188.185.197.52:9618?addrs=188.185.197.52-9618+[2001-1458-303-24--100-30]-9618&alias=b9p14p2335.cern.ch&noUDP&sock=slot1_33_9807_ab28_23915>
...
040 (6053491.000.000) 08/17 01:23:46 Finished transferring input files
...
001 (6053491.000.000) 08/17 01:23:47 Job executing on host: <188.185.197.52:9618?addrs=188.185.197.52-9618+[2001-1458-303-24--100-30]-9618&alias=b9p14p2335.cern.ch&noUDP&sock=startd_8352_5b14>
	SlotName: slot1_33@b9p14p2335.cern.ch
	CondorScratchDir = "/pool/condor/dir_996126"
	Cpus = 1
	Disk = 6147908
	GPUs = 0
	Memory = 3000
...
006 (6053491.000.000) 08/17 01:23:55 Image size of job updated: 26236
	26  -  MemoryUsage of job (MB)
	26236  -  ResidentSetSize of job (KB)
...
006 (6053491.000.000) 08/17 01:28:55 Image size of job updated: 126952
	124  -  MemoryUsage of job (MB)
	126952  -  ResidentSetSize of job (KB)
...
006 (6053491.000.000) 08/17 01:38:56 Image size of job updated: 126956
	124  -  MemoryUsage of job (MB)
	126956  -  ResidentSetSize of job (KB)
...
006 (6053491.000.000) 08/17 01:43:56 Image size of job updated: 138668
	136  -  MemoryUsage of job (MB)
	138668  -  ResidentSetSize of job (KB)
...
006 (6053491.000.000) 08/17 01:53:57 Image size of job updated: 138672
	136  -  MemoryUsage of job (MB)
	138672  -  ResidentSetSize of job (KB)
...
006 (6053491.000.000) 08/17 01:58:58 Image size of job updated: 138676
	136  -  MemoryUsage of job (MB)
	138676  -  ResidentSetSize of job (KB)
...
006 (6053491.000.000) 08/17 02:03:59 Image size of job updated: 150272
	147  -  MemoryUsage of job (MB)
	150272  -  ResidentSetSize of job (KB)
...
006 (6053491.000.000) 08/17 02:14:00 Image size of job updated: 150276
	147  -  MemoryUsage of job (MB)
	150276  -  ResidentSetSize of job (KB)
...
006 (6053491.000.000) 08/17 02:14:34 Image size of job updated: 152504
	147  -  MemoryUsage of job (MB)
	150276  -  ResidentSetSize of job (KB)
...
040 (6053491.000.000) 08/17 02:14:34 Started transferring output files
...
040 (6053491.000.000) 08/17 02:14:34 Finished transferring output files
...
005 (6053491.000.000) 08/17 02:14:35 Job terminated.
	(1) Normal termination (return value 0)
		Usr 0 00:50:10, Sys 0 00:00:06  -  Run Remote Usage
		Usr 0 00:00:00, Sys 0 00:00:00  -  Run Local Usage
		Usr 0 00:50:10, Sys 0 00:00:06  -  Total Remote Usage
		Usr 0 00:00:00, Sys 0 00:00:00  -  Total Local Usage
	16990  -  Run Bytes Sent By Job
	7129  -  Run Bytes Received By Job
	16990  -  Total Bytes Sent By Job
	7129  -  Total Bytes Received By Job
	Partitionable Resources :    Usage  Request Allocated 
	   Cpus                 :     0.99        1         1 
	   Disk (KB)            : 39254     6144000   6147908 
	   GPUs                 :                           0 
	   Memory (MB)          :   147        3000      3000 
	   TimeExecute (s)      :  3047                       
	   TimeSlotBusy (s)     :  3048                       
...
