000 (6053427.000.000) 08/17 01:21:44 Job submitted from host: <188.185.133.2:9618?addrs=188.185.133.2-9618+[2001-1458-d03-2--100-208]-9618&alias=bigbird102.cern.ch&noUDP&sock=schedd_5723_1498>
    DAG Node: P_A00_S0
...
040 (6053427.000.000) 08/17 01:21:56 Started transferring input files
	Transferring to host: <188.185.192.44:9618?addrs=188.185.192.44-9618+[2001-1458-303-1f--100-28]-9618&alias=b9p13p9542.cern.ch&noUDP&sock=slot1_36_8782_769e_31295>
...
040 (6053427.000.000) 08/17 01:21:56 Finished transferring input files
...
001 (6053427.000.000) 08/17 01:21:57 Job executing on host: <188.185.192.44:9618?addrs=188.185.192.44-9618+[2001-1458-303-1f--100-28]-9618&alias=b9p13p9542.cern.ch&noUDP&sock=startd_7639_4c0e>
	SlotName: slot1_36@b9p13p9542.cern.ch
	CondorScratchDir = "/pool/condor/dir_1613556"
	Cpus = 1
	Disk = 6147060
	GPUs = 0
	Memory = 3000
...
006 (6053427.000.000) 08/17 01:22:06 Image size of job updated: 35824
	27  -  MemoryUsage of job (MB)
	27348  -  ResidentSetSize of job (KB)
...
006 (6053427.000.000) 08/17 01:27:07 Image size of job updated: 134460
	132  -  MemoryUsage of job (MB)
	134460  -  ResidentSetSize of job (KB)
...
006 (6053427.000.000) 08/17 01:32:07 Image size of job updated: 146068
	143  -  MemoryUsage of job (MB)
	146068  -  ResidentSetSize of job (KB)
...
006 (6053427.000.000) 08/17 01:36:59 Image size of job updated: 159696
	143  -  MemoryUsage of job (MB)
	146068  -  ResidentSetSize of job (KB)
...
040 (6053427.000.000) 08/17 01:36:59 Started transferring output files
...
040 (6053427.000.000) 08/17 01:36:59 Finished transferring output files
...
005 (6053427.000.000) 08/17 01:36:59 Job terminated.
	(1) Normal termination (return value 0)
		Usr 0 00:14:46, Sys 0 00:00:04  -  Run Remote Usage
		Usr 0 00:00:00, Sys 0 00:00:00  -  Run Local Usage
		Usr 0 00:14:46, Sys 0 00:00:04  -  Total Remote Usage
		Usr 0 00:00:00, Sys 0 00:00:00  -  Total Local Usage
	17052  -  Run Bytes Sent By Job
	7129  -  Run Bytes Received By Job
	17052  -  Total Bytes Sent By Job
	7129  -  Total Bytes Received By Job
	Partitionable Resources :    Usage  Request Allocated 
	   Cpus                 :     0.99        1         1 
	   Disk (KB)            : 39256     6144000   6147060 
	   GPUs                 :                           0 
	   Memory (MB)          :   143        3000      3000 
	   TimeExecute (s)      :   902                       
	   TimeSlotBusy (s)     :   903                       
...
