000 (6053474.000.000) 08/17 01:21:45 Job submitted from host: <188.185.133.2:9618?addrs=188.185.133.2-9618+[2001-1458-d03-2--100-208]-9618&alias=bigbird102.cern.ch&noUDP&sock=schedd_5723_1498>
    DAG Node: P_A05_S7
...
040 (6053474.000.000) 08/17 01:23:41 Started transferring input files
	Transferring to host: <188.185.196.107:9618?addrs=188.185.196.107-9618+[2001-1458-303-23--100-67]-9618&alias=b9p16p2482.cern.ch&noUDP&sock=slot1_23_5396_b855_32217>
...
040 (6053474.000.000) 08/17 01:23:41 Finished transferring input files
...
001 (6053474.000.000) 08/17 01:23:42 Job executing on host: <188.185.196.107:9618?addrs=188.185.196.107-9618+[2001-1458-303-23--100-67]-9618&alias=b9p16p2482.cern.ch&noUDP&sock=startd_4390_c0da>
	SlotName: slot1_23@b9p16p2482.cern.ch
	CondorScratchDir = "/pool/condor/dir_4065859"
	Cpus = 1
	Disk = 6146895
	GPUs = 0
	Memory = 3000
...
006 (6053474.000.000) 08/17 01:23:50 Image size of job updated: 32692
	32  -  MemoryUsage of job (MB)
	32692  -  ResidentSetSize of job (KB)
...
006 (6053474.000.000) 08/17 01:27:59 Image size of job updated: 117388
	32  -  MemoryUsage of job (MB)
	32692  -  ResidentSetSize of job (KB)
...
040 (6053474.000.000) 08/17 01:28:00 Started transferring output files
...
040 (6053474.000.000) 08/17 01:28:00 Finished transferring output files
...
005 (6053474.000.000) 08/17 01:28:00 Job terminated.
	(1) Normal termination (return value 0)
		Usr 0 00:04:03, Sys 0 00:00:04  -  Run Remote Usage
		Usr 0 00:00:00, Sys 0 00:00:00  -  Run Local Usage
		Usr 0 00:04:03, Sys 0 00:00:04  -  Total Remote Usage
		Usr 0 00:00:00, Sys 0 00:00:00  -  Total Local Usage
	16785  -  Run Bytes Sent By Job
	7129  -  Run Bytes Received By Job
	16785  -  Total Bytes Sent By Job
	7129  -  Total Bytes Received By Job
	Partitionable Resources :    Usage  Request Allocated 
	   Cpus                 :     0.79        1         1 
	   Disk (KB)            :  8412     6144000   6146895 
	   GPUs                 :                           0 
	   Memory (MB)          :    32        3000      3000 
	   TimeExecute (s)      :   257                       
	   TimeSlotBusy (s)     :   260                       
...
