000 (6053428.000.000) 08/17 01:21:44 Job submitted from host: <188.185.133.2:9618?addrs=188.185.133.2-9618+[2001-1458-d03-2--100-208]-9618&alias=bigbird102.cern.ch&noUDP&sock=schedd_5723_1498>
    DAG Node: P_A00_S1
...
040 (6053428.000.000) 08/17 01:21:46 Started transferring input files
	Transferring to host: <128.142.52.13:9618?addrs=128.142.52.13-9618+[2001-1458-301-1b--100-a]-9618&alias=b9g02p6767.cern.ch&noUDP&sock=slot1_2_7634_97f0_33096>
...
040 (6053428.000.000) 08/17 01:21:46 Finished transferring input files
...
001 (6053428.000.000) 08/17 01:21:47 Job executing on host: <128.142.52.13:9618?addrs=128.142.52.13-9618+[2001-1458-301-1b--100-a]-9618&alias=b9g02p6767.cern.ch&noUDP&sock=startd_6539_c9e0>
	SlotName: slot1_2@b9g02p6767.cern.ch
	CondorScratchDir = "/pool/condor/dir_449413"
	Cpus = 1
	Disk = 6144828
	GPUs = 0
	Memory = 3000
...
006 (6053428.000.000) 08/17 01:21:56 Image size of job updated: 76884
	76  -  MemoryUsage of job (MB)
	76884  -  ResidentSetSize of job (KB)
...
006 (6053428.000.000) 08/17 01:26:57 Image size of job updated: 138524
	136  -  MemoryUsage of job (MB)
	138524  -  ResidentSetSize of job (KB)
...
006 (6053428.000.000) 08/17 01:31:57 Image size of job updated: 161524
	158  -  MemoryUsage of job (MB)
	161524  -  ResidentSetSize of job (KB)
...
006 (6053428.000.000) 08/17 01:33:17 Image size of job updated: 163756
	158  -  MemoryUsage of job (MB)
	161524  -  ResidentSetSize of job (KB)
...
040 (6053428.000.000) 08/17 01:33:17 Started transferring output files
...
040 (6053428.000.000) 08/17 01:33:17 Finished transferring output files
...
005 (6053428.000.000) 08/17 01:33:17 Job terminated.
	(1) Normal termination (return value 0)
		Usr 0 00:11:19, Sys 0 00:00:04  -  Run Remote Usage
		Usr 0 00:00:00, Sys 0 00:00:00  -  Run Local Usage
		Usr 0 00:11:19, Sys 0 00:00:04  -  Total Remote Usage
		Usr 0 00:00:00, Sys 0 00:00:00  -  Total Local Usage
	17051  -  Run Bytes Sent By Job
	7129  -  Run Bytes Received By Job
	17051  -  Total Bytes Sent By Job
	7129  -  Total Bytes Received By Job
	Partitionable Resources :    Usage  Request Allocated 
	   Cpus                 :     1.00        1         1 
	   Disk (KB)            : 39255     6144000   6144828 
	   GPUs                 :                           0 
	   Memory (MB)          :   158        3000      3000 
	   TimeExecute (s)      :   690                       
	   TimeSlotBusy (s)     :   691                       
...
