000 (6053493.000.000) 08/17 01:21:45 Job submitted from host: <188.185.133.2:9618?addrs=188.185.133.2-9618+[2001-1458-d03-2--100-208]-9618&alias=bigbird102.cern.ch&noUDP&sock=schedd_5723_1498>
    DAG Node: P_A08_S2
...
040 (6053493.000.000) 08/17 01:23:48 Started transferring input files
	Transferring to host: <128.142.248.45:9618?addrs=128.142.248.45-9618+[2001-1458-301-73--100-11d]-9618&alias=b9g23p6341.cern.ch&noUDP&sock=slot1_12_5882_26a8_23256>
...
040 (6053493.000.000) 08/17 01:23:48 Finished transferring input files
...
001 (6053493.000.000) 08/17 01:23:49 Job executing on host: <128.142.248.45:9618?addrs=128.142.248.45-9618+[2001-1458-301-73--100-11d]-9618&alias=b9g23p6341.cern.ch&noUDP&sock=startd_4563_6abc>
	SlotName: slot1_12@b9g23p6341.cern.ch
	CondorScratchDir = "/pool/condor/dir_1700699"
	Cpus = 1
	Disk = 6146769
	GPUs = 0
	Memory = 3000
...
006 (6053493.000.000) 08/17 01:23:58 Image size of job updated: 27440
	27  -  MemoryUsage of job (MB)
	27440  -  ResidentSetSize of job (KB)
...
006 (6053493.000.000) 08/17 01:28:59 Image size of job updated: 126804
	124  -  MemoryUsage of job (MB)
	126804  -  ResidentSetSize of job (KB)
...
006 (6053493.000.000) 08/17 01:38:59 Image size of job updated: 126808
	124  -  MemoryUsage of job (MB)
	126808  -  ResidentSetSize of job (KB)
...
006 (6053493.000.000) 08/17 01:44:00 Image size of job updated: 138520
	136  -  MemoryUsage of job (MB)
	138520  -  ResidentSetSize of job (KB)
...
006 (6053493.000.000) 08/17 01:54:01 Image size of job updated: 138524
	136  -  MemoryUsage of job (MB)
	138524  -  ResidentSetSize of job (KB)
...
006 (6053493.000.000) 08/17 01:59:02 Image size of job updated: 150124
	147  -  MemoryUsage of job (MB)
	150124  -  ResidentSetSize of job (KB)
...
006 (6053493.000.000) 08/17 02:09:03 Image size of job updated: 150128
	147  -  MemoryUsage of job (MB)
	150128  -  ResidentSetSize of job (KB)
...
006 (6053493.000.000) 08/17 02:14:01 Image size of job updated: 150132
	147  -  MemoryUsage of job (MB)
	150128  -  ResidentSetSize of job (KB)
...
040 (6053493.000.000) 08/17 02:14:02 Started transferring output files
...
040 (6053493.000.000) 08/17 02:14:02 Finished transferring output files
...
005 (6053493.000.000) 08/17 02:14:02 Job terminated.
	(1) Normal termination (return value 0)
		Usr 0 00:49:32, Sys 0 00:00:06  -  Run Remote Usage
		Usr 0 00:00:00, Sys 0 00:00:00  -  Run Local Usage
		Usr 0 00:49:32, Sys 0 00:00:06  -  Total Remote Usage
		Usr 0 00:00:00, Sys 0 00:00:00  -  Total Local Usage
	16991  -  Run Bytes Sent By Job
	7129  -  Run Bytes Received By Job
	16991  -  Total Bytes Sent By Job
	7129  -  Total Bytes Received By Job
	Partitionable Resources :    Usage  Request Allocated 
	   Cpus                 :     0.99        1         1 
	   Disk (KB)            : 39254     6144000   6146769 
	   GPUs                 :                           0 
	   Memory (MB)          :   147        3000      3000 
	   TimeExecute (s)      :  3012                       
	   TimeSlotBusy (s)     :  3015                       
...
