000 (6053519.000.000) 08/17 01:21:46 Job submitted from host: <188.185.133.2:9618?addrs=188.185.133.2-9618+[2001-1458-d03-2--100-208]-9618&alias=bigbird102.cern.ch&noUDP&sock=schedd_5723_1498>
    DAG Node: P_A11_S4
...
040 (6053519.000.000) 08/17 01:23:56 Started transferring input files
	Transferring to host: <188.185.195.104:9618?addrs=188.185.195.104-9618+[2001-1458-303-22--100-64]-9618&alias=b9p17p4322.cern.ch&noUDP&sock=slot1_8_3556_460a_32654>
...
040 (6053519.000.000) 08/17 01:23:56 Finished transferring input files
...
001 (6053519.000.000) 08/17 01:23:57 Job executing on host: <188.185.195.104:9618?addrs=188.185.195.104-9618+[2001-1458-303-22--100-64]-9618&alias=b9p17p4322.cern.ch&noUDP&sock=startd_2765_2374>
	SlotName: slot1_8@b9p17p4322.cern.ch
	CondorScratchDir = "/pool/condor/dir_3678633"
	Cpus = 1
	Disk = 6146865
	GPUs = 0
	Memory = 3000
...
006 (6053519.000.000) 08/17 01:24:06 Image size of job updated: 36944
	37  -  MemoryUsage of job (MB)
	36944  -  ResidentSetSize of job (KB)
...
006 (6053519.000.000) 08/17 01:29:07 Image size of job updated: 126944
	124  -  MemoryUsage of job (MB)
	126944  -  ResidentSetSize of job (KB)
...
006 (6053519.000.000) 08/17 01:34:07 Image size of job updated: 126948
	124  -  MemoryUsage of job (MB)
	126948  -  ResidentSetSize of job (KB)
...
006 (6053519.000.000) 08/17 01:39:08 Image size of job updated: 138608
	136  -  MemoryUsage of job (MB)
	138608  -  ResidentSetSize of job (KB)
...
006 (6053519.000.000) 08/17 01:54:10 Image size of job updated: 138612
	136  -  MemoryUsage of job (MB)
	138612  -  ResidentSetSize of job (KB)
...
006 (6053519.000.000) 08/17 01:56:42 Image size of job updated: 140840
	136  -  MemoryUsage of job (MB)
	138612  -  ResidentSetSize of job (KB)
...
040 (6053519.000.000) 08/17 01:56:42 Started transferring output files
...
040 (6053519.000.000) 08/17 01:56:42 Finished transferring output files
...
005 (6053519.000.000) 08/17 01:56:43 Job terminated.
	(1) Normal termination (return value 0)
		Usr 0 00:32:20, Sys 0 00:00:04  -  Run Remote Usage
		Usr 0 00:00:00, Sys 0 00:00:00  -  Run Local Usage
		Usr 0 00:32:20, Sys 0 00:00:04  -  Total Remote Usage
		Usr 0 00:00:00, Sys 0 00:00:00  -  Total Local Usage
	17447  -  Run Bytes Sent By Job
	7129  -  Run Bytes Received By Job
	17447  -  Total Bytes Sent By Job
	7129  -  Total Bytes Received By Job
	Partitionable Resources :    Usage  Request Allocated 
	   Cpus                 :     1.00        1         1 
	   Disk (KB)            : 39256     6144000   6146865 
	   GPUs                 :                           0 
	   Memory (MB)          :   136        3000      3000 
	   TimeExecute (s)      :  1965                       
	   TimeSlotBusy (s)     :  1967                       
...
