000 (6053462.000.000) 08/17 01:21:45 Job submitted from host: <188.185.133.2:9618?addrs=188.185.133.2-9618+[2001-1458-d03-2--100-208]-9618&alias=bigbird102.cern.ch&noUDP&sock=schedd_5723_1498>
    DAG Node: P_A04_S3
...
040 (6053462.000.000) 08/17 01:23:36 Started transferring input files
	Transferring to host: <188.185.197.47:9618?addrs=188.185.197.47-9618+[2001-1458-303-24--100-2b]-9618&alias=b9p14p3415.cern.ch&noUDP&sock=slot1_25_5538_c59a_23165>
...
040 (6053462.000.000) 08/17 01:23:36 Finished transferring input files
...
001 (6053462.000.000) 08/17 01:23:37 Job executing on host: <188.185.197.47:9618?addrs=188.185.197.47-9618+[2001-1458-303-24--100-2b]-9618&alias=b9p14p3415.cern.ch&noUDP&sock=startd_4404_5b2d>
	SlotName: slot1_25@b9p14p3415.cern.ch
	CondorScratchDir = "/pool/condor/dir_3383390"
	Cpus = 1
	Disk = 6146794
	GPUs = 0
	Memory = 3000
...
006 (6053462.000.000) 08/17 01:23:46 Image size of job updated: 73232
	72  -  MemoryUsage of job (MB)
	73232  -  ResidentSetSize of job (KB)
...
006 (6053462.000.000) 08/17 01:28:47 Image size of job updated: 126960
	124  -  MemoryUsage of job (MB)
	126960  -  ResidentSetSize of job (KB)
...
006 (6053462.000.000) 08/17 01:33:47 Image size of job updated: 126964
	124  -  MemoryUsage of job (MB)
	126964  -  ResidentSetSize of job (KB)
...
040 (6053462.000.000) 08/17 01:35:31 Started transferring output files
...
040 (6053462.000.000) 08/17 01:35:31 Finished transferring output files
...
005 (6053462.000.000) 08/17 01:35:31 Job terminated.
	(1) Normal termination (return value 0)
		Usr 0 00:11:43, Sys 0 00:00:03  -  Run Remote Usage
		Usr 0 00:00:00, Sys 0 00:00:00  -  Run Local Usage
		Usr 0 00:11:43, Sys 0 00:00:03  -  Total Remote Usage
		Usr 0 00:00:00, Sys 0 00:00:00  -  Total Local Usage
	16859  -  Run Bytes Sent By Job
	7129  -  Run Bytes Received By Job
	16859  -  Total Bytes Sent By Job
	7129  -  Total Bytes Received By Job
	Partitionable Resources :    Usage  Request Allocated 
	   Cpus                 :     0.99        1         1 
	   Disk (KB)            : 39254     6144000   6146794 
	   GPUs                 :                           0 
	   Memory (MB)          :   124        3000      3000 
	   TimeExecute (s)      :   714                       
	   TimeSlotBusy (s)     :   715                       
...
