000 (6053513.000.000) 08/17 01:21:45 Job submitted from host: <188.185.133.2:9618?addrs=188.185.133.2-9618+[2001-1458-d03-2--100-208]-9618&alias=bigbird102.cern.ch&noUDP&sock=schedd_5723_1498>
    DAG Node: P_A10_S6
...
040 (6053513.000.000) 08/17 01:23:54 Started transferring input files
	Transferring to host: <188.185.197.43:9618?addrs=188.185.197.43-9618+[2001-1458-303-24--100-27]-9618&alias=b9p14p3390.cern.ch&noUDP&sock=slot1_25_5174_4d0b_24054>
...
040 (6053513.000.000) 08/17 01:23:54 Finished transferring input files
...
001 (6053513.000.000) 08/17 01:23:55 Job executing on host: <188.185.197.43:9618?addrs=188.185.197.43-9618+[2001-1458-303-24--100-27]-9618&alias=b9p14p3390.cern.ch&noUDP&sock=startd_4220_25c0>
	SlotName: slot1_25@b9p14p3390.cern.ch
	CondorScratchDir = "/pool/condor/dir_1932110"
	Cpus = 1
	Disk = 6146639
	GPUs = 0
	Memory = 3000
...
006 (6053513.000.000) 08/17 01:24:04 Image size of job updated: 25928
	26  -  MemoryUsage of job (MB)
	25928  -  ResidentSetSize of job (KB)
...
006 (6053513.000.000) 08/17 01:29:06 Image size of job updated: 110936
	109  -  MemoryUsage of job (MB)
	110936  -  ResidentSetSize of job (KB)
...
006 (6053513.000.000) 08/17 01:30:49 Image size of job updated: 111276
	109  -  MemoryUsage of job (MB)
	110936  -  ResidentSetSize of job (KB)
...
040 (6053513.000.000) 08/17 01:30:49 Started transferring output files
...
040 (6053513.000.000) 08/17 01:30:49 Finished transferring output files
...
005 (6053513.000.000) 08/17 01:30:49 Job terminated.
	(1) Normal termination (return value 0)
		Usr 0 00:06:37, Sys 0 00:00:03  -  Run Remote Usage
		Usr 0 00:00:00, Sys 0 00:00:00  -  Run Local Usage
		Usr 0 00:06:37, Sys 0 00:00:03  -  Total Remote Usage
		Usr 0 00:00:00, Sys 0 00:00:00  -  Total Local Usage
	16785  -  Run Bytes Sent By Job
	7129  -  Run Bytes Received By Job
	16785  -  Total Bytes Sent By Job
	7129  -  Total Bytes Received By Job
	Partitionable Resources :    Usage  Request Allocated 
	   Cpus                 :     0.07        1         1 
	   Disk (KB)            :  9236     6144000   6146639 
	   GPUs                 :                           0 
	   Memory (MB)          :   109        3000      3000 
	   TimeExecute (s)      :   414                       
	   TimeSlotBusy (s)     :   416                       
...
