000 (6053475.000.000) 08/17 01:21:45 Job submitted from host: <188.185.133.2:9618?addrs=188.185.133.2-9618+[2001-1458-d03-2--100-208]-9618&alias=bigbird102.cern.ch&noUDP&sock=schedd_5723_1498>
    DAG Node: P_A06_S0
...
040 (6053475.000.000) 08/17 01:23:42 Started transferring input files
	Transferring to host: <128.142.248.113:9618?addrs=128.142.248.113-9618+[2001-1458-301-73--100-161]-9618&alias=b9g23p8916.cern.ch&noUDP&sock=slot1_30_6890_60d1_22762>
...
040 (6053475.000.000) 08/17 01:23:42 Finished transferring input files
...
001 (6053475.000.000) 08/17 01:23:43 Job executing on host: <128.142.248.113:9618?addrs=128.142.248.113-9618+[2001-1458-301-73--100-161]-9618&alias=b9g23p8916.cern.ch&noUDP&sock=startd_5889_f151>
	SlotName: slot1_30@b9g23p8916.cern.ch
	CondorScratchDir = "/pool/condor/dir_3992857"
	Cpus = 1
	Disk = 6146837
	GPUs = 0
	Memory = 3000
...
006 (6053475.000.000) 08/17 01:23:52 Image size of job updated: 32216
	32  -  MemoryUsage of job (MB)
	32216  -  ResidentSetSize of job (KB)
...
006 (6053475.000.000) 08/17 01:28:53 Image size of job updated: 126800
	124  -  MemoryUsage of job (MB)
	126800  -  ResidentSetSize of job (KB)
...
006 (6053475.000.000) 08/17 01:33:53 Image size of job updated: 126804
	124  -  MemoryUsage of job (MB)
	126804  -  ResidentSetSize of job (KB)
...
006 (6053475.000.000) 08/17 01:38:54 Image size of job updated: 138464
	136  -  MemoryUsage of job (MB)
	138464  -  ResidentSetSize of job (KB)
...
006 (6053475.000.000) 08/17 01:53:56 Image size of job updated: 138468
	136  -  MemoryUsage of job (MB)
	138468  -  ResidentSetSize of job (KB)
...
006 (6053475.000.000) 08/17 01:58:11 Image size of job updated: 140696
	136  -  MemoryUsage of job (MB)
	138468  -  ResidentSetSize of job (KB)
...
040 (6053475.000.000) 08/17 01:58:11 Started transferring output files
...
040 (6053475.000.000) 08/17 01:58:11 Finished transferring output files
...
005 (6053475.000.000) 08/17 01:58:11 Job terminated.
	(1) Normal termination (return value 0)
		Usr 0 00:33:57, Sys 0 00:00:05  -  Run Remote Usage
		Usr 0 00:00:00, Sys 0 00:00:00  -  Run Local Usage
		Usr 0 00:33:57, Sys 0 00:00:05  -  Total Remote Usage
		Usr 0 00:00:00, Sys 0 00:00:00  -  Total Local Usage
	17450  -  Run Bytes Sent By Job
	7129  -  Run Bytes Received By Job
	17450  -  Total Bytes Sent By Job
	7129  -  Total Bytes Received By Job
	Partitionable Resources :    Usage  Request Allocated 
	   Cpus                 :     0.99        1         1 
	   Disk (KB)            : 39256     6144000   6146837 
	   GPUs                 :                           0 
	   Memory (MB)          :   136        3000      3000 
	   TimeExecute (s)      :  2068                       
	   TimeSlotBusy (s)     :  2070                       
...
