000 (6053499.000.000) 08/17 01:21:45 Job submitted from host: <188.185.133.2:9618?addrs=188.185.133.2-9618+[2001-1458-d03-2--100-208]-9618&alias=bigbird102.cern.ch&noUDP&sock=schedd_5723_1498>
    DAG Node: P_A09_S0
...
040 (6053499.000.000) 08/17 01:23:50 Started transferring input files
	Transferring to host: <188.185.195.183:9618?addrs=188.185.195.183-9618+[2001-1458-303-22--100-b3]-9618&alias=b9p17p7753.cern.ch&noUDP&sock=slot1_3_4120_a9a1_32408>
...
040 (6053499.000.000) 08/17 01:23:50 Finished transferring input files
...
001 (6053499.000.000) 08/17 01:23:51 Job executing on host: <188.185.195.183:9618?addrs=188.185.195.183-9618+[2001-1458-303-22--100-b3]-9618&alias=b9p17p7753.cern.ch&noUDP&sock=startd_3081_e361>
	SlotName: slot1_3@b9p17p7753.cern.ch
	CondorScratchDir = "/pool/condor/dir_4174528"
	Cpus = 1
	Disk = 6147049
	GPUs = 0
	Memory = 3000
...
006 (6053499.000.000) 08/17 01:24:00 Image size of job updated: 21076
	21  -  MemoryUsage of job (MB)
	21076  -  ResidentSetSize of job (KB)
...
006 (6053499.000.000) 08/17 01:29:00 Image size of job updated: 115344
	113  -  MemoryUsage of job (MB)
	115344  -  ResidentSetSize of job (KB)
...
006 (6053499.000.000) 08/17 01:34:00 Image size of job updated: 126956
	124  -  MemoryUsage of job (MB)
	126956  -  ResidentSetSize of job (KB)
...
006 (6053499.000.000) 08/17 01:54:02 Image size of job updated: 126960
	124  -  MemoryUsage of job (MB)
	126960  -  ResidentSetSize of job (KB)
...
006 (6053499.000.000) 08/17 01:56:44 Image size of job updated: 129188
	124  -  MemoryUsage of job (MB)
	126960  -  ResidentSetSize of job (KB)
...
040 (6053499.000.000) 08/17 01:56:44 Started transferring output files
...
040 (6053499.000.000) 08/17 01:56:44 Finished transferring output files
...
005 (6053499.000.000) 08/17 01:56:44 Job terminated.
	(1) Normal termination (return value 0)
		Usr 0 00:32:22, Sys 0 00:00:05  -  Run Remote Usage
		Usr 0 00:00:00, Sys 0 00:00:00  -  Run Local Usage
		Usr 0 00:32:22, Sys 0 00:00:05  -  Total Remote Usage
		Usr 0 00:00:00, Sys 0 00:00:00  -  Total Local Usage
	16861  -  Run Bytes Sent By Job
	7129  -  Run Bytes Received By Job
	16861  -  Total Bytes Sent By Job
	7129  -  Total Bytes Received By Job
	Partitionable Resources :    Usage  Request Allocated 
	   Cpus                 :     0.99        1         1 
	   Disk (KB)            : 39254     6144000   6147049 
	   GPUs                 :                           0 
	   Memory (MB)          :   124        3000      3000 
	   TimeExecute (s)      :  1973                       
	   TimeSlotBusy (s)     :  1975                       
...
