000 (6053497.000.000) 08/17 01:21:45 Job submitted from host: <188.185.133.2:9618?addrs=188.185.133.2-9618+[2001-1458-d03-2--100-208]-9618&alias=bigbird102.cern.ch&noUDP&sock=schedd_5723_1498>
    DAG Node: P_A08_S6
...
040 (6053497.000.000) 08/17 01:23:48 Started transferring input files
	Transferring to host: <188.185.192.24:9618?addrs=188.185.192.24-9618+[2001-1458-303-1f--100-14]-9618&alias=b9p13p3802.cern.ch&noUDP&sock=slot1_11_6582_5d45_31225>
...
040 (6053497.000.000) 08/17 01:23:48 Finished transferring input files
...
001 (6053497.000.000) 08/17 01:23:49 Job executing on host: <188.185.192.24:9618?addrs=188.185.192.24-9618+[2001-1458-303-1f--100-14]-9618&alias=b9p13p3802.cern.ch&noUDP&sock=startd_4976_b359>
	SlotName: slot1_11@b9p13p3802.cern.ch
	CondorScratchDir = "/pool/condor/dir_2539851"
	Cpus = 1
	Disk = 6146667
	GPUs = 0
	Memory = 3000
...
006 (6053497.000.000) 08/17 01:23:57 Image size of job updated: 48860
	48  -  MemoryUsage of job (MB)
	48860  -  ResidentSetSize of job (KB)
...
006 (6053497.000.000) 08/17 01:28:57 Image size of job updated: 126804
	124  -  MemoryUsage of job (MB)
	126804  -  ResidentSetSize of job (KB)
...
006 (6053497.000.000) 08/17 01:33:58 Image size of job updated: 126808
	124  -  MemoryUsage of job (MB)
	126808  -  ResidentSetSize of job (KB)
...
006 (6053497.000.000) 08/17 01:38:58 Image size of job updated: 138520
	136  -  MemoryUsage of job (MB)
	138520  -  ResidentSetSize of job (KB)
...
006 (6053497.000.000) 08/17 01:49:00 Image size of job updated: 138524
	136  -  MemoryUsage of job (MB)
	138524  -  ResidentSetSize of job (KB)
...
006 (6053497.000.000) 08/17 01:54:00 Image size of job updated: 138528
	136  -  MemoryUsage of job (MB)
	138528  -  ResidentSetSize of job (KB)
...
006 (6053497.000.000) 08/17 01:59:01 Image size of job updated: 150124
	147  -  MemoryUsage of job (MB)
	150124  -  ResidentSetSize of job (KB)
...
006 (6053497.000.000) 08/17 02:04:01 Image size of job updated: 150128
	147  -  MemoryUsage of job (MB)
	150128  -  ResidentSetSize of job (KB)
...
006 (6053497.000.000) 08/17 02:08:25 Image size of job updated: 150132
	147  -  MemoryUsage of job (MB)
	150128  -  ResidentSetSize of job (KB)
...
040 (6053497.000.000) 08/17 02:08:25 Started transferring output files
...
040 (6053497.000.000) 08/17 02:08:25 Finished transferring output files
...
005 (6053497.000.000) 08/17 02:08:25 Job terminated.
	(1) Normal termination (return value 0)
		Usr 0 00:44:07, Sys 0 00:00:06  -  Run Remote Usage
		Usr 0 00:00:00, Sys 0 00:00:00  -  Run Local Usage
		Usr 0 00:44:07, Sys 0 00:00:06  -  Total Remote Usage
		Usr 0 00:00:00, Sys 0 00:00:00  -  Total Local Usage
	16988  -  Run Bytes Sent By Job
	7129  -  Run Bytes Received By Job
	16988  -  Total Bytes Sent By Job
	7129  -  Total Bytes Received By Job
	Partitionable Resources :    Usage  Request Allocated 
	   Cpus                 :     0.99        1         1 
	   Disk (KB)            : 39254     6144000   6146667 
	   GPUs                 :                           0 
	   Memory (MB)          :   147        3000      3000 
	   TimeExecute (s)      :  2676                       
	   TimeSlotBusy (s)     :  2677                       
...
