000 (6053522.000.000) 08/17 01:21:46 Job submitted from host: <188.185.133.2:9618?addrs=188.185.133.2-9618+[2001-1458-d03-2--100-208]-9618&alias=bigbird102.cern.ch&noUDP&sock=schedd_5723_1498>
    DAG Node: P_A11_S7
...
040 (6053522.000.000) 08/17 01:23:56 Started transferring input files
	Transferring to host: <188.185.194.63:9618?addrs=188.185.194.63-9618+[2001-1458-303-21--100-3b]-9618&alias=b9p20p9640.cern.ch&noUDP&sock=slot1_16_3775_9433_29339>
...
040 (6053522.000.000) 08/17 01:23:56 Finished transferring input files
...
001 (6053522.000.000) 08/17 01:23:57 Job executing on host: <188.185.194.63:9618?addrs=188.185.194.63-9618+[2001-1458-303-21--100-3b]-9618&alias=b9p20p9640.cern.ch&noUDP&sock=startd_2976_ddef>
	SlotName: slot1_16@b9p20p9640.cern.ch
	CondorScratchDir = "/pool/condor/dir_1379528"
	Cpus = 1
	Disk = 6146922
	GPUs = 0
	Memory = 3000
...
006 (6053522.000.000) 08/17 01:24:06 Image size of job updated: 33936
	34  -  MemoryUsage of job (MB)
	33936  -  ResidentSetSize of job (KB)
...
006 (6053522.000.000) 08/17 01:29:07 Image size of job updated: 122884
	121  -  MemoryUsage of job (MB)
	122884  -  ResidentSetSize of job (KB)
...
006 (6053522.000.000) 08/17 01:44:08 Image size of job updated: 122888
	121  -  MemoryUsage of job (MB)
	122888  -  ResidentSetSize of job (KB)
...
006 (6053522.000.000) 08/17 01:49:08 Image size of job updated: 134548
	132  -  MemoryUsage of job (MB)
	134548  -  ResidentSetSize of job (KB)
...
006 (6053522.000.000) 08/17 02:19:11 Image size of job updated: 134552
	132  -  MemoryUsage of job (MB)
	134552  -  ResidentSetSize of job (KB)
...
040 (6053522.000.000) 08/17 02:28:26 Started transferring output files
...
040 (6053522.000.000) 08/17 02:28:26 Finished transferring output files
...
005 (6053522.000.000) 08/17 02:28:27 Job terminated.
	(1) Normal termination (return value 0)
		Usr 0 01:03:39, Sys 0 00:00:08  -  Run Remote Usage
		Usr 0 00:00:00, Sys 0 00:00:00  -  Run Local Usage
		Usr 0 01:03:39, Sys 0 00:00:08  -  Total Remote Usage
		Usr 0 00:00:00, Sys 0 00:00:00  -  Total Local Usage
	17451  -  Run Bytes Sent By Job
	7129  -  Run Bytes Received By Job
	17451  -  Total Bytes Sent By Job
	7129  -  Total Bytes Received By Job
	Partitionable Resources :    Usage  Request Allocated 
	   Cpus                 :     0.99        1         1 
	   Disk (KB)            : 39256     6144000   6146922 
	   GPUs                 :                           0 
	   Memory (MB)          :   132        3000      3000 
	   TimeExecute (s)      :  3869                       
	   TimeSlotBusy (s)     :  3870                       
...
