000 (6053496.000.000) 08/17 01:21:45 Job submitted from host: <188.185.133.2:9618?addrs=188.185.133.2-9618+[2001-1458-d03-2--100-208]-9618&alias=bigbird102.cern.ch&noUDP&sock=schedd_5723_1498>
    DAG Node: P_A08_S5
...
040 (6053496.000.000) 08/17 01:23:49 Started transferring input files
	Transferring to host: <188.185.195.174:9618?addrs=188.185.195.174-9618+[2001-1458-303-22--100-aa]-9618&alias=b9p17p1073.cern.ch&noUDP&sock=slot1_20_3307_d4a0_32326>
...
040 (6053496.000.000) 08/17 01:23:49 Finished transferring input files
...
001 (6053496.000.000) 08/17 01:23:50 Job executing on host: <188.185.195.174:9618?addrs=188.185.195.174-9618+[2001-1458-303-22--100-aa]-9618&alias=b9p17p1073.cern.ch&noUDP&sock=startd_2584_fccf>
	SlotName: slot1_20@b9p17p1073.cern.ch
	CondorScratchDir = "/pool/condor/dir_3103365"
	Cpus = 1
	Disk = 6146869
	GPUs = 0
	Memory = 3000
...
006 (6053496.000.000) 08/17 01:23:58 Image size of job updated: 47056
	46  -  MemoryUsage of job (MB)
	47056  -  ResidentSetSize of job (KB)
...
006 (6053496.000.000) 08/17 01:28:58 Image size of job updated: 126972
	124  -  MemoryUsage of job (MB)
	126972  -  ResidentSetSize of job (KB)
...
006 (6053496.000.000) 08/17 01:38:59 Image size of job updated: 126976
	124  -  MemoryUsage of job (MB)
	126976  -  ResidentSetSize of job (KB)
...
006 (6053496.000.000) 08/17 01:44:01 Image size of job updated: 138688
	136  -  MemoryUsage of job (MB)
	138688  -  ResidentSetSize of job (KB)
...
006 (6053496.000.000) 08/17 01:54:01 Image size of job updated: 138692
	136  -  MemoryUsage of job (MB)
	138692  -  ResidentSetSize of job (KB)
...
006 (6053496.000.000) 08/17 01:59:02 Image size of job updated: 150292
	147  -  MemoryUsage of job (MB)
	150292  -  ResidentSetSize of job (KB)
...
006 (6053496.000.000) 08/17 02:14:04 Image size of job updated: 150296
	147  -  MemoryUsage of job (MB)
	150296  -  ResidentSetSize of job (KB)
...
040 (6053496.000.000) 08/17 02:14:17 Started transferring output files
...
040 (6053496.000.000) 08/17 02:14:17 Finished transferring output files
...
005 (6053496.000.000) 08/17 02:14:17 Job terminated.
	(1) Normal termination (return value 0)
		Usr 0 00:49:35, Sys 0 00:00:14  -  Run Remote Usage
		Usr 0 00:00:00, Sys 0 00:00:00  -  Run Local Usage
		Usr 0 00:49:35, Sys 0 00:00:14  -  Total Remote Usage
		Usr 0 00:00:00, Sys 0 00:00:00  -  Total Local Usage
	16989  -  Run Bytes Sent By Job
	7129  -  Run Bytes Received By Job
	16989  -  Total Bytes Sent By Job
	7129  -  Total Bytes Received By Job
	Partitionable Resources :    Usage  Request Allocated 
	   Cpus                 :     0.99        1         1 
	   Disk (KB)            : 39254     6144000   6146869 
	   GPUs                 :                           0 
	   Memory (MB)          :   147        3000      3000 
	   TimeExecute (s)      :  3027                       
	   TimeSlotBusy (s)     :  3029                       
...
