000 (6053459.000.000) 08/17 01:21:44 Job submitted from host: <188.185.133.2:9618?addrs=188.185.133.2-9618+[2001-1458-d03-2--100-208]-9618&alias=bigbird102.cern.ch&noUDP&sock=schedd_5723_1498>
    DAG Node: P_A04_S0
...
040 (6053459.000.000) 08/17 01:23:35 Started transferring input files
	Transferring to host: <188.185.193.88:9618?addrs=188.185.193.88-9618+[2001-1458-303-20--100-54]-9618&alias=b9p19p1950.cern.ch&noUDP&sock=slot1_12_3670_98ce_27982>
...
040 (6053459.000.000) 08/17 01:23:35 Finished transferring input files
...
001 (6053459.000.000) 08/17 01:23:36 Job executing on host: <188.185.193.88:9618?addrs=188.185.193.88-9618+[2001-1458-303-20--100-54]-9618&alias=b9p19p1950.cern.ch&noUDP&sock=startd_2588_bb30>
	SlotName: slot1_12@b9p19p1950.cern.ch
	CondorScratchDir = "/pool/condor/dir_1919287"
	Cpus = 1
	Disk = 6146776
	GPUs = 0
	Memory = 3000
...
006 (6053459.000.000) 08/17 01:23:45 Image size of job updated: 49288
	49  -  MemoryUsage of job (MB)
	49288  -  ResidentSetSize of job (KB)
...
006 (6053459.000.000) 08/17 01:28:46 Image size of job updated: 126964
	124  -  MemoryUsage of job (MB)
	126964  -  ResidentSetSize of job (KB)
...
006 (6053459.000.000) 08/17 01:38:47 Image size of job updated: 126968
	124  -  MemoryUsage of job (MB)
	126968  -  ResidentSetSize of job (KB)
...
040 (6053459.000.000) 08/17 01:40:45 Started transferring output files
...
040 (6053459.000.000) 08/17 01:40:45 Finished transferring output files
...
005 (6053459.000.000) 08/17 01:40:45 Job terminated.
	(1) Normal termination (return value 0)
		Usr 0 00:16:51, Sys 0 00:00:04  -  Run Remote Usage
		Usr 0 00:00:00, Sys 0 00:00:00  -  Run Local Usage
		Usr 0 00:16:51, Sys 0 00:00:04  -  Total Remote Usage
		Usr 0 00:00:00, Sys 0 00:00:00  -  Total Local Usage
	16861  -  Run Bytes Sent By Job
	7129  -  Run Bytes Received By Job
	16861  -  Total Bytes Sent By Job
	7129  -  Total Bytes Received By Job
	Partitionable Resources :    Usage  Request Allocated 
	   Cpus                 :     0.99        1         1 
	   Disk (KB)            : 39254     6144000   6146776 
	   GPUs                 :                           0 
	   Memory (MB)          :   124        3000      3000 
	   TimeExecute (s)      :  1029                       
	   TimeSlotBusy (s)     :  1030                       
...
