000 (6053433.000.000) 08/17 01:21:44 Job submitted from host: <188.185.133.2:9618?addrs=188.185.133.2-9618+[2001-1458-d03-2--100-208]-9618&alias=bigbird102.cern.ch&noUDP&sock=schedd_5723_1498>
    DAG Node: P_A00_S6
...
040 (6053433.000.000) 08/17 01:22:19 Started transferring input files
	Transferring to host: <188.185.196.152:9618?addrs=188.185.196.152-9618+[2001-1458-303-23--100-94]-9618&alias=b9p16p5942.cern.ch&noUDP&sock=slot1_14_3939_21b9_30400>
...
040 (6053433.000.000) 08/17 01:22:19 Finished transferring input files
...
001 (6053433.000.000) 08/17 01:22:20 Job executing on host: <188.185.196.152:9618?addrs=188.185.196.152-9618+[2001-1458-303-23--100-94]-9618&alias=b9p16p5942.cern.ch&noUDP&sock=startd_2703_9c95>
	SlotName: slot1_14@b9p16p5942.cern.ch
	CondorScratchDir = "/pool/condor/dir_3517792"
	Cpus = 1
	Disk = 6145761
	GPUs = 0
	Memory = 3000
...
006 (6053433.000.000) 08/17 01:22:29 Image size of job updated: 54736
	54  -  MemoryUsage of job (MB)
	54736  -  ResidentSetSize of job (KB)
...
006 (6053433.000.000) 08/17 01:27:30 Image size of job updated: 134604
	132  -  MemoryUsage of job (MB)
	134604  -  ResidentSetSize of job (KB)
...
006 (6053433.000.000) 08/17 01:32:30 Image size of job updated: 146212
	143  -  MemoryUsage of job (MB)
	146212  -  ResidentSetSize of job (KB)
...
006 (6053433.000.000) 08/17 01:36:10 Image size of job updated: 157612
	143  -  MemoryUsage of job (MB)
	146212  -  ResidentSetSize of job (KB)
...
040 (6053433.000.000) 08/17 01:36:10 Started transferring output files
...
040 (6053433.000.000) 08/17 01:36:10 Finished transferring output files
...
005 (6053433.000.000) 08/17 01:36:10 Job terminated.
	(1) Normal termination (return value 0)
		Usr 0 00:13:34, Sys 0 00:00:05  -  Run Remote Usage
		Usr 0 00:00:00, Sys 0 00:00:00  -  Run Local Usage
		Usr 0 00:13:34, Sys 0 00:00:05  -  Total Remote Usage
		Usr 0 00:00:00, Sys 0 00:00:00  -  Total Local Usage
	17049  -  Run Bytes Sent By Job
	7129  -  Run Bytes Received By Job
	17049  -  Total Bytes Sent By Job
	7129  -  Total Bytes Received By Job
	Partitionable Resources :    Usage  Request Allocated 
	   Cpus                 :     0.99        1         1 
	   Disk (KB)            : 39255     6144000   6145761 
	   GPUs                 :                           0 
	   Memory (MB)          :   143        3000      3000 
	   TimeExecute (s)      :   830                       
	   TimeSlotBusy (s)     :   831                       
...
