000 (6053541.000.000) 08/17 01:21:52 Job submitted from host: <188.185.133.2:9618?addrs=188.185.133.2-9618+[2001-1458-d03-2--100-208]-9618&alias=bigbird102.cern.ch&noUDP&sock=schedd_5723_1498>
    DAG Node: P_A14_S0
...
040 (6053541.000.000) 08/17 01:24:07 Started transferring input files
	Transferring to host: <188.185.197.74:9618?addrs=188.185.197.74-9618+[2001-1458-303-24--100-46]-9618&alias=b9p14p7443.cern.ch&noUDP&sock=slot1_28_9988_330f_23792>
...
040 (6053541.000.000) 08/17 01:24:07 Finished transferring input files
...
001 (6053541.000.000) 08/17 01:24:08 Job executing on host: <188.185.197.74:9618?addrs=188.185.197.74-9618+[2001-1458-303-24--100-46]-9618&alias=b9p14p7443.cern.ch&noUDP&sock=startd_9748_e54a>
	SlotName: slot1_28@b9p14p7443.cern.ch
	CondorScratchDir = "/pool/condor/dir_440214"
	Cpus = 1
	Disk = 6146406
	GPUs = 0
	Memory = 3000
...
006 (6053541.000.000) 08/17 01:24:17 Image size of job updated: 25724
	26  -  MemoryUsage of job (MB)
	25724  -  ResidentSetSize of job (KB)
...
006 (6053541.000.000) 08/17 01:29:18 Image size of job updated: 114668
	112  -  MemoryUsage of job (MB)
	114668  -  ResidentSetSize of job (KB)
...
006 (6053541.000.000) 08/17 01:34:18 Image size of job updated: 114884
	113  -  MemoryUsage of job (MB)
	114884  -  ResidentSetSize of job (KB)
...
006 (6053541.000.000) 08/17 01:39:18 Image size of job updated: 115168
	113  -  MemoryUsage of job (MB)
	115168  -  ResidentSetSize of job (KB)
...
006 (6053541.000.000) 08/17 01:42:48 Image size of job updated: 117564
	113  -  MemoryUsage of job (MB)
	115168  -  ResidentSetSize of job (KB)
...
040 (6053541.000.000) 08/17 01:42:48 Started transferring output files
...
040 (6053541.000.000) 08/17 01:42:48 Finished transferring output files
...
005 (6053541.000.000) 08/17 01:42:48 Job terminated.
	(1) Normal termination (return value 0)
		Usr 0 00:18:08, Sys 0 00:00:04  -  Run Remote Usage
		Usr 0 00:00:00, Sys 0 00:00:00  -  Run Local Usage
		Usr 0 00:18:08, Sys 0 00:00:04  -  Total Remote Usage
		Usr 0 00:00:00, Sys 0 00:00:00  -  Total Local Usage
	16787  -  Run Bytes Sent By Job
	7129  -  Run Bytes Received By Job
	16787  -  Total Bytes Sent By Job
	7129  -  Total Bytes Received By Job
	Partitionable Resources :    Usage  Request Allocated 
	   Cpus                 :     0.98        1         1 
	   Disk (KB)            :  9236     6144000   6146406 
	   GPUs                 :                           0 
	   Memory (MB)          :   113        3000      3000 
	   TimeExecute (s)      :  1120                       
	   TimeSlotBusy (s)     :  1122                       
...
