000 (6053511.000.000) 08/17 01:21:45 Job submitted from host: <188.185.133.2:9618?addrs=188.185.133.2-9618+[2001-1458-d03-2--100-208]-9618&alias=bigbird102.cern.ch&noUDP&sock=schedd_5723_1498>
    DAG Node: P_A10_S4
...
040 (6053511.000.000) 08/17 01:23:54 Started transferring input files
	Transferring to host: <188.185.195.65:9618?addrs=188.185.195.65-9618+[2001-1458-303-22--100-3d]-9618&alias=b9p17p0944.cern.ch&noUDP&sock=slot1_39_5522_7f9a_29396>
...
040 (6053511.000.000) 08/17 01:23:54 Finished transferring input files
...
001 (6053511.000.000) 08/17 01:23:55 Job executing on host: <188.185.195.65:9618?addrs=188.185.195.65-9618+[2001-1458-303-22--100-3d]-9618&alias=b9p17p0944.cern.ch&noUDP&sock=startd_4336_b6bd>
	SlotName: slot1_39@b9p17p0944.cern.ch
	CondorScratchDir = "/pool/condor/dir_2268516"
	Cpus = 1
	Disk = 6146522
	GPUs = 0
	Memory = 3000
...
006 (6053511.000.000) 08/17 01:24:04 Image size of job updated: 26192
	26  -  MemoryUsage of job (MB)
	26192  -  ResidentSetSize of job (KB)
...
006 (6053511.000.000) 08/17 01:29:05 Image size of job updated: 114844
	113  -  MemoryUsage of job (MB)
	114844  -  ResidentSetSize of job (KB)
...
006 (6053511.000.000) 08/17 01:33:19 Image size of job updated: 115352
	113  -  MemoryUsage of job (MB)
	114844  -  ResidentSetSize of job (KB)
...
040 (6053511.000.000) 08/17 01:33:19 Started transferring output files
...
040 (6053511.000.000) 08/17 01:33:19 Finished transferring output files
...
005 (6053511.000.000) 08/17 01:33:19 Job terminated.
	(1) Normal termination (return value 0)
		Usr 0 00:09:03, Sys 0 00:00:04  -  Run Remote Usage
		Usr 0 00:00:00, Sys 0 00:00:00  -  Run Local Usage
		Usr 0 00:09:03, Sys 0 00:00:04  -  Total Remote Usage
		Usr 0 00:00:00, Sys 0 00:00:00  -  Total Local Usage
	16785  -  Run Bytes Sent By Job
	7129  -  Run Bytes Received By Job
	16785  -  Total Bytes Sent By Job
	7129  -  Total Bytes Received By Job
	Partitionable Resources :    Usage  Request Allocated 
	   Cpus                 :     0.08        1         1 
	   Disk (KB)            :  9236     6144000   6146522 
	   GPUs                 :                           0 
	   Memory (MB)          :   113        3000      3000 
	   TimeExecute (s)      :   564                       
	   TimeSlotBusy (s)     :   566                       
...
