000 (6053517.000.000) 08/17 01:21:46 Job submitted from host: <188.185.133.2:9618?addrs=188.185.133.2-9618+[2001-1458-d03-2--100-208]-9618&alias=bigbird102.cern.ch&noUDP&sock=schedd_5723_1498>
    DAG Node: P_A11_S2
...
040 (6053517.000.000) 08/17 01:23:56 Started transferring input files
	Transferring to host: <188.185.192.171:9618?addrs=188.185.192.171-9618+[2001-1458-303-1f--100-a7]-9618&alias=b9p13p8753.cern.ch&noUDP&sock=slot1_41_2807180_0262_13557>
...
040 (6053517.000.000) 08/17 01:23:56 Finished transferring input files
...
001 (6053517.000.000) 08/17 01:23:57 Job executing on host: <188.185.192.171:9618?addrs=188.185.192.171-9618+[2001-1458-303-1f--100-a7]-9618&alias=b9p13p8753.cern.ch&noUDP&sock=startd_2700_8dcc>
	SlotName: slot1_41@b9p13p8753.cern.ch
	CondorScratchDir = "/pool/condor/dir_3893036"
	Cpus = 1
	Disk = 6146725
	GPUs = 0
	Memory = 3000
...
006 (6053517.000.000) 08/17 01:24:06 Image size of job updated: 19036
	19  -  MemoryUsage of job (MB)
	19036  -  ResidentSetSize of job (KB)
...
006 (6053517.000.000) 08/17 01:29:07 Image size of job updated: 126796
	124  -  MemoryUsage of job (MB)
	126796  -  ResidentSetSize of job (KB)
...
006 (6053517.000.000) 08/17 01:39:08 Image size of job updated: 126800
	124  -  MemoryUsage of job (MB)
	126800  -  ResidentSetSize of job (KB)
...
006 (6053517.000.000) 08/17 01:44:08 Image size of job updated: 138464
	136  -  MemoryUsage of job (MB)
	138464  -  ResidentSetSize of job (KB)
...
006 (6053517.000.000) 08/17 02:14:12 Image size of job updated: 138468
	136  -  MemoryUsage of job (MB)
	138468  -  ResidentSetSize of job (KB)
...
040 (6053517.000.000) 08/17 02:17:48 Started transferring output files
...
040 (6053517.000.000) 08/17 02:17:48 Finished transferring output files
...
005 (6053517.000.000) 08/17 02:17:48 Job terminated.
	(1) Normal termination (return value 0)
		Usr 0 00:52:49, Sys 0 00:00:09  -  Run Remote Usage
		Usr 0 00:00:00, Sys 0 00:00:00  -  Run Local Usage
		Usr 0 00:52:49, Sys 0 00:00:09  -  Total Remote Usage
		Usr 0 00:00:00, Sys 0 00:00:00  -  Total Local Usage
	17450  -  Run Bytes Sent By Job
	7129  -  Run Bytes Received By Job
	17450  -  Total Bytes Sent By Job
	7129  -  Total Bytes Received By Job
	Partitionable Resources :    Usage  Request Allocated 
	   Cpus                 :     0.99        1         1 
	   Disk (KB)            : 39255     6144000   6146725 
	   GPUs                 :                           0 
	   Memory (MB)          :   136        3000      3000 
	   TimeExecute (s)      :  3231                       
	   TimeSlotBusy (s)     :  3233                       
...
