000 (6053447.000.000) 08/17 01:21:44 Job submitted from host: <188.185.133.2:9618?addrs=188.185.133.2-9618+[2001-1458-d03-2--100-208]-9618&alias=bigbird102.cern.ch&noUDP&sock=schedd_5723_1498>
    DAG Node: P_A02_S4
...
040 (6053447.000.000) 08/17 01:23:32 Started transferring input files
	Transferring to host: <128.142.248.50:9618?addrs=128.142.248.50-9618+[2001-1458-301-73--100-122]-9618&alias=b9g23p3705.cern.ch&noUDP&sock=slot1_11_6537_a863_23415>
...
040 (6053447.000.000) 08/17 01:23:32 Finished transferring input files
...
001 (6053447.000.000) 08/17 01:23:33 Job executing on host: <128.142.248.50:9618?addrs=128.142.248.50-9618+[2001-1458-301-73--100-122]-9618&alias=b9g23p3705.cern.ch&noUDP&sock=startd_5254_62ad>
	SlotName: slot1_11@b9g23p3705.cern.ch
	CondorScratchDir = "/pool/condor/dir_976260"
	Cpus = 1
	Disk = 6146848
	GPUs = 0
	Memory = 3000
...
006 (6053447.000.000) 08/17 01:23:42 Image size of job updated: 92564
	91  -  MemoryUsage of job (MB)
	92564  -  ResidentSetSize of job (KB)
...
006 (6053447.000.000) 08/17 01:26:12 Image size of job updated: 117424
	91  -  MemoryUsage of job (MB)
	92564  -  ResidentSetSize of job (KB)
...
040 (6053447.000.000) 08/17 01:26:12 Started transferring output files
...
040 (6053447.000.000) 08/17 01:26:12 Finished transferring output files
...
005 (6053447.000.000) 08/17 01:26:13 Job terminated.
	(1) Normal termination (return value 0)
		Usr 0 00:02:33, Sys 0 00:00:03  -  Run Remote Usage
		Usr 0 00:00:00, Sys 0 00:00:00  -  Run Local Usage
		Usr 0 00:02:33, Sys 0 00:00:03  -  Total Remote Usage
		Usr 0 00:00:00, Sys 0 00:00:00  -  Total Local Usage
	16780  -  Run Bytes Sent By Job
	7129  -  Run Bytes Received By Job
	16780  -  Total Bytes Sent By Job
	7129  -  Total Bytes Received By Job
	Partitionable Resources :    Usage  Request Allocated 
	   Cpus                 :        0        1         1 
	   Disk (KB)            :     8825  6144000   6146848 
	   GPUs                 :                           0 
	   Memory (MB)          :       91     3000      3000 
	   TimeExecute (s)      :      159                    
	   TimeSlotBusy (s)     :      161                    
...
