000 (6053470.000.000) 08/17 01:21:45 Job submitted from host: <188.185.133.2:9618?addrs=188.185.133.2-9618+[2001-1458-d03-2--100-208]-9618&alias=bigbird102.cern.ch&noUDP&sock=schedd_5723_1498>
    DAG Node: P_A05_S3
...
040 (6053470.000.000) 08/17 01:23:39 Started transferring input files
	Transferring to host: <128.142.248.17:9618?addrs=128.142.248.17-9618+[2001-1458-301-73--100-101]-9618&alias=b9g23p4596.cern.ch&noUDP&sock=slot1_32_6206_7035_23347>
...
040 (6053470.000.000) 08/17 01:23:39 Finished transferring input files
...
001 (6053470.000.000) 08/17 01:23:40 Job executing on host: <128.142.248.17:9618?addrs=128.142.248.17-9618+[2001-1458-301-73--100-101]-9618&alias=b9g23p4596.cern.ch&noUDP&sock=startd_4812_35d1>
	SlotName: slot1_32@b9g23p4596.cern.ch
	CondorScratchDir = "/pool/condor/dir_585569"
	Cpus = 1
	Disk = 6147612
	GPUs = 0
	Memory = 3000
...
006 (6053470.000.000) 08/17 01:23:49 Image size of job updated: 32572
	31  -  MemoryUsage of job (MB)
	31492  -  ResidentSetSize of job (KB)
...
006 (6053470.000.000) 08/17 01:28:50 Image size of job updated: 115080
	113  -  MemoryUsage of job (MB)
	115080  -  ResidentSetSize of job (KB)
...
006 (6053470.000.000) 08/17 01:29:24 Image size of job updated: 117424
	113  -  MemoryUsage of job (MB)
	115080  -  ResidentSetSize of job (KB)
...
040 (6053470.000.000) 08/17 01:29:24 Started transferring output files
...
040 (6053470.000.000) 08/17 01:29:24 Finished transferring output files
...
005 (6053470.000.000) 08/17 01:29:24 Job terminated.
	(1) Normal termination (return value 0)
		Usr 0 00:05:34, Sys 0 00:00:03  -  Run Remote Usage
		Usr 0 00:00:00, Sys 0 00:00:00  -  Run Local Usage
		Usr 0 00:05:34, Sys 0 00:00:03  -  Total Remote Usage
		Usr 0 00:00:00, Sys 0 00:00:00  -  Total Local Usage
	16781  -  Run Bytes Sent By Job
	7129  -  Run Bytes Received By Job
	16781  -  Total Bytes Sent By Job
	7129  -  Total Bytes Received By Job
	Partitionable Resources :    Usage  Request Allocated 
	   Cpus                 :        0        1         1 
	   Disk (KB)            :     9236  6144000   6147612 
	   GPUs                 :                           0 
	   Memory (MB)          :      113     3000      3000 
	   TimeExecute (s)      :      344                    
	   TimeSlotBusy (s)     :      345                    
...
