000 (6053507.000.000) 08/17 01:21:45 Job submitted from host: <188.185.133.2:9618?addrs=188.185.133.2-9618+[2001-1458-d03-2--100-208]-9618&alias=bigbird102.cern.ch&noUDP&sock=schedd_5723_1498>
    DAG Node: P_A10_S0
...
040 (6053507.000.000) 08/17 01:23:52 Started transferring input files
	Transferring to host: <188.185.195.105:9618?addrs=188.185.195.105-9618+[2001-1458-303-22--100-65]-9618&alias=b9p17p4939.cern.ch&noUDP&sock=slot1_6_6388_ac7d_32914>
...
040 (6053507.000.000) 08/17 01:23:52 Finished transferring input files
...
001 (6053507.000.000) 08/17 01:23:53 Job executing on host: <188.185.195.105:9618?addrs=188.185.195.105-9618+[2001-1458-303-22--100-65]-9618&alias=b9p17p4939.cern.ch&noUDP&sock=startd_5504_dd5b>
	SlotName: slot1_6@b9p17p4939.cern.ch
	CondorScratchDir = "/pool/condor/dir_1085980"
	Cpus = 1
	Disk = 6146741
	GPUs = 0
	Memory = 3000
...
006 (6053507.000.000) 08/17 01:24:01 Image size of job updated: 28616
	25  -  MemoryUsage of job (MB)
	25048  -  ResidentSetSize of job (KB)
...
006 (6053507.000.000) 08/17 01:29:01 Image size of job updated: 110788
	109  -  MemoryUsage of job (MB)
	110788  -  ResidentSetSize of job (KB)
...
006 (6053507.000.000) 08/17 01:34:02 Image size of job updated: 111124
	109  -  MemoryUsage of job (MB)
	111124  -  ResidentSetSize of job (KB)
...
006 (6053507.000.000) 08/17 01:36:16 Image size of job updated: 111296
	109  -  MemoryUsage of job (MB)
	111124  -  ResidentSetSize of job (KB)
...
040 (6053507.000.000) 08/17 01:36:16 Started transferring output files
...
040 (6053507.000.000) 08/17 01:36:16 Finished transferring output files
...
005 (6053507.000.000) 08/17 01:36:16 Job terminated.
	(1) Normal termination (return value 0)
		Usr 0 00:12:09, Sys 0 00:00:04  -  Run Remote Usage
		Usr 0 00:00:00, Sys 0 00:00:00  -  Run Local Usage
		Usr 0 00:12:09, Sys 0 00:00:04  -  Total Remote Usage
		Usr 0 00:00:00, Sys 0 00:00:00  -  Total Local Usage
	16788  -  Run Bytes Sent By Job
	7129  -  Run Bytes Received By Job
	16788  -  Total Bytes Sent By Job
	7129  -  Total Bytes Received By Job
	Partitionable Resources :    Usage  Request Allocated 
	   Cpus                 :     0.99        1         1 
	   Disk (KB)            :  9236     6144000   6146741 
	   GPUs                 :                           0 
	   Memory (MB)          :   109        3000      3000 
	   TimeExecute (s)      :   743                       
	   TimeSlotBusy (s)     :   745                       
...
