000 (6053435.000.000) 08/17 01:21:44 Job submitted from host: <188.185.133.2:9618?addrs=188.185.133.2-9618+[2001-1458-d03-2--100-208]-9618&alias=bigbird102.cern.ch&noUDP&sock=schedd_5723_1498>
    DAG Node: P_A01_S0
...
040 (6053435.000.000) 08/17 01:22:30 Started transferring input files
	Transferring to host: <128.142.162.73:9618?addrs=128.142.162.73-9618+[2001-1458-301-7d--100-2]-9618&alias=b9g42p2026.cern.ch&noUDP&sock=slot1_7_4599_2954_22591>
...
040 (6053435.000.000) 08/17 01:22:30 Finished transferring input files
...
001 (6053435.000.000) 08/17 01:22:31 Job executing on host: <128.142.162.73:9618?addrs=128.142.162.73-9618+[2001-1458-301-7d--100-2]-9618&alias=b9g42p2026.cern.ch&noUDP&sock=startd_4524_aa8b>
	SlotName: slot1_7@b9g42p2026.cern.ch
	CondorScratchDir = "/pool/condor/dir_1615711"
	Cpus = 1
	Disk = 6147469
	GPUs = 0
	Memory = 3000
...
006 (6053435.000.000) 08/17 01:22:39 Image size of job updated: 43816
	31  -  MemoryUsage of job (MB)
	31028  -  ResidentSetSize of job (KB)
...
006 (6053435.000.000) 08/17 01:27:39 Image size of job updated: 126596
	124  -  MemoryUsage of job (MB)
	126596  -  ResidentSetSize of job (KB)
...
006 (6053435.000.000) 08/17 01:30:25 Image size of job updated: 128824
	124  -  MemoryUsage of job (MB)
	126596  -  ResidentSetSize of job (KB)
...
040 (6053435.000.000) 08/17 01:30:25 Started transferring output files
...
040 (6053435.000.000) 08/17 01:30:25 Finished transferring output files
...
005 (6053435.000.000) 08/17 01:30:25 Job terminated.
	(1) Normal termination (return value 0)
		Usr 0 00:07:46, Sys 0 00:00:03  -  Run Remote Usage
		Usr 0 00:00:00, Sys 0 00:00:00  -  Run Local Usage
		Usr 0 00:07:46, Sys 0 00:00:03  -  Total Remote Usage
		Usr 0 00:00:00, Sys 0 00:00:00  -  Total Local Usage
	16861  -  Run Bytes Sent By Job
	7129  -  Run Bytes Received By Job
	16861  -  Total Bytes Sent By Job
	7129  -  Total Bytes Received By Job
	Partitionable Resources :    Usage  Request Allocated 
	   Cpus                 :     0.99        1         1 
	   Disk (KB)            : 39214     6144000   6147469 
	   GPUs                 :                           0 
	   Memory (MB)          :   124        3000      3000 
	   TimeExecute (s)      :   474                       
	   TimeSlotBusy (s)     :   475                       
...
