000 (6053453.000.000) 08/17 01:21:44 Job submitted from host: <188.185.133.2:9618?addrs=188.185.133.2-9618+[2001-1458-d03-2--100-208]-9618&alias=bigbird102.cern.ch&noUDP&sock=schedd_5723_1498>
    DAG Node: P_A03_S2
...
040 (6053453.000.000) 08/17 01:23:34 Started transferring input files
	Transferring to host: <188.185.196.96:9618?addrs=188.185.196.96-9618+[2001-1458-303-23--100-5c]-9618&alias=b9p16p5590.cern.ch&noUDP&sock=slot1_13_7278_c261_30795>
...
040 (6053453.000.000) 08/17 01:23:34 Finished transferring input files
...
001 (6053453.000.000) 08/17 01:23:35 Job executing on host: <188.185.196.96:9618?addrs=188.185.196.96-9618+[2001-1458-303-23--100-5c]-9618&alias=b9p16p5590.cern.ch&noUDP&sock=startd_6367_cf96>
	SlotName: slot1_13@b9p16p5590.cern.ch
	CondorScratchDir = "/pool/condor/dir_1929379"
	Cpus = 1
	Disk = 6146672
	GPUs = 0
	Memory = 3000
...
006 (6053453.000.000) 08/17 01:23:44 Image size of job updated: 44168
	44  -  MemoryUsage of job (MB)
	44168  -  ResidentSetSize of job (KB)
...
006 (6053453.000.000) 08/17 01:28:45 Image size of job updated: 126956
	124  -  MemoryUsage of job (MB)
	126956  -  ResidentSetSize of job (KB)
...
006 (6053453.000.000) 08/17 01:33:45 Image size of job updated: 138676
	136  -  MemoryUsage of job (MB)
	138676  -  ResidentSetSize of job (KB)
...
006 (6053453.000.000) 08/17 01:38:45 Image size of job updated: 150276
	147  -  MemoryUsage of job (MB)
	150276  -  ResidentSetSize of job (KB)
...
006 (6053453.000.000) 08/17 01:43:46 Image size of job updated: 161676
	158  -  MemoryUsage of job (MB)
	161676  -  ResidentSetSize of job (KB)
...
006 (6053453.000.000) 08/17 01:44:00 Image size of job updated: 163900
	158  -  MemoryUsage of job (MB)
	161676  -  ResidentSetSize of job (KB)
...
040 (6053453.000.000) 08/17 01:44:00 Started transferring output files
...
040 (6053453.000.000) 08/17 01:44:00 Finished transferring output files
...
005 (6053453.000.000) 08/17 01:44:00 Job terminated.
	(1) Normal termination (return value 0)
		Usr 0 00:20:06, Sys 0 00:00:04  -  Run Remote Usage
		Usr 0 00:00:00, Sys 0 00:00:00  -  Run Local Usage
		Usr 0 00:20:06, Sys 0 00:00:04  -  Total Remote Usage
		Usr 0 00:00:00, Sys 0 00:00:00  -  Total Local Usage
	17056  -  Run Bytes Sent By Job
	7129  -  Run Bytes Received By Job
	17056  -  Total Bytes Sent By Job
	7129  -  Total Bytes Received By Job
	Partitionable Resources :    Usage  Request Allocated 
	   Cpus                 :     0.99        1         1 
	   Disk (KB)            : 39255     6144000   6146672 
	   GPUs                 :                           0 
	   Memory (MB)          :   158        3000      3000 
	   TimeExecute (s)      :  1225                       
	   TimeSlotBusy (s)     :  1227                       
...
