000 (6053495.000.000) 08/17 01:21:45 Job submitted from host: <188.185.133.2:9618?addrs=188.185.133.2-9618+[2001-1458-d03-2--100-208]-9618&alias=bigbird102.cern.ch&noUDP&sock=schedd_5723_1498>
    DAG Node: P_A08_S4
...
040 (6053495.000.000) 08/17 01:23:48 Started transferring input files
	Transferring to host: <128.142.51.204:9618?addrs=128.142.51.204-9618+[2001-1458-301-3--100-9]-9618&alias=b9g02p9721.cern.ch&noUDP&sock=slot1_45_5670_c720_32967>
...
040 (6053495.000.000) 08/17 01:23:48 Finished transferring input files
...
001 (6053495.000.000) 08/17 01:23:49 Job executing on host: <128.142.51.204:9618?addrs=128.142.51.204-9618+[2001-1458-301-3--100-9]-9618&alias=b9g02p9721.cern.ch&noUDP&sock=startd_4443_1b5f>
	SlotName: slot1_45@b9g02p9721.cern.ch
	CondorScratchDir = "/pool/condor/dir_2246459"
	Cpus = 1
	Disk = 6146827
	GPUs = 0
	Memory = 3000
...
006 (6053495.000.000) 08/17 01:23:58 Image size of job updated: 2408
	3  -  MemoryUsage of job (MB)
	2408  -  ResidentSetSize of job (KB)
...
006 (6053495.000.000) 08/17 01:28:59 Image size of job updated: 122748
	120  -  MemoryUsage of job (MB)
	122748  -  ResidentSetSize of job (KB)
...
006 (6053495.000.000) 08/17 01:38:59 Image size of job updated: 122752
	120  -  MemoryUsage of job (MB)
	122752  -  ResidentSetSize of job (KB)
...
006 (6053495.000.000) 08/17 01:44:00 Image size of job updated: 122756
	120  -  MemoryUsage of job (MB)
	122756  -  ResidentSetSize of job (KB)
...
006 (6053495.000.000) 08/17 01:49:00 Image size of job updated: 134464
	132  -  MemoryUsage of job (MB)
	134464  -  ResidentSetSize of job (KB)
...
006 (6053495.000.000) 08/17 01:59:02 Image size of job updated: 134468
	132  -  MemoryUsage of job (MB)
	134468  -  ResidentSetSize of job (KB)
...
006 (6053495.000.000) 08/17 02:04:02 Image size of job updated: 146068
	143  -  MemoryUsage of job (MB)
	146068  -  ResidentSetSize of job (KB)
...
006 (6053495.000.000) 08/17 02:14:03 Image size of job updated: 146072
	143  -  MemoryUsage of job (MB)
	146072  -  ResidentSetSize of job (KB)
...
006 (6053495.000.000) 08/17 02:15:52 Image size of job updated: 146076
	143  -  MemoryUsage of job (MB)
	146072  -  ResidentSetSize of job (KB)
...
040 (6053495.000.000) 08/17 02:15:52 Started transferring output files
...
040 (6053495.000.000) 08/17 02:15:52 Finished transferring output files
...
005 (6053495.000.000) 08/17 02:15:52 Job terminated.
	(1) Normal termination (return value 0)
		Usr 0 00:51:15, Sys 0 00:00:07  -  Run Remote Usage
		Usr 0 00:00:00, Sys 0 00:00:00  -  Run Local Usage
		Usr 0 00:51:15, Sys 0 00:00:07  -  Total Remote Usage
		Usr 0 00:00:00, Sys 0 00:00:00  -  Total Local Usage
	16988  -  Run Bytes Sent By Job
	7129  -  Run Bytes Received By Job
	16988  -  Total Bytes Sent By Job
	7129  -  Total Bytes Received By Job
	Partitionable Resources :    Usage  Request Allocated 
	   Cpus                 :     1.00        1         1 
	   Disk (KB)            : 39254     6144000   6146827 
	   GPUs                 :                           0 
	   Memory (MB)          :   143        3000      3000 
	   TimeExecute (s)      :  3123                       
	   TimeSlotBusy (s)     :  3125                       
...
