000 (6053543.000.000) 08/17 01:21:52 Job submitted from host: <188.185.133.2:9618?addrs=188.185.133.2-9618+[2001-1458-d03-2--100-208]-9618&alias=bigbird102.cern.ch&noUDP&sock=schedd_5723_1498>
    DAG Node: P_A14_S2
...
040 (6053543.000.000) 08/17 01:24:08 Started transferring input files
	Transferring to host: <128.142.248.29:9618?addrs=128.142.248.29-9618+[2001-1458-301-73--100-10d]-9618&alias=b9g23p0988.cern.ch&noUDP&sock=slot1_23_8408_f24f_23927>
...
040 (6053543.000.000) 08/17 01:24:08 Finished transferring input files
...
001 (6053543.000.000) 08/17 01:24:09 Job executing on host: <128.142.248.29:9618?addrs=128.142.248.29-9618+[2001-1458-301-73--100-10d]-9618&alias=b9g23p0988.cern.ch&noUDP&sock=startd_7482_9baf>
	SlotName: slot1_23@b9g23p0988.cern.ch
	CondorScratchDir = "/pool/condor/dir_11618"
	Cpus = 1
	Disk = 6145330
	GPUs = 0
	Memory = 3000
...
006 (6053543.000.000) 08/17 01:24:18 Image size of job updated: 18452
	19  -  MemoryUsage of job (MB)
	18452  -  ResidentSetSize of job (KB)
...
006 (6053543.000.000) 08/17 01:29:19 Image size of job updated: 114528
	112  -  MemoryUsage of job (MB)
	114528  -  ResidentSetSize of job (KB)
...
006 (6053543.000.000) 08/17 01:34:19 Image size of job updated: 114696
	113  -  MemoryUsage of job (MB)
	114696  -  ResidentSetSize of job (KB)
...
006 (6053543.000.000) 08/17 01:39:19 Image size of job updated: 114860
	113  -  MemoryUsage of job (MB)
	114860  -  ResidentSetSize of job (KB)
...
006 (6053543.000.000) 08/17 01:43:38 Image size of job updated: 115200
	113  -  MemoryUsage of job (MB)
	114860  -  ResidentSetSize of job (KB)
...
040 (6053543.000.000) 08/17 01:43:38 Started transferring output files
...
040 (6053543.000.000) 08/17 01:43:38 Finished transferring output files
...
005 (6053543.000.000) 08/17 01:43:38 Job terminated.
	(1) Normal termination (return value 0)
		Usr 0 00:19:03, Sys 0 00:00:04  -  Run Remote Usage
		Usr 0 00:00:00, Sys 0 00:00:00  -  Run Local Usage
		Usr 0 00:19:03, Sys 0 00:00:04  -  Total Remote Usage
		Usr 0 00:00:00, Sys 0 00:00:00  -  Total Local Usage
	16786  -  Run Bytes Sent By Job
	7129  -  Run Bytes Received By Job
	16786  -  Total Bytes Sent By Job
	7129  -  Total Bytes Received By Job
	Partitionable Resources :    Usage  Request Allocated 
	   Cpus                 :     0.99        1         1 
	   Disk (KB)            :  9236     6144000   6145330 
	   GPUs                 :                           0 
	   Memory (MB)          :   113        3000      3000 
	   TimeExecute (s)      :  1169                       
	   TimeSlotBusy (s)     :  1171                       
...
