000 (6053530.000.000) 08/17 01:21:51 Job submitted from host: <188.185.133.2:9618?addrs=188.185.133.2-9618+[2001-1458-d03-2--100-208]-9618&alias=bigbird102.cern.ch&noUDP&sock=schedd_5723_1498>
    DAG Node: P_A12_S5
...
040 (6053530.000.000) 08/17 01:24:03 Started transferring input files
	Transferring to host: <188.185.195.162:9618?addrs=188.185.195.162-9618+[2001-1458-303-22--100-9e]-9618&alias=b9p17p4729.cern.ch&noUDP&sock=slot1_25_6575_6ea4_31671>
...
040 (6053530.000.000) 08/17 01:24:03 Finished transferring input files
...
001 (6053530.000.000) 08/17 01:24:04 Job executing on host: <188.185.195.162:9618?addrs=188.185.195.162-9618+[2001-1458-303-22--100-9e]-9618&alias=b9p17p4729.cern.ch&noUDP&sock=startd_5745_2bae>
	SlotName: slot1_25@b9p17p4729.cern.ch
	CondorScratchDir = "/pool/condor/dir_2954245"
	Cpus = 1
	Disk = 6146469
	GPUs = 0
	Memory = 3000
...
006 (6053530.000.000) 08/17 01:24:13 Image size of job updated: 32316
	31  -  MemoryUsage of job (MB)
	31284  -  ResidentSetSize of job (KB)
...
006 (6053530.000.000) 08/17 01:29:14 Image size of job updated: 126948
	124  -  MemoryUsage of job (MB)
	126948  -  ResidentSetSize of job (KB)
...
006 (6053530.000.000) 08/17 01:44:15 Image size of job updated: 126952
	124  -  MemoryUsage of job (MB)
	126952  -  ResidentSetSize of job (KB)
...
006 (6053530.000.000) 08/17 01:49:15 Image size of job updated: 138612
	136  -  MemoryUsage of job (MB)
	138612  -  ResidentSetSize of job (KB)
...
006 (6053530.000.000) 08/17 02:24:19 Image size of job updated: 138616
	136  -  MemoryUsage of job (MB)
	138616  -  ResidentSetSize of job (KB)
...
040 (6053530.000.000) 08/17 02:32:17 Started transferring output files
...
040 (6053530.000.000) 08/17 02:32:17 Finished transferring output files
...
005 (6053530.000.000) 08/17 02:32:17 Job terminated.
	(1) Normal termination (return value 0)
		Usr 0 01:07:27, Sys 0 00:00:10  -  Run Remote Usage
		Usr 0 00:00:00, Sys 0 00:00:00  -  Run Local Usage
		Usr 0 01:07:27, Sys 0 00:00:10  -  Total Remote Usage
		Usr 0 00:00:00, Sys 0 00:00:00  -  Total Local Usage
	17451  -  Run Bytes Sent By Job
	7129  -  Run Bytes Received By Job
	17451  -  Total Bytes Sent By Job
	7129  -  Total Bytes Received By Job
	Partitionable Resources :    Usage  Request Allocated 
	   Cpus                 :     1.00        1         1 
	   Disk (KB)            : 39256     6144000   6146469 
	   GPUs                 :                           0 
	   Memory (MB)          :   136        3000      3000 
	   TimeExecute (s)      :  4093                       
	   TimeSlotBusy (s)     :  4095                       
...
