000 (6053536.000.000) 08/17 01:21:51 Job submitted from host: <188.185.133.2:9618?addrs=188.185.133.2-9618+[2001-1458-d03-2--100-208]-9618&alias=bigbird102.cern.ch&noUDP&sock=schedd_5723_1498>
    DAG Node: P_A13_S3
...
040 (6053536.000.000) 08/17 01:24:04 Started transferring input files
	Transferring to host: <128.142.248.80:9618?addrs=128.142.248.80-9618+[2001-1458-301-73--100-140]-9618&alias=b9g23p6060.cern.ch&noUDP&sock=slot1_29_9341_5455_24179>
...
040 (6053536.000.000) 08/17 01:24:04 Finished transferring input files
...
001 (6053536.000.000) 08/17 01:24:05 Job executing on host: <128.142.248.80:9618?addrs=128.142.248.80-9618+[2001-1458-301-73--100-140]-9618&alias=b9g23p6060.cern.ch&noUDP&sock=startd_8526_b48f>
	SlotName: slot1_29@b9g23p6060.cern.ch
	CondorScratchDir = "/pool/condor/dir_2238145"
	Cpus = 1
	Disk = 6146713
	GPUs = 0
	Memory = 3000
...
006 (6053536.000.000) 08/17 01:24:13 Image size of job updated: 49128
	48  -  MemoryUsage of job (MB)
	49128  -  ResidentSetSize of job (KB)
...
006 (6053536.000.000) 08/17 01:29:13 Image size of job updated: 114684
	112  -  MemoryUsage of job (MB)
	114684  -  ResidentSetSize of job (KB)
...
006 (6053536.000.000) 08/17 01:34:14 Image size of job updated: 115192
	113  -  MemoryUsage of job (MB)
	115192  -  ResidentSetSize of job (KB)
...
006 (6053536.000.000) 08/17 01:39:14 Image size of job updated: 126804
	124  -  MemoryUsage of job (MB)
	126804  -  ResidentSetSize of job (KB)
...
006 (6053536.000.000) 08/17 01:59:17 Image size of job updated: 126808
	124  -  MemoryUsage of job (MB)
	126808  -  ResidentSetSize of job (KB)
...
006 (6053536.000.000) 08/17 02:19:18 Image size of job updated: 126812
	124  -  MemoryUsage of job (MB)
	126812  -  ResidentSetSize of job (KB)
...
040 (6053536.000.000) 08/17 02:22:32 Started transferring output files
...
040 (6053536.000.000) 08/17 02:22:32 Finished transferring output files
...
005 (6053536.000.000) 08/17 02:22:32 Job terminated.
	(1) Normal termination (return value 0)
		Usr 0 00:57:53, Sys 0 00:00:06  -  Run Remote Usage
		Usr 0 00:00:00, Sys 0 00:00:00  -  Run Local Usage
		Usr 0 00:57:53, Sys 0 00:00:06  -  Total Remote Usage
		Usr 0 00:00:00, Sys 0 00:00:00  -  Total Local Usage
	16863  -  Run Bytes Sent By Job
	7129  -  Run Bytes Received By Job
	16863  -  Total Bytes Sent By Job
	7129  -  Total Bytes Received By Job
	Partitionable Resources :    Usage  Request Allocated 
	   Cpus                 :     0.99        1         1 
	   Disk (KB)            : 39254     6144000   6146713 
	   GPUs                 :                           0 
	   Memory (MB)          :   124        3000      3000 
	   TimeExecute (s)      :  3507                       
	   TimeSlotBusy (s)     :  3508                       
...
