000 (6053504.000.000) 08/17 01:21:45 Job submitted from host: <188.185.133.2:9618?addrs=188.185.133.2-9618+[2001-1458-d03-2--100-208]-9618&alias=bigbird102.cern.ch&noUDP&sock=schedd_5723_1498>
    DAG Node: P_A09_S5
...
040 (6053504.000.000) 08/17 01:23:51 Started transferring input files
	Transferring to host: <128.142.248.36:9618?addrs=128.142.248.36-9618+[2001-1458-301-73--100-114]-9618&alias=b9g23p3545.cern.ch&noUDP&sock=slot1_37_3961_a1fa_23778>
...
040 (6053504.000.000) 08/17 01:23:51 Finished transferring input files
...
001 (6053504.000.000) 08/17 01:23:52 Job executing on host: <128.142.248.36:9618?addrs=128.142.248.36-9618+[2001-1458-301-73--100-114]-9618&alias=b9g23p3545.cern.ch&noUDP&sock=startd_3916_a0f6>
	SlotName: slot1_37@b9g23p3545.cern.ch
	CondorScratchDir = "/pool/condor/dir_2221737"
	Cpus = 1
	Disk = 6148015
	GPUs = 0
	Memory = 3000
...
006 (6053504.000.000) 08/17 01:24:00 Image size of job updated: 26164
	26  -  MemoryUsage of job (MB)
	26164  -  ResidentSetSize of job (KB)
...
006 (6053504.000.000) 08/17 01:29:01 Image size of job updated: 128844
	126  -  MemoryUsage of job (MB)
	128844  -  ResidentSetSize of job (KB)
...
006 (6053504.000.000) 08/17 01:39:02 Image size of job updated: 128848
	126  -  MemoryUsage of job (MB)
	128848  -  ResidentSetSize of job (KB)
...
006 (6053504.000.000) 08/17 01:49:03 Image size of job updated: 128852
	126  -  MemoryUsage of job (MB)
	128852  -  ResidentSetSize of job (KB)
...
040 (6053504.000.000) 08/17 01:49:20 Started transferring output files
...
040 (6053504.000.000) 08/17 01:49:20 Finished transferring output files
...
005 (6053504.000.000) 08/17 01:49:21 Job terminated.
	(1) Normal termination (return value 0)
		Usr 0 00:25:04, Sys 0 00:00:04  -  Run Remote Usage
		Usr 0 00:00:00, Sys 0 00:00:00  -  Run Local Usage
		Usr 0 00:25:04, Sys 0 00:00:04  -  Total Remote Usage
		Usr 0 00:00:00, Sys 0 00:00:00  -  Total Local Usage
	16859  -  Run Bytes Sent By Job
	7129  -  Run Bytes Received By Job
	16859  -  Total Bytes Sent By Job
	7129  -  Total Bytes Received By Job
	Partitionable Resources :    Usage  Request Allocated 
	   Cpus                 :     0.99        1         1 
	   Disk (KB)            : 39254     6144000   6148015 
	   GPUs                 :                           0 
	   Memory (MB)          :   126        3000      3000 
	   TimeExecute (s)      :  1528                       
	   TimeSlotBusy (s)     :  1530                       
...
