000 (6053551.000.000) 08/17 01:21:52 Job submitted from host: <188.185.133.2:9618?addrs=188.185.133.2-9618+[2001-1458-d03-2--100-208]-9618&alias=bigbird102.cern.ch&noUDP&sock=schedd_5723_1498>
    DAG Node: L_FCCLEGACY_S2
...
040 (6053551.000.000) 08/17 01:23:58 Started transferring input files
	Transferring to host: <188.185.196.97:9618?addrs=188.185.196.97-9618+[2001-1458-303-23--100-5d]-9618&alias=b9p16p8550.cern.ch&noUDP&sock=slot1_18_4385_610b_30905>
...
040 (6053551.000.000) 08/17 01:23:58 Finished transferring input files
...
001 (6053551.000.000) 08/17 01:23:59 Job executing on host: <188.185.196.97:9618?addrs=188.185.196.97-9618+[2001-1458-303-23--100-5d]-9618&alias=b9p16p8550.cern.ch&noUDP&sock=startd_3366_5fdf>
	SlotName: slot1_18@b9p16p8550.cern.ch
	CondorScratchDir = "/pool/condor/dir_4008650"
	Cpus = 1
	Disk = 6146314
	GPUs = 0
	Memory = 3000
...
006 (6053551.000.000) 08/17 01:24:08 Image size of job updated: 48064
	47  -  MemoryUsage of job (MB)
	48064  -  ResidentSetSize of job (KB)
...
006 (6053551.000.000) 08/17 01:29:09 Image size of job updated: 110084
	108  -  MemoryUsage of job (MB)
	110084  -  ResidentSetSize of job (KB)
...
006 (6053551.000.000) 08/17 01:34:09 Image size of job updated: 110092
	108  -  MemoryUsage of job (MB)
	110092  -  ResidentSetSize of job (KB)
...
006 (6053551.000.000) 08/17 01:49:10 Image size of job updated: 110100
	108  -  MemoryUsage of job (MB)
	110100  -  ResidentSetSize of job (KB)
...
006 (6053551.000.000) 08/17 02:04:12 Image size of job updated: 110108
	108  -  MemoryUsage of job (MB)
	110108  -  ResidentSetSize of job (KB)
...
006 (6053551.000.000) 08/17 02:29:14 Image size of job updated: 110144
	108  -  MemoryUsage of job (MB)
	110144  -  ResidentSetSize of job (KB)
...
040 (6053551.000.000) 08/17 04:20:44 Started transferring output files
...
040 (6053551.000.000) 08/17 04:20:44 Finished transferring output files
...
005 (6053551.000.000) 08/17 04:20:44 Job terminated.
	(1) Normal termination (return value 0)
		Usr 0 02:55:12, Sys 0 00:00:13  -  Run Remote Usage
		Usr 0 00:00:00, Sys 0 00:00:00  -  Run Local Usage
		Usr 0 02:55:12, Sys 0 00:00:13  -  Total Remote Usage
		Usr 0 00:00:00, Sys 0 00:00:00  -  Total Local Usage
	16711  -  Run Bytes Sent By Job
	3370  -  Run Bytes Received By Job
	16711  -  Total Bytes Sent By Job
	3370  -  Total Bytes Received By Job
	Partitionable Resources :    Usage  Request Allocated 
	   Cpus                 :     0.99        1         1 
	   Disk (KB)            : 47835     6144000   6146314 
	   GPUs                 :                           0 
	   Memory (MB)          :   108        3000      3000 
	   TimeExecute (s)      : 10605                       
	   TimeSlotBusy (s)     : 10606                       
...
