000 (6053553.000.000) 08/17 01:21:52 Job submitted from host: <188.185.133.2:9618?addrs=188.185.133.2-9618+[2001-1458-d03-2--100-208]-9618&alias=bigbird102.cern.ch&noUDP&sock=schedd_5723_1498>
    DAG Node: L_FCCLEGACY_S4
...
040 (6053553.000.000) 08/17 01:24:10 Started transferring input files
	Transferring to host: <188.185.192.104:9618?addrs=188.185.192.104-9618+[2001-1458-303-1f--100-64]-9618&alias=b9p13p1802.cern.ch&noUDP&sock=slot1_37_5871_6688_32709>
...
040 (6053553.000.000) 08/17 01:24:10 Finished transferring input files
...
001 (6053553.000.000) 08/17 01:24:11 Job executing on host: <188.185.192.104:9618?addrs=188.185.192.104-9618+[2001-1458-303-1f--100-64]-9618&alias=b9p13p1802.cern.ch&noUDP&sock=startd_5334_4241>
	SlotName: slot1_37@b9p13p1802.cern.ch
	CondorScratchDir = "/pool/condor/dir_3416914"
	Cpus = 1
	Disk = 6146738
	GPUs = 0
	Memory = 3000
...
006 (6053553.000.000) 08/17 01:24:20 Image size of job updated: 17312
	17  -  MemoryUsage of job (MB)
	17312  -  ResidentSetSize of job (KB)
...
006 (6053553.000.000) 08/17 01:29:20 Image size of job updated: 107884
	106  -  MemoryUsage of job (MB)
	107884  -  ResidentSetSize of job (KB)
...
006 (6053553.000.000) 08/17 01:34:20 Image size of job updated: 107892
	106  -  MemoryUsage of job (MB)
	107892  -  ResidentSetSize of job (KB)
...
006 (6053553.000.000) 08/17 01:54:22 Image size of job updated: 107896
	106  -  MemoryUsage of job (MB)
	107896  -  ResidentSetSize of job (KB)
...
006 (6053553.000.000) 08/17 02:29:27 Image size of job updated: 107904
	106  -  MemoryUsage of job (MB)
	107904  -  ResidentSetSize of job (KB)
...
006 (6053553.000.000) 08/17 03:04:31 Image size of job updated: 107908
	106  -  MemoryUsage of job (MB)
	107908  -  ResidentSetSize of job (KB)
...
006 (6053553.000.000) 08/17 03:19:32 Image size of job updated: 107920
	106  -  MemoryUsage of job (MB)
	107920  -  ResidentSetSize of job (KB)
...
006 (6053553.000.000) 08/17 04:29:38 Image size of job updated: 107928
	106  -  MemoryUsage of job (MB)
	107928  -  ResidentSetSize of job (KB)
...
040 (6053553.000.000) 08/17 05:39:53 Started transferring output files
...
040 (6053553.000.000) 08/17 05:39:53 Finished transferring output files
...
005 (6053553.000.000) 08/17 05:39:53 Job terminated.
	(1) Normal termination (return value 0)
		Usr 0 04:11:37, Sys 0 00:00:42  -  Run Remote Usage
		Usr 0 00:00:00, Sys 0 00:00:00  -  Run Local Usage
		Usr 0 04:11:37, Sys 0 00:00:42  -  Total Remote Usage
		Usr 0 00:00:00, Sys 0 00:00:00  -  Total Local Usage
	16710  -  Run Bytes Sent By Job
	3370  -  Run Bytes Received By Job
	16710  -  Total Bytes Sent By Job
	3370  -  Total Bytes Received By Job
	Partitionable Resources :    Usage  Request Allocated 
	   Cpus                 :     0.98        1         1 
	   Disk (KB)            : 47835     6144000   6146738 
	   GPUs                 :                           0 
	   Memory (MB)          :   106        3000      3000 
	   TimeExecute (s)      : 15342                       
	   TimeSlotBusy (s)     : 15344                       
...
