000 (6053550.000.000) 08/17 01:21:52 Job submitted from host: <188.185.133.2:9618?addrs=188.185.133.2-9618+[2001-1458-d03-2--100-208]-9618&alias=bigbird102.cern.ch&noUDP&sock=schedd_5723_1498>
    DAG Node: L_FCCLEGACY_S1
...
040 (6053550.000.000) 08/17 01:23:59 Started transferring input files
	Transferring to host: <188.185.197.185:9618?addrs=188.185.197.185-9618+[2001-1458-303-24--100-b5]-9618&alias=b9p14p9202.cern.ch&noUDP&sock=slot1_9_7014_bf56_23530>
...
040 (6053550.000.000) 08/17 01:23:59 Finished transferring input files
...
001 (6053550.000.000) 08/17 01:24:00 Job executing on host: <188.185.197.185:9618?addrs=188.185.197.185-9618+[2001-1458-303-24--100-b5]-9618&alias=b9p14p9202.cern.ch&noUDP&sock=startd_6301_8a56>
	SlotName: slot1_9@b9p14p9202.cern.ch
	CondorScratchDir = "/pool/condor/dir_3482595"
	Cpus = 1
	Disk = 6146709
	GPUs = 0
	Memory = 3000
...
006 (6053550.000.000) 08/17 01:24:09 Image size of job updated: 26308
	26  -  MemoryUsage of job (MB)
	26308  -  ResidentSetSize of job (KB)
...
006 (6053550.000.000) 08/17 01:29:10 Image size of job updated: 108052
	106  -  MemoryUsage of job (MB)
	108052  -  ResidentSetSize of job (KB)
...
006 (6053550.000.000) 08/17 01:34:10 Image size of job updated: 108060
	106  -  MemoryUsage of job (MB)
	108060  -  ResidentSetSize of job (KB)
...
006 (6053550.000.000) 08/17 01:59:12 Image size of job updated: 108064
	106  -  MemoryUsage of job (MB)
	108064  -  ResidentSetSize of job (KB)
...
006 (6053550.000.000) 08/17 02:29:15 Image size of job updated: 108072
	106  -  MemoryUsage of job (MB)
	108072  -  ResidentSetSize of job (KB)
...
006 (6053550.000.000) 08/17 02:49:17 Image size of job updated: 108076
	106  -  MemoryUsage of job (MB)
	108076  -  ResidentSetSize of job (KB)
...
006 (6053550.000.000) 08/17 03:04:18 Image size of job updated: 108088
	106  -  MemoryUsage of job (MB)
	108088  -  ResidentSetSize of job (KB)
...
006 (6053550.000.000) 08/17 04:09:24 Image size of job updated: 108096
	106  -  MemoryUsage of job (MB)
	108096  -  ResidentSetSize of job (KB)
...
006 (6053550.000.000) 08/17 05:09:15 Image size of job updated: 108132
	106  -  MemoryUsage of job (MB)
	108096  -  ResidentSetSize of job (KB)
...
040 (6053550.000.000) 08/17 05:09:15 Started transferring output files
...
040 (6053550.000.000) 08/17 05:09:15 Finished transferring output files
...
005 (6053550.000.000) 08/17 05:09:16 Job terminated.
	(1) Normal termination (return value 0)
		Usr 0 03:42:56, Sys 0 00:00:18  -  Run Remote Usage
		Usr 0 00:00:00, Sys 0 00:00:00  -  Run Local Usage
		Usr 0 03:42:56, Sys 0 00:00:18  -  Total Remote Usage
		Usr 0 00:00:00, Sys 0 00:00:00  -  Total Local Usage
	16711  -  Run Bytes Sent By Job
	3370  -  Run Bytes Received By Job
	16711  -  Total Bytes Sent By Job
	3370  -  Total Bytes Received By Job
	Partitionable Resources :    Usage  Request Allocated 
	   Cpus                 :     0.99        1         1 
	   Disk (KB)            : 47835     6144000   6146709 
	   GPUs                 :                           0 
	   Memory (MB)          :   106        3000      3000 
	   TimeExecute (s)      : 13515                       
	   TimeSlotBusy (s)     : 13517                       
...
