000 (6053554.000.000) 08/17 01:21:52 Job submitted from host: <188.185.133.2:9618?addrs=188.185.133.2-9618+[2001-1458-d03-2--100-208]-9618&alias=bigbird102.cern.ch&noUDP&sock=schedd_5723_1498>
    DAG Node: L_FCCLEGACY_S5
...
040 (6053554.000.000) 08/17 01:24:00 Started transferring input files
	Transferring to host: <188.185.192.18:9618?addrs=188.185.192.18-9618+[2001-1458-303-1f--100-e]-9618&alias=b9p13p9679.cern.ch&noUDP&sock=slot1_33_4348_4f2a_33238>
...
040 (6053554.000.000) 08/17 01:24:00 Finished transferring input files
...
001 (6053554.000.000) 08/17 01:24:01 Job executing on host: <188.185.192.18:9618?addrs=188.185.192.18-9618+[2001-1458-303-1f--100-e]-9618&alias=b9p13p9679.cern.ch&noUDP&sock=startd_3206_a0b8>
	SlotName: slot1_33@b9p13p9679.cern.ch
	CondorScratchDir = "/pool/condor/dir_3297642"
	Cpus = 1
	Disk = 6147491
	GPUs = 0
	Memory = 3000
...
006 (6053554.000.000) 08/17 01:24:09 Image size of job updated: 26064
	26  -  MemoryUsage of job (MB)
	26064  -  ResidentSetSize of job (KB)
...
006 (6053554.000.000) 08/17 01:29:09 Image size of job updated: 107892
	106  -  MemoryUsage of job (MB)
	107892  -  ResidentSetSize of job (KB)
...
006 (6053554.000.000) 08/17 01:34:10 Image size of job updated: 107900
	106  -  MemoryUsage of job (MB)
	107900  -  ResidentSetSize of job (KB)
...
006 (6053554.000.000) 08/17 01:44:10 Image size of job updated: 107908
	106  -  MemoryUsage of job (MB)
	107908  -  ResidentSetSize of job (KB)
...
006 (6053554.000.000) 08/17 02:04:13 Image size of job updated: 107916
	106  -  MemoryUsage of job (MB)
	107916  -  ResidentSetSize of job (KB)
...
006 (6053554.000.000) 08/17 02:29:15 Image size of job updated: 107932
	106  -  MemoryUsage of job (MB)
	107932  -  ResidentSetSize of job (KB)
...
006 (6053554.000.000) 08/17 03:09:19 Image size of job updated: 107936
	106  -  MemoryUsage of job (MB)
	107936  -  ResidentSetSize of job (KB)
...
006 (6053554.000.000) 08/17 03:57:12 Image size of job updated: 107976
	106  -  MemoryUsage of job (MB)
	107936  -  ResidentSetSize of job (KB)
...
040 (6053554.000.000) 08/17 03:57:13 Started transferring output files
...
040 (6053554.000.000) 08/17 03:57:13 Finished transferring output files
...
005 (6053554.000.000) 08/17 03:57:13 Job terminated.
	(1) Normal termination (return value 0)
		Usr 0 02:31:56, Sys 0 00:00:11  -  Run Remote Usage
		Usr 0 00:00:00, Sys 0 00:00:00  -  Run Local Usage
		Usr 0 02:31:56, Sys 0 00:00:11  -  Total Remote Usage
		Usr 0 00:00:00, Sys 0 00:00:00  -  Total Local Usage
	16711  -  Run Bytes Sent By Job
	3370  -  Run Bytes Received By Job
	16711  -  Total Bytes Sent By Job
	3370  -  Total Bytes Received By Job
	Partitionable Resources :    Usage  Request Allocated 
	   Cpus                 :     0.99        1         1 
	   Disk (KB)            : 47835     6144000   6147491 
	   GPUs                 :                           0 
	   Memory (MB)          :   106        3000      3000 
	   TimeExecute (s)      :  9191                       
	   TimeSlotBusy (s)     :  9194                       
...
