TTSP pinned runtime loaded
REPO=/afs/cern.ch/user/c/cglenn/FCCWork/whizard/whizard_ttbar_spinpol
whizard=/cvmfs/sft-nightlies.cern.ch/lcg/views/devkey-head/Fri/x86_64-el9-gcc14-opt/bin/whizard
WHIZARD 3.1.8
pythia8-config=/cvmfs/sft-nightlies.cern.ch/lcg/views/devkey-head/Fri/x86_64-el9-gcc14-opt/bin/pythia8-config
8.316
HepMC3-config=/cvmfs/sft-nightlies.cern.ch/lcg/views/devkey-head/Fri/x86_64-el9-gcc14-opt/bin/HepMC3-config
3.03.01
Qualified WHIZARD MPI runtime loaded
WHIZARD_MPI_ROOT=/afs/cern.ch/user/c/cglenn/FCCWork/whizard/whizard_ttbar_spinpol/local/whizard-3.1.8-mpi-omp-qualified-20260811
whizard=/afs/cern.ch/user/c/cglenn/FCCWork/whizard/whizard_ttbar_spinpol/local/whizard-3.1.8-mpi-omp-qualified-20260811/bin/whizard
WHIZARD 3.1.8
Copyright (C) 1999-2026 Wolfgang Kilian, Thorsten Ohl, Juergen Reuter
              ---------------------------------------                
This is free software; see the source for copying conditions.  There is NO
warranty; not even for MERCHANTABILITY or FITNESS FOR A PARTICULAR PURPOSE.

| Writing log to 'whizard.log'
|=============================================================================|
|                                                                             |
|    WW             WW  WW   WW  WW  WWWWWW      WW      WWWWW    WWWW        |
|     WW    WW     WW   WW   WW  WW     WW      WWWW     WW  WW   WW  WW      |
|      WW  WW WW  WW    WWWWWWW  WW    WW      WW  WW    WWWWW    WW   WW     |
|       WWWW   WWWW     WW   WW  WW   WW      WWWWWWWW   WW  WW   WW  WW      |
|        WW     WW      WW   WW  WW  WWWWWW  WW      WW  WW   WW  WWWW        |
|                                                                             |
|                                                                             |
|                                        W                                    |
|                                       sW                                    |
|                                       WW                                    |
|                                      sWW                                    |
|                                      WWW                                    |
|                                     wWWW                                    |
|                                    wWWWW                                    |
|                                    WW WW                                    |
|                                    WW WW                                    |
|                                   wWW WW                                    |
|                                  wWW  WW                                    |
|                                  WW   WW                                    |
|                                  WW   WW                                    |
|                                 WW    WW                                    |
|                                 WW    WW                                    |
|                                WW     WW                                    |
|                                WW     WW                                    |
|           wwwwww              WW      WW                                    |
|              WWWWWww          WW      WW                                    |
|                 WWWWWwwwww   WW       WW                                    |
|                     wWWWwwwwwWW       WW                                    |
|                 wWWWWWWWWWWwWWW       WW                                    |
|                wWWWWW       wW        WWWWWWW                               |
|                  WWWW       wW        WW  wWWWWWWWwww                       |
|                   WWWW                      wWWWWWWWwwww                    |
|                     WWWW                      WWWW     WWw                  |
|                       WWWWww                   WWWW                         |
|                           WWWwwww              WWWW                         |
|                               wWWWWwww       wWWWWW                         |
|                                     WwwwwwwwwWWW                            |
|                                                                             |
|                                                                             |
|                                                                             |
|  by:   Wolfgang Kilian, Thorsten Ohl, Juergen Reuter                        |
|        with contributions from Christian Speckner                           |
|        Contact: <whizard@desy.de>                                           |
|                                                                             |
|  if you use WHIZARD please cite:                                            |
|        W. Kilian, T. Ohl, J. Reuter,  Eur.Phys.J.C71 (2011) 1742            |
|                                          [arXiv: 0708.4233 [hep-ph]]        |
|        M. Moretti, T. Ohl, J. Reuter, arXiv: hep-ph/0102195                 |
|                                                                             |
|=============================================================================|
|                               WHIZARD 3.1.8
|=============================================================================|
| Reading model file '/afs/cern.ch/user/c/cglenn/FCCWork/whizard/whizard_ttbar_spinpol/local/whizard-3.1.8-mpi-omp-qualified-20260811/share/whizard/models/SM.mdl'
| Preloaded model: SM
| Process library 'default_lib': initialized
| Preloaded library: default_lib
| Reading model file '/afs/cern.ch/user/c/cglenn/FCCWork/whizard/whizard_ttbar_spinpol/local/whizard-3.1.8-mpi-omp-qualified-20260811/share/whizard/models/SM_hadrons.mdl'
| Reading commands from file 'process.sin'
| Including Sindarin from 'common/model.inc'
| Switching to model 'SM', scheme 'default'
| End of included 'common/model.inc'
| Including Sindarin from 'common/beams.inc'
sqrts =  3.650000000000E+02
| End of included 'common/beams.inc'
| Including Sindarin from 'common/isr.inc'
?isr_handler = true
$isr_handler_mode = "recoil"
?keep_beams = true
?keep_remnants = true
isr_mass =  5.109970000000E-04
| End of included 'common/isr.inc'
| Including Sindarin from 'common/polarization.inc'
| End of included 'common/polarization.inc'
?resonance_history = true
resonance_on_shell_limit =  1.000000000000E+01
resonance_background_factor =  0.000000000000E+00
$restrictions = "5+6~W+ && 7+8~W- && 3+5+6~t && 4+7+8~tbar"
| Process library 'default_lib': recorded process 'proc_epmum'
| Including Sindarin from 'common/integration.inc'
$integration_method = "vamp"
$rng_method = "tao"
$vamp_parallel_method = "simple"
?omega_openmp = false
openmp_num_threads = 1
seed = 519963689
| Integrate: current process library needs compilation
| Process library 'default_lib': compiling ...
| Process library 'default_lib': writing makefile
| Process library 'default_lib': writing driver
| Process library 'default_lib': creating source code
  RM        proc_epmum_i1.f90,.mod,.lo
  OMEGA     proc_epmum_i1.f90
[1/1] e- e+ -> b bbar e+ nue mu- numubar ... allowed. [time: 1.04 secs, total: 1.04 secs, remaining: 0.00 secs]
all processes done. [total time: 1.04 secs]
SUMMARY: 9 fusions, 6 propagators, 2 diagrams
SUMMARY: 8 vertices
| Process library 'default_lib': compiling sources
  FC        default_lib.lo
| Process library 'default_lib': linking
  FCLD      default_lib.la
| Process library 'default_lib': loading
| Process library 'default_lib': ... success.
| Integrate: compilation done
| RNG: Initializing TAO random-number generator
| RNG: Setting seed for random-number generator to 1065
| Initializing integration for process proc_epmum:
| Beam structure: e-, e+ => isr
|   polarization (beam 1):
|     @(-1: -1: ( 1.000000000000E+00, 0.000000000000E+00))
|   polarization (beam 2):
|     @(+1: +1: ( 1.000000000000E+00, 0.000000000000E+00))
|   polarization degree = 1.0000000, 1.0000000
| Beam data (collision):
|   e-  (mass = 5.1099700E-04 GeV)  polarized
|   e+  (mass = 5.1099700E-04 GeV)  polarized
|   sqrts = 3.650000000000E+02 GeV
| Phase space: generating configuration ...
Warning:  Intermediate decay of zero-width particle mu- may be possible.
| Phase space: ... success.
| Phase space: writing configuration file 'proc_epmum.i1.phs'
| ------------------------------------------------------------------------
| Process [scattering]: 'proc_epmum'
|   Library name  = 'default_lib'
|   Process index = 1
|   Process components:
|     1: 'proc_epmum_i1':   e-, e+ => b, bbar, e+, nue, mu-, numubar [omega]
| ------------------------------------------------------------------------
| Phase space: 890 channels, 14 dimensions
| Phase space: found 890 channels, collected in 239 groves.
| Phase space: Using 1060 equivalences between channels.
| Phase space: wood
| Beam structure: isr, none => none, isr
| Beam structure: 2 channels, 2 dimensions
Warning: No cuts have been defined.
| OpenMP: Using 1 thread
| Starting integration for process 'proc_epmum'
| Integrate: iterations = 10:100000:"gw", 10:200000:""
| Integrator: 239 chains, 890 channels, 16 dimensions
| Integrator: Using VAMP channel equivalences
| Integrator: 100000 initial calls, 20 bins, stratified = T
| Integrator: VAMP
|=============================================================================|
| It      Calls  Integral[fb]  Error[fb]   Err[%]    Acc  Eff[%]   Chi2 N[It] |
|=============================================================================|
   1      99680  9.7419029E+00  1.08E+00   11.06   34.93*   3.89
   2      98944  1.1665437E+01  1.49E-01    1.28    4.02*   1.59
   3      98231  1.1645087E+01  7.59E-02    0.65    2.04*   5.00
   4      97535  1.1469580E+01  5.93E-02    0.52    1.61*   6.34
   5      96889  1.1540160E+01  5.36E-02    0.46    1.45*   7.44
   6      96294  1.1600996E+01  5.13E-02    0.44    1.37*   7.93
   7      95751  1.1573181E+01  4.92E-02    0.42    1.31*   8.30
   8      95247  1.1584225E+01  4.82E-02    0.42    1.28*   7.60
   9      94786  1.1543791E+01  4.72E-02    0.41    1.26*   9.05
  10      94367  1.1519855E+01  4.60E-02    0.40    1.23*   9.84
|-----------------------------------------------------------------------------|
  10     967724  1.1556834E+01  1.83E-02    0.16    1.55    9.84    0.99  10
|-----------------------------------------------------------------------------|
  11     199979  1.1441778E+01  3.15E-02    0.28    1.23    8.56
  12     199979  1.1506145E+01  3.17E-02    0.28    1.23    7.73
  13     199979  1.1503771E+01  3.17E-02    0.28    1.23    7.19
  14     199979  1.1465285E+01  3.16E-02    0.28    1.23    6.73
  15     199979  1.1522990E+01  3.16E-02    0.27    1.23*   6.56
  16     199979  1.1507357E+01  3.17E-02    0.28    1.23    6.48
  17     199979  1.1418364E+01  3.14E-02    0.28    1.23*   6.20
  18     199979  1.1544934E+01  3.19E-02    0.28    1.24    6.21
  19     199979  1.1468121E+01  3.15E-02    0.28    1.23*   6.05
  20     199979  1.1492121E+01  3.16E-02    0.27    1.23*   5.96
|-----------------------------------------------------------------------------|
  20    1999790  1.1486819E+01  1.00E-02    0.09    1.23    5.96    1.48  10
|=============================================================================|
| Time estimate for generating 10000 events: 0d:00h:16m:24s
| End of included 'common/integration.inc'
| There were no errors and    2 warning(s).
| WHIZARD run finished.
|=============================================================================|
CONTROL_STATUS=PASS
