000 (6053777.000.000) 08/17 01:41:14 Job submitted from host: <188.185.133.2:9618?addrs=188.185.133.2-9618+[2001-1458-d03-2--100-208]-9618&alias=bigbird102.cern.ch&noUDP&sock=schedd_5723_1498>
    DAG Node: C_A04_S4_F0
...
040 (6053777.000.000) 08/17 01:41:40 Started transferring input files
	Transferring to host: <188.185.193.46:9618?addrs=188.185.193.46-9618+[2001-1458-303-20--100-2a]-9618&alias=b9p19p8632.cern.ch&noUDP&sock=slot1_10_5735_9382_30613>
...
040 (6053777.000.000) 08/17 01:41:40 Finished transferring input files
...
001 (6053777.000.000) 08/17 01:41:41 Job executing on host: <188.185.193.46:9618?addrs=188.185.193.46-9618+[2001-1458-303-20--100-2a]-9618&alias=b9p19p8632.cern.ch&noUDP&sock=startd_4662_529c>
	SlotName: slot1_10@b9p19p8632.cern.ch
	CondorScratchDir = "/pool/condor/dir_2763346"
	Cpus = 1
	Disk = 6146816
	GPUs = 0
	Memory = 3000
...
006 (6053777.000.000) 08/17 01:41:49 Image size of job updated: 44220
	31  -  MemoryUsage of job (MB)
	31384  -  ResidentSetSize of job (KB)
...
006 (6053777.000.000) 08/17 01:46:49 Image size of job updated: 94588
	93  -  MemoryUsage of job (MB)
	94588  -  ResidentSetSize of job (KB)
...
006 (6053777.000.000) 08/17 01:51:50 Image size of job updated: 106676
	105  -  MemoryUsage of job (MB)
	106676  -  ResidentSetSize of job (KB)
...
006 (6053777.000.000) 08/17 01:56:50 Image size of job updated: 106680
	105  -  MemoryUsage of job (MB)
	106680  -  ResidentSetSize of job (KB)
...
006 (6053777.000.000) 08/17 02:01:50 Image size of job updated: 117520
	115  -  MemoryUsage of job (MB)
	117520  -  ResidentSetSize of job (KB)
...
006 (6053777.000.000) 08/17 02:10:59 Image size of job updated: 117528
	115  -  MemoryUsage of job (MB)
	117520  -  ResidentSetSize of job (KB)
...
040 (6053777.000.000) 08/17 02:10:59 Started transferring output files
...
040 (6053777.000.000) 08/17 02:10:59 Finished transferring output files
...
005 (6053777.000.000) 08/17 02:10:59 Job terminated.
	(1) Normal termination (return value 0)
		Usr 0 00:29:00, Sys 0 00:00:04  -  Run Remote Usage
		Usr 0 00:00:00, Sys 0 00:00:00  -  Run Local Usage
		Usr 0 00:29:00, Sys 0 00:00:04  -  Total Remote Usage
		Usr 0 00:00:00, Sys 0 00:00:00  -  Total Local Usage
	17384  -  Run Bytes Sent By Job
	10066  -  Run Bytes Received By Job
	17384  -  Total Bytes Sent By Job
	10066  -  Total Bytes Received By Job
	Partitionable Resources :    Usage  Request Allocated 
	   Cpus                 :     0.99        1         1 
	   Disk (KB)            : 39259     6144000   6146816 
	   GPUs                 :                           0 
	   Memory (MB)          :   115        3000      3000 
	   TimeExecute (s)      :  1758                       
	   TimeSlotBusy (s)     :  1759                       
...
