000 (6053693.000.000) 08/17 01:31:20 Job submitted from host: <188.185.133.2:9618?addrs=188.185.133.2-9618+[2001-1458-d03-2--100-208]-9618&alias=bigbird102.cern.ch&noUDP&sock=schedd_5723_1498>
    DAG Node: C_A01_S1_F0
...
040 (6053693.000.000) 08/17 01:31:21 Started transferring input files
	Transferring to host: <188.185.192.145:9618?addrs=188.185.192.145-9618+[2001-1458-303-1f--100-8d]-9618&alias=b9p13p9370.cern.ch&noUDP&sock=slot1_29_6223_6a96_30036>
...
040 (6053693.000.000) 08/17 01:31:21 Finished transferring input files
...
001 (6053693.000.000) 08/17 01:31:22 Job executing on host: <188.185.192.145:9618?addrs=188.185.192.145-9618+[2001-1458-303-1f--100-8d]-9618&alias=b9p13p9370.cern.ch&noUDP&sock=startd_5277_295b>
	SlotName: slot1_29@b9p13p9370.cern.ch
	CondorScratchDir = "/pool/condor/dir_3774718"
	Cpus = 1
	Disk = 6150511
	GPUs = 0
	Memory = 3000
...
006 (6053693.000.000) 08/17 01:31:30 Image size of job updated: 45740
	45  -  MemoryUsage of job (MB)
	45740  -  ResidentSetSize of job (KB)
...
006 (6053693.000.000) 08/17 01:36:30 Image size of job updated: 94580
	93  -  MemoryUsage of job (MB)
	94580  -  ResidentSetSize of job (KB)
...
006 (6053693.000.000) 08/17 01:41:31 Image size of job updated: 94916
	93  -  MemoryUsage of job (MB)
	94916  -  ResidentSetSize of job (KB)
...
006 (6053693.000.000) 08/17 01:46:31 Image size of job updated: 106672
	105  -  MemoryUsage of job (MB)
	106672  -  ResidentSetSize of job (KB)
...
006 (6053693.000.000) 08/17 01:56:33 Image size of job updated: 106676
	105  -  MemoryUsage of job (MB)
	106676  -  ResidentSetSize of job (KB)
...
006 (6053693.000.000) 08/17 02:01:33 Image size of job updated: 117512
	115  -  MemoryUsage of job (MB)
	117512  -  ResidentSetSize of job (KB)
...
006 (6053693.000.000) 08/17 02:11:34 Image size of job updated: 117520
	115  -  MemoryUsage of job (MB)
	117520  -  ResidentSetSize of job (KB)
...
040 (6053693.000.000) 08/17 02:12:20 Started transferring output files
...
040 (6053693.000.000) 08/17 02:12:20 Finished transferring output files
...
005 (6053693.000.000) 08/17 02:12:20 Job terminated.
	(1) Normal termination (return value 0)
		Usr 0 00:40:14, Sys 0 00:00:10  -  Run Remote Usage
		Usr 0 00:00:00, Sys 0 00:00:00  -  Run Local Usage
		Usr 0 00:40:14, Sys 0 00:00:10  -  Total Remote Usage
		Usr 0 00:00:00, Sys 0 00:00:00  -  Total Local Usage
	17386  -  Run Bytes Sent By Job
	10066  -  Run Bytes Received By Job
	17386  -  Total Bytes Sent By Job
	10066  -  Total Bytes Received By Job
	Partitionable Resources :    Usage  Request Allocated 
	   Cpus                 :     0.99        1         1 
	   Disk (KB)            : 39259     6144000   6150511 
	   GPUs                 :                           0 
	   Memory (MB)          :   115        3000      3000 
	   TimeExecute (s)      :  2458                       
	   TimeSlotBusy (s)     :  2459                       
...
