000 (6053996.000.000) 08/17 02:18:13 Job submitted from host: <188.185.133.2:9618?addrs=188.185.133.2-9618+[2001-1458-d03-2--100-208]-9618&alias=bigbird102.cern.ch&noUDP&sock=schedd_5723_1498>
    DAG Node: C_A07_S1_F3
...
040 (6053996.000.000) 08/17 02:20:33 Started transferring input files
	Transferring to host: <188.185.193.164:9618?addrs=188.185.193.164-9618+[2001-1458-303-20--100-a0]-9618&alias=b9p19p0551.cern.ch&noUDP&sock=slot1_8_6391_c99d_40975>
...
040 (6053996.000.000) 08/17 02:20:33 Finished transferring input files
...
001 (6053996.000.000) 08/17 02:20:34 Job executing on host: <188.185.193.164:9618?addrs=188.185.193.164-9618+[2001-1458-303-20--100-a0]-9618&alias=b9p19p0551.cern.ch&noUDP&sock=startd_5522_360f>
	SlotName: slot1_8@b9p19p0551.cern.ch
	CondorScratchDir = "/pool/condor/dir_2968348"
	Cpus = 1
	Disk = 6146877
	GPUs = 0
	Memory = 3000
...
006 (6053996.000.000) 08/17 02:20:42 Image size of job updated: 49340
	49  -  MemoryUsage of job (MB)
	49340  -  ResidentSetSize of job (KB)
...
006 (6053996.000.000) 08/17 02:25:42 Image size of job updated: 96620
	95  -  MemoryUsage of job (MB)
	96620  -  ResidentSetSize of job (KB)
...
006 (6053996.000.000) 08/17 02:30:43 Image size of job updated: 97296
	96  -  MemoryUsage of job (MB)
	97296  -  ResidentSetSize of job (KB)
...
006 (6053996.000.000) 08/17 02:35:43 Image size of job updated: 108708
	107  -  MemoryUsage of job (MB)
	108708  -  ResidentSetSize of job (KB)
...
006 (6053996.000.000) 08/17 02:40:44 Image size of job updated: 108716
	107  -  MemoryUsage of job (MB)
	108716  -  ResidentSetSize of job (KB)
...
006 (6053996.000.000) 08/17 02:45:45 Image size of job updated: 119552
	117  -  MemoryUsage of job (MB)
	119552  -  ResidentSetSize of job (KB)
...
006 (6053996.000.000) 08/17 02:50:45 Image size of job updated: 119556
	117  -  MemoryUsage of job (MB)
	119556  -  ResidentSetSize of job (KB)
...
006 (6053996.000.000) 08/17 02:55:46 Image size of job updated: 130348
	128  -  MemoryUsage of job (MB)
	130348  -  ResidentSetSize of job (KB)
...
006 (6053996.000.000) 08/17 03:05:46 Image size of job updated: 141192
	138  -  MemoryUsage of job (MB)
	141192  -  ResidentSetSize of job (KB)
...
006 (6053996.000.000) 08/17 03:15:47 Image size of job updated: 141196
	138  -  MemoryUsage of job (MB)
	141196  -  ResidentSetSize of job (KB)
...
006 (6053996.000.000) 08/17 03:20:48 Image size of job updated: 151988
	149  -  MemoryUsage of job (MB)
	151988  -  ResidentSetSize of job (KB)
...
006 (6053996.000.000) 08/17 03:30:48 Image size of job updated: 162828
	160  -  MemoryUsage of job (MB)
	162828  -  ResidentSetSize of job (KB)
...
006 (6053996.000.000) 08/17 03:35:49 Image size of job updated: 162832
	160  -  MemoryUsage of job (MB)
	162832  -  ResidentSetSize of job (KB)
...
006 (6053996.000.000) 08/17 03:40:49 Image size of job updated: 173660
	170  -  MemoryUsage of job (MB)
	173660  -  ResidentSetSize of job (KB)
...
006 (6053996.000.000) 08/17 03:45:50 Image size of job updated: 173664
	170  -  MemoryUsage of job (MB)
	173664  -  ResidentSetSize of job (KB)
...
006 (6053996.000.000) 08/17 03:50:51 Image size of job updated: 184504
	181  -  MemoryUsage of job (MB)
	184504  -  ResidentSetSize of job (KB)
...
006 (6053996.000.000) 08/17 03:55:51 Image size of job updated: 184508
	181  -  MemoryUsage of job (MB)
	184508  -  ResidentSetSize of job (KB)
...
006 (6053996.000.000) 08/17 04:00:52 Image size of job updated: 195300
	191  -  MemoryUsage of job (MB)
	195300  -  ResidentSetSize of job (KB)
...
006 (6053996.000.000) 08/17 04:09:27 Image size of job updated: 195304
	191  -  MemoryUsage of job (MB)
	195300  -  ResidentSetSize of job (KB)
...
040 (6053996.000.000) 08/17 04:09:27 Started transferring output files
...
040 (6053996.000.000) 08/17 04:09:27 Finished transferring output files
...
005 (6053996.000.000) 08/17 04:09:28 Job terminated.
	(1) Normal termination (return value 0)
		Usr 0 01:47:46, Sys 0 00:00:10  -  Run Remote Usage
		Usr 0 00:00:00, Sys 0 00:00:00  -  Run Local Usage
		Usr 0 01:47:46, Sys 0 00:00:10  -  Total Remote Usage
		Usr 0 00:00:00, Sys 0 00:00:00  -  Total Local Usage
	18369  -  Run Bytes Sent By Job
	10066  -  Run Bytes Received By Job
	18369  -  Total Bytes Sent By Job
	10066  -  Total Bytes Received By Job
	Partitionable Resources :    Usage  Request Allocated 
	   Cpus                 :     0.99        1         1 
	   Disk (KB)            : 39263     6144000   6146877 
	   GPUs                 :                           0 
	   Memory (MB)          :   191        3000      3000 
	   TimeExecute (s)      :  6533                       
	   TimeSlotBusy (s)     :  6535                       
...
