000 (6053728.000.000) 08/17 01:35:11 Job submitted from host: <188.185.133.2:9618?addrs=188.185.133.2-9618+[2001-1458-d03-2--100-208]-9618&alias=bigbird102.cern.ch&noUDP&sock=schedd_5723_1498>
    DAG Node: C_A04_S7_F1
...
040 (6053728.000.000) 08/17 01:36:37 Started transferring input files
	Transferring to host: <128.142.162.12:9618?addrs=128.142.162.12-9618+[2001-1458-301-7b--100-5]-9618&alias=b9g42p1017.cern.ch&noUDP&sock=slot1_19_3762_6b52_23647>
...
040 (6053728.000.000) 08/17 01:36:37 Finished transferring input files
...
001 (6053728.000.000) 08/17 01:36:38 Job executing on host: <128.142.162.12:9618?addrs=128.142.162.12-9618+[2001-1458-301-7b--100-5]-9618&alias=b9g42p1017.cern.ch&noUDP&sock=startd_3415_fc03>
	SlotName: slot1_19@b9g42p1017.cern.ch
	CondorScratchDir = "/pool/condor/dir_2361550"
	Cpus = 1
	Disk = 6146786
	GPUs = 0
	Memory = 3000
...
006 (6053728.000.000) 08/17 01:36:46 Image size of job updated: 28008
	28  -  MemoryUsage of job (MB)
	28008  -  ResidentSetSize of job (KB)
...
006 (6053728.000.000) 08/17 01:41:46 Image size of job updated: 104076
	89  -  MemoryUsage of job (MB)
	90164  -  ResidentSetSize of job (KB)
...
006 (6053728.000.000) 08/17 01:56:48 Image size of job updated: 104076
	89  -  MemoryUsage of job (MB)
	90384  -  ResidentSetSize of job (KB)
...
006 (6053728.000.000) 08/17 02:01:49 Image size of job updated: 104076
	89  -  MemoryUsage of job (MB)
	90500  -  ResidentSetSize of job (KB)
...
006 (6053728.000.000) 08/17 02:06:49 Image size of job updated: 104076
	89  -  MemoryUsage of job (MB)
	90840  -  ResidentSetSize of job (KB)
...
040 (6053728.000.000) 08/17 02:11:53 Started transferring output files
...
040 (6053728.000.000) 08/17 02:11:53 Finished transferring output files
...
005 (6053728.000.000) 08/17 02:11:53 Job terminated.
	(1) Normal termination (return value 0)
		Usr 0 00:34:50, Sys 0 00:00:06  -  Run Remote Usage
		Usr 0 00:00:00, Sys 0 00:00:00  -  Run Local Usage
		Usr 0 00:34:50, Sys 0 00:00:06  -  Total Remote Usage
		Usr 0 00:00:00, Sys 0 00:00:00  -  Total Local Usage
	17241  -  Run Bytes Sent By Job
	10066  -  Run Bytes Received By Job
	17241  -  Total Bytes Sent By Job
	10066  -  Total Bytes Received By Job
	Partitionable Resources :    Usage  Request Allocated 
	   Cpus                 :     0.99        1         1 
	   Disk (KB)            : 39218     6144000   6146786 
	   GPUs                 :                           0 
	   Memory (MB)          :    89        3000      3000 
	   TimeExecute (s)      :  2115                       
	   TimeSlotBusy (s)     :  2117                       
...
