000 (6053698.000.000) 08/17 01:32:11 Job submitted from host: <188.185.133.2:9618?addrs=188.185.133.2-9618+[2001-1458-d03-2--100-208]-9618&alias=bigbird102.cern.ch&noUDP&sock=schedd_5723_1498>
    DAG Node: C_A01_S3_F1
...
040 (6053698.000.000) 08/17 01:33:19 Started transferring input files
	Transferring to host: <128.142.52.13:9618?addrs=128.142.52.13-9618+[2001-1458-301-1b--100-a]-9618&alias=b9g02p6767.cern.ch&noUDP&sock=slot1_2_7634_97f0_33107>
...
040 (6053698.000.000) 08/17 01:33:19 Finished transferring input files
...
001 (6053698.000.000) 08/17 01:33:20 Job executing on host: <128.142.52.13:9618?addrs=128.142.52.13-9618+[2001-1458-301-1b--100-a]-9618&alias=b9g02p6767.cern.ch&noUDP&sock=startd_6539_c9e0>
	SlotName: slot1_2@b9g02p6767.cern.ch
	CondorScratchDir = "/pool/condor/dir_469801"
	Cpus = 1
	Disk = 6155516
	GPUs = 0
	Memory = 3000
...
006 (6053698.000.000) 08/17 01:33:28 Image size of job updated: 46104
	31  -  MemoryUsage of job (MB)
	31184  -  ResidentSetSize of job (KB)
...
006 (6053698.000.000) 08/17 01:38:28 Image size of job updated: 94432
	93  -  MemoryUsage of job (MB)
	94432  -  ResidentSetSize of job (KB)
...
006 (6053698.000.000) 08/17 01:53:29 Image size of job updated: 94596
	93  -  MemoryUsage of job (MB)
	94596  -  ResidentSetSize of job (KB)
...
006 (6053698.000.000) 08/17 01:58:30 Image size of job updated: 94764
	93  -  MemoryUsage of job (MB)
	94764  -  ResidentSetSize of job (KB)
...
006 (6053698.000.000) 08/17 02:03:30 Image size of job updated: 95104
	93  -  MemoryUsage of job (MB)
	95104  -  ResidentSetSize of job (KB)
...
040 (6053698.000.000) 08/17 02:07:22 Started transferring output files
...
040 (6053698.000.000) 08/17 02:07:22 Finished transferring output files
...
005 (6053698.000.000) 08/17 02:07:23 Job terminated.
	(1) Normal termination (return value 0)
		Usr 0 00:33:42, Sys 0 00:00:05  -  Run Remote Usage
		Usr 0 00:00:00, Sys 0 00:00:00  -  Run Local Usage
		Usr 0 00:33:42, Sys 0 00:00:05  -  Total Remote Usage
		Usr 0 00:00:00, Sys 0 00:00:00  -  Total Local Usage
	17240  -  Run Bytes Sent By Job
	10066  -  Run Bytes Received By Job
	17240  -  Total Bytes Sent By Job
	10066  -  Total Bytes Received By Job
	Partitionable Resources :    Usage  Request Allocated 
	   Cpus                 :     0.99        1         1 
	   Disk (KB)            : 39259     6144000   6155516 
	   GPUs                 :                           0 
	   Memory (MB)          :    93        3000      3000 
	   TimeExecute (s)      :  2042                       
	   TimeSlotBusy (s)     :  2043                       
...
