000 (6053908.000.000) 08/17 02:00:43 Job submitted from host: <188.185.133.2:9618?addrs=188.185.133.2-9618+[2001-1458-d03-2--100-208]-9618&alias=bigbird102.cern.ch&noUDP&sock=schedd_5723_1498>
    DAG Node: C_A09_S2_F0
...
040 (6053908.000.000) 08/17 02:01:02 Started transferring input files
	Transferring to host: <188.185.196.162:9618?addrs=188.185.196.162-9618+[2001-1458-303-23--100-9e]-9618&alias=b9p16p9691.cern.ch&noUDP&sock=slot1_12_7482_7ee9_32675>
...
040 (6053908.000.000) 08/17 02:01:02 Finished transferring input files
...
001 (6053908.000.000) 08/17 02:01:03 Job executing on host: <188.185.196.162:9618?addrs=188.185.196.162-9618+[2001-1458-303-23--100-9e]-9618&alias=b9p16p9691.cern.ch&noUDP&sock=startd_6411_fdc1>
	SlotName: slot1_12@b9p16p9691.cern.ch
	CondorScratchDir = "/pool/condor/dir_873880"
	Cpus = 1
	Disk = 6146865
	GPUs = 0
	Memory = 3000
...
006 (6053908.000.000) 08/17 02:01:11 Image size of job updated: 32284
	31  -  MemoryUsage of job (MB)
	31332  -  ResidentSetSize of job (KB)
...
006 (6053908.000.000) 08/17 02:06:11 Image size of job updated: 96792
	95  -  MemoryUsage of job (MB)
	96792  -  ResidentSetSize of job (KB)
...
006 (6053908.000.000) 08/17 02:11:12 Image size of job updated: 108716
	107  -  MemoryUsage of job (MB)
	108716  -  ResidentSetSize of job (KB)
...
006 (6053908.000.000) 08/17 02:16:12 Image size of job updated: 108724
	107  -  MemoryUsage of job (MB)
	108724  -  ResidentSetSize of job (KB)
...
006 (6053908.000.000) 08/17 02:21:13 Image size of job updated: 119560
	117  -  MemoryUsage of job (MB)
	119560  -  ResidentSetSize of job (KB)
...
006 (6053908.000.000) 08/17 02:24:46 Image size of job updated: 119568
	117  -  MemoryUsage of job (MB)
	119560  -  ResidentSetSize of job (KB)
...
040 (6053908.000.000) 08/17 02:24:46 Started transferring output files
...
040 (6053908.000.000) 08/17 02:24:46 Finished transferring output files
...
005 (6053908.000.000) 08/17 02:24:46 Job terminated.
	(1) Normal termination (return value 0)
		Usr 0 00:23:24, Sys 0 00:00:03  -  Run Remote Usage
		Usr 0 00:00:00, Sys 0 00:00:00  -  Run Local Usage
		Usr 0 00:23:24, Sys 0 00:00:03  -  Total Remote Usage
		Usr 0 00:00:00, Sys 0 00:00:00  -  Total Local Usage
	17386  -  Run Bytes Sent By Job
	10066  -  Run Bytes Received By Job
	17386  -  Total Bytes Sent By Job
	10066  -  Total Bytes Received By Job
	Partitionable Resources :    Usage  Request Allocated 
	   Cpus                 :     1.00        1         1 
	   Disk (KB)            : 39260     6144000   6146865 
	   GPUs                 :                           0 
	   Memory (MB)          :   117        3000      3000 
	   TimeExecute (s)      :  1423                       
	   TimeSlotBusy (s)     :  1424                       
...
