000 (6053705.000.000) 08/17 01:32:32 Job submitted from host: <188.185.133.2:9618?addrs=188.185.133.2-9618+[2001-1458-d03-2--100-208]-9618&alias=bigbird102.cern.ch&noUDP&sock=schedd_5723_1498>
    DAG Node: C_A00_S4_F2
...
040 (6053705.000.000) 08/17 01:33:24 Started transferring input files
	Transferring to host: <128.142.248.113:9618?addrs=128.142.248.113-9618+[2001-1458-301-73--100-161]-9618&alias=b9g23p8916.cern.ch&noUDP&sock=slot1_36_6890_60d1_22768>
...
040 (6053705.000.000) 08/17 01:33:24 Finished transferring input files
...
001 (6053705.000.000) 08/17 01:33:25 Job executing on host: <128.142.248.113:9618?addrs=128.142.248.113-9618+[2001-1458-301-73--100-161]-9618&alias=b9g23p8916.cern.ch&noUDP&sock=startd_5889_f151>
	SlotName: slot1_36@b9g23p8916.cern.ch
	CondorScratchDir = "/pool/condor/dir_3997546"
	Cpus = 1
	Disk = 6146503
	GPUs = 0
	Memory = 3000
...
006 (6053705.000.000) 08/17 01:33:33 Image size of job updated: 28076
	24  -  MemoryUsage of job (MB)
	24020  -  ResidentSetSize of job (KB)
...
006 (6053705.000.000) 08/17 01:38:33 Image size of job updated: 90384
	89  -  MemoryUsage of job (MB)
	90384  -  ResidentSetSize of job (KB)
...
006 (6053705.000.000) 08/17 02:43:39 Image size of job updated: 90548
	89  -  MemoryUsage of job (MB)
	90548  -  ResidentSetSize of job (KB)
...
006 (6053705.000.000) 08/17 02:48:40 Image size of job updated: 90600
	89  -  MemoryUsage of job (MB)
	90600  -  ResidentSetSize of job (KB)
...
006 (6053705.000.000) 08/17 02:53:40 Image size of job updated: 90716
	89  -  MemoryUsage of job (MB)
	90716  -  ResidentSetSize of job (KB)
...
006 (6053705.000.000) 08/17 03:08:42 Image size of job updated: 91056
	89  -  MemoryUsage of job (MB)
	91056  -  ResidentSetSize of job (KB)
...
040 (6053705.000.000) 08/17 03:20:48 Started transferring output files
...
040 (6053705.000.000) 08/17 03:20:48 Finished transferring output files
...
005 (6053705.000.000) 08/17 03:20:48 Job terminated.
	(1) Normal termination (return value 0)
		Usr 0 01:46:25, Sys 0 00:00:09  -  Run Remote Usage
		Usr 0 00:00:00, Sys 0 00:00:00  -  Run Local Usage
		Usr 0 01:46:25, Sys 0 00:00:09  -  Total Remote Usage
		Usr 0 00:00:00, Sys 0 00:00:00  -  Total Local Usage
	17436  -  Run Bytes Sent By Job
	10066  -  Run Bytes Received By Job
	17436  -  Total Bytes Sent By Job
	10066  -  Total Bytes Received By Job
	Partitionable Resources :    Usage  Request Allocated 
	   Cpus                 :     0.99        1         1 
	   Disk (KB)            : 39259     6144000   6146503 
	   GPUs                 :                           0 
	   Memory (MB)          :    89        3000      3000 
	   TimeExecute (s)      :  6443                       
	   TimeSlotBusy (s)     :  6444                       
...
