000 (6053940.000.000) 08/17 02:07:22 Job submitted from host: <188.185.133.2:9618?addrs=188.185.133.2-9618+[2001-1458-d03-2--100-208]-9618&alias=bigbird102.cern.ch&noUDP&sock=schedd_5723_1498>
    DAG Node: C_A07_S2_F0
...
040 (6053940.000.000) 08/17 02:07:58 Started transferring input files
	Transferring to host: <188.185.193.15:9618?addrs=188.185.193.15-9618+[2001-1458-303-20--100-b]-9618&alias=b9p19p1806.cern.ch&noUDP&sock=slot1_21_3914040_02b4_29053>
...
040 (6053940.000.000) 08/17 02:07:58 Finished transferring input files
...
001 (6053940.000.000) 08/17 02:07:59 Job executing on host: <188.185.193.15:9618?addrs=188.185.193.15-9618+[2001-1458-303-20--100-b]-9618&alias=b9p19p1806.cern.ch&noUDP&sock=startd_3894_89e0>
	SlotName: slot1_21@b9p19p1806.cern.ch
	CondorScratchDir = "/pool/condor/dir_958582"
	Cpus = 1
	Disk = 6153901
	GPUs = 0
	Memory = 3000
...
006 (6053940.000.000) 08/17 02:08:08 Image size of job updated: 28724
	28  -  MemoryUsage of job (MB)
	27804  -  ResidentSetSize of job (KB)
...
006 (6053940.000.000) 08/17 02:13:09 Image size of job updated: 90532
	89  -  MemoryUsage of job (MB)
	90532  -  ResidentSetSize of job (KB)
...
006 (6053940.000.000) 08/17 02:18:09 Image size of job updated: 91036
	89  -  MemoryUsage of job (MB)
	91036  -  ResidentSetSize of job (KB)
...
006 (6053940.000.000) 08/17 02:23:10 Image size of job updated: 102620
	101  -  MemoryUsage of job (MB)
	102620  -  ResidentSetSize of job (KB)
...
006 (6053940.000.000) 08/17 02:28:10 Image size of job updated: 102624
	101  -  MemoryUsage of job (MB)
	102624  -  ResidentSetSize of job (KB)
...
006 (6053940.000.000) 08/17 02:33:10 Image size of job updated: 113464
	111  -  MemoryUsage of job (MB)
	113464  -  ResidentSetSize of job (KB)
...
006 (6053940.000.000) 08/17 02:43:11 Image size of job updated: 113472
	111  -  MemoryUsage of job (MB)
	113472  -  ResidentSetSize of job (KB)
...
040 (6053940.000.000) 08/17 02:44:30 Started transferring output files
...
040 (6053940.000.000) 08/17 02:44:30 Finished transferring output files
...
005 (6053940.000.000) 08/17 02:44:30 Job terminated.
	(1) Normal termination (return value 0)
		Usr 0 00:35:48, Sys 0 00:00:09  -  Run Remote Usage
		Usr 0 00:00:00, Sys 0 00:00:00  -  Run Local Usage
		Usr 0 00:35:48, Sys 0 00:00:09  -  Total Remote Usage
		Usr 0 00:00:00, Sys 0 00:00:00  -  Total Local Usage
	17910  -  Run Bytes Sent By Job
	10066  -  Run Bytes Received By Job
	17910  -  Total Bytes Sent By Job
	10066  -  Total Bytes Received By Job
	Partitionable Resources :    Usage  Request Allocated 
	   Cpus                 :     0.99        1         1 
	   Disk (KB)            : 39262     6144000   6153901 
	   GPUs                 :                           0 
	   Memory (MB)          :   111        3000      3000 
	   TimeExecute (s)      :  2191                       
	   TimeSlotBusy (s)     :  2192                       
...
