000 (6053812.000.000) 08/17 01:44:17 Job submitted from host: <188.185.133.2:9618?addrs=188.185.133.2-9618+[2001-1458-d03-2--100-208]-9618&alias=bigbird102.cern.ch&noUDP&sock=schedd_5723_1498>
    DAG Node: C_A14_S1_F1
...
040 (6053812.000.000) 08/17 01:46:34 Started transferring input files
	Transferring to host: <188.185.194.94:9618?addrs=188.185.194.94-9618+[2001-1458-303-21--100-5a]-9618&alias=b9p20p6999.cern.ch&noUDP&sock=slot1_23_671511_ff44_28963>
...
040 (6053812.000.000) 08/17 01:46:34 Finished transferring input files
...
001 (6053812.000.000) 08/17 01:46:35 Job executing on host: <188.185.194.94:9618?addrs=188.185.194.94-9618+[2001-1458-303-21--100-5a]-9618&alias=b9p20p6999.cern.ch&noUDP&sock=startd_2596_37f2>
	SlotName: slot1_23@b9p20p6999.cern.ch
	CondorScratchDir = "/pool/condor/dir_2086425"
	Cpus = 1
	Disk = 6147483
	GPUs = 0
	Memory = 3000
...
006 (6053812.000.000) 08/17 01:46:43 Image size of job updated: 35992
	36  -  MemoryUsage of job (MB)
	35992  -  ResidentSetSize of job (KB)
...
006 (6053812.000.000) 08/17 01:51:43 Image size of job updated: 94596
	93  -  MemoryUsage of job (MB)
	94596  -  ResidentSetSize of job (KB)
...
006 (6053812.000.000) 08/17 02:01:44 Image size of job updated: 94764
	93  -  MemoryUsage of job (MB)
	94764  -  ResidentSetSize of job (KB)
...
006 (6053812.000.000) 08/17 02:06:45 Image size of job updated: 94932
	93  -  MemoryUsage of job (MB)
	94932  -  ResidentSetSize of job (KB)
...
006 (6053812.000.000) 08/17 02:11:45 Image size of job updated: 95100
	93  -  MemoryUsage of job (MB)
	95100  -  ResidentSetSize of job (KB)
...
006 (6053812.000.000) 08/17 02:16:45 Image size of job updated: 95272
	94  -  MemoryUsage of job (MB)
	95272  -  ResidentSetSize of job (KB)
...
040 (6053812.000.000) 08/17 02:17:14 Started transferring output files
...
040 (6053812.000.000) 08/17 02:17:14 Finished transferring output files
...
005 (6053812.000.000) 08/17 02:17:14 Job terminated.
	(1) Normal termination (return value 0)
		Usr 0 00:30:17, Sys 0 00:00:05  -  Run Remote Usage
		Usr 0 00:00:00, Sys 0 00:00:00  -  Run Local Usage
		Usr 0 00:30:17, Sys 0 00:00:05  -  Total Remote Usage
		Usr 0 00:00:00, Sys 0 00:00:00  -  Total Local Usage
	17172  -  Run Bytes Sent By Job
	10066  -  Run Bytes Received By Job
	17172  -  Total Bytes Sent By Job
	10066  -  Total Bytes Received By Job
	Partitionable Resources :    Usage  Request Allocated 
	   Cpus                 :     0.99        1         1 
	   Disk (KB)            : 39258     6144000   6147483 
	   GPUs                 :                           0 
	   Memory (MB)          :    94        3000      3000 
	   TimeExecute (s)      :  1839                       
	   TimeSlotBusy (s)     :  1840                       
...
