000 (6053981.000.000) 08/17 02:15:58 Job submitted from host: <188.185.133.2:9618?addrs=188.185.133.2-9618+[2001-1458-d03-2--100-208]-9618&alias=bigbird102.cern.ch&noUDP&sock=schedd_5723_1498>
    DAG Node: C_A08_S4_F1
...
040 (6053981.000.000) 08/17 02:16:11 Started transferring input files
	Transferring to host: <128.142.248.180:9618?addrs=128.142.248.180-9618+[2001-1458-301-73--100-b3]-9618&alias=b9g23p3446.cern.ch&noUDP&sock=slot1_10_4530_8b71_23880>
...
040 (6053981.000.000) 08/17 02:16:11 Finished transferring input files
...
001 (6053981.000.000) 08/17 02:16:12 Job executing on host: <128.142.248.180:9618?addrs=128.142.248.180-9618+[2001-1458-301-73--100-b3]-9618&alias=b9g23p3446.cern.ch&noUDP&sock=startd_3288_df7c>
	SlotName: slot1_10@b9g23p3446.cern.ch
	CondorScratchDir = "/pool/condor/dir_1653267"
	Cpus = 1
	Disk = 6147182
	GPUs = 0
	Memory = 3000
...
006 (6053981.000.000) 08/17 02:16:20 Image size of job updated: 38620
	31  -  MemoryUsage of job (MB)
	31264  -  ResidentSetSize of job (KB)
...
006 (6053981.000.000) 08/17 02:21:20 Image size of job updated: 94432
	93  -  MemoryUsage of job (MB)
	94432  -  ResidentSetSize of job (KB)
...
006 (6053981.000.000) 08/17 02:36:22 Image size of job updated: 94436
	93  -  MemoryUsage of job (MB)
	94436  -  ResidentSetSize of job (KB)
...
006 (6053981.000.000) 08/17 02:46:23 Image size of job updated: 94768
	93  -  MemoryUsage of job (MB)
	94768  -  ResidentSetSize of job (KB)
...
006 (6053981.000.000) 08/17 02:56:24 Image size of job updated: 95108
	93  -  MemoryUsage of job (MB)
	95108  -  ResidentSetSize of job (KB)
...
040 (6053981.000.000) 08/17 03:00:23 Started transferring output files
...
040 (6053981.000.000) 08/17 03:00:23 Finished transferring output files
...
005 (6053981.000.000) 08/17 03:00:23 Job terminated.
	(1) Normal termination (return value 0)
		Usr 0 00:43:31, Sys 0 00:00:08  -  Run Remote Usage
		Usr 0 00:00:00, Sys 0 00:00:00  -  Run Local Usage
		Usr 0 00:43:31, Sys 0 00:00:08  -  Total Remote Usage
		Usr 0 00:00:00, Sys 0 00:00:00  -  Total Local Usage
	17372  -  Run Bytes Sent By Job
	10066  -  Run Bytes Received By Job
	17372  -  Total Bytes Sent By Job
	10066  -  Total Bytes Received By Job
	Partitionable Resources :    Usage  Request Allocated 
	   Cpus                 :     0.99        1         1 
	   Disk (KB)            : 39260     6144000   6147182 
	   GPUs                 :                           0 
	   Memory (MB)          :    93        3000      3000 
	   TimeExecute (s)      :  2651                       
	   TimeSlotBusy (s)     :  2653                       
...
