000 (6053937.000.000) 08/17 02:06:52 Job submitted from host: <188.185.133.2:9618?addrs=188.185.133.2-9618+[2001-1458-d03-2--100-208]-9618&alias=bigbird102.cern.ch&noUDP&sock=schedd_5723_1498>
    DAG Node: C_A11_S5_F1
...
040 (6053937.000.000) 08/17 02:07:15 Started transferring input files
	Transferring to host: <188.185.197.114:9618?addrs=188.185.197.114-9618+[2001-1458-303-24--100-6e]-9618&alias=b9p14p0624.cern.ch&noUDP&sock=slot1_17_8970_ed26_23691>
...
040 (6053937.000.000) 08/17 02:07:15 Finished transferring input files
...
001 (6053937.000.000) 08/17 02:07:16 Job executing on host: <188.185.197.114:9618?addrs=188.185.197.114-9618+[2001-1458-303-24--100-6e]-9618&alias=b9p14p0624.cern.ch&noUDP&sock=startd_7567_e93c>
	SlotName: slot1_17@b9p14p0624.cern.ch
	CondorScratchDir = "/pool/condor/dir_896355"
	Cpus = 1
	Disk = 6146971
	GPUs = 0
	Memory = 3000
...
006 (6053937.000.000) 08/17 02:07:24 Image size of job updated: 31240
	31  -  MemoryUsage of job (MB)
	31240  -  ResidentSetSize of job (KB)
...
006 (6053937.000.000) 08/17 02:12:24 Image size of job updated: 97896
	93  -  MemoryUsage of job (MB)
	94500  -  ResidentSetSize of job (KB)
...
006 (6053937.000.000) 08/17 02:32:27 Image size of job updated: 97896
	93  -  MemoryUsage of job (MB)
	94836  -  ResidentSetSize of job (KB)
...
006 (6053937.000.000) 08/17 02:37:27 Image size of job updated: 97896
	93  -  MemoryUsage of job (MB)
	95176  -  ResidentSetSize of job (KB)
...
040 (6053937.000.000) 08/17 02:40:54 Started transferring output files
...
040 (6053937.000.000) 08/17 02:40:54 Finished transferring output files
...
005 (6053937.000.000) 08/17 02:40:54 Job terminated.
	(1) Normal termination (return value 0)
		Usr 0 00:33:14, Sys 0 00:00:05  -  Run Remote Usage
		Usr 0 00:00:00, Sys 0 00:00:00  -  Run Local Usage
		Usr 0 00:33:14, Sys 0 00:00:05  -  Total Remote Usage
		Usr 0 00:00:00, Sys 0 00:00:00  -  Total Local Usage
	17994  -  Run Bytes Sent By Job
	10066  -  Run Bytes Received By Job
	17994  -  Total Bytes Sent By Job
	10066  -  Total Bytes Received By Job
	Partitionable Resources :    Usage  Request Allocated 
	   Cpus                 :     0.99        1         1 
	   Disk (KB)            : 39262     6144000   6146971 
	   GPUs                 :                           0 
	   Memory (MB)          :    93        3000      3000 
	   TimeExecute (s)      :  2018                       
	   TimeSlotBusy (s)     :  2019                       
...
