000 (6053730.000.000) 08/17 01:35:41 Job submitted from host: <188.185.133.2:9618?addrs=188.185.133.2-9618+[2001-1458-d03-2--100-208]-9618&alias=bigbird102.cern.ch&noUDP&sock=schedd_5723_1498>
    DAG Node: C_A04_S3_F0
...
040 (6053730.000.000) 08/17 01:36:38 Started transferring input files
	Transferring to host: <188.185.193.14:9618?addrs=188.185.193.14-9618+[2001-1458-303-20--100-a]-9618&alias=b9p19p9524.cern.ch&noUDP&sock=slot1_10_6397_03dd_32503>
...
040 (6053730.000.000) 08/17 01:36:38 Finished transferring input files
...
001 (6053730.000.000) 08/17 01:36:39 Job executing on host: <188.185.193.14:9618?addrs=188.185.193.14-9618+[2001-1458-303-20--100-a]-9618&alias=b9p19p9524.cern.ch&noUDP&sock=startd_5512_5a1d>
	SlotName: slot1_10@b9p19p9524.cern.ch
	CondorScratchDir = "/pool/condor/dir_1501676"
	Cpus = 1
	Disk = 6146835
	GPUs = 0
	Memory = 3000
...
006 (6053730.000.000) 08/17 01:36:48 Image size of job updated: 28708
	29  -  MemoryUsage of job (MB)
	28708  -  ResidentSetSize of job (KB)
...
006 (6053730.000.000) 08/17 01:41:49 Image size of job updated: 90536
	89  -  MemoryUsage of job (MB)
	90536  -  ResidentSetSize of job (KB)
...
006 (6053730.000.000) 08/17 01:46:49 Image size of job updated: 90872
	89  -  MemoryUsage of job (MB)
	90872  -  ResidentSetSize of job (KB)
...
006 (6053730.000.000) 08/17 01:51:49 Image size of job updated: 102624
	101  -  MemoryUsage of job (MB)
	102624  -  ResidentSetSize of job (KB)
...
006 (6053730.000.000) 08/17 02:01:50 Image size of job updated: 102632
	101  -  MemoryUsage of job (MB)
	102632  -  ResidentSetSize of job (KB)
...
006 (6053730.000.000) 08/17 02:06:52 Image size of job updated: 113468
	111  -  MemoryUsage of job (MB)
	113468  -  ResidentSetSize of job (KB)
...
006 (6053730.000.000) 08/17 02:11:52 Image size of job updated: 113472
	111  -  MemoryUsage of job (MB)
	113472  -  ResidentSetSize of job (KB)
...
006 (6053730.000.000) 08/17 02:16:22 Image size of job updated: 113476
	111  -  MemoryUsage of job (MB)
	113472  -  ResidentSetSize of job (KB)
...
040 (6053730.000.000) 08/17 02:16:22 Started transferring output files
...
040 (6053730.000.000) 08/17 02:16:22 Finished transferring output files
...
005 (6053730.000.000) 08/17 02:16:22 Job terminated.
	(1) Normal termination (return value 0)
		Usr 0 00:39:07, Sys 0 00:00:07  -  Run Remote Usage
		Usr 0 00:00:00, Sys 0 00:00:00  -  Run Local Usage
		Usr 0 00:39:07, Sys 0 00:00:07  -  Total Remote Usage
		Usr 0 00:00:00, Sys 0 00:00:00  -  Total Local Usage
	17383  -  Run Bytes Sent By Job
	10066  -  Run Bytes Received By Job
	17383  -  Total Bytes Sent By Job
	10066  -  Total Bytes Received By Job
	Partitionable Resources :    Usage  Request Allocated 
	   Cpus                 :     0.99        1         1 
	   Disk (KB)            : 39259     6144000   6146835 
	   GPUs                 :                           0 
	   Memory (MB)          :   111        3000      3000 
	   TimeExecute (s)      :  2383                       
	   TimeSlotBusy (s)     :  2385                       
...
