000 (6053965.000.000) 08/17 02:12:34 Job submitted from host: <188.185.133.2:9618?addrs=188.185.133.2-9618+[2001-1458-d03-2--100-208]-9618&alias=bigbird102.cern.ch&noUDP&sock=schedd_5723_1498>
    DAG Node: C_A13_S6_F0
...
040 (6053965.000.000) 08/17 02:13:16 Started transferring input files
	Transferring to host: <188.185.194.186:9618?addrs=188.185.194.186-9618+[2001-1458-303-21--100-b6]-9618&alias=b9p20p8645.cern.ch&noUDP&sock=slot1_19_6401_d55d_30638>
...
040 (6053965.000.000) 08/17 02:13:16 Finished transferring input files
...
001 (6053965.000.000) 08/17 02:13:17 Job executing on host: <188.185.194.186:9618?addrs=188.185.194.186-9618+[2001-1458-303-21--100-b6]-9618&alias=b9p20p8645.cern.ch&noUDP&sock=startd_5433_2a21>
	SlotName: slot1_19@b9p20p8645.cern.ch
	CondorScratchDir = "/pool/condor/dir_3144178"
	Cpus = 1
	Disk = 6181763
	GPUs = 0
	Memory = 3000
...
006 (6053965.000.000) 08/17 02:13:25 Image size of job updated: 49312
	49  -  MemoryUsage of job (MB)
	49312  -  ResidentSetSize of job (KB)
...
006 (6053965.000.000) 08/17 02:18:25 Image size of job updated: 94588
	93  -  MemoryUsage of job (MB)
	94588  -  ResidentSetSize of job (KB)
...
006 (6053965.000.000) 08/17 02:23:26 Image size of job updated: 94808
	93  -  MemoryUsage of job (MB)
	94808  -  ResidentSetSize of job (KB)
...
006 (6053965.000.000) 08/17 02:28:26 Image size of job updated: 95264
	94  -  MemoryUsage of job (MB)
	95264  -  ResidentSetSize of job (KB)
...
006 (6053965.000.000) 08/17 02:33:27 Image size of job updated: 106676
	105  -  MemoryUsage of job (MB)
	106676  -  ResidentSetSize of job (KB)
...
006 (6053965.000.000) 08/17 02:43:28 Image size of job updated: 106680
	105  -  MemoryUsage of job (MB)
	106680  -  ResidentSetSize of job (KB)
...
006 (6053965.000.000) 08/17 02:48:29 Image size of job updated: 117520
	115  -  MemoryUsage of job (MB)
	117520  -  ResidentSetSize of job (KB)
...
006 (6053965.000.000) 08/17 02:58:29 Image size of job updated: 117524
	115  -  MemoryUsage of job (MB)
	117524  -  ResidentSetSize of job (KB)
...
006 (6053965.000.000) 08/17 03:02:54 Image size of job updated: 117528
	115  -  MemoryUsage of job (MB)
	117524  -  ResidentSetSize of job (KB)
...
040 (6053965.000.000) 08/17 03:02:54 Started transferring output files
...
040 (6053965.000.000) 08/17 03:02:54 Finished transferring output files
...
005 (6053965.000.000) 08/17 03:02:54 Job terminated.
	(1) Normal termination (return value 0)
		Usr 0 00:49:02, Sys 0 00:00:07  -  Run Remote Usage
		Usr 0 00:00:00, Sys 0 00:00:00  -  Run Local Usage
		Usr 0 00:49:02, Sys 0 00:00:07  -  Total Remote Usage
		Usr 0 00:00:00, Sys 0 00:00:00  -  Total Local Usage
	17389  -  Run Bytes Sent By Job
	10066  -  Run Bytes Received By Job
	17389  -  Total Bytes Sent By Job
	10066  -  Total Bytes Received By Job
	Partitionable Resources :    Usage  Request Allocated 
	   Cpus                 :     0.99        1         1 
	   Disk (KB)            : 39260     6144000   6181763 
	   GPUs                 :                           0 
	   Memory (MB)          :   115        3000      3000 
	   TimeExecute (s)      :  2977                       
	   TimeSlotBusy (s)     :  2978                       
...
