000 (6053871.000.000) 08/17 01:54:24 Job submitted from host: <188.185.133.2:9618?addrs=188.185.133.2-9618+[2001-1458-d03-2--100-208]-9618&alias=bigbird102.cern.ch&noUDP&sock=schedd_5723_1498>
    DAG Node: C_A03_S5_F0
...
040 (6053871.000.000) 08/17 01:54:57 Started transferring input files
	Transferring to host: <128.142.162.20:9618?addrs=128.142.162.20-9618+[2001-1458-301-7b--100-d]-9618&alias=b9g42p1027.cern.ch&noUDP&sock=slot1_9_4119_f541_22117>
...
040 (6053871.000.000) 08/17 01:54:57 Finished transferring input files
...
001 (6053871.000.000) 08/17 01:54:58 Job executing on host: <128.142.162.20:9618?addrs=128.142.162.20-9618+[2001-1458-301-7b--100-d]-9618&alias=b9g42p1027.cern.ch&noUDP&sock=startd_3782_b745>
	SlotName: slot1_9@b9g42p1027.cern.ch
	CondorScratchDir = "/pool/condor/dir_1826728"
	Cpus = 1
	Disk = 6156778
	GPUs = 0
	Memory = 3000
...
006 (6053871.000.000) 08/17 01:55:07 Image size of job updated: 30392
	29  -  MemoryUsage of job (MB)
	29240  -  ResidentSetSize of job (KB)
...
006 (6053871.000.000) 08/17 02:00:09 Image size of job updated: 114608
	91  -  MemoryUsage of job (MB)
	92200  -  ResidentSetSize of job (KB)
...
006 (6053871.000.000) 08/17 02:05:09 Image size of job updated: 114608
	91  -  MemoryUsage of job (MB)
	92876  -  ResidentSetSize of job (KB)
...
006 (6053871.000.000) 08/17 02:10:09 Image size of job updated: 114608
	102  -  MemoryUsage of job (MB)
	104292  -  ResidentSetSize of job (KB)
...
006 (6053871.000.000) 08/17 02:15:10 Image size of job updated: 114608
	102  -  MemoryUsage of job (MB)
	104300  -  ResidentSetSize of job (KB)
...
006 (6053871.000.000) 08/17 02:20:10 Image size of job updated: 115136
	113  -  MemoryUsage of job (MB)
	115136  -  ResidentSetSize of job (KB)
...
006 (6053871.000.000) 08/17 02:25:11 Image size of job updated: 115144
	113  -  MemoryUsage of job (MB)
	115144  -  ResidentSetSize of job (KB)
...
040 (6053871.000.000) 08/17 02:26:22 Started transferring output files
...
040 (6053871.000.000) 08/17 02:26:22 Finished transferring output files
...
005 (6053871.000.000) 08/17 02:26:22 Job terminated.
	(1) Normal termination (return value 0)
		Usr 0 00:31:01, Sys 0 00:00:05  -  Run Remote Usage
		Usr 0 00:00:00, Sys 0 00:00:00  -  Run Local Usage
		Usr 0 00:31:01, Sys 0 00:00:05  -  Total Remote Usage
		Usr 0 00:00:00, Sys 0 00:00:00  -  Total Local Usage
	17579  -  Run Bytes Sent By Job
	10066  -  Run Bytes Received By Job
	17579  -  Total Bytes Sent By Job
	10066  -  Total Bytes Received By Job
	Partitionable Resources :    Usage  Request Allocated 
	   Cpus                 :     1.00        1         1 
	   Disk (KB)            : 39221     6144000   6156778 
	   GPUs                 :                           0 
	   Memory (MB)          :   113        3000      3000 
	   TimeExecute (s)      :  1884                       
	   TimeSlotBusy (s)     :  1886                       
...
