000 (6053638.000.000) 08/17 01:28:08 Job submitted from host: <188.185.133.2:9618?addrs=188.185.133.2-9618+[2001-1458-d03-2--100-208]-9618&alias=bigbird102.cern.ch&noUDP&sock=schedd_5723_1498>
    DAG Node: C_A05_S7_F2
...
040 (6053638.000.000) 08/17 01:29:53 Started transferring input files
	Transferring to host: <128.142.162.35:9618?addrs=128.142.162.35-9618+[2001-1458-301-7b--100-1c]-9618&alias=b9g42p1008.cern.ch&noUDP&sock=slot1_13_4985_2224_27683>
...
040 (6053638.000.000) 08/17 01:29:53 Finished transferring input files
...
001 (6053638.000.000) 08/17 01:29:54 Job executing on host: <128.142.162.35:9618?addrs=128.142.162.35-9618+[2001-1458-301-7b--100-1c]-9618&alias=b9g42p1008.cern.ch&noUDP&sock=startd_4167_cb3b>
	SlotName: slot1_13@b9g42p1008.cern.ch
	CondorScratchDir = "/pool/condor/dir_3344690"
	Cpus = 1
	Disk = 6146786
	GPUs = 0
	Memory = 3000
...
006 (6053638.000.000) 08/17 01:30:02 Image size of job updated: 31056
	31  -  MemoryUsage of job (MB)
	31056  -  ResidentSetSize of job (KB)
...
006 (6053638.000.000) 08/17 01:35:02 Image size of job updated: 96276
	95  -  MemoryUsage of job (MB)
	96276  -  ResidentSetSize of job (KB)
...
006 (6053638.000.000) 08/17 02:05:05 Image size of job updated: 96328
	95  -  MemoryUsage of job (MB)
	96328  -  ResidentSetSize of job (KB)
...
006 (6053638.000.000) 08/17 02:10:06 Image size of job updated: 96444
	95  -  MemoryUsage of job (MB)
	96444  -  ResidentSetSize of job (KB)
...
006 (6053638.000.000) 08/17 02:15:06 Image size of job updated: 96608
	95  -  MemoryUsage of job (MB)
	96608  -  ResidentSetSize of job (KB)
...
006 (6053638.000.000) 08/17 02:25:07 Image size of job updated: 96696
	95  -  MemoryUsage of job (MB)
	96696  -  ResidentSetSize of job (KB)
...
006 (6053638.000.000) 08/17 02:35:08 Image size of job updated: 96864
	95  -  MemoryUsage of job (MB)
	96864  -  ResidentSetSize of job (KB)
...
006 (6053638.000.000) 08/17 02:40:08 Image size of job updated: 97036
	95  -  MemoryUsage of job (MB)
	97036  -  ResidentSetSize of job (KB)
...
040 (6053638.000.000) 08/17 02:47:59 Started transferring output files
...
040 (6053638.000.000) 08/17 02:47:59 Finished transferring output files
...
005 (6053638.000.000) 08/17 02:47:59 Job terminated.
	(1) Normal termination (return value 0)
		Usr 0 01:17:33, Sys 0 00:00:07  -  Run Remote Usage
		Usr 0 00:00:00, Sys 0 00:00:00  -  Run Local Usage
		Usr 0 01:17:33, Sys 0 00:00:07  -  Total Remote Usage
		Usr 0 00:00:00, Sys 0 00:00:00  -  Total Local Usage
	17168  -  Run Bytes Sent By Job
	10066  -  Run Bytes Received By Job
	17168  -  Total Bytes Sent By Job
	10066  -  Total Bytes Received By Job
	Partitionable Resources :    Usage  Request Allocated 
	   Cpus                 :     1.00        1         1 
	   Disk (KB)            : 39218     6144000   6146786 
	   GPUs                 :                           0 
	   Memory (MB)          :    95        3000      3000 
	   TimeExecute (s)      :  4685                       
	   TimeSlotBusy (s)     :  4688                       
...
