000 (6053906.000.000) 08/17 01:59:51 Job submitted from host: <188.185.133.2:9618?addrs=188.185.133.2-9618+[2001-1458-d03-2--100-208]-9618&alias=bigbird102.cern.ch&noUDP&sock=schedd_5723_1498>
    DAG Node: C_A06_S5_F1
...
040 (6053906.000.000) 08/17 02:00:24 Started transferring input files
	Transferring to host: <128.142.161.142:9618?addrs=128.142.161.142-9618+[2001-1458-301-b9--100-b]-9618&alias=b9g03p5522.cern.ch&noUDP&sock=slot1_9_5876_ec68_31395>
...
040 (6053906.000.000) 08/17 02:00:24 Finished transferring input files
...
001 (6053906.000.000) 08/17 02:00:25 Job executing on host: <128.142.161.142:9618?addrs=128.142.161.142-9618+[2001-1458-301-b9--100-b]-9618&alias=b9g03p5522.cern.ch&noUDP&sock=startd_4671_7ef7>
	SlotName: slot1_9@b9g03p5522.cern.ch
	CondorScratchDir = "/pool/condor/dir_1594247"
	Cpus = 1
	Disk = 6146781
	GPUs = 0
	Memory = 3000
...
006 (6053906.000.000) 08/17 02:00:34 Image size of job updated: 25712
	26  -  MemoryUsage of job (MB)
	25712  -  ResidentSetSize of job (KB)
...
006 (6053906.000.000) 08/17 02:05:34 Image size of job updated: 95868
	93  -  MemoryUsage of job (MB)
	94516  -  ResidentSetSize of job (KB)
...
006 (6053906.000.000) 08/17 02:25:35 Image size of job updated: 95868
	93  -  MemoryUsage of job (MB)
	94736  -  ResidentSetSize of job (KB)
...
006 (6053906.000.000) 08/17 02:30:36 Image size of job updated: 95868
	93  -  MemoryUsage of job (MB)
	95020  -  ResidentSetSize of job (KB)
...
040 (6053906.000.000) 08/17 02:34:55 Started transferring output files
...
040 (6053906.000.000) 08/17 02:34:55 Finished transferring output files
...
005 (6053906.000.000) 08/17 02:34:55 Job terminated.
	(1) Normal termination (return value 0)
		Usr 0 00:33:58, Sys 0 00:00:05  -  Run Remote Usage
		Usr 0 00:00:00, Sys 0 00:00:00  -  Run Local Usage
		Usr 0 00:33:58, Sys 0 00:00:05  -  Total Remote Usage
		Usr 0 00:00:00, Sys 0 00:00:00  -  Total Local Usage
	17995  -  Run Bytes Sent By Job
	10066  -  Run Bytes Received By Job
	17995  -  Total Bytes Sent By Job
	10066  -  Total Bytes Received By Job
	Partitionable Resources :    Usage  Request Allocated 
	   Cpus                 :     0.99        1         1 
	   Disk (KB)            : 39261     6144000   6146781 
	   GPUs                 :                           0 
	   Memory (MB)          :    93        3000      3000 
	   TimeExecute (s)      :  2070                       
	   TimeSlotBusy (s)     :  2072                       
...
