000 (6053846.000.000) 08/17 01:50:36 Job submitted from host: <188.185.133.2:9618?addrs=188.185.133.2-9618+[2001-1458-d03-2--100-208]-9618&alias=bigbird102.cern.ch&noUDP&sock=schedd_5723_1498>
    DAG Node: C_A06_S4_F1
...
040 (6053846.000.000) 08/17 01:51:25 Started transferring input files
	Transferring to host: <128.142.162.41:9618?addrs=128.142.162.41-9618+[2001-1458-301-7b--100-22]-9618&alias=b9g42p1031.cern.ch&noUDP&sock=slot1_21_4413_1b8d_22602>
...
040 (6053846.000.000) 08/17 01:51:25 Finished transferring input files
...
001 (6053846.000.000) 08/17 01:51:26 Job executing on host: <128.142.162.41:9618?addrs=128.142.162.41-9618+[2001-1458-301-7b--100-22]-9618&alias=b9g42p1031.cern.ch&noUDP&sock=startd_4095_686a>
	SlotName: slot1_21@b9g42p1031.cern.ch
	CondorScratchDir = "/pool/condor/dir_2515166"
	Cpus = 1
	Disk = 6146652
	GPUs = 0
	Memory = 3000
...
006 (6053846.000.000) 08/17 01:51:34 Image size of job updated: 27876
	23  -  MemoryUsage of job (MB)
	23292  -  ResidentSetSize of job (KB)
...
006 (6053846.000.000) 08/17 01:56:34 Image size of job updated: 90092
	88  -  MemoryUsage of job (MB)
	90092  -  ResidentSetSize of job (KB)
...
006 (6053846.000.000) 08/17 02:16:36 Image size of job updated: 90260
	89  -  MemoryUsage of job (MB)
	90260  -  ResidentSetSize of job (KB)
...
006 (6053846.000.000) 08/17 02:21:36 Image size of job updated: 90428
	89  -  MemoryUsage of job (MB)
	90428  -  ResidentSetSize of job (KB)
...
006 (6053846.000.000) 08/17 02:26:37 Image size of job updated: 90768
	89  -  MemoryUsage of job (MB)
	90768  -  ResidentSetSize of job (KB)
...
040 (6053846.000.000) 08/17 02:29:38 Started transferring output files
...
040 (6053846.000.000) 08/17 02:29:38 Finished transferring output files
...
005 (6053846.000.000) 08/17 02:29:38 Job terminated.
	(1) Normal termination (return value 0)
		Usr 0 00:37:49, Sys 0 00:00:05  -  Run Remote Usage
		Usr 0 00:00:00, Sys 0 00:00:00  -  Run Local Usage
		Usr 0 00:37:49, Sys 0 00:00:05  -  Total Remote Usage
		Usr 0 00:00:00, Sys 0 00:00:00  -  Total Local Usage
	17995  -  Run Bytes Sent By Job
	10066  -  Run Bytes Received By Job
	17995  -  Total Bytes Sent By Job
	10066  -  Total Bytes Received By Job
	Partitionable Resources :    Usage  Request Allocated 
	   Cpus                 :     1.00        1         1 
	   Disk (KB)            : 39221     6144000   6146652 
	   GPUs                 :                           0 
	   Memory (MB)          :    89        3000      3000 
	   TimeExecute (s)      :  2292                       
	   TimeSlotBusy (s)     :  2293                       
...
