000 (6053632.000.000) 08/17 01:27:58 Job submitted from host: <188.185.133.2:9618?addrs=188.185.133.2-9618+[2001-1458-d03-2--100-208]-9618&alias=bigbird102.cern.ch&noUDP&sock=schedd_5723_1498>
    DAG Node: C_A05_S0_F1
...
040 (6053632.000.000) 08/17 01:29:50 Started transferring input files
	Transferring to host: <128.142.51.212:9618?addrs=128.142.51.212-9618+[2001-1458-301-3--100-11]-9618&alias=b9g02p4657.cern.ch&noUDP&sock=slot1_30_6193_4755_33486>
...
040 (6053632.000.000) 08/17 01:29:50 Finished transferring input files
...
001 (6053632.000.000) 08/17 01:29:51 Job executing on host: <128.142.51.212:9618?addrs=128.142.51.212-9618+[2001-1458-301-3--100-11]-9618&alias=b9g02p4657.cern.ch&noUDP&sock=startd_4550_8001>
	SlotName: slot1_30@b9g02p4657.cern.ch
	CondorScratchDir = "/pool/condor/dir_1413331"
	Cpus = 1
	Disk = 6146830
	GPUs = 0
	Memory = 3000
...
006 (6053632.000.000) 08/17 01:30:00 Image size of job updated: 23568
	24  -  MemoryUsage of job (MB)
	23568  -  ResidentSetSize of job (KB)
...
006 (6053632.000.000) 08/17 01:35:01 Image size of job updated: 90392
	89  -  MemoryUsage of job (MB)
	90392  -  ResidentSetSize of job (KB)
...
006 (6053632.000.000) 08/17 01:45:02 Image size of job updated: 90560
	89  -  MemoryUsage of job (MB)
	90560  -  ResidentSetSize of job (KB)
...
006 (6053632.000.000) 08/17 01:50:02 Image size of job updated: 90728
	89  -  MemoryUsage of job (MB)
	90728  -  ResidentSetSize of job (KB)
...
006 (6053632.000.000) 08/17 01:55:02 Image size of job updated: 90896
	89  -  MemoryUsage of job (MB)
	90896  -  ResidentSetSize of job (KB)
...
006 (6053632.000.000) 08/17 01:59:00 Image size of job updated: 91068
	89  -  MemoryUsage of job (MB)
	90896  -  ResidentSetSize of job (KB)
...
040 (6053632.000.000) 08/17 01:59:00 Started transferring output files
...
040 (6053632.000.000) 08/17 01:59:00 Finished transferring output files
...
005 (6053632.000.000) 08/17 01:59:00 Job terminated.
	(1) Normal termination (return value 0)
		Usr 0 00:28:44, Sys 0 00:00:05  -  Run Remote Usage
		Usr 0 00:00:00, Sys 0 00:00:00  -  Run Local Usage
		Usr 0 00:28:44, Sys 0 00:00:05  -  Total Remote Usage
		Usr 0 00:00:00, Sys 0 00:00:00  -  Total Local Usage
	17164  -  Run Bytes Sent By Job
	10066  -  Run Bytes Received By Job
	17164  -  Total Bytes Sent By Job
	10066  -  Total Bytes Received By Job
	Partitionable Resources :    Usage  Request Allocated 
	   Cpus                 :     1.00        1         1 
	   Disk (KB)            : 39258     6144000   6146830 
	   GPUs                 :                           0 
	   Memory (MB)          :    89        3000      3000 
	   TimeExecute (s)      :  1749                       
	   TimeSlotBusy (s)     :  1751                       
...
