000 (6053605.000.000) 08/17 01:26:31 Job submitted from host: <188.185.133.2:9618?addrs=188.185.133.2-9618+[2001-1458-d03-2--100-208]-9618&alias=bigbird102.cern.ch&noUDP&sock=schedd_5723_1498>
    DAG Node: C_A02_S0_F2
...
040 (6053605.000.000) 08/17 01:26:45 Started transferring input files
	Transferring to host: <188.185.196.27:9618?addrs=188.185.196.27-9618+[2001-1458-303-23--100-17]-9618&alias=b9p16p7172.cern.ch&noUDP&sock=slot1_41_4283_82c7_32476>
...
040 (6053605.000.000) 08/17 01:26:45 Finished transferring input files
...
001 (6053605.000.000) 08/17 01:26:46 Job executing on host: <188.185.196.27:9618?addrs=188.185.196.27-9618+[2001-1458-303-23--100-17]-9618&alias=b9p16p7172.cern.ch&noUDP&sock=startd_3177_bc79>
	SlotName: slot1_41@b9p16p7172.cern.ch
	CondorScratchDir = "/pool/condor/dir_1069129"
	Cpus = 1
	Disk = 6146071
	GPUs = 0
	Memory = 3000
...
006 (6053605.000.000) 08/17 01:26:54 Image size of job updated: 47736
	47  -  MemoryUsage of job (MB)
	47736  -  ResidentSetSize of job (KB)
...
006 (6053605.000.000) 08/17 01:31:54 Image size of job updated: 94592
	93  -  MemoryUsage of job (MB)
	94592  -  ResidentSetSize of job (KB)
...
006 (6053605.000.000) 08/17 02:32:01 Image size of job updated: 94756
	93  -  MemoryUsage of job (MB)
	94756  -  ResidentSetSize of job (KB)
...
006 (6053605.000.000) 08/17 02:37:02 Image size of job updated: 94760
	93  -  MemoryUsage of job (MB)
	94760  -  ResidentSetSize of job (KB)
...
006 (6053605.000.000) 08/17 02:42:03 Image size of job updated: 94812
	93  -  MemoryUsage of job (MB)
	94812  -  ResidentSetSize of job (KB)
...
006 (6053605.000.000) 08/17 02:47:03 Image size of job updated: 94924
	93  -  MemoryUsage of job (MB)
	94924  -  ResidentSetSize of job (KB)
...
006 (6053605.000.000) 08/17 02:57:04 Image size of job updated: 94928
	93  -  MemoryUsage of job (MB)
	94928  -  ResidentSetSize of job (KB)
...
006 (6053605.000.000) 08/17 03:12:06 Image size of job updated: 95096
	93  -  MemoryUsage of job (MB)
	95096  -  ResidentSetSize of job (KB)
...
006 (6053605.000.000) 08/17 03:17:07 Image size of job updated: 95264
	94  -  MemoryUsage of job (MB)
	95264  -  ResidentSetSize of job (KB)
...
006 (6053605.000.000) 08/17 03:22:07 Image size of job updated: 95268
	94  -  MemoryUsage of job (MB)
	95268  -  ResidentSetSize of job (KB)
...
040 (6053605.000.000) 08/17 03:37:25 Started transferring output files
...
040 (6053605.000.000) 08/17 03:37:25 Finished transferring output files
...
005 (6053605.000.000) 08/17 03:37:25 Job terminated.
	(1) Normal termination (return value 0)
		Usr 0 02:09:16, Sys 0 00:00:12  -  Run Remote Usage
		Usr 0 00:00:00, Sys 0 00:00:00  -  Run Local Usage
		Usr 0 02:09:16, Sys 0 00:00:12  -  Total Remote Usage
		Usr 0 00:00:00, Sys 0 00:00:00  -  Total Local Usage
	17168  -  Run Bytes Sent By Job
	10066  -  Run Bytes Received By Job
	17168  -  Total Bytes Sent By Job
	10066  -  Total Bytes Received By Job
	Partitionable Resources :    Usage  Request Allocated 
	   Cpus                 :     0.99        1         1 
	   Disk (KB)            : 39259     6144000   6146071 
	   GPUs                 :                           0 
	   Memory (MB)          :    94        3000      3000 
	   TimeExecute (s)      :  7839                       
	   TimeSlotBusy (s)     :  7840                       
...
