000 (6053697.000.000) 08/17 01:32:11 Job submitted from host: <188.185.133.2:9618?addrs=188.185.133.2-9618+[2001-1458-d03-2--100-208]-9618&alias=bigbird102.cern.ch&noUDP&sock=schedd_5723_1498>
    DAG Node: C_A01_S3_F0
...
040 (6053697.000.000) 08/17 01:33:16 Started transferring input files
	Transferring to host: <128.142.248.79:9618?addrs=128.142.248.79-9618+[2001-1458-301-73--100-13f]-9618&alias=b9g23p1840.cern.ch&noUDP&sock=slot1_18_4038_e2dd_22909>
...
040 (6053697.000.000) 08/17 01:33:16 Finished transferring input files
...
001 (6053697.000.000) 08/17 01:33:17 Job executing on host: <128.142.248.79:9618?addrs=128.142.248.79-9618+[2001-1458-301-73--100-13f]-9618&alias=b9g23p1840.cern.ch&noUDP&sock=startd_3575_bb2a>
	SlotName: slot1_18@b9g23p1840.cern.ch
	CondorScratchDir = "/pool/condor/dir_867698"
	Cpus = 1
	Disk = 6144353
	GPUs = 0
	Memory = 3000
...
006 (6053697.000.000) 08/17 01:33:25 Image size of job updated: 37980
	27  -  MemoryUsage of job (MB)
	27320  -  ResidentSetSize of job (KB)
...
006 (6053697.000.000) 08/17 01:38:25 Image size of job updated: 97720
	93  -  MemoryUsage of job (MB)
	94432  -  ResidentSetSize of job (KB)
...
006 (6053697.000.000) 08/17 01:43:26 Image size of job updated: 97720
	93  -  MemoryUsage of job (MB)
	94764  -  ResidentSetSize of job (KB)
...
006 (6053697.000.000) 08/17 01:48:26 Image size of job updated: 106520
	105  -  MemoryUsage of job (MB)
	106520  -  ResidentSetSize of job (KB)
...
006 (6053697.000.000) 08/17 01:58:28 Image size of job updated: 117364
	115  -  MemoryUsage of job (MB)
	117364  -  ResidentSetSize of job (KB)
...
006 (6053697.000.000) 08/17 02:08:29 Image size of job updated: 117368
	115  -  MemoryUsage of job (MB)
	117368  -  ResidentSetSize of job (KB)
...
006 (6053697.000.000) 08/17 02:10:17 Image size of job updated: 117372
	115  -  MemoryUsage of job (MB)
	117368  -  ResidentSetSize of job (KB)
...
040 (6053697.000.000) 08/17 02:10:17 Started transferring output files
...
040 (6053697.000.000) 08/17 02:10:17 Finished transferring output files
...
005 (6053697.000.000) 08/17 02:10:17 Job terminated.
	(1) Normal termination (return value 0)
		Usr 0 00:36:34, Sys 0 00:00:05  -  Run Remote Usage
		Usr 0 00:00:00, Sys 0 00:00:00  -  Run Local Usage
		Usr 0 00:36:34, Sys 0 00:00:05  -  Total Remote Usage
		Usr 0 00:00:00, Sys 0 00:00:00  -  Total Local Usage
	17382  -  Run Bytes Sent By Job
	10066  -  Run Bytes Received By Job
	17382  -  Total Bytes Sent By Job
	10066  -  Total Bytes Received By Job
	Partitionable Resources :    Usage  Request Allocated 
	   Cpus                 :     0.99        1         1 
	   Disk (KB)            : 39260     6144000   6144353 
	   GPUs                 :                           0 
	   Memory (MB)          :   115        3000      3000 
	   TimeExecute (s)      :  2220                       
	   TimeSlotBusy (s)     :  2221                       
...
