000 (6053744.000.000) 08/17 01:36:17 Job submitted from host: <188.185.133.2:9618?addrs=188.185.133.2-9618+[2001-1458-d03-2--100-208]-9618&alias=bigbird102.cern.ch&noUDP&sock=schedd_5723_1498>
    DAG Node: C_A00_S6_F2
...
040 (6053744.000.000) 08/17 01:36:43 Started transferring input files
	Transferring to host: <188.185.195.94:9618?addrs=188.185.195.94-9618+[2001-1458-303-22--100-5a]-9618&alias=b9p17p5248.cern.ch&noUDP&sock=slot1_27_358847_ec99_30921>
...
040 (6053744.000.000) 08/17 01:36:43 Finished transferring input files
...
001 (6053744.000.000) 08/17 01:36:44 Job executing on host: <188.185.195.94:9618?addrs=188.185.195.94-9618+[2001-1458-303-22--100-5a]-9618&alias=b9p17p5248.cern.ch&noUDP&sock=startd_3379_4a9a>
	SlotName: slot1_27@b9p17p5248.cern.ch
	CondorScratchDir = "/pool/condor/dir_3902020"
	Cpus = 1
	Disk = 6146791
	GPUs = 0
	Memory = 3000
...
006 (6053744.000.000) 08/17 01:36:53 Image size of job updated: 34128
	34  -  MemoryUsage of job (MB)
	34128  -  ResidentSetSize of job (KB)
...
006 (6053744.000.000) 08/17 01:41:54 Image size of job updated: 94588
	93  -  MemoryUsage of job (MB)
	94588  -  ResidentSetSize of job (KB)
...
006 (6053744.000.000) 08/17 02:37:00 Image size of job updated: 94640
	93  -  MemoryUsage of job (MB)
	94640  -  ResidentSetSize of job (KB)
...
006 (6053744.000.000) 08/17 02:42:00 Image size of job updated: 94756
	93  -  MemoryUsage of job (MB)
	94756  -  ResidentSetSize of job (KB)
...
006 (6053744.000.000) 08/17 02:47:00 Image size of job updated: 94920
	93  -  MemoryUsage of job (MB)
	94920  -  ResidentSetSize of job (KB)
...
006 (6053744.000.000) 08/17 02:52:01 Image size of job updated: 94924
	93  -  MemoryUsage of job (MB)
	94924  -  ResidentSetSize of job (KB)
...
006 (6053744.000.000) 08/17 02:57:01 Image size of job updated: 95144
	93  -  MemoryUsage of job (MB)
	95144  -  ResidentSetSize of job (KB)
...
006 (6053744.000.000) 08/17 03:02:02 Image size of job updated: 95264
	94  -  MemoryUsage of job (MB)
	95264  -  ResidentSetSize of job (KB)
...
040 (6053744.000.000) 08/17 03:06:34 Started transferring output files
...
040 (6053744.000.000) 08/17 03:06:34 Finished transferring output files
...
005 (6053744.000.000) 08/17 03:06:34 Job terminated.
	(1) Normal termination (return value 0)
		Usr 0 01:29:00, Sys 0 00:00:07  -  Run Remote Usage
		Usr 0 00:00:00, Sys 0 00:00:00  -  Run Local Usage
		Usr 0 01:29:00, Sys 0 00:00:07  -  Total Remote Usage
		Usr 0 00:00:00, Sys 0 00:00:00  -  Total Local Usage
	17436  -  Run Bytes Sent By Job
	10066  -  Run Bytes Received By Job
	17436  -  Total Bytes Sent By Job
	10066  -  Total Bytes Received By Job
	Partitionable Resources :    Usage  Request Allocated 
	   Cpus                 :     0.99        1         1 
	   Disk (KB)            : 39259     6144000   6146791 
	   GPUs                 :                           0 
	   Memory (MB)          :    94        3000      3000 
	   TimeExecute (s)      :  5389                       
	   TimeSlotBusy (s)     :  5392                       
...
