000 (6053666.000.000) 08/17 01:29:30 Job submitted from host: <188.185.133.2:9618?addrs=188.185.133.2-9618+[2001-1458-d03-2--100-208]-9618&alias=bigbird102.cern.ch&noUDP&sock=schedd_5723_1498>
    DAG Node: C_A05_S5_F1
...
040 (6053666.000.000) 08/17 01:30:01 Started transferring input files
	Transferring to host: <128.142.248.251:9618?addrs=128.142.248.251-9618+[2001-1458-301-73--100-fa]-9618&alias=b9g23p3326.cern.ch&noUDP&sock=slot1_18_6720_990a_23679>
...
040 (6053666.000.000) 08/17 01:30:01 Finished transferring input files
...
001 (6053666.000.000) 08/17 01:30:02 Job executing on host: <128.142.248.251:9618?addrs=128.142.248.251-9618+[2001-1458-301-73--100-fa]-9618&alias=b9g23p3326.cern.ch&noUDP&sock=startd_5167_b5f0>
	SlotName: slot1_18@b9g23p3326.cern.ch
	CondorScratchDir = "/pool/condor/dir_3762926"
	Cpus = 1
	Disk = 6146640
	GPUs = 0
	Memory = 3000
...
006 (6053666.000.000) 08/17 01:30:10 Image size of job updated: 49116
	48  -  MemoryUsage of job (MB)
	49116  -  ResidentSetSize of job (KB)
...
006 (6053666.000.000) 08/17 01:35:10 Image size of job updated: 94448
	93  -  MemoryUsage of job (MB)
	94448  -  ResidentSetSize of job (KB)
...
006 (6053666.000.000) 08/17 01:45:11 Image size of job updated: 94664
	93  -  MemoryUsage of job (MB)
	94664  -  ResidentSetSize of job (KB)
...
006 (6053666.000.000) 08/17 01:50:11 Image size of job updated: 94948
	93  -  MemoryUsage of job (MB)
	94948  -  ResidentSetSize of job (KB)
...
006 (6053666.000.000) 08/17 01:55:12 Image size of job updated: 95120
	93  -  MemoryUsage of job (MB)
	95120  -  ResidentSetSize of job (KB)
...
040 (6053666.000.000) 08/17 01:55:29 Started transferring output files
...
040 (6053666.000.000) 08/17 01:55:29 Finished transferring output files
...
005 (6053666.000.000) 08/17 01:55:29 Job terminated.
	(1) Normal termination (return value 0)
		Usr 0 00:25:10, Sys 0 00:00:04  -  Run Remote Usage
		Usr 0 00:00:00, Sys 0 00:00:00  -  Run Local Usage
		Usr 0 00:25:10, Sys 0 00:00:04  -  Total Remote Usage
		Usr 0 00:00:00, Sys 0 00:00:00  -  Total Local Usage
	17165  -  Run Bytes Sent By Job
	10066  -  Run Bytes Received By Job
	17165  -  Total Bytes Sent By Job
	10066  -  Total Bytes Received By Job
	Partitionable Resources :    Usage  Request Allocated 
	   Cpus                 :     0.99        1         1 
	   Disk (KB)            : 39258     6144000   6146640 
	   GPUs                 :                           0 
	   Memory (MB)          :    93        3000      3000 
	   TimeExecute (s)      :  1527                       
	   TimeSlotBusy (s)     :  1528                       
...
