000 (6054059.000.000) 08/17 03:21:28 Job submitted from host: <188.185.133.2:9618?addrs=188.185.133.2-9618+[2001-1458-d03-2--100-208]-9618&alias=bigbird102.cern.ch&noUDP&sock=schedd_5723_1498>
    DAG Node: C_A12_S2_F1
...
040 (6054059.000.000) 08/17 03:22:30 Started transferring input files
	Transferring to host: <188.185.214.60:9618?addrs=188.185.214.60-9618+[2001-1458-303-1c--100-38]-9618&alias=b9p29p6166.cern.ch&noUDP&sock=slot1_4_4682_a477_41407>
...
040 (6054059.000.000) 08/17 03:22:30 Finished transferring input files
...
001 (6054059.000.000) 08/17 03:22:31 Job executing on host: <188.185.214.60:9618?addrs=188.185.214.60-9618+[2001-1458-303-1c--100-38]-9618&alias=b9p29p6166.cern.ch&noUDP&sock=startd_4039_ff1c>
	SlotName: slot1_4@b9p29p6166.cern.ch
	CondorScratchDir = "/pool/condor/dir_3511488"
	Cpus = 1
	Disk = 6163741
	GPUs = 0
	Memory = 3000
...
006 (6054059.000.000) 08/17 03:22:39 Image size of job updated: 53056
	52  -  MemoryUsage of job (MB)
	53056  -  ResidentSetSize of job (KB)
...
006 (6054059.000.000) 08/17 03:27:39 Image size of job updated: 94568
	93  -  MemoryUsage of job (MB)
	94568  -  ResidentSetSize of job (KB)
...
006 (6054059.000.000) 08/17 03:37:41 Image size of job updated: 94900
	93  -  MemoryUsage of job (MB)
	94900  -  ResidentSetSize of job (KB)
...
006 (6054059.000.000) 08/17 03:41:09 Image size of job updated: 95240
	93  -  MemoryUsage of job (MB)
	94900  -  ResidentSetSize of job (KB)
...
040 (6054059.000.000) 08/17 03:41:09 Started transferring output files
...
040 (6054059.000.000) 08/17 03:41:09 Finished transferring output files
...
005 (6054059.000.000) 08/17 03:41:09 Job terminated.
	(1) Normal termination (return value 0)
		Usr 0 00:18:20, Sys 0 00:00:04  -  Run Remote Usage
		Usr 0 00:00:00, Sys 0 00:00:00  -  Run Local Usage
		Usr 0 00:18:20, Sys 0 00:00:04  -  Total Remote Usage
		Usr 0 00:00:00, Sys 0 00:00:00  -  Total Local Usage
	18002  -  Run Bytes Sent By Job
	10066  -  Run Bytes Received By Job
	18002  -  Total Bytes Sent By Job
	10066  -  Total Bytes Received By Job
	Partitionable Resources :    Usage  Request Allocated 
	   Cpus                 :     0.99        1         1 
	   Disk (KB)            : 39282     6144000   6163741 
	   GPUs                 :                           0 
	   Memory (MB)          :    93        3000      3000 
	   TimeExecute (s)      :  1118                       
	   TimeSlotBusy (s)     :  1120                       
...
