000 (6053707.000.000) 08/17 01:32:52 Job submitted from host: <188.185.133.2:9618?addrs=188.185.133.2-9618+[2001-1458-d03-2--100-208]-9618&alias=bigbird102.cern.ch&noUDP&sock=schedd_5723_1498>
    DAG Node: C_A01_S7_F1
...
040 (6053707.000.000) 08/17 01:33:26 Started transferring input files
	Transferring to host: <188.185.192.102:9618?addrs=188.185.192.102-9618+[2001-1458-303-1f--100-62]-9618&alias=b9p13p6178.cern.ch&noUDP&sock=slot1_1_5130_4c8a_29306>
...
040 (6053707.000.000) 08/17 01:33:26 Finished transferring input files
...
001 (6053707.000.000) 08/17 01:33:27 Job executing on host: <188.185.192.102:9618?addrs=188.185.192.102-9618+[2001-1458-303-1f--100-62]-9618&alias=b9p13p6178.cern.ch&noUDP&sock=startd_3993_71c1>
	SlotName: slot1_1@b9p13p6178.cern.ch
	CondorScratchDir = "/pool/condor/dir_2124372"
	Cpus = 1
	Disk = 6145585
	GPUs = 0
	Memory = 3000
...
006 (6053707.000.000) 08/17 01:33:35 Image size of job updated: 39216
	39  -  MemoryUsage of job (MB)
	39216  -  ResidentSetSize of job (KB)
...
006 (6053707.000.000) 08/17 01:38:35 Image size of job updated: 94440
	93  -  MemoryUsage of job (MB)
	94440  -  ResidentSetSize of job (KB)
...
006 (6053707.000.000) 08/17 01:53:37 Image size of job updated: 94772
	93  -  MemoryUsage of job (MB)
	94772  -  ResidentSetSize of job (KB)
...
006 (6053707.000.000) 08/17 01:58:37 Image size of job updated: 95112
	93  -  MemoryUsage of job (MB)
	95112  -  ResidentSetSize of job (KB)
...
040 (6053707.000.000) 08/17 01:59:13 Started transferring output files
...
040 (6053707.000.000) 08/17 01:59:13 Finished transferring output files
...
005 (6053707.000.000) 08/17 01:59:13 Job terminated.
	(1) Normal termination (return value 0)
		Usr 0 00:25:28, Sys 0 00:00:05  -  Run Remote Usage
		Usr 0 00:00:00, Sys 0 00:00:00  -  Run Local Usage
		Usr 0 00:25:28, Sys 0 00:00:05  -  Total Remote Usage
		Usr 0 00:00:00, Sys 0 00:00:00  -  Total Local Usage
	17241  -  Run Bytes Sent By Job
	10066  -  Run Bytes Received By Job
	17241  -  Total Bytes Sent By Job
	10066  -  Total Bytes Received By Job
	Partitionable Resources :    Usage  Request Allocated 
	   Cpus                 :     1.00        1         1 
	   Disk (KB)            : 39258     6144000   6145585 
	   GPUs                 :                           0 
	   Memory (MB)          :    93        3000      3000 
	   TimeExecute (s)      :  1546                       
	   TimeSlotBusy (s)     :  1548                       
...
