000 (6053948.000.000) 08/17 02:08:54 Job submitted from host: <188.185.133.2:9618?addrs=188.185.133.2-9618+[2001-1458-d03-2--100-208]-9618&alias=bigbird102.cern.ch&noUDP&sock=schedd_5723_1498>
    DAG Node: C_A07_S7_F0
...
040 (6053948.000.000) 08/17 02:10:04 Started transferring input files
	Transferring to host: <188.185.193.158:9618?addrs=188.185.193.158-9618+[2001-1458-303-20--100-9a]-9618&alias=b9p19p8015.cern.ch&noUDP&sock=slot1_32_4374_a0eb_32185>
...
040 (6053948.000.000) 08/17 02:10:04 Finished transferring input files
...
001 (6053948.000.000) 08/17 02:10:05 Job executing on host: <188.185.193.158:9618?addrs=188.185.193.158-9618+[2001-1458-303-20--100-9a]-9618&alias=b9p19p8015.cern.ch&noUDP&sock=startd_3188_4803>
	SlotName: slot1_32@b9p19p8015.cern.ch
	CondorScratchDir = "/pool/condor/dir_1409932"
	Cpus = 1
	Disk = 6147343
	GPUs = 0
	Memory = 3000
...
006 (6053948.000.000) 08/17 02:10:14 Image size of job updated: 40080
	31  -  MemoryUsage of job (MB)
	31692  -  ResidentSetSize of job (KB)
...
006 (6053948.000.000) 08/17 02:15:15 Image size of job updated: 94596
	93  -  MemoryUsage of job (MB)
	94596  -  ResidentSetSize of job (KB)
...
006 (6053948.000.000) 08/17 02:20:15 Image size of job updated: 95272
	94  -  MemoryUsage of job (MB)
	95272  -  ResidentSetSize of job (KB)
...
006 (6053948.000.000) 08/17 02:25:16 Image size of job updated: 106684
	105  -  MemoryUsage of job (MB)
	106684  -  ResidentSetSize of job (KB)
...
006 (6053948.000.000) 08/17 02:30:16 Image size of job updated: 106688
	105  -  MemoryUsage of job (MB)
	106688  -  ResidentSetSize of job (KB)
...
006 (6053948.000.000) 08/17 02:35:16 Image size of job updated: 117528
	115  -  MemoryUsage of job (MB)
	117528  -  ResidentSetSize of job (KB)
...
006 (6053948.000.000) 08/17 02:40:17 Image size of job updated: 117536
	115  -  MemoryUsage of job (MB)
	117536  -  ResidentSetSize of job (KB)
...
040 (6053948.000.000) 08/17 02:41:20 Started transferring output files
...
040 (6053948.000.000) 08/17 02:41:20 Finished transferring output files
...
005 (6053948.000.000) 08/17 02:41:20 Job terminated.
	(1) Normal termination (return value 0)
		Usr 0 00:30:52, Sys 0 00:00:05  -  Run Remote Usage
		Usr 0 00:00:00, Sys 0 00:00:00  -  Run Local Usage
		Usr 0 00:30:52, Sys 0 00:00:05  -  Total Remote Usage
		Usr 0 00:00:00, Sys 0 00:00:00  -  Total Local Usage
	17907  -  Run Bytes Sent By Job
	10066  -  Run Bytes Received By Job
	17907  -  Total Bytes Sent By Job
	10066  -  Total Bytes Received By Job
	Partitionable Resources :    Usage  Request Allocated 
	   Cpus                 :     1.00        1         1 
	   Disk (KB)            : 39263     6144000   6147343 
	   GPUs                 :                           0 
	   Memory (MB)          :   115        3000      3000 
	   TimeExecute (s)      :  1875                       
	   TimeSlotBusy (s)     :  1876                       
...
