000 (6054009.000.000) 08/17 02:22:38 Job submitted from host: <188.185.133.2:9618?addrs=188.185.133.2-9618+[2001-1458-d03-2--100-208]-9618&alias=bigbird102.cern.ch&noUDP&sock=schedd_5723_1498>
    DAG Node: C_A13_S7_F0
...
040 (6054009.000.000) 08/17 02:22:45 Started transferring input files
	Transferring to host: <188.185.195.80:9618?addrs=188.185.195.80-9618+[2001-1458-303-22--100-4c]-9618&alias=b9p17p6061.cern.ch&noUDP&sock=slot1_21_4336_daa9_31271>
...
040 (6054009.000.000) 08/17 02:22:45 Finished transferring input files
...
001 (6054009.000.000) 08/17 02:22:46 Job executing on host: <188.185.195.80:9618?addrs=188.185.195.80-9618+[2001-1458-303-22--100-4c]-9618&alias=b9p17p6061.cern.ch&noUDP&sock=startd_3210_5f19>
	SlotName: slot1_21@b9p17p6061.cern.ch
	CondorScratchDir = "/pool/condor/dir_1210242"
	Cpus = 1
	Disk = 6160769
	GPUs = 0
	Memory = 3000
...
006 (6054009.000.000) 08/17 02:22:55 Image size of job updated: 77736
	76  -  MemoryUsage of job (MB)
	77736  -  ResidentSetSize of job (KB)
...
006 (6054009.000.000) 08/17 02:27:56 Image size of job updated: 90756
	89  -  MemoryUsage of job (MB)
	90756  -  ResidentSetSize of job (KB)
...
006 (6054009.000.000) 08/17 02:32:56 Image size of job updated: 102624
	101  -  MemoryUsage of job (MB)
	102624  -  ResidentSetSize of job (KB)
...
006 (6054009.000.000) 08/17 02:37:57 Image size of job updated: 102628
	101  -  MemoryUsage of job (MB)
	102628  -  ResidentSetSize of job (KB)
...
006 (6054009.000.000) 08/17 02:42:58 Image size of job updated: 113468
	111  -  MemoryUsage of job (MB)
	113468  -  ResidentSetSize of job (KB)
...
006 (6054009.000.000) 08/17 02:47:58 Image size of job updated: 113472
	111  -  MemoryUsage of job (MB)
	113472  -  ResidentSetSize of job (KB)
...
006 (6054009.000.000) 08/17 02:49:42 Image size of job updated: 113476
	111  -  MemoryUsage of job (MB)
	113472  -  ResidentSetSize of job (KB)
...
040 (6054009.000.000) 08/17 02:49:42 Started transferring output files
...
040 (6054009.000.000) 08/17 02:49:42 Finished transferring output files
...
005 (6054009.000.000) 08/17 02:49:42 Job terminated.
	(1) Normal termination (return value 0)
		Usr 0 00:26:39, Sys 0 00:00:03  -  Run Remote Usage
		Usr 0 00:00:00, Sys 0 00:00:00  -  Run Local Usage
		Usr 0 00:26:39, Sys 0 00:00:03  -  Total Remote Usage
		Usr 0 00:00:00, Sys 0 00:00:00  -  Total Local Usage
	17388  -  Run Bytes Sent By Job
	10066  -  Run Bytes Received By Job
	17388  -  Total Bytes Sent By Job
	10066  -  Total Bytes Received By Job
	Partitionable Resources :    Usage  Request Allocated 
	   Cpus                 :     1.00        1         1 
	   Disk (KB)            : 39260     6144000   6160769 
	   GPUs                 :                           0 
	   Memory (MB)          :   111        3000      3000 
	   TimeExecute (s)      :  1616                       
	   TimeSlotBusy (s)     :  1617                       
...
