000 (6053775.000.000) 08/17 01:41:09 Job submitted from host: <188.185.133.2:9618?addrs=188.185.133.2-9618+[2001-1458-d03-2--100-208]-9618&alias=bigbird102.cern.ch&noUDP&sock=schedd_5723_1498>
    DAG Node: C_A14_S7_F1
...
040 (6053775.000.000) 08/17 01:41:40 Started transferring input files
	Transferring to host: <188.185.197.175:9618?addrs=188.185.197.175-9618+[2001-1458-303-24--100-ab]-9618&alias=b9p14p7585.cern.ch&noUDP&sock=slot1_34_9428_a0f8_24002>
...
040 (6053775.000.000) 08/17 01:41:40 Finished transferring input files
...
001 (6053775.000.000) 08/17 01:41:41 Job executing on host: <188.185.197.175:9618?addrs=188.185.197.175-9618+[2001-1458-303-24--100-ab]-9618&alias=b9p14p7585.cern.ch&noUDP&sock=startd_7901_01de>
	SlotName: slot1_34@b9p14p7585.cern.ch
	CondorScratchDir = "/pool/condor/dir_1711247"
	Cpus = 1
	Disk = 6146897
	GPUs = 0
	Memory = 3000
...
006 (6053775.000.000) 08/17 01:41:50 Image size of job updated: 30604
	30  -  MemoryUsage of job (MB)
	30604  -  ResidentSetSize of job (KB)
...
006 (6053775.000.000) 08/17 01:46:51 Image size of job updated: 90528
	89  -  MemoryUsage of job (MB)
	90528  -  ResidentSetSize of job (KB)
...
006 (6053775.000.000) 08/17 01:51:51 Image size of job updated: 90696
	89  -  MemoryUsage of job (MB)
	90696  -  ResidentSetSize of job (KB)
...
006 (6053775.000.000) 08/17 01:56:52 Image size of job updated: 90864
	89  -  MemoryUsage of job (MB)
	90864  -  ResidentSetSize of job (KB)
...
006 (6053775.000.000) 08/17 02:01:52 Image size of job updated: 91032
	89  -  MemoryUsage of job (MB)
	91032  -  ResidentSetSize of job (KB)
...
006 (6053775.000.000) 08/17 02:06:52 Image size of job updated: 91204
	90  -  MemoryUsage of job (MB)
	91204  -  ResidentSetSize of job (KB)
...
040 (6053775.000.000) 08/17 02:07:42 Started transferring output files
...
040 (6053775.000.000) 08/17 02:07:42 Finished transferring output files
...
005 (6053775.000.000) 08/17 02:07:42 Job terminated.
	(1) Normal termination (return value 0)
		Usr 0 00:25:38, Sys 0 00:00:05  -  Run Remote Usage
		Usr 0 00:00:00, Sys 0 00:00:00  -  Run Local Usage
		Usr 0 00:25:38, Sys 0 00:00:05  -  Total Remote Usage
		Usr 0 00:00:00, Sys 0 00:00:00  -  Total Local Usage
	17169  -  Run Bytes Sent By Job
	10066  -  Run Bytes Received By Job
	17169  -  Total Bytes Sent By Job
	10066  -  Total Bytes Received By Job
	Partitionable Resources :    Usage  Request Allocated 
	   Cpus                 :     0.99        1         1 
	   Disk (KB)            : 39258     6144000   6146897 
	   GPUs                 :                           0 
	   Memory (MB)          :    90        3000      3000 
	   TimeExecute (s)      :  1561                       
	   TimeSlotBusy (s)     :  1563                       
...
