000 (6053720.000.000) 08/17 01:33:34 Job submitted from host: <188.185.133.2:9618?addrs=188.185.133.2-9618+[2001-1458-d03-2--100-208]-9618&alias=bigbird102.cern.ch&noUDP&sock=schedd_5723_1498>
    DAG Node: C_A10_S3_F2
...
040 (6053720.000.000) 08/17 01:34:03 Started transferring input files
	Transferring to host: <188.185.209.199:9618?addrs=188.185.209.199-9618+[2001-1458-303-12--100-44]-9618&alias=b9p12p6840.cern.ch&noUDP&sock=slot1_19_8091_9762_31140>
...
040 (6053720.000.000) 08/17 01:34:03 Finished transferring input files
...
001 (6053720.000.000) 08/17 01:34:04 Job executing on host: <188.185.209.199:9618?addrs=188.185.209.199-9618+[2001-1458-303-12--100-44]-9618&alias=b9p12p6840.cern.ch&noUDP&sock=startd_7398_fdbb>
	SlotName: slot1_19@b9p12p6840.cern.ch
	CondorScratchDir = "/pool/condor/dir_181507"
	Cpus = 1
	Disk = 6146500
	GPUs = 0
	Memory = 3000
...
006 (6053720.000.000) 08/17 01:34:12 Image size of job updated: 32932
	33  -  MemoryUsage of job (MB)
	32932  -  ResidentSetSize of job (KB)
...
006 (6053720.000.000) 08/17 01:39:12 Image size of job updated: 95004
	93  -  MemoryUsage of job (MB)
	95004  -  ResidentSetSize of job (KB)
...
006 (6053720.000.000) 08/17 01:59:14 Image size of job updated: 95168
	93  -  MemoryUsage of job (MB)
	95168  -  ResidentSetSize of job (KB)
...
006 (6053720.000.000) 08/17 02:09:15 Image size of job updated: 95336
	94  -  MemoryUsage of job (MB)
	95336  -  ResidentSetSize of job (KB)
...
006 (6053720.000.000) 08/17 02:19:16 Image size of job updated: 95504
	94  -  MemoryUsage of job (MB)
	95504  -  ResidentSetSize of job (KB)
...
006 (6053720.000.000) 08/17 02:24:16 Image size of job updated: 95676
	94  -  MemoryUsage of job (MB)
	95676  -  ResidentSetSize of job (KB)
...
040 (6053720.000.000) 08/17 02:29:05 Started transferring output files
...
040 (6053720.000.000) 08/17 02:29:05 Finished transferring output files
...
005 (6053720.000.000) 08/17 02:29:05 Job terminated.
	(1) Normal termination (return value 0)
		Usr 0 00:54:15, Sys 0 00:00:09  -  Run Remote Usage
		Usr 0 00:00:00, Sys 0 00:00:00  -  Run Local Usage
		Usr 0 00:54:15, Sys 0 00:00:09  -  Total Remote Usage
		Usr 0 00:00:00, Sys 0 00:00:00  -  Total Local Usage
	17172  -  Run Bytes Sent By Job
	10066  -  Run Bytes Received By Job
	17172  -  Total Bytes Sent By Job
	10066  -  Total Bytes Received By Job
	Partitionable Resources :    Usage  Request Allocated 
	   Cpus                 :     0.99        1         1 
	   Disk (KB)            : 39376     6144000   6146500 
	   GPUs                 :                           0 
	   Memory (MB)          :    94        3000      3000 
	   TimeExecute (s)      :  3301                       
	   TimeSlotBusy (s)     :  3303                       
...
