000 (6053788.000.000) 08/17 01:42:20 Job submitted from host: <188.185.133.2:9618?addrs=188.185.133.2-9618+[2001-1458-d03-2--100-208]-9618&alias=bigbird102.cern.ch&noUDP&sock=schedd_5723_1498>
    DAG Node: C_A14_S6_F2
...
040 (6053788.000.000) 08/17 01:42:30 Started transferring input files
	Transferring to host: <188.185.196.116:9618?addrs=188.185.196.116-9618+[2001-1458-303-23--100-70]-9618&alias=b9p16p8594.cern.ch&noUDP&sock=slot1_28_5955_960b_30824>
...
040 (6053788.000.000) 08/17 01:42:30 Finished transferring input files
...
001 (6053788.000.000) 08/17 01:42:31 Job executing on host: <188.185.196.116:9618?addrs=188.185.196.116-9618+[2001-1458-303-23--100-70]-9618&alias=b9p16p8594.cern.ch&noUDP&sock=startd_4719_6b82>
	SlotName: slot1_28@b9p16p8594.cern.ch
	CondorScratchDir = "/pool/condor/dir_3336814"
	Cpus = 1
	Disk = 6147052
	GPUs = 0
	Memory = 3000
...
006 (6053788.000.000) 08/17 01:42:40 Image size of job updated: 41220
	41  -  MemoryUsage of job (MB)
	41220  -  ResidentSetSize of job (KB)
...
006 (6053788.000.000) 08/17 01:47:41 Image size of job updated: 94604
	93  -  MemoryUsage of job (MB)
	94604  -  ResidentSetSize of job (KB)
...
006 (6053788.000.000) 08/17 02:12:44 Image size of job updated: 94772
	93  -  MemoryUsage of job (MB)
	94772  -  ResidentSetSize of job (KB)
...
006 (6053788.000.000) 08/17 02:22:45 Image size of job updated: 94824
	93  -  MemoryUsage of job (MB)
	94824  -  ResidentSetSize of job (KB)
...
006 (6053788.000.000) 08/17 02:27:45 Image size of job updated: 94936
	93  -  MemoryUsage of job (MB)
	94936  -  ResidentSetSize of job (KB)
...
006 (6053788.000.000) 08/17 02:32:46 Image size of job updated: 94940
	93  -  MemoryUsage of job (MB)
	94940  -  ResidentSetSize of job (KB)
...
006 (6053788.000.000) 08/17 02:42:47 Image size of job updated: 95108
	93  -  MemoryUsage of job (MB)
	95108  -  ResidentSetSize of job (KB)
...
006 (6053788.000.000) 08/17 02:47:48 Image size of job updated: 95280
	94  -  MemoryUsage of job (MB)
	95280  -  ResidentSetSize of job (KB)
...
040 (6053788.000.000) 08/17 02:55:25 Started transferring output files
...
040 (6053788.000.000) 08/17 02:55:25 Finished transferring output files
...
005 (6053788.000.000) 08/17 02:55:25 Job terminated.
	(1) Normal termination (return value 0)
		Usr 0 01:12:14, Sys 0 00:00:06  -  Run Remote Usage
		Usr 0 00:00:00, Sys 0 00:00:00  -  Run Local Usage
		Usr 0 01:12:14, Sys 0 00:00:06  -  Total Remote Usage
		Usr 0 00:00:00, Sys 0 00:00:00  -  Total Local Usage
	17174  -  Run Bytes Sent By Job
	10066  -  Run Bytes Received By Job
	17174  -  Total Bytes Sent By Job
	10066  -  Total Bytes Received By Job
	Partitionable Resources :    Usage  Request Allocated 
	   Cpus                 :     1.00        1         1 
	   Disk (KB)            : 39258     6144000   6147052 
	   GPUs                 :                           0 
	   Memory (MB)          :    94        3000      3000 
	   TimeExecute (s)      :  4374                       
	   TimeSlotBusy (s)     :  4375                       
...
