000 (6053959.000.000) 08/17 02:09:56 Job submitted from host: <188.185.133.2:9618?addrs=188.185.133.2-9618+[2001-1458-d03-2--100-208]-9618&alias=bigbird102.cern.ch&noUDP&sock=schedd_5723_1498>
    DAG Node: C_A08_S1_F1
...
040 (6053959.000.000) 08/17 02:11:37 Started transferring input files
	Transferring to host: <128.142.248.122:9618?addrs=128.142.248.122-9618+[2001-1458-301-73--100-16a]-9618&alias=b9g23p2132.cern.ch&noUDP&sock=slot1_16_7537_3f8c_23952>
...
040 (6053959.000.000) 08/17 02:11:37 Finished transferring input files
...
001 (6053959.000.000) 08/17 02:11:38 Job executing on host: <128.142.248.122:9618?addrs=128.142.248.122-9618+[2001-1458-301-73--100-16a]-9618&alias=b9g23p2132.cern.ch&noUDP&sock=startd_6630_34ff>
	SlotName: slot1_16@b9g23p2132.cern.ch
	CondorScratchDir = "/pool/condor/dir_2010433"
	Cpus = 1
	Disk = 6146843
	GPUs = 0
	Memory = 3000
...
006 (6053959.000.000) 08/17 02:11:46 Image size of job updated: 36376
	36  -  MemoryUsage of job (MB)
	36376  -  ResidentSetSize of job (KB)
...
006 (6053959.000.000) 08/17 02:16:46 Image size of job updated: 90384
	89  -  MemoryUsage of job (MB)
	90384  -  ResidentSetSize of job (KB)
...
006 (6053959.000.000) 08/17 02:46:50 Image size of job updated: 90548
	89  -  MemoryUsage of job (MB)
	90548  -  ResidentSetSize of job (KB)
...
006 (6053959.000.000) 08/17 02:51:50 Image size of job updated: 90716
	89  -  MemoryUsage of job (MB)
	90716  -  ResidentSetSize of job (KB)
...
006 (6053959.000.000) 08/17 03:01:51 Image size of job updated: 91056
	89  -  MemoryUsage of job (MB)
	91056  -  ResidentSetSize of job (KB)
...
040 (6053959.000.000) 08/17 03:05:02 Started transferring output files
...
040 (6053959.000.000) 08/17 03:05:02 Finished transferring output files
...
005 (6053959.000.000) 08/17 03:05:02 Job terminated.
	(1) Normal termination (return value 0)
		Usr 0 00:52:32, Sys 0 00:00:09  -  Run Remote Usage
		Usr 0 00:00:00, Sys 0 00:00:00  -  Run Local Usage
		Usr 0 00:52:32, Sys 0 00:00:09  -  Total Remote Usage
		Usr 0 00:00:00, Sys 0 00:00:00  -  Total Local Usage
	17374  -  Run Bytes Sent By Job
	10066  -  Run Bytes Received By Job
	17374  -  Total Bytes Sent By Job
	10066  -  Total Bytes Received By Job
	Partitionable Resources :    Usage  Request Allocated 
	   Cpus                 :     0.99        1         1 
	   Disk (KB)            : 39259     6144000   6146843 
	   GPUs                 :                           0 
	   Memory (MB)          :    89        3000      3000 
	   TimeExecute (s)      :  3204                       
	   TimeSlotBusy (s)     :  3205                       
...
