000 (6054055.000.000) 08/17 03:15:46 Job submitted from host: <188.185.133.2:9618?addrs=188.185.133.2-9618+[2001-1458-d03-2--100-208]-9618&alias=bigbird102.cern.ch&noUDP&sock=schedd_5723_1498>
    DAG Node: C_A12_S3_F0
...
040 (6054055.000.000) 08/17 03:15:46 Started transferring input files
	Transferring to host: <188.185.192.124:9618?addrs=188.185.192.124-9618+[2001-1458-303-1f--100-78]-9618&alias=b9p13p1594.cern.ch&noUDP&sock=slot1_44_4885_aca0_30111>
...
040 (6054055.000.000) 08/17 03:15:46 Finished transferring input files
...
001 (6054055.000.000) 08/17 03:15:47 Job executing on host: <188.185.192.124:9618?addrs=188.185.192.124-9618+[2001-1458-303-1f--100-78]-9618&alias=b9p13p1594.cern.ch&noUDP&sock=startd_3758_40ff>
	SlotName: slot1_44@b9p13p1594.cern.ch
	CondorScratchDir = "/pool/condor/dir_3745344"
	Cpus = 1
	Disk = 6152715
	GPUs = 0
	Memory = 3000
...
006 (6054055.000.000) 08/17 03:15:56 Image size of job updated: 37172
	37  -  MemoryUsage of job (MB)
	37172  -  ResidentSetSize of job (KB)
...
006 (6054055.000.000) 08/17 03:20:57 Image size of job updated: 92504
	91  -  MemoryUsage of job (MB)
	92504  -  ResidentSetSize of job (KB)
...
006 (6054055.000.000) 08/17 03:25:57 Image size of job updated: 92672
	91  -  MemoryUsage of job (MB)
	92672  -  ResidentSetSize of job (KB)
...
006 (6054055.000.000) 08/17 03:30:57 Image size of job updated: 93180
	91  -  MemoryUsage of job (MB)
	93180  -  ResidentSetSize of job (KB)
...
006 (6054055.000.000) 08/17 03:35:58 Image size of job updated: 104592
	103  -  MemoryUsage of job (MB)
	104592  -  ResidentSetSize of job (KB)
...
006 (6054055.000.000) 08/17 03:45:59 Image size of job updated: 104600
	103  -  MemoryUsage of job (MB)
	104600  -  ResidentSetSize of job (KB)
...
006 (6054055.000.000) 08/17 03:50:59 Image size of job updated: 115436
	113  -  MemoryUsage of job (MB)
	115436  -  ResidentSetSize of job (KB)
...
006 (6054055.000.000) 08/17 04:01:00 Image size of job updated: 115440
	113  -  MemoryUsage of job (MB)
	115440  -  ResidentSetSize of job (KB)
...
006 (6054055.000.000) 08/17 04:03:34 Image size of job updated: 115444
	113  -  MemoryUsage of job (MB)
	115440  -  ResidentSetSize of job (KB)
...
040 (6054055.000.000) 08/17 04:03:34 Started transferring output files
...
040 (6054055.000.000) 08/17 04:03:34 Finished transferring output files
...
005 (6054055.000.000) 08/17 04:03:35 Job terminated.
	(1) Normal termination (return value 0)
		Usr 0 00:46:29, Sys 0 00:00:09  -  Run Remote Usage
		Usr 0 00:00:00, Sys 0 00:00:00  -  Run Local Usage
		Usr 0 00:46:29, Sys 0 00:00:09  -  Total Remote Usage
		Usr 0 00:00:00, Sys 0 00:00:00  -  Total Local Usage
	18140  -  Run Bytes Sent By Job
	10066  -  Run Bytes Received By Job
	18140  -  Total Bytes Sent By Job
	10066  -  Total Bytes Received By Job
	Partitionable Resources :    Usage  Request Allocated 
	   Cpus                 :     0.99        1         1 
	   Disk (KB)            : 39262     6144000   6152715 
	   GPUs                 :                           0 
	   Memory (MB)          :   113        3000      3000 
	   TimeExecute (s)      :  2867                       
	   TimeSlotBusy (s)     :  2868                       
...
