000 (6053941.000.000) 08/17 02:07:22 Job submitted from host: <188.185.133.2:9618?addrs=188.185.133.2-9618+[2001-1458-d03-2--100-208]-9618&alias=bigbird102.cern.ch&noUDP&sock=schedd_5723_1498>
    DAG Node: C_A07_S2_F1
...
040 (6053941.000.000) 08/17 02:07:59 Started transferring input files
	Transferring to host: <128.142.248.36:9618?addrs=128.142.248.36-9618+[2001-1458-301-73--100-114]-9618&alias=b9g23p3545.cern.ch&noUDP&sock=slot1_37_3961_a1fa_23814>
...
040 (6053941.000.000) 08/17 02:07:59 Finished transferring input files
...
001 (6053941.000.000) 08/17 02:08:00 Job executing on host: <128.142.248.36:9618?addrs=128.142.248.36-9618+[2001-1458-301-73--100-114]-9618&alias=b9g23p3545.cern.ch&noUDP&sock=startd_3916_a0f6>
	SlotName: slot1_37@b9g23p3545.cern.ch
	CondorScratchDir = "/pool/condor/dir_2286730"
	Cpus = 1
	Disk = 6148065
	GPUs = 0
	Memory = 3000
...
006 (6053941.000.000) 08/17 02:08:09 Image size of job updated: 27640
	27  -  MemoryUsage of job (MB)
	27640  -  ResidentSetSize of job (KB)
...
006 (6053941.000.000) 08/17 02:13:10 Image size of job updated: 90384
	89  -  MemoryUsage of job (MB)
	90384  -  ResidentSetSize of job (KB)
...
006 (6053941.000.000) 08/17 02:28:12 Image size of job updated: 90548
	89  -  MemoryUsage of job (MB)
	90548  -  ResidentSetSize of job (KB)
...
006 (6053941.000.000) 08/17 02:33:12 Image size of job updated: 90884
	89  -  MemoryUsage of job (MB)
	90884  -  ResidentSetSize of job (KB)
...
006 (6053941.000.000) 08/17 02:38:13 Image size of job updated: 91056
	89  -  MemoryUsage of job (MB)
	91056  -  ResidentSetSize of job (KB)
...
040 (6053941.000.000) 08/17 02:39:11 Started transferring output files
...
040 (6053941.000.000) 08/17 02:39:11 Finished transferring output files
...
005 (6053941.000.000) 08/17 02:39:12 Job terminated.
	(1) Normal termination (return value 0)
		Usr 0 00:30:51, Sys 0 00:00:05  -  Run Remote Usage
		Usr 0 00:00:00, Sys 0 00:00:00  -  Run Local Usage
		Usr 0 00:30:51, Sys 0 00:00:05  -  Total Remote Usage
		Usr 0 00:00:00, Sys 0 00:00:00  -  Total Local Usage
	17769  -  Run Bytes Sent By Job
	10066  -  Run Bytes Received By Job
	17769  -  Total Bytes Sent By Job
	10066  -  Total Bytes Received By Job
	Partitionable Resources :    Usage  Request Allocated 
	   Cpus                 :     0.99        1         1 
	   Disk (KB)            : 39262     6144000   6148065 
	   GPUs                 :                           0 
	   Memory (MB)          :    89        3000      3000 
	   TimeExecute (s)      :  1871                       
	   TimeSlotBusy (s)     :  1872                       
...
