000 (6053715.000.000) 08/17 01:33:28 Job submitted from host: <188.185.133.2:9618?addrs=188.185.133.2-9618+[2001-1458-d03-2--100-208]-9618&alias=bigbird102.cern.ch&noUDP&sock=schedd_5723_1498>
    DAG Node: C_A10_S4_F0
...
040 (6053715.000.000) 08/17 01:34:01 Started transferring input files
	Transferring to host: <188.185.197.113:9618?addrs=188.185.197.113-9618+[2001-1458-303-24--100-6d]-9618&alias=b9p14p5843.cern.ch&noUDP&sock=slot1_19_10025_44f1_23388>
...
040 (6053715.000.000) 08/17 01:34:01 Finished transferring input files
...
001 (6053715.000.000) 08/17 01:34:02 Job executing on host: <188.185.197.113:9618?addrs=188.185.197.113-9618+[2001-1458-303-24--100-6d]-9618&alias=b9p14p5843.cern.ch&noUDP&sock=startd_9776_19f1>
	SlotName: slot1_19@b9p14p5843.cern.ch
	CondorScratchDir = "/pool/condor/dir_92967"
	Cpus = 1
	Disk = 6146931
	GPUs = 0
	Memory = 3000
...
006 (6053715.000.000) 08/17 01:34:11 Image size of job updated: 26704
	27  -  MemoryUsage of job (MB)
	26704  -  ResidentSetSize of job (KB)
...
006 (6053715.000.000) 08/17 01:39:12 Image size of job updated: 94920
	93  -  MemoryUsage of job (MB)
	94920  -  ResidentSetSize of job (KB)
...
006 (6053715.000.000) 08/17 01:44:12 Image size of job updated: 106676
	105  -  MemoryUsage of job (MB)
	106676  -  ResidentSetSize of job (KB)
...
006 (6053715.000.000) 08/17 01:49:13 Image size of job updated: 106680
	105  -  MemoryUsage of job (MB)
	106680  -  ResidentSetSize of job (KB)
...
006 (6053715.000.000) 08/17 01:54:14 Image size of job updated: 117516
	115  -  MemoryUsage of job (MB)
	117516  -  ResidentSetSize of job (KB)
...
006 (6053715.000.000) 08/17 01:59:14 Image size of job updated: 117520
	115  -  MemoryUsage of job (MB)
	117520  -  ResidentSetSize of job (KB)
...
006 (6053715.000.000) 08/17 02:01:35 Image size of job updated: 117524
	115  -  MemoryUsage of job (MB)
	117520  -  ResidentSetSize of job (KB)
...
040 (6053715.000.000) 08/17 02:01:35 Started transferring output files
...
040 (6053715.000.000) 08/17 02:01:35 Finished transferring output files
...
005 (6053715.000.000) 08/17 02:01:35 Job terminated.
	(1) Normal termination (return value 0)
		Usr 0 00:27:08, Sys 0 00:00:05  -  Run Remote Usage
		Usr 0 00:00:00, Sys 0 00:00:00  -  Run Local Usage
		Usr 0 00:27:08, Sys 0 00:00:05  -  Total Remote Usage
		Usr 0 00:00:00, Sys 0 00:00:00  -  Total Local Usage
	17310  -  Run Bytes Sent By Job
	10066  -  Run Bytes Received By Job
	17310  -  Total Bytes Sent By Job
	10066  -  Total Bytes Received By Job
	Partitionable Resources :    Usage  Request Allocated 
	   Cpus                 :     0.99        1         1 
	   Disk (KB)            : 39259     6144000   6146931 
	   GPUs                 :                           0 
	   Memory (MB)          :   115        3000      3000 
	   TimeExecute (s)      :  1653                       
	   TimeSlotBusy (s)     :  1655                       
...
