000 (6053974.000.000) 08/17 02:14:26 Job submitted from host: <188.185.133.2:9618?addrs=188.185.133.2-9618+[2001-1458-d03-2--100-208]-9618&alias=bigbird102.cern.ch&noUDP&sock=schedd_5723_1498>
    DAG Node: C_A08_S5_F1
...
040 (6053974.000.000) 08/17 02:15:27 Started transferring input files
	Transferring to host: <128.142.33.13:9618?addrs=128.142.33.13-9618+[2001-1458-301-53--100-3d]-9618&alias=b9g34p8066.cern.ch&noUDP&sock=slot1_8_8223_98e7_28149>
...
040 (6053974.000.000) 08/17 02:15:27 Finished transferring input files
...
001 (6053974.000.000) 08/17 02:15:28 Job executing on host: <128.142.33.13:9618?addrs=128.142.33.13-9618+[2001-1458-301-53--100-3d]-9618&alias=b9g34p8066.cern.ch&noUDP&sock=startd_7226_0371>
	SlotName: slot1_8@b9g34p8066.cern.ch
	CondorScratchDir = "/pool/condor/dir_363210"
	Cpus = 1
	Disk = 6146712
	GPUs = 0
	Memory = 3000
...
006 (6053974.000.000) 08/17 02:15:37 Image size of job updated: 28000
	27  -  MemoryUsage of job (MB)
	26820  -  ResidentSetSize of job (KB)
...
006 (6053974.000.000) 08/17 02:20:38 Image size of job updated: 90168
	89  -  MemoryUsage of job (MB)
	90168  -  ResidentSetSize of job (KB)
...
006 (6053974.000.000) 08/17 02:35:40 Image size of job updated: 90388
	89  -  MemoryUsage of job (MB)
	90388  -  ResidentSetSize of job (KB)
...
006 (6053974.000.000) 08/17 02:40:40 Image size of job updated: 90668
	89  -  MemoryUsage of job (MB)
	90668  -  ResidentSetSize of job (KB)
...
006 (6053974.000.000) 08/17 02:45:34 Image size of job updated: 90840
	89  -  MemoryUsage of job (MB)
	90668  -  ResidentSetSize of job (KB)
...
040 (6053974.000.000) 08/17 02:45:34 Started transferring output files
...
040 (6053974.000.000) 08/17 02:45:34 Finished transferring output files
...
005 (6053974.000.000) 08/17 02:45:34 Job terminated.
	(1) Normal termination (return value 0)
		Usr 0 00:29:44, Sys 0 00:00:06  -  Run Remote Usage
		Usr 0 00:00:00, Sys 0 00:00:00  -  Run Local Usage
		Usr 0 00:29:44, Sys 0 00:00:06  -  Total Remote Usage
		Usr 0 00:00:00, Sys 0 00:00:00  -  Total Local Usage
	17371  -  Run Bytes Sent By Job
	10066  -  Run Bytes Received By Job
	17371  -  Total Bytes Sent By Job
	10066  -  Total Bytes Received By Job
	Partitionable Resources :    Usage  Request Allocated 
	   Cpus                 :     0.99        1         1 
	   Disk (KB)            : 39222     6144000   6146712 
	   GPUs                 :                           0 
	   Memory (MB)          :    89        3000      3000 
	   TimeExecute (s)      :  1806                       
	   TimeSlotBusy (s)     :  1808                       
...
