000 (6053726.000.000) 08/17 01:34:40 Job submitted from host: <188.185.133.2:9618?addrs=188.185.133.2-9618+[2001-1458-d03-2--100-208]-9618&alias=bigbird102.cern.ch&noUDP&sock=schedd_5723_1498>
    DAG Node: C_A00_S3_F2
...
040 (6053726.000.000) 08/17 01:36:37 Started transferring input files
	Transferring to host: <188.185.194.116:9618?addrs=188.185.194.116-9618+[2001-1458-303-21--100-70]-9618&alias=b9p20p7873.cern.ch&noUDP&sock=slot1_14_4296_aba8_29461>
...
040 (6053726.000.000) 08/17 01:36:37 Finished transferring input files
...
001 (6053726.000.000) 08/17 01:36:38 Job executing on host: <188.185.194.116:9618?addrs=188.185.194.116-9618+[2001-1458-303-21--100-70]-9618&alias=b9p20p7873.cern.ch&noUDP&sock=startd_3152_969b>
	SlotName: slot1_14@b9p20p7873.cern.ch
	CondorScratchDir = "/pool/condor/dir_1917531"
	Cpus = 1
	Disk = 6146776
	GPUs = 0
	Memory = 3000
...
006 (6053726.000.000) 08/17 01:36:46 Image size of job updated: 34516
	27  -  MemoryUsage of job (MB)
	27564  -  ResidentSetSize of job (KB)
...
006 (6053726.000.000) 08/17 01:41:46 Image size of job updated: 93840
	89  -  MemoryUsage of job (MB)
	90528  -  ResidentSetSize of job (KB)
...
006 (6053726.000.000) 08/17 02:56:53 Image size of job updated: 93840
	89  -  MemoryUsage of job (MB)
	90696  -  ResidentSetSize of job (KB)
...
006 (6053726.000.000) 08/17 03:01:53 Image size of job updated: 93840
	89  -  MemoryUsage of job (MB)
	90748  -  ResidentSetSize of job (KB)
...
006 (6053726.000.000) 08/17 03:06:54 Image size of job updated: 93840
	89  -  MemoryUsage of job (MB)
	90864  -  ResidentSetSize of job (KB)
...
006 (6053726.000.000) 08/17 03:16:55 Image size of job updated: 93840
	89  -  MemoryUsage of job (MB)
	91032  -  ResidentSetSize of job (KB)
...
006 (6053726.000.000) 08/17 03:21:56 Image size of job updated: 93840
	90  -  MemoryUsage of job (MB)
	91204  -  ResidentSetSize of job (KB)
...
040 (6053726.000.000) 08/17 03:32:57 Started transferring output files
...
040 (6053726.000.000) 08/17 03:32:57 Finished transferring output files
...
005 (6053726.000.000) 08/17 03:32:57 Job terminated.
	(1) Normal termination (return value 0)
		Usr 0 01:55:15, Sys 0 00:00:10  -  Run Remote Usage
		Usr 0 00:00:00, Sys 0 00:00:00  -  Run Local Usage
		Usr 0 01:55:15, Sys 0 00:00:10  -  Total Remote Usage
		Usr 0 00:00:00, Sys 0 00:00:00  -  Total Local Usage
	17435  -  Run Bytes Sent By Job
	10066  -  Run Bytes Received By Job
	17435  -  Total Bytes Sent By Job
	10066  -  Total Bytes Received By Job
	Partitionable Resources :    Usage  Request Allocated 
	   Cpus                 :     0.99        1         1 
	   Disk (KB)            : 39260     6144000   6146776 
	   GPUs                 :                           0 
	   Memory (MB)          :    90        3000      3000 
	   TimeExecute (s)      :  6979                       
	   TimeSlotBusy (s)     :  6981                       
...
