000 (6053586.000.000) 08/17 01:25:35 Job submitted from host: <188.185.133.2:9618?addrs=188.185.133.2-9618+[2001-1458-d03-2--100-208]-9618&alias=bigbird102.cern.ch&noUDP&sock=schedd_5723_1498>
    DAG Node: C_A02_S1_F0
...
040 (6053586.000.000) 08/17 01:25:35 Started transferring input files
	Transferring to host: <188.185.197.154:9618?addrs=188.185.197.154-9618+[2001-1458-303-24--100-96]-9618&alias=b9p14p2464.cern.ch&noUDP&sock=slot1_33_3448_2d85_23632>
...
040 (6053586.000.000) 08/17 01:25:35 Finished transferring input files
...
001 (6053586.000.000) 08/17 01:25:36 Job executing on host: <188.185.197.154:9618?addrs=188.185.197.154-9618+[2001-1458-303-24--100-96]-9618&alias=b9p14p2464.cern.ch&noUDP&sock=startd_2716_8750>
	SlotName: slot1_33@b9p14p2464.cern.ch
	CondorScratchDir = "/pool/condor/dir_962285"
	Cpus = 1
	Disk = 6145461
	GPUs = 0
	Memory = 3000
...
006 (6053586.000.000) 08/17 01:25:45 Image size of job updated: 31388
	31  -  MemoryUsage of job (MB)
	31388  -  ResidentSetSize of job (KB)
...
006 (6053586.000.000) 08/17 01:30:46 Image size of job updated: 94748
	93  -  MemoryUsage of job (MB)
	94748  -  ResidentSetSize of job (KB)
...
006 (6053586.000.000) 08/17 01:35:46 Image size of job updated: 95256
	94  -  MemoryUsage of job (MB)
	95256  -  ResidentSetSize of job (KB)
...
006 (6053586.000.000) 08/17 01:40:46 Image size of job updated: 106676
	105  -  MemoryUsage of job (MB)
	106676  -  ResidentSetSize of job (KB)
...
006 (6053586.000.000) 08/17 01:45:47 Image size of job updated: 117512
	115  -  MemoryUsage of job (MB)
	117512  -  ResidentSetSize of job (KB)
...
006 (6053586.000.000) 08/17 01:55:48 Image size of job updated: 117520
	115  -  MemoryUsage of job (MB)
	117520  -  ResidentSetSize of job (KB)
...
040 (6053586.000.000) 08/17 01:56:03 Started transferring output files
...
040 (6053586.000.000) 08/17 01:56:03 Finished transferring output files
...
005 (6053586.000.000) 08/17 01:56:03 Job terminated.
	(1) Normal termination (return value 0)
		Usr 0 00:30:07, Sys 0 00:00:05  -  Run Remote Usage
		Usr 0 00:00:00, Sys 0 00:00:00  -  Run Local Usage
		Usr 0 00:30:07, Sys 0 00:00:05  -  Total Remote Usage
		Usr 0 00:00:00, Sys 0 00:00:00  -  Total Local Usage
	17308  -  Run Bytes Sent By Job
	10066  -  Run Bytes Received By Job
	17308  -  Total Bytes Sent By Job
	10066  -  Total Bytes Received By Job
	Partitionable Resources :    Usage  Request Allocated 
	   Cpus                 :     0.99        1         1 
	   Disk (KB)            : 39260     6144000   6145461 
	   GPUs                 :                           0 
	   Memory (MB)          :   115        3000      3000 
	   TimeExecute (s)      :  1827                       
	   TimeSlotBusy (s)     :  1828                       
...
