000 (6054052.000.000) 08/17 03:01:05 Job submitted from host: <188.185.133.2:9618?addrs=188.185.133.2-9618+[2001-1458-d03-2--100-208]-9618&alias=bigbird102.cern.ch&noUDP&sock=schedd_5723_1498>
    DAG Node: C_A12_S7_F0
...
040 (6054052.000.000) 08/17 03:02:22 Started transferring input files
	Transferring to host: <128.142.162.75:9618?addrs=128.142.162.75-9618+[2001-1458-301-7d--100-4]-9618&alias=b9g42p2015.cern.ch&noUDP&sock=slot1_26_5584_2edc_23315>
...
040 (6054052.000.000) 08/17 03:02:22 Finished transferring input files
...
001 (6054052.000.000) 08/17 03:02:23 Job executing on host: <128.142.162.75:9618?addrs=128.142.162.75-9618+[2001-1458-301-7d--100-4]-9618&alias=b9g42p2015.cern.ch&noUDP&sock=startd_4580_13d8>
	SlotName: slot1_26@b9g42p2015.cern.ch
	CondorScratchDir = "/pool/condor/dir_2109075"
	Cpus = 1
	Disk = 6146757
	GPUs = 0
	Memory = 3000
...
006 (6054052.000.000) 08/17 03:02:31 Image size of job updated: 28308
	22  -  MemoryUsage of job (MB)
	22132  -  ResidentSetSize of job (KB)
...
006 (6054052.000.000) 08/17 03:07:31 Image size of job updated: 93500
	88  -  MemoryUsage of job (MB)
	90092  -  ResidentSetSize of job (KB)
...
006 (6054052.000.000) 08/17 03:12:32 Image size of job updated: 93500
	89  -  MemoryUsage of job (MB)
	90596  -  ResidentSetSize of job (KB)
...
006 (6054052.000.000) 08/17 03:17:32 Image size of job updated: 102184
	100  -  MemoryUsage of job (MB)
	102184  -  ResidentSetSize of job (KB)
...
006 (6054052.000.000) 08/17 03:22:33 Image size of job updated: 102188
	100  -  MemoryUsage of job (MB)
	102188  -  ResidentSetSize of job (KB)
...
006 (6054052.000.000) 08/17 03:27:33 Image size of job updated: 113028
	111  -  MemoryUsage of job (MB)
	113028  -  ResidentSetSize of job (KB)
...
006 (6054052.000.000) 08/17 03:37:34 Image size of job updated: 113032
	111  -  MemoryUsage of job (MB)
	113032  -  ResidentSetSize of job (KB)
...
006 (6054052.000.000) 08/17 03:39:50 Image size of job updated: 113036
	111  -  MemoryUsage of job (MB)
	113032  -  ResidentSetSize of job (KB)
...
040 (6054052.000.000) 08/17 03:39:50 Started transferring output files
...
040 (6054052.000.000) 08/17 03:39:50 Finished transferring output files
...
005 (6054052.000.000) 08/17 03:39:50 Job terminated.
	(1) Normal termination (return value 0)
		Usr 0 00:36:59, Sys 0 00:00:06  -  Run Remote Usage
		Usr 0 00:00:00, Sys 0 00:00:00  -  Run Local Usage
		Usr 0 00:36:59, Sys 0 00:00:06  -  Total Remote Usage
		Usr 0 00:00:00, Sys 0 00:00:00  -  Total Local Usage
	18140  -  Run Bytes Sent By Job
	10066  -  Run Bytes Received By Job
	18140  -  Total Bytes Sent By Job
	10066  -  Total Bytes Received By Job
	Partitionable Resources :    Usage  Request Allocated 
	   Cpus                 :     0.99        1         1 
	   Disk (KB)            : 39221     6144000   6146757 
	   GPUs                 :                           0 
	   Memory (MB)          :   111        3000      3000 
	   TimeExecute (s)      :  2247                       
	   TimeSlotBusy (s)     :  2248                       
...
