000 (6054011.000.000) 08/17 02:22:39 Job submitted from host: <188.185.133.2:9618?addrs=188.185.133.2-9618+[2001-1458-d03-2--100-208]-9618&alias=bigbird102.cern.ch&noUDP&sock=schedd_5723_1498>
    DAG Node: C_A13_S7_F2
...
040 (6054011.000.000) 08/17 02:22:40 Started transferring input files
	Transferring to host: <188.185.193.171:9618?addrs=188.185.193.171-9618+[2001-1458-303-20--100-a7]-9618&alias=b9p19p9189.cern.ch&noUDP&sock=slot1_18_1398688_fa26_29278>
...
040 (6054011.000.000) 08/17 02:22:40 Finished transferring input files
...
001 (6054011.000.000) 08/17 02:22:41 Job executing on host: <188.185.193.171:9618?addrs=188.185.193.171-9618+[2001-1458-303-20--100-a7]-9618&alias=b9p19p9189.cern.ch&noUDP&sock=startd_969235_2bc4>
	SlotName: slot1_18@b9p19p9189.cern.ch
	CondorScratchDir = "/pool/condor/dir_1467429"
	Cpus = 1
	Disk = 6155852
	GPUs = 0
	Memory = 3000
...
006 (6054011.000.000) 08/17 02:22:49 Image size of job updated: 46628
	46  -  MemoryUsage of job (MB)
	46628  -  ResidentSetSize of job (KB)
...
006 (6054011.000.000) 08/17 02:27:49 Image size of job updated: 94592
	93  -  MemoryUsage of job (MB)
	94592  -  ResidentSetSize of job (KB)
...
006 (6054011.000.000) 08/17 03:22:56 Image size of job updated: 94760
	93  -  MemoryUsage of job (MB)
	94760  -  ResidentSetSize of job (KB)
...
006 (6054011.000.000) 08/17 03:32:57 Image size of job updated: 94924
	93  -  MemoryUsage of job (MB)
	94924  -  ResidentSetSize of job (KB)
...
006 (6054011.000.000) 08/17 03:42:58 Image size of job updated: 94928
	93  -  MemoryUsage of job (MB)
	94928  -  ResidentSetSize of job (KB)
...
006 (6054011.000.000) 08/17 03:57:59 Image size of job updated: 95096
	93  -  MemoryUsage of job (MB)
	95096  -  ResidentSetSize of job (KB)
...
006 (6054011.000.000) 08/17 04:03:00 Image size of job updated: 95268
	94  -  MemoryUsage of job (MB)
	95268  -  ResidentSetSize of job (KB)
...
040 (6054011.000.000) 08/17 04:17:00 Started transferring output files
...
040 (6054011.000.000) 08/17 04:17:00 Finished transferring output files
...
005 (6054011.000.000) 08/17 04:17:00 Job terminated.
	(1) Normal termination (return value 0)
		Usr 0 01:53:17, Sys 0 00:00:10  -  Run Remote Usage
		Usr 0 00:00:00, Sys 0 00:00:00  -  Run Local Usage
		Usr 0 01:53:17, Sys 0 00:00:10  -  Total Remote Usage
		Usr 0 00:00:00, Sys 0 00:00:00  -  Total Local Usage
	17250  -  Run Bytes Sent By Job
	10066  -  Run Bytes Received By Job
	17250  -  Total Bytes Sent By Job
	10066  -  Total Bytes Received By Job
	Partitionable Resources :    Usage  Request Allocated 
	   Cpus                 :     0.99        1         1 
	   Disk (KB)            : 39258     6144000   6155852 
	   GPUs                 :                           0 
	   Memory (MB)          :    94        3000      3000 
	   TimeExecute (s)      :  6859                       
	   TimeSlotBusy (s)     :  6860                       
...
