000 (6053639.000.000) 08/17 01:28:19 Job submitted from host: <188.185.133.2:9618?addrs=188.185.133.2-9618+[2001-1458-d03-2--100-208]-9618&alias=bigbird102.cern.ch&noUDP&sock=schedd_5723_1498>
    DAG Node: C_A05_S2_F0
...
040 (6053639.000.000) 08/17 01:29:53 Started transferring input files
	Transferring to host: <188.185.197.105:9618?addrs=188.185.197.105-9618+[2001-1458-303-24--100-65]-9618&alias=b9p14p6670.cern.ch&noUDP&sock=slot1_9_9398_7db7_23735>
...
040 (6053639.000.000) 08/17 01:29:53 Finished transferring input files
...
001 (6053639.000.000) 08/17 01:29:54 Job executing on host: <188.185.197.105:9618?addrs=188.185.197.105-9618+[2001-1458-303-24--100-65]-9618&alias=b9p14p6670.cern.ch&noUDP&sock=startd_7913_3d01>
	SlotName: slot1_9@b9p14p6670.cern.ch
	CondorScratchDir = "/pool/condor/dir_597808"
	Cpus = 1
	Disk = 6146782
	GPUs = 0
	Memory = 3000
...
006 (6053639.000.000) 08/17 01:30:02 Image size of job updated: 45252
	45  -  MemoryUsage of job (MB)
	45252  -  ResidentSetSize of job (KB)
...
006 (6053639.000.000) 08/17 01:35:02 Image size of job updated: 90696
	89  -  MemoryUsage of job (MB)
	90696  -  ResidentSetSize of job (KB)
...
006 (6053639.000.000) 08/17 01:40:02 Image size of job updated: 102620
	101  -  MemoryUsage of job (MB)
	102620  -  ResidentSetSize of job (KB)
...
006 (6053639.000.000) 08/17 01:45:03 Image size of job updated: 102624
	101  -  MemoryUsage of job (MB)
	102624  -  ResidentSetSize of job (KB)
...
006 (6053639.000.000) 08/17 01:50:03 Image size of job updated: 113464
	111  -  MemoryUsage of job (MB)
	113464  -  ResidentSetSize of job (KB)
...
006 (6053639.000.000) 08/17 01:55:04 Image size of job updated: 113468
	111  -  MemoryUsage of job (MB)
	113468  -  ResidentSetSize of job (KB)
...
006 (6053639.000.000) 08/17 01:56:42 Image size of job updated: 113472
	111  -  MemoryUsage of job (MB)
	113468  -  ResidentSetSize of job (KB)
...
040 (6053639.000.000) 08/17 01:56:42 Started transferring output files
...
040 (6053639.000.000) 08/17 01:56:42 Finished transferring output files
...
005 (6053639.000.000) 08/17 01:56:43 Job terminated.
	(1) Normal termination (return value 0)
		Usr 0 00:26:30, Sys 0 00:00:05  -  Run Remote Usage
		Usr 0 00:00:00, Sys 0 00:00:00  -  Run Local Usage
		Usr 0 00:26:30, Sys 0 00:00:05  -  Total Remote Usage
		Usr 0 00:00:00, Sys 0 00:00:00  -  Total Local Usage
	17309  -  Run Bytes Sent By Job
	10066  -  Run Bytes Received By Job
	17309  -  Total Bytes Sent By Job
	10066  -  Total Bytes Received By Job
	Partitionable Resources :    Usage  Request Allocated 
	   Cpus                 :     0.99        1         1 
	   Disk (KB)            : 39259     6144000   6146782 
	   GPUs                 :                           0 
	   Memory (MB)          :   111        3000      3000 
	   TimeExecute (s)      :  1608                       
	   TimeSlotBusy (s)     :  1611                       
...
