000 (6053883.000.000) 08/17 01:56:51 Job submitted from host: <188.185.133.2:9618?addrs=188.185.133.2-9618+[2001-1458-d03-2--100-208]-9618&alias=bigbird102.cern.ch&noUDP&sock=schedd_5723_1498>
    DAG Node: C_A11_S4_F2
...
040 (6053883.000.000) 08/17 01:56:53 Started transferring input files
	Transferring to host: <188.185.192.185:9618?addrs=188.185.192.185-9618+[2001-1458-303-1f--100-b5]-9618&alias=b9p13p1927.cern.ch&noUDP&sock=slot1_36_3846_9ad5_30982>
...
040 (6053883.000.000) 08/17 01:56:53 Finished transferring input files
...
001 (6053883.000.000) 08/17 01:56:54 Job executing on host: <188.185.192.185:9618?addrs=188.185.192.185-9618+[2001-1458-303-1f--100-b5]-9618&alias=b9p13p1927.cern.ch&noUDP&sock=startd_3083_4292>
	SlotName: slot1_36@b9p13p1927.cern.ch
	CondorScratchDir = "/pool/condor/dir_303055"
	Cpus = 1
	Disk = 6150321
	GPUs = 0
	Memory = 3000
...
006 (6053883.000.000) 08/17 01:57:02 Image size of job updated: 49144
	48  -  MemoryUsage of job (MB)
	49144  -  ResidentSetSize of job (KB)
...
006 (6053883.000.000) 08/17 02:02:02 Image size of job updated: 94500
	93  -  MemoryUsage of job (MB)
	94500  -  ResidentSetSize of job (KB)
...
006 (6053883.000.000) 08/17 03:17:10 Image size of job updated: 94668
	93  -  MemoryUsage of job (MB)
	94668  -  ResidentSetSize of job (KB)
...
006 (6053883.000.000) 08/17 03:22:11 Image size of job updated: 94720
	93  -  MemoryUsage of job (MB)
	94720  -  ResidentSetSize of job (KB)
...
006 (6053883.000.000) 08/17 03:27:12 Image size of job updated: 94836
	93  -  MemoryUsage of job (MB)
	94836  -  ResidentSetSize of job (KB)
...
006 (6053883.000.000) 08/17 03:47:14 Image size of job updated: 95176
	93  -  MemoryUsage of job (MB)
	95176  -  ResidentSetSize of job (KB)
...
040 (6053883.000.000) 08/17 04:02:22 Started transferring output files
...
040 (6053883.000.000) 08/17 04:02:22 Finished transferring output files
...
005 (6053883.000.000) 08/17 04:02:22 Job terminated.
	(1) Normal termination (return value 0)
		Usr 0 02:04:16, Sys 0 00:00:12  -  Run Remote Usage
		Usr 0 00:00:00, Sys 0 00:00:00  -  Run Local Usage
		Usr 0 02:04:16, Sys 0 00:00:12  -  Total Remote Usage
		Usr 0 00:00:00, Sys 0 00:00:00  -  Total Local Usage
	17998  -  Run Bytes Sent By Job
	10066  -  Run Bytes Received By Job
	17998  -  Total Bytes Sent By Job
	10066  -  Total Bytes Received By Job
	Partitionable Resources :    Usage  Request Allocated 
	   Cpus                 :     0.99        1         1 
	   Disk (KB)            : 39262     6144000   6150321 
	   GPUs                 :                           0 
	   Memory (MB)          :    93        3000      3000 
	   TimeExecute (s)      :  7527                       
	   TimeSlotBusy (s)     :  7530                       
...
