000 (6053850.000.000) 08/17 01:50:41 Job submitted from host: <188.185.133.2:9618?addrs=188.185.133.2-9618+[2001-1458-d03-2--100-208]-9618&alias=bigbird102.cern.ch&noUDP&sock=schedd_5723_1498>
    DAG Node: C_A03_S7_F2
...
040 (6053850.000.000) 08/17 01:51:26 Started transferring input files
	Transferring to host: <188.185.194.135:9618?addrs=188.185.194.135-9618+[2001-1458-303-21--100-83]-9618&alias=b9p20p5089.cern.ch&noUDP&sock=slot1_13_6782_484d_31299>
...
040 (6053850.000.000) 08/17 01:51:26 Finished transferring input files
...
001 (6053850.000.000) 08/17 01:51:27 Job executing on host: <188.185.194.135:9618?addrs=188.185.194.135-9618+[2001-1458-303-21--100-83]-9618&alias=b9p20p5089.cern.ch&noUDP&sock=startd_6138_bc66>
	SlotName: slot1_13@b9p20p5089.cern.ch
	CondorScratchDir = "/pool/condor/dir_372602"
	Cpus = 1
	Disk = 6146798
	GPUs = 0
	Memory = 3000
...
006 (6053850.000.000) 08/17 01:51:36 Image size of job updated: 28472
	27  -  MemoryUsage of job (MB)
	27272  -  ResidentSetSize of job (KB)
...
006 (6053850.000.000) 08/17 01:56:37 Image size of job updated: 90532
	89  -  MemoryUsage of job (MB)
	90532  -  ResidentSetSize of job (KB)
...
006 (6053850.000.000) 08/17 03:01:43 Image size of job updated: 90696
	89  -  MemoryUsage of job (MB)
	90696  -  ResidentSetSize of job (KB)
...
006 (6053850.000.000) 08/17 03:06:43 Image size of job updated: 90864
	89  -  MemoryUsage of job (MB)
	90864  -  ResidentSetSize of job (KB)
...
006 (6053850.000.000) 08/17 03:21:45 Image size of job updated: 91036
	89  -  MemoryUsage of job (MB)
	91036  -  ResidentSetSize of job (KB)
...
006 (6053850.000.000) 08/17 03:26:46 Image size of job updated: 91208
	90  -  MemoryUsage of job (MB)
	91208  -  ResidentSetSize of job (KB)
...
040 (6053850.000.000) 08/17 03:39:38 Started transferring output files
...
040 (6053850.000.000) 08/17 03:39:38 Finished transferring output files
...
005 (6053850.000.000) 08/17 03:39:38 Job terminated.
	(1) Normal termination (return value 0)
		Usr 0 01:47:13, Sys 0 00:00:09  -  Run Remote Usage
		Usr 0 00:00:00, Sys 0 00:00:00  -  Run Local Usage
		Usr 0 01:47:13, Sys 0 00:00:09  -  Total Remote Usage
		Usr 0 00:00:00, Sys 0 00:00:00  -  Total Local Usage
	17439  -  Run Bytes Sent By Job
	10066  -  Run Bytes Received By Job
	17439  -  Total Bytes Sent By Job
	10066  -  Total Bytes Received By Job
	Partitionable Resources :    Usage  Request Allocated 
	   Cpus                 :     0.99        1         1 
	   Disk (KB)            : 39259     6144000   6146798 
	   GPUs                 :                           0 
	   Memory (MB)          :    90        3000      3000 
	   TimeExecute (s)      :  6491                       
	   TimeSlotBusy (s)     :  6492                       
...
