000 (6053997.000.000) 08/17 02:19:44 Job submitted from host: <188.185.133.2:9618?addrs=188.185.133.2-9618+[2001-1458-d03-2--100-208]-9618&alias=bigbird102.cern.ch&noUDP&sock=schedd_5723_1498>
    DAG Node: C_A07_S0_F0
...
040 (6053997.000.000) 08/17 02:20:33 Started transferring input files
	Transferring to host: <188.185.196.68:9618?addrs=188.185.196.68-9618+[2001-1458-303-23--100-40]-9618&alias=b9p16p2478.cern.ch&noUDP&sock=slot1_5_3955_67ba_30449>
...
040 (6053997.000.000) 08/17 02:20:33 Finished transferring input files
...
001 (6053997.000.000) 08/17 02:20:34 Job executing on host: <188.185.196.68:9618?addrs=188.185.196.68-9618+[2001-1458-303-23--100-40]-9618&alias=b9p16p2478.cern.ch&noUDP&sock=startd_3908_2434>
	SlotName: slot1_5@b9p16p2478.cern.ch
	CondorScratchDir = "/pool/condor/dir_281309"
	Cpus = 1
	Disk = 6146691
	GPUs = 0
	Memory = 3000
...
006 (6053997.000.000) 08/17 02:20:42 Image size of job updated: 9316
	10  -  MemoryUsage of job (MB)
	9316  -  ResidentSetSize of job (KB)
...
006 (6053997.000.000) 08/17 02:25:42 Image size of job updated: 94588
	93  -  MemoryUsage of job (MB)
	94588  -  ResidentSetSize of job (KB)
...
006 (6053997.000.000) 08/17 02:30:43 Image size of job updated: 94752
	93  -  MemoryUsage of job (MB)
	94752  -  ResidentSetSize of job (KB)
...
006 (6053997.000.000) 08/17 02:35:43 Image size of job updated: 95260
	94  -  MemoryUsage of job (MB)
	95260  -  ResidentSetSize of job (KB)
...
006 (6053997.000.000) 08/17 02:40:44 Image size of job updated: 106676
	105  -  MemoryUsage of job (MB)
	106676  -  ResidentSetSize of job (KB)
...
006 (6053997.000.000) 08/17 02:50:44 Image size of job updated: 106684
	105  -  MemoryUsage of job (MB)
	106684  -  ResidentSetSize of job (KB)
...
006 (6053997.000.000) 08/17 02:55:45 Image size of job updated: 117520
	115  -  MemoryUsage of job (MB)
	117520  -  ResidentSetSize of job (KB)
...
006 (6053997.000.000) 08/17 03:05:46 Image size of job updated: 117528
	115  -  MemoryUsage of job (MB)
	117528  -  ResidentSetSize of job (KB)
...
040 (6053997.000.000) 08/17 03:07:59 Started transferring output files
...
040 (6053997.000.000) 08/17 03:07:59 Finished transferring output files
...
005 (6053997.000.000) 08/17 03:07:59 Job terminated.
	(1) Normal termination (return value 0)
		Usr 0 00:44:17, Sys 0 00:00:07  -  Run Remote Usage
		Usr 0 00:00:00, Sys 0 00:00:00  -  Run Local Usage
		Usr 0 00:44:17, Sys 0 00:00:07  -  Total Remote Usage
		Usr 0 00:00:00, Sys 0 00:00:00  -  Total Local Usage
	17906  -  Run Bytes Sent By Job
	10066  -  Run Bytes Received By Job
	17906  -  Total Bytes Sent By Job
	10066  -  Total Bytes Received By Job
	Partitionable Resources :    Usage  Request Allocated 
	   Cpus                 :     0.96        1         1 
	   Disk (KB)            : 39261     6144000   6146691 
	   GPUs                 :                           0 
	   Memory (MB)          :   115        3000      3000 
	   TimeExecute (s)      :  2845                       
	   TimeSlotBusy (s)     :  2847                       
...
