000 (6054043.000.000) 08/17 02:46:30 Job submitted from host: <188.185.133.2:9618?addrs=188.185.133.2-9618+[2001-1458-d03-2--100-208]-9618&alias=bigbird102.cern.ch&noUDP&sock=schedd_5723_1498>
    DAG Node: C_A12_S4_F0
...
040 (6054043.000.000) 08/17 02:46:30 Started transferring input files
	Transferring to host: <128.142.51.203:9618?addrs=128.142.51.203-9618+[2001-1458-301-3--100-8]-9618&alias=b9g02p3210.cern.ch&noUDP&sock=slot1_17_8395_c96e_29965>
...
040 (6054043.000.000) 08/17 02:46:30 Finished transferring input files
...
001 (6054043.000.000) 08/17 02:46:31 Job executing on host: <128.142.51.203:9618?addrs=128.142.51.203-9618+[2001-1458-301-3--100-8]-9618&alias=b9g02p3210.cern.ch&noUDP&sock=startd_7136_47ea>
	SlotName: slot1_17@b9g02p3210.cern.ch
	CondorScratchDir = "/pool/condor/dir_350291"
	Cpus = 1
	Disk = 6248195
	GPUs = 0
	Memory = 3000
...
006 (6054043.000.000) 08/17 02:46:40 Image size of job updated: 46952
	46  -  MemoryUsage of job (MB)
	46952  -  ResidentSetSize of job (KB)
...
006 (6054043.000.000) 08/17 02:51:41 Image size of job updated: 94364
	93  -  MemoryUsage of job (MB)
	94364  -  ResidentSetSize of job (KB)
...
006 (6054043.000.000) 08/17 02:56:41 Image size of job updated: 94700
	93  -  MemoryUsage of job (MB)
	94700  -  ResidentSetSize of job (KB)
...
006 (6054043.000.000) 08/17 03:01:42 Image size of job updated: 106456
	104  -  MemoryUsage of job (MB)
	106456  -  ResidentSetSize of job (KB)
...
006 (6054043.000.000) 08/17 03:11:43 Image size of job updated: 106464
	104  -  MemoryUsage of job (MB)
	106464  -  ResidentSetSize of job (KB)
...
006 (6054043.000.000) 08/17 03:16:44 Image size of job updated: 117300
	115  -  MemoryUsage of job (MB)
	117300  -  ResidentSetSize of job (KB)
...
006 (6054043.000.000) 08/17 03:21:45 Image size of job updated: 117304
	115  -  MemoryUsage of job (MB)
	117304  -  ResidentSetSize of job (KB)
...
006 (6054043.000.000) 08/17 03:23:47 Image size of job updated: 117308
	115  -  MemoryUsage of job (MB)
	117304  -  ResidentSetSize of job (KB)
...
040 (6054043.000.000) 08/17 03:23:47 Started transferring output files
...
040 (6054043.000.000) 08/17 03:23:47 Finished transferring output files
...
005 (6054043.000.000) 08/17 03:23:48 Job terminated.
	(1) Normal termination (return value 0)
		Usr 0 00:36:49, Sys 0 00:00:06  -  Run Remote Usage
		Usr 0 00:00:00, Sys 0 00:00:00  -  Run Local Usage
		Usr 0 00:36:49, Sys 0 00:00:06  -  Total Remote Usage
		Usr 0 00:00:00, Sys 0 00:00:00  -  Total Local Usage
	18140  -  Run Bytes Sent By Job
	10066  -  Run Bytes Received By Job
	18140  -  Total Bytes Sent By Job
	10066  -  Total Bytes Received By Job
	Partitionable Resources :    Usage  Request Allocated 
	   Cpus                 :     1.00        1         1 
	   Disk (KB)            : 39262     6144000   6248195 
	   GPUs                 :                           0 
	   Memory (MB)          :   115        3000      3000 
	   TimeExecute (s)      :  2236                       
	   TimeSlotBusy (s)     :  2237                       
...
