000 (6053946.000.000) 08/17 02:08:33 Job submitted from host: <188.185.133.2:9618?addrs=188.185.133.2-9618+[2001-1458-d03-2--100-208]-9618&alias=bigbird102.cern.ch&noUDP&sock=schedd_5723_1498>
    DAG Node: C_A08_S6_F1
...
040 (6053946.000.000) 08/17 02:09:38 Started transferring input files
	Transferring to host: <188.185.195.93:9618?addrs=188.185.195.93-9618+[2001-1458-303-22--100-59]-9618&alias=b9p17p2919.cern.ch&noUDP&sock=slot1_13_6809_4e6e_31223>
...
040 (6053946.000.000) 08/17 02:09:38 Finished transferring input files
...
001 (6053946.000.000) 08/17 02:09:39 Job executing on host: <188.185.195.93:9618?addrs=188.185.195.93-9618+[2001-1458-303-22--100-59]-9618&alias=b9p17p2919.cern.ch&noUDP&sock=startd_6164_91dc>
	SlotName: slot1_13@b9p17p2919.cern.ch
	CondorScratchDir = "/pool/condor/dir_3720601"
	Cpus = 1
	Disk = 6148878
	GPUs = 0
	Memory = 3000
...
006 (6053946.000.000) 08/17 02:09:48 Image size of job updated: 52996
	52  -  MemoryUsage of job (MB)
	52996  -  ResidentSetSize of job (KB)
...
006 (6053946.000.000) 08/17 02:14:49 Image size of job updated: 94592
	93  -  MemoryUsage of job (MB)
	94592  -  ResidentSetSize of job (KB)
...
006 (6053946.000.000) 08/17 02:29:51 Image size of job updated: 94928
	93  -  MemoryUsage of job (MB)
	94928  -  ResidentSetSize of job (KB)
...
006 (6053946.000.000) 08/17 02:34:51 Image size of job updated: 95268
	94  -  MemoryUsage of job (MB)
	95268  -  ResidentSetSize of job (KB)
...
040 (6053946.000.000) 08/17 02:35:35 Started transferring output files
...
040 (6053946.000.000) 08/17 02:35:35 Finished transferring output files
...
005 (6053946.000.000) 08/17 02:35:35 Job terminated.
	(1) Normal termination (return value 0)
		Usr 0 00:25:35, Sys 0 00:00:05  -  Run Remote Usage
		Usr 0 00:00:00, Sys 0 00:00:00  -  Run Local Usage
		Usr 0 00:25:35, Sys 0 00:00:05  -  Total Remote Usage
		Usr 0 00:00:00, Sys 0 00:00:00  -  Total Local Usage
	17372  -  Run Bytes Sent By Job
	10066  -  Run Bytes Received By Job
	17372  -  Total Bytes Sent By Job
	10066  -  Total Bytes Received By Job
	Partitionable Resources :    Usage  Request Allocated 
	   Cpus                 :     0.99        1         1 
	   Disk (KB)            : 39260     6144000   6148878 
	   GPUs                 :                           0 
	   Memory (MB)          :    94        3000      3000 
	   TimeExecute (s)      :  1556                       
	   TimeSlotBusy (s)     :  1557                       
...
