000 (6053699.000.000) 08/17 01:32:11 Job submitted from host: <188.185.133.2:9618?addrs=188.185.133.2-9618+[2001-1458-d03-2--100-208]-9618&alias=bigbird102.cern.ch&noUDP&sock=schedd_5723_1498>
    DAG Node: C_A01_S3_F2
...
040 (6053699.000.000) 08/17 01:33:19 Started transferring input files
	Transferring to host: <188.185.195.65:9618?addrs=188.185.195.65-9618+[2001-1458-303-22--100-3d]-9618&alias=b9p17p0944.cern.ch&noUDP&sock=slot1_39_5522_7f9a_29403>
...
040 (6053699.000.000) 08/17 01:33:19 Finished transferring input files
...
001 (6053699.000.000) 08/17 01:33:20 Job executing on host: <188.185.195.65:9618?addrs=188.185.195.65-9618+[2001-1458-303-22--100-3d]-9618&alias=b9p17p0944.cern.ch&noUDP&sock=startd_4336_b6bd>
	SlotName: slot1_39@b9p17p0944.cern.ch
	CondorScratchDir = "/pool/condor/dir_2289096"
	Cpus = 1
	Disk = 6178354
	GPUs = 0
	Memory = 3000
...
006 (6053699.000.000) 08/17 01:33:29 Image size of job updated: 31388
	31  -  MemoryUsage of job (MB)
	31388  -  ResidentSetSize of job (KB)
...
006 (6053699.000.000) 08/17 01:38:30 Image size of job updated: 94580
	93  -  MemoryUsage of job (MB)
	94580  -  ResidentSetSize of job (KB)
...
006 (6053699.000.000) 08/17 02:43:36 Image size of job updated: 94748
	93  -  MemoryUsage of job (MB)
	94748  -  ResidentSetSize of job (KB)
...
006 (6053699.000.000) 08/17 02:53:37 Image size of job updated: 94912
	93  -  MemoryUsage of job (MB)
	94912  -  ResidentSetSize of job (KB)
...
006 (6053699.000.000) 08/17 02:58:38 Image size of job updated: 94916
	93  -  MemoryUsage of job (MB)
	94916  -  ResidentSetSize of job (KB)
...
006 (6053699.000.000) 08/17 03:13:39 Image size of job updated: 95256
	94  -  MemoryUsage of job (MB)
	95256  -  ResidentSetSize of job (KB)
...
040 (6053699.000.000) 08/17 03:26:46 Started transferring output files
...
040 (6053699.000.000) 08/17 03:26:46 Finished transferring output files
...
005 (6053699.000.000) 08/17 03:26:46 Job terminated.
	(1) Normal termination (return value 0)
		Usr 0 01:52:27, Sys 0 00:00:10  -  Run Remote Usage
		Usr 0 00:00:00, Sys 0 00:00:00  -  Run Local Usage
		Usr 0 01:52:27, Sys 0 00:00:10  -  Total Remote Usage
		Usr 0 00:00:00, Sys 0 00:00:00  -  Total Local Usage
	17245  -  Run Bytes Sent By Job
	10066  -  Run Bytes Received By Job
	17245  -  Total Bytes Sent By Job
	10066  -  Total Bytes Received By Job
	Partitionable Resources :    Usage  Request Allocated 
	   Cpus                 :     0.99        1         1 
	   Disk (KB)            : 39259     6144000   6178354 
	   GPUs                 :                           0 
	   Memory (MB)          :    94        3000      3000 
	   TimeExecute (s)      :  6806                       
	   TimeSlotBusy (s)     :  6807                       
...
