000 (6053621.000.000) 08/17 01:26:52 Job submitted from host: <188.185.133.2:9618?addrs=188.185.133.2-9618+[2001-1458-d03-2--100-208]-9618&alias=bigbird102.cern.ch&noUDP&sock=schedd_5723_1498>
    DAG Node: C_A02_S7_F2
...
040 (6053621.000.000) 08/17 01:28:47 Started transferring input files
	Transferring to host: <188.185.196.26:9618?addrs=188.185.196.26-9618+[2001-1458-303-23--100-16]-9618&alias=b9p16p3793.cern.ch&noUDP&sock=slot1_35_3293_f75f_30599>
...
040 (6053621.000.000) 08/17 01:28:47 Finished transferring input files
...
001 (6053621.000.000) 08/17 01:28:48 Job executing on host: <188.185.196.26:9618?addrs=188.185.196.26-9618+[2001-1458-303-23--100-16]-9618&alias=b9p16p3793.cern.ch&noUDP&sock=startd_2607_c37d>
	SlotName: slot1_35@b9p16p3793.cern.ch
	CondorScratchDir = "/pool/condor/dir_1158099"
	Cpus = 1
	Disk = 6145397
	GPUs = 0
	Memory = 3000
...
006 (6053621.000.000) 08/17 01:28:57 Image size of job updated: 38820
	29  -  MemoryUsage of job (MB)
	29632  -  ResidentSetSize of job (KB)
...
006 (6053621.000.000) 08/17 01:33:58 Image size of job updated: 95860
	91  -  MemoryUsage of job (MB)
	92556  -  ResidentSetSize of job (KB)
...
006 (6053621.000.000) 08/17 02:14:01 Image size of job updated: 95860
	91  -  MemoryUsage of job (MB)
	92724  -  ResidentSetSize of job (KB)
...
006 (6053621.000.000) 08/17 02:24:02 Image size of job updated: 95860
	91  -  MemoryUsage of job (MB)
	92892  -  ResidentSetSize of job (KB)
...
006 (6053621.000.000) 08/17 02:44:05 Image size of job updated: 95860
	92  -  MemoryUsage of job (MB)
	93228  -  ResidentSetSize of job (KB)
...
006 (6053621.000.000) 08/17 02:49:05 Image size of job updated: 95860
	92  -  MemoryUsage of job (MB)
	93232  -  ResidentSetSize of job (KB)
...
040 (6053621.000.000) 08/17 02:59:00 Started transferring output files
...
040 (6053621.000.000) 08/17 02:59:00 Finished transferring output files
...
005 (6053621.000.000) 08/17 02:59:00 Job terminated.
	(1) Normal termination (return value 0)
		Usr 0 01:29:19, Sys 0 00:00:08  -  Run Remote Usage
		Usr 0 00:00:00, Sys 0 00:00:00  -  Run Local Usage
		Usr 0 01:29:19, Sys 0 00:00:08  -  Total Remote Usage
		Usr 0 00:00:00, Sys 0 00:00:00  -  Total Local Usage
	17168  -  Run Bytes Sent By Job
	10066  -  Run Bytes Received By Job
	17168  -  Total Bytes Sent By Job
	10066  -  Total Bytes Received By Job
	Partitionable Resources :    Usage  Request Allocated 
	   Cpus                 :     0.99        1         1 
	   Disk (KB)            : 39259     6144000   6145397 
	   GPUs                 :                           0 
	   Memory (MB)          :    92        3000      3000 
	   TimeExecute (s)      :  5412                       
	   TimeSlotBusy (s)     :  5413                       
...
