000 (6053681.000.000) 08/17 01:30:33 Job submitted from host: <188.185.133.2:9618?addrs=188.185.133.2-9618+[2001-1458-d03-2--100-208]-9618&alias=bigbird102.cern.ch&noUDP&sock=schedd_5723_1498>
    DAG Node: C_A01_S0_F0
...
040 (6053681.000.000) 08/17 01:30:54 Started transferring input files
	Transferring to host: <188.185.192.177:9618?addrs=188.185.192.177-9618+[2001-1458-303-1f--100-ad]-9618&alias=b9p13p5916.cern.ch&noUDP&sock=slot1_19_7778_0df5_31555>
...
040 (6053681.000.000) 08/17 01:30:54 Finished transferring input files
...
001 (6053681.000.000) 08/17 01:30:55 Job executing on host: <188.185.192.177:9618?addrs=188.185.192.177-9618+[2001-1458-303-1f--100-ad]-9618&alias=b9p13p5916.cern.ch&noUDP&sock=startd_6699_8907>
	SlotName: slot1_19@b9p13p5916.cern.ch
	CondorScratchDir = "/pool/condor/dir_1382871"
	Cpus = 1
	Disk = 6146836
	GPUs = 0
	Memory = 3000
...
006 (6053681.000.000) 08/17 01:31:03 Image size of job updated: 30168
	30  -  MemoryUsage of job (MB)
	30168  -  ResidentSetSize of job (KB)
...
006 (6053681.000.000) 08/17 01:36:03 Image size of job updated: 92412
	91  -  MemoryUsage of job (MB)
	92412  -  ResidentSetSize of job (KB)
...
006 (6053681.000.000) 08/17 01:41:04 Image size of job updated: 93084
	91  -  MemoryUsage of job (MB)
	93084  -  ResidentSetSize of job (KB)
...
006 (6053681.000.000) 08/17 01:46:04 Image size of job updated: 104500
	103  -  MemoryUsage of job (MB)
	104500  -  ResidentSetSize of job (KB)
...
006 (6053681.000.000) 08/17 01:51:05 Image size of job updated: 104504
	103  -  MemoryUsage of job (MB)
	104504  -  ResidentSetSize of job (KB)
...
006 (6053681.000.000) 08/17 01:56:06 Image size of job updated: 115344
	113  -  MemoryUsage of job (MB)
	115344  -  ResidentSetSize of job (KB)
...
006 (6053681.000.000) 08/17 02:06:07 Image size of job updated: 115352
	113  -  MemoryUsage of job (MB)
	115352  -  ResidentSetSize of job (KB)
...
040 (6053681.000.000) 08/17 02:06:24 Started transferring output files
...
040 (6053681.000.000) 08/17 02:06:24 Finished transferring output files
...
005 (6053681.000.000) 08/17 02:06:25 Job terminated.
	(1) Normal termination (return value 0)
		Usr 0 00:35:02, Sys 0 00:00:06  -  Run Remote Usage
		Usr 0 00:00:00, Sys 0 00:00:00  -  Run Local Usage
		Usr 0 00:35:02, Sys 0 00:00:06  -  Total Remote Usage
		Usr 0 00:00:00, Sys 0 00:00:00  -  Total Local Usage
	17383  -  Run Bytes Sent By Job
	10066  -  Run Bytes Received By Job
	17383  -  Total Bytes Sent By Job
	10066  -  Total Bytes Received By Job
	Partitionable Resources :    Usage  Request Allocated 
	   Cpus                 :     0.99        1         1 
	   Disk (KB)            : 39259     6144000   6146836 
	   GPUs                 :                           0 
	   Memory (MB)          :   113        3000      3000 
	   TimeExecute (s)      :  2129                       
	   TimeSlotBusy (s)     :  2130                       
...
