000 (6053731.000.000) 08/17 01:35:41 Job submitted from host: <188.185.133.2:9618?addrs=188.185.133.2-9618+[2001-1458-d03-2--100-208]-9618&alias=bigbird102.cern.ch&noUDP&sock=schedd_5723_1498>
    DAG Node: C_A04_S3_F1
...
040 (6053731.000.000) 08/17 01:36:37 Started transferring input files
	Transferring to host: <128.142.162.101:9618?addrs=128.142.162.101-9618+[2001-1458-301-7d--100-1e]-9618&alias=b9g42p2013.cern.ch&noUDP&sock=slot1_21_4121_5e01_22263>
...
040 (6053731.000.000) 08/17 01:36:37 Finished transferring input files
...
001 (6053731.000.000) 08/17 01:36:38 Job executing on host: <128.142.162.101:9618?addrs=128.142.162.101-9618+[2001-1458-301-7d--100-1e]-9618&alias=b9g42p2013.cern.ch&noUDP&sock=startd_3784_1675>
	SlotName: slot1_21@b9g42p2013.cern.ch
	CondorScratchDir = "/pool/condor/dir_2896990"
	Cpus = 1
	Disk = 6146805
	GPUs = 0
	Memory = 3000
...
006 (6053731.000.000) 08/17 01:36:47 Image size of job updated: 32292
	31  -  MemoryUsage of job (MB)
	31124  -  ResidentSetSize of job (KB)
...
006 (6053731.000.000) 08/17 01:41:48 Image size of job updated: 94236
	93  -  MemoryUsage of job (MB)
	94236  -  ResidentSetSize of job (KB)
...
006 (6053731.000.000) 08/17 01:51:49 Image size of job updated: 94292
	93  -  MemoryUsage of job (MB)
	94292  -  ResidentSetSize of job (KB)
...
006 (6053731.000.000) 08/17 01:56:50 Image size of job updated: 94572
	93  -  MemoryUsage of job (MB)
	94572  -  ResidentSetSize of job (KB)
...
006 (6053731.000.000) 08/17 02:01:50 Image size of job updated: 94912
	93  -  MemoryUsage of job (MB)
	94912  -  ResidentSetSize of job (KB)
...
040 (6053731.000.000) 08/17 02:04:29 Started transferring output files
...
040 (6053731.000.000) 08/17 02:04:29 Finished transferring output files
...
005 (6053731.000.000) 08/17 02:04:29 Job terminated.
	(1) Normal termination (return value 0)
		Usr 0 00:27:35, Sys 0 00:00:05  -  Run Remote Usage
		Usr 0 00:00:00, Sys 0 00:00:00  -  Run Local Usage
		Usr 0 00:27:35, Sys 0 00:00:05  -  Total Remote Usage
		Usr 0 00:00:00, Sys 0 00:00:00  -  Total Local Usage
	17241  -  Run Bytes Sent By Job
	10066  -  Run Bytes Received By Job
	17241  -  Total Bytes Sent By Job
	10066  -  Total Bytes Received By Job
	Partitionable Resources :    Usage  Request Allocated 
	   Cpus                 :     1.00        1         1 
	   Disk (KB)            : 39218     6144000   6146805 
	   GPUs                 :                           0 
	   Memory (MB)          :    93        3000      3000 
	   TimeExecute (s)      :  1671                       
	   TimeSlotBusy (s)     :  1672                       
...
