000 (6053602.000.000) 08/17 01:26:31 Job submitted from host: <188.185.133.2:9618?addrs=188.185.133.2-9618+[2001-1458-d03-2--100-208]-9618&alias=bigbird102.cern.ch&noUDP&sock=schedd_5723_1498>
    DAG Node: C_A02_S2_F2
...
040 (6053602.000.000) 08/17 01:26:35 Started transferring input files
	Transferring to host: <188.185.193.132:9618?addrs=188.185.193.132-9618+[2001-1458-303-20--100-80]-9618&alias=b9p19p8900.cern.ch&noUDP&sock=slot1_7_6417_1b5e_29367>
...
040 (6053602.000.000) 08/17 01:26:35 Finished transferring input files
...
001 (6053602.000.000) 08/17 01:26:36 Job executing on host: <188.185.193.132:9618?addrs=188.185.193.132-9618+[2001-1458-303-20--100-80]-9618&alias=b9p19p8900.cern.ch&noUDP&sock=startd_5538_2f93>
	SlotName: slot1_7@b9p19p8900.cern.ch
	CondorScratchDir = "/pool/condor/dir_1395176"
	Cpus = 1
	Disk = 6145954
	GPUs = 0
	Memory = 3000
...
006 (6053602.000.000) 08/17 01:26:45 Image size of job updated: 44216
	32  -  MemoryUsage of job (MB)
	32376  -  ResidentSetSize of job (KB)
...
006 (6053602.000.000) 08/17 01:31:46 Image size of job updated: 94588
	93  -  MemoryUsage of job (MB)
	94588  -  ResidentSetSize of job (KB)
...
006 (6053602.000.000) 08/17 02:26:51 Image size of job updated: 94756
	93  -  MemoryUsage of job (MB)
	94756  -  ResidentSetSize of job (KB)
...
006 (6053602.000.000) 08/17 02:36:51 Image size of job updated: 94920
	93  -  MemoryUsage of job (MB)
	94920  -  ResidentSetSize of job (KB)
...
006 (6053602.000.000) 08/17 02:46:52 Image size of job updated: 94924
	93  -  MemoryUsage of job (MB)
	94924  -  ResidentSetSize of job (KB)
...
006 (6053602.000.000) 08/17 02:56:54 Image size of job updated: 95092
	93  -  MemoryUsage of job (MB)
	95092  -  ResidentSetSize of job (KB)
...
006 (6053602.000.000) 08/17 03:01:54 Image size of job updated: 95264
	94  -  MemoryUsage of job (MB)
	95264  -  ResidentSetSize of job (KB)
...
040 (6053602.000.000) 08/17 03:12:51 Started transferring output files
...
040 (6053602.000.000) 08/17 03:12:51 Finished transferring output files
...
005 (6053602.000.000) 08/17 03:12:52 Job terminated.
	(1) Normal termination (return value 0)
		Usr 0 01:45:16, Sys 0 00:00:10  -  Run Remote Usage
		Usr 0 00:00:00, Sys 0 00:00:00  -  Run Local Usage
		Usr 0 01:45:16, Sys 0 00:00:10  -  Total Remote Usage
		Usr 0 00:00:00, Sys 0 00:00:00  -  Total Local Usage
	17172  -  Run Bytes Sent By Job
	10066  -  Run Bytes Received By Job
	17172  -  Total Bytes Sent By Job
	10066  -  Total Bytes Received By Job
	Partitionable Resources :    Usage  Request Allocated 
	   Cpus                 :     0.99        1         1 
	   Disk (KB)            : 39259     6144000   6145954 
	   GPUs                 :                           0 
	   Memory (MB)          :    94        3000      3000 
	   TimeExecute (s)      :  6375                       
	   TimeSlotBusy (s)     :  6376                       
...
