000 (6053885.000.000) 08/17 01:56:51 Job submitted from host: <188.185.133.2:9618?addrs=188.185.133.2-9618+[2001-1458-d03-2--100-208]-9618&alias=bigbird102.cern.ch&noUDP&sock=schedd_5723_1498>
    DAG Node: C_A09_S0_F1
...
040 (6053885.000.000) 08/17 01:57:25 Started transferring input files
	Transferring to host: <188.185.192.165:9618?addrs=188.185.192.165-9618+[2001-1458-303-1f--100-a1]-9618&alias=b9p13p9228.cern.ch&noUDP&sock=slot1_24_8136_4c44_30716>
...
040 (6053885.000.000) 08/17 01:57:25 Finished transferring input files
...
001 (6053885.000.000) 08/17 01:57:26 Job executing on host: <188.185.192.165:9618?addrs=188.185.192.165-9618+[2001-1458-303-1f--100-a1]-9618&alias=b9p13p9228.cern.ch&noUDP&sock=startd_7047_3bfd>
	SlotName: slot1_24@b9p13p9228.cern.ch
	CondorScratchDir = "/pool/condor/dir_2310551"
	Cpus = 1
	Disk = 6146845
	GPUs = 0
	Memory = 3000
...
006 (6053885.000.000) 08/17 01:57:35 Image size of job updated: 27200
	27  -  MemoryUsage of job (MB)
	27200  -  ResidentSetSize of job (KB)
...
006 (6053885.000.000) 08/17 02:02:36 Image size of job updated: 90384
	89  -  MemoryUsage of job (MB)
	90384  -  ResidentSetSize of job (KB)
...
006 (6053885.000.000) 08/17 02:17:38 Image size of job updated: 90716
	89  -  MemoryUsage of job (MB)
	90716  -  ResidentSetSize of job (KB)
...
006 (6053885.000.000) 08/17 02:27:38 Image size of job updated: 91056
	89  -  MemoryUsage of job (MB)
	91056  -  ResidentSetSize of job (KB)
...
040 (6053885.000.000) 08/17 02:29:53 Started transferring output files
...
040 (6053885.000.000) 08/17 02:29:53 Finished transferring output files
...
005 (6053885.000.000) 08/17 02:29:53 Job terminated.
	(1) Normal termination (return value 0)
		Usr 0 00:32:05, Sys 0 00:00:05  -  Run Remote Usage
		Usr 0 00:00:00, Sys 0 00:00:00  -  Run Local Usage
		Usr 0 00:32:05, Sys 0 00:00:05  -  Total Remote Usage
		Usr 0 00:00:00, Sys 0 00:00:00  -  Total Local Usage
	17241  -  Run Bytes Sent By Job
	10066  -  Run Bytes Received By Job
	17241  -  Total Bytes Sent By Job
	10066  -  Total Bytes Received By Job
	Partitionable Resources :    Usage  Request Allocated 
	   Cpus                 :     0.99        1         1 
	   Disk (KB)            : 39258     6144000   6146845 
	   GPUs                 :                           0 
	   Memory (MB)          :    89        3000      3000 
	   TimeExecute (s)      :  1947                       
	   TimeSlotBusy (s)     :  1948                       
...
