000 (6053796.000.000) 08/17 01:43:41 Job submitted from host: <188.185.133.2:9618?addrs=188.185.133.2-9618+[2001-1458-d03-2--100-208]-9618&alias=bigbird102.cern.ch&noUDP&sock=schedd_5723_1498>
    DAG Node: C_A03_S6_F1
...
040 (6053796.000.000) 08/17 01:44:59 Started transferring input files
	Transferring to host: <128.142.248.17:9618?addrs=128.142.248.17-9618+[2001-1458-301-73--100-101]-9618&alias=b9g23p4596.cern.ch&noUDP&sock=slot1_34_6206_7035_23360>
...
040 (6053796.000.000) 08/17 01:44:59 Finished transferring input files
...
001 (6053796.000.000) 08/17 01:45:00 Job executing on host: <128.142.248.17:9618?addrs=128.142.248.17-9618+[2001-1458-301-73--100-101]-9618&alias=b9g23p4596.cern.ch&noUDP&sock=startd_4812_35d1>
	SlotName: slot1_34@b9g23p4596.cern.ch
	CondorScratchDir = "/pool/condor/dir_596078"
	Cpus = 1
	Disk = 6163163
	GPUs = 0
	Memory = 3000
...
006 (6053796.000.000) 08/17 01:45:09 Image size of job updated: 28572
	27  -  MemoryUsage of job (MB)
	27344  -  ResidentSetSize of job (KB)
...
006 (6053796.000.000) 08/17 01:50:10 Image size of job updated: 112788
	89  -  MemoryUsage of job (MB)
	90388  -  ResidentSetSize of job (KB)
...
006 (6053796.000.000) 08/17 02:05:12 Image size of job updated: 112788
	89  -  MemoryUsage of job (MB)
	90552  -  ResidentSetSize of job (KB)
...
006 (6053796.000.000) 08/17 02:10:12 Image size of job updated: 112788
	89  -  MemoryUsage of job (MB)
	91060  -  ResidentSetSize of job (KB)
...
040 (6053796.000.000) 08/17 02:12:32 Started transferring output files
...
040 (6053796.000.000) 08/17 02:12:32 Finished transferring output files
...
005 (6053796.000.000) 08/17 02:12:32 Job terminated.
	(1) Normal termination (return value 0)
		Usr 0 00:27:14, Sys 0 00:00:04  -  Run Remote Usage
		Usr 0 00:00:00, Sys 0 00:00:00  -  Run Local Usage
		Usr 0 00:27:14, Sys 0 00:00:04  -  Total Remote Usage
		Usr 0 00:00:00, Sys 0 00:00:00  -  Total Local Usage
	17436  -  Run Bytes Sent By Job
	10066  -  Run Bytes Received By Job
	17436  -  Total Bytes Sent By Job
	10066  -  Total Bytes Received By Job
	Partitionable Resources :    Usage  Request Allocated 
	   Cpus                 :     1.00        1         1 
	   Disk (KB)            : 39260     6144000   6163163 
	   GPUs                 :                           0 
	   Memory (MB)          :    89        3000      3000 
	   TimeExecute (s)      :  1651                       
	   TimeSlotBusy (s)     :  1653                       
...
