000 (6053985.000.000) 08/17 02:16:54 Job submitted from host: <188.185.133.2:9618?addrs=188.185.133.2-9618+[2001-1458-d03-2--100-208]-9618&alias=bigbird102.cern.ch&noUDP&sock=schedd_5723_1498>
    DAG Node: C_A08_S7_F2
...
040 (6053985.000.000) 08/17 02:17:44 Started transferring input files
	Transferring to host: <188.185.197.138:9618?addrs=188.185.197.138-9618+[2001-1458-303-24--100-86]-9618&alias=b9p14p9675.cern.ch&noUDP&sock=slot1_30_10114_fa54_23617>
...
040 (6053985.000.000) 08/17 02:17:44 Finished transferring input files
...
001 (6053985.000.000) 08/17 02:17:45 Job executing on host: <188.185.197.138:9618?addrs=188.185.197.138-9618+[2001-1458-303-24--100-86]-9618&alias=b9p14p9675.cern.ch&noUDP&sock=startd_8580_beac>
	SlotName: slot1_30@b9p14p9675.cern.ch
	CondorScratchDir = "/pool/condor/dir_2011393"
	Cpus = 1
	Disk = 6306474
	GPUs = 0
	Memory = 3000
...
006 (6053985.000.000) 08/17 02:17:54 Image size of job updated: 93420
	92  -  MemoryUsage of job (MB)
	93420  -  ResidentSetSize of job (KB)
...
006 (6053985.000.000) 08/17 02:22:55 Image size of job updated: 94584
	93  -  MemoryUsage of job (MB)
	94584  -  ResidentSetSize of job (KB)
...
006 (6053985.000.000) 08/17 03:23:02 Image size of job updated: 94752
	93  -  MemoryUsage of job (MB)
	94752  -  ResidentSetSize of job (KB)
...
006 (6053985.000.000) 08/17 03:28:03 Image size of job updated: 94804
	93  -  MemoryUsage of job (MB)
	94804  -  ResidentSetSize of job (KB)
...
006 (6053985.000.000) 08/17 03:33:03 Image size of job updated: 94916
	93  -  MemoryUsage of job (MB)
	94916  -  ResidentSetSize of job (KB)
...
006 (6053985.000.000) 08/17 03:43:04 Image size of job updated: 94920
	93  -  MemoryUsage of job (MB)
	94920  -  ResidentSetSize of job (KB)
...
006 (6053985.000.000) 08/17 03:53:06 Image size of job updated: 95256
	94  -  MemoryUsage of job (MB)
	95256  -  ResidentSetSize of job (KB)
...
006 (6053985.000.000) 08/17 03:58:06 Image size of job updated: 95260
	94  -  MemoryUsage of job (MB)
	95260  -  ResidentSetSize of job (KB)
...
040 (6053985.000.000) 08/17 04:14:33 Started transferring output files
...
040 (6053985.000.000) 08/17 04:14:33 Finished transferring output files
...
005 (6053985.000.000) 08/17 04:14:33 Job terminated.
	(1) Normal termination (return value 0)
		Usr 0 01:55:42, Sys 0 00:00:10  -  Run Remote Usage
		Usr 0 00:00:00, Sys 0 00:00:00  -  Run Local Usage
		Usr 0 01:55:42, Sys 0 00:00:10  -  Total Remote Usage
		Usr 0 00:00:00, Sys 0 00:00:00  -  Total Local Usage
	17375  -  Run Bytes Sent By Job
	10066  -  Run Bytes Received By Job
	17375  -  Total Bytes Sent By Job
	10066  -  Total Bytes Received By Job
	Partitionable Resources :    Usage  Request Allocated 
	   Cpus                 :     0.99        1         1 
	   Disk (KB)            : 39260     6144000   6306474 
	   GPUs                 :                           0 
	   Memory (MB)          :    94        3000      3000 
	   TimeExecute (s)      :  7008                       
	   TimeSlotBusy (s)     :  7009                       
...
