000 (6053832.000.000) 08/17 01:49:14 Job submitted from host: <188.185.133.2:9618?addrs=188.185.133.2-9618+[2001-1458-d03-2--100-208]-9618&alias=bigbird102.cern.ch&noUDP&sock=schedd_5723_1498>
    DAG Node: C_A06_S2_F2
...
040 (6053832.000.000) 08/17 01:49:19 Started transferring input files
	Transferring to host: <188.185.193.93:9618?addrs=188.185.193.93-9618+[2001-1458-303-20--100-59]-9618&alias=b9p19p5436.cern.ch&noUDP&sock=slot1_16_6610_17c6_31740>
...
040 (6053832.000.000) 08/17 01:49:19 Finished transferring input files
...
001 (6053832.000.000) 08/17 01:49:20 Job executing on host: <188.185.193.93:9618?addrs=188.185.193.93-9618+[2001-1458-303-20--100-59]-9618&alias=b9p19p5436.cern.ch&noUDP&sock=startd_5928_b183>
	SlotName: slot1_16@b9p19p5436.cern.ch
	CondorScratchDir = "/pool/condor/dir_3275468"
	Cpus = 1
	Disk = 6146869
	GPUs = 0
	Memory = 3000
...
006 (6053832.000.000) 08/17 01:49:28 Image size of job updated: 43180
	43  -  MemoryUsage of job (MB)
	43180  -  ResidentSetSize of job (KB)
...
006 (6053832.000.000) 08/17 01:54:28 Image size of job updated: 94500
	93  -  MemoryUsage of job (MB)
	94500  -  ResidentSetSize of job (KB)
...
006 (6053832.000.000) 08/17 02:44:33 Image size of job updated: 94668
	93  -  MemoryUsage of job (MB)
	94668  -  ResidentSetSize of job (KB)
...
006 (6053832.000.000) 08/17 02:49:35 Image size of job updated: 94832
	93  -  MemoryUsage of job (MB)
	94832  -  ResidentSetSize of job (KB)
...
006 (6053832.000.000) 08/17 02:54:35 Image size of job updated: 94836
	93  -  MemoryUsage of job (MB)
	94836  -  ResidentSetSize of job (KB)
...
006 (6053832.000.000) 08/17 02:59:35 Image size of job updated: 95176
	93  -  MemoryUsage of job (MB)
	95176  -  ResidentSetSize of job (KB)
...
040 (6053832.000.000) 08/17 03:12:28 Started transferring output files
...
040 (6053832.000.000) 08/17 03:12:28 Finished transferring output files
...
005 (6053832.000.000) 08/17 03:12:28 Job terminated.
	(1) Normal termination (return value 0)
		Usr 0 01:22:21, Sys 0 00:00:09  -  Run Remote Usage
		Usr 0 00:00:00, Sys 0 00:00:00  -  Run Local Usage
		Usr 0 01:22:21, Sys 0 00:00:09  -  Total Remote Usage
		Usr 0 00:00:00, Sys 0 00:00:00  -  Total Local Usage
	18002  -  Run Bytes Sent By Job
	10066  -  Run Bytes Received By Job
	18002  -  Total Bytes Sent By Job
	10066  -  Total Bytes Received By Job
	Partitionable Resources :    Usage  Request Allocated 
	   Cpus                 :     0.99        1         1 
	   Disk (KB)            : 39261     6144000   6146869 
	   GPUs                 :                           0 
	   Memory (MB)          :    93        3000      3000 
	   TimeExecute (s)      :  4988                       
	   TimeSlotBusy (s)     :  4990                       
...
