000 (6053990.000.000) 08/17 02:17:56 Job submitted from host: <188.185.133.2:9618?addrs=188.185.133.2-9618+[2001-1458-d03-2--100-208]-9618&alias=bigbird102.cern.ch&noUDP&sock=schedd_5723_1498>
    DAG Node: C_A11_S2_F0
...
040 (6053990.000.000) 08/17 02:19:15 Started transferring input files
	Transferring to host: <128.142.162.42:9618?addrs=128.142.162.42-9618+[2001-1458-301-7b--100-23]-9618&alias=b9g42p1022.cern.ch&noUDP&sock=slot1_9_3916_ed18_23116>
...
040 (6053990.000.000) 08/17 02:19:15 Finished transferring input files
...
001 (6053990.000.000) 08/17 02:19:16 Job executing on host: <128.142.162.42:9618?addrs=128.142.162.42-9618+[2001-1458-301-7b--100-23]-9618&alias=b9g42p1022.cern.ch&noUDP&sock=startd_3569_9d99>
	SlotName: slot1_9@b9g42p1022.cern.ch
	CondorScratchDir = "/pool/condor/dir_3405471"
	Cpus = 1
	Disk = 6145344
	GPUs = 0
	Memory = 3000
...
006 (6053990.000.000) 08/17 02:19:24 Image size of job updated: 36368
	36  -  MemoryUsage of job (MB)
	36368  -  ResidentSetSize of job (KB)
...
006 (6053990.000.000) 08/17 02:24:24 Image size of job updated: 94156
	92  -  MemoryUsage of job (MB)
	94156  -  ResidentSetSize of job (KB)
...
006 (6053990.000.000) 08/17 02:29:25 Image size of job updated: 94320
	93  -  MemoryUsage of job (MB)
	94320  -  ResidentSetSize of job (KB)
...
006 (6053990.000.000) 08/17 02:34:25 Image size of job updated: 106244
	104  -  MemoryUsage of job (MB)
	106244  -  ResidentSetSize of job (KB)
...
006 (6053990.000.000) 08/17 02:44:26 Image size of job updated: 106248
	104  -  MemoryUsage of job (MB)
	106248  -  ResidentSetSize of job (KB)
...
006 (6053990.000.000) 08/17 02:49:26 Image size of job updated: 106252
	104  -  MemoryUsage of job (MB)
	106252  -  ResidentSetSize of job (KB)
...
006 (6053990.000.000) 08/17 02:54:27 Image size of job updated: 117088
	115  -  MemoryUsage of job (MB)
	117088  -  ResidentSetSize of job (KB)
...
006 (6053990.000.000) 08/17 03:04:28 Image size of job updated: 117096
	115  -  MemoryUsage of job (MB)
	117096  -  ResidentSetSize of job (KB)
...
040 (6053990.000.000) 08/17 03:05:54 Started transferring output files
...
040 (6053990.000.000) 08/17 03:05:54 Finished transferring output files
...
005 (6053990.000.000) 08/17 03:05:54 Job terminated.
	(1) Normal termination (return value 0)
		Usr 0 00:45:37, Sys 0 00:00:10  -  Run Remote Usage
		Usr 0 00:00:00, Sys 0 00:00:00  -  Run Local Usage
		Usr 0 00:45:37, Sys 0 00:00:10  -  Total Remote Usage
		Usr 0 00:00:00, Sys 0 00:00:00  -  Total Local Usage
	18140  -  Run Bytes Sent By Job
	10066  -  Run Bytes Received By Job
	18140  -  Total Bytes Sent By Job
	10066  -  Total Bytes Received By Job
	Partitionable Resources :    Usage  Request Allocated 
	   Cpus                 :     0.98        1         1 
	   Disk (KB)            : 39222     6144000   6145344 
	   GPUs                 :                           0 
	   Memory (MB)          :   115        3000      3000 
	   TimeExecute (s)      :  2798                       
	   TimeSlotBusy (s)     :  2799                       
...
