000 (6053694.000.000) 08/17 01:31:20 Job submitted from host: <188.185.133.2:9618?addrs=188.185.133.2-9618+[2001-1458-d03-2--100-208]-9618&alias=bigbird102.cern.ch&noUDP&sock=schedd_5723_1498>
    DAG Node: C_A01_S1_F1
...
040 (6053694.000.000) 08/17 01:31:32 Started transferring input files
	Transferring to host: <188.185.213.200:9618?addrs=188.185.213.200-9618+[2001-1458-303-1b--100-44]-9618&alias=b9p28p1144.cern.ch&noUDP&sock=slot1_35_7669_4111_35245>
...
040 (6053694.000.000) 08/17 01:31:32 Finished transferring input files
...
001 (6053694.000.000) 08/17 01:31:33 Job executing on host: <188.185.213.200:9618?addrs=188.185.213.200-9618+[2001-1458-303-1b--100-44]-9618&alias=b9p28p1144.cern.ch&noUDP&sock=startd_6715_828b>
	SlotName: slot1_35@b9p28p1144.cern.ch
	CondorScratchDir = "/pool/condor/dir_2718461"
	Cpus = 1
	Disk = 6159475
	GPUs = 0
	Memory = 3000
...
006 (6053694.000.000) 08/17 01:31:41 Image size of job updated: 55080
	54  -  MemoryUsage of job (MB)
	55080  -  ResidentSetSize of job (KB)
...
006 (6053694.000.000) 08/17 01:36:41 Image size of job updated: 96680
	95  -  MemoryUsage of job (MB)
	96680  -  ResidentSetSize of job (KB)
...
006 (6053694.000.000) 08/17 01:46:42 Image size of job updated: 97012
	95  -  MemoryUsage of job (MB)
	97012  -  ResidentSetSize of job (KB)
...
006 (6053694.000.000) 08/17 01:50:48 Image size of job updated: 97352
	95  -  MemoryUsage of job (MB)
	97012  -  ResidentSetSize of job (KB)
...
040 (6053694.000.000) 08/17 01:50:48 Started transferring output files
...
040 (6053694.000.000) 08/17 01:50:48 Finished transferring output files
...
005 (6053694.000.000) 08/17 01:50:48 Job terminated.
	(1) Normal termination (return value 0)
		Usr 0 00:18:57, Sys 0 00:00:05  -  Run Remote Usage
		Usr 0 00:00:00, Sys 0 00:00:00  -  Run Local Usage
		Usr 0 00:18:57, Sys 0 00:00:05  -  Total Remote Usage
		Usr 0 00:00:00, Sys 0 00:00:00  -  Total Local Usage
	17244  -  Run Bytes Sent By Job
	10066  -  Run Bytes Received By Job
	17244  -  Total Bytes Sent By Job
	10066  -  Total Bytes Received By Job
	Partitionable Resources :    Usage  Request Allocated 
	   Cpus                 :     0.99        1         1 
	   Disk (KB)            : 39280     6144000   6159475 
	   GPUs                 :                           0 
	   Memory (MB)          :    95        3000      3000 
	   TimeExecute (s)      :  1155                       
	   TimeSlotBusy (s)     :  1156                       
...
