000 (6053803.000.000) 08/17 01:44:07 Job submitted from host: <188.185.133.2:9618?addrs=188.185.133.2-9618+[2001-1458-d03-2--100-208]-9618&alias=bigbird102.cern.ch&noUDP&sock=schedd_5723_1498>
    DAG Node: C_A03_S2_F1
...
040 (6053803.000.000) 08/17 01:46:38 Started transferring input files
	Transferring to host: <128.142.248.180:9618?addrs=128.142.248.180-9618+[2001-1458-301-73--100-b3]-9618&alias=b9g23p3446.cern.ch&noUDP&sock=slot1_10_4530_8b71_23857>
...
040 (6053803.000.000) 08/17 01:46:38 Finished transferring input files
...
001 (6053803.000.000) 08/17 01:46:39 Job executing on host: <128.142.248.180:9618?addrs=128.142.248.180-9618+[2001-1458-301-73--100-b3]-9618&alias=b9g23p3446.cern.ch&noUDP&sock=startd_3288_df7c>
	SlotName: slot1_10@b9g23p3446.cern.ch
	CondorScratchDir = "/pool/condor/dir_1608779"
	Cpus = 1
	Disk = 6146766
	GPUs = 0
	Memory = 3000
...
006 (6053803.000.000) 08/17 01:46:47 Image size of job updated: 32156
	32  -  MemoryUsage of job (MB)
	32156  -  ResidentSetSize of job (KB)
...
006 (6053803.000.000) 08/17 01:51:47 Image size of job updated: 94444
	93  -  MemoryUsage of job (MB)
	94444  -  ResidentSetSize of job (KB)
...
006 (6053803.000.000) 08/17 02:01:48 Image size of job updated: 94448
	93  -  MemoryUsage of job (MB)
	94448  -  ResidentSetSize of job (KB)
...
006 (6053803.000.000) 08/17 02:06:49 Image size of job updated: 94780
	93  -  MemoryUsage of job (MB)
	94780  -  ResidentSetSize of job (KB)
...
006 (6053803.000.000) 08/17 02:11:49 Image size of job updated: 95120
	93  -  MemoryUsage of job (MB)
	95120  -  ResidentSetSize of job (KB)
...
040 (6053803.000.000) 08/17 02:16:10 Started transferring output files
...
040 (6053803.000.000) 08/17 02:16:10 Finished transferring output files
...
005 (6053803.000.000) 08/17 02:16:10 Job terminated.
	(1) Normal termination (return value 0)
		Usr 0 00:29:07, Sys 0 00:00:05  -  Run Remote Usage
		Usr 0 00:00:00, Sys 0 00:00:00  -  Run Local Usage
		Usr 0 00:29:07, Sys 0 00:00:05  -  Total Remote Usage
		Usr 0 00:00:00, Sys 0 00:00:00  -  Total Local Usage
	17440  -  Run Bytes Sent By Job
	10066  -  Run Bytes Received By Job
	17440  -  Total Bytes Sent By Job
	10066  -  Total Bytes Received By Job
	Partitionable Resources :    Usage  Request Allocated 
	   Cpus                 :     0.99        1         1 
	   Disk (KB)            : 39259     6144000   6146766 
	   GPUs                 :                           0 
	   Memory (MB)          :    93        3000      3000 
	   TimeExecute (s)      :  1771                       
	   TimeSlotBusy (s)     :  1773                       
...
