000 (6053849.000.000) 08/17 01:50:41 Job submitted from host: <188.185.133.2:9618?addrs=188.185.133.2-9618+[2001-1458-d03-2--100-208]-9618&alias=bigbird102.cern.ch&noUDP&sock=schedd_5723_1498>
    DAG Node: C_A03_S7_F1
...
040 (6053849.000.000) 08/17 01:51:27 Started transferring input files
	Transferring to host: <128.142.162.17:9618?addrs=128.142.162.17-9618+[2001-1458-301-7b--100-a]-9618&alias=b9g42p1028.cern.ch&noUDP&sock=slot1_12_4720_6ab9_22013>
...
040 (6053849.000.000) 08/17 01:51:27 Finished transferring input files
...
001 (6053849.000.000) 08/17 01:51:28 Job executing on host: <128.142.162.17:9618?addrs=128.142.162.17-9618+[2001-1458-301-7b--100-a]-9618&alias=b9g42p1028.cern.ch&noUDP&sock=startd_4391_7072>
	SlotName: slot1_12@b9g42p1028.cern.ch
	CondorScratchDir = "/pool/condor/dir_3375474"
	Cpus = 1
	Disk = 6146689
	GPUs = 0
	Memory = 3000
...
006 (6053849.000.000) 08/17 01:51:37 Image size of job updated: 28360
	28  -  MemoryUsage of job (MB)
	28360  -  ResidentSetSize of job (KB)
...
006 (6053849.000.000) 08/17 01:56:38 Image size of job updated: 90172
	89  -  MemoryUsage of job (MB)
	90172  -  ResidentSetSize of job (KB)
...
006 (6053849.000.000) 08/17 02:21:40 Image size of job updated: 90508
	89  -  MemoryUsage of job (MB)
	90508  -  ResidentSetSize of job (KB)
...
006 (6053849.000.000) 08/17 02:31:40 Image size of job updated: 90848
	89  -  MemoryUsage of job (MB)
	90848  -  ResidentSetSize of job (KB)
...
040 (6053849.000.000) 08/17 02:35:38 Started transferring output files
...
040 (6053849.000.000) 08/17 02:35:38 Finished transferring output files
...
005 (6053849.000.000) 08/17 02:35:38 Job terminated.
	(1) Normal termination (return value 0)
		Usr 0 00:40:42, Sys 0 00:00:06  -  Run Remote Usage
		Usr 0 00:00:00, Sys 0 00:00:00  -  Run Local Usage
		Usr 0 00:40:42, Sys 0 00:00:06  -  Total Remote Usage
		Usr 0 00:00:00, Sys 0 00:00:00  -  Total Local Usage
	17436  -  Run Bytes Sent By Job
	10066  -  Run Bytes Received By Job
	17436  -  Total Bytes Sent By Job
	10066  -  Total Bytes Received By Job
	Partitionable Resources :    Usage  Request Allocated 
	   Cpus                 :     0.92        1         1 
	   Disk (KB)            : 39219     6144000   6146689 
	   GPUs                 :                           0 
	   Memory (MB)          :    89        3000      3000 
	   TimeExecute (s)      :  2650                       
	   TimeSlotBusy (s)     :  2652                       
...
