000 (6053998.000.000) 08/17 02:19:44 Job submitted from host: <188.185.133.2:9618?addrs=188.185.133.2-9618+[2001-1458-d03-2--100-208]-9618&alias=bigbird102.cern.ch&noUDP&sock=schedd_5723_1498>
    DAG Node: C_A07_S0_F1
...
040 (6053998.000.000) 08/17 02:20:35 Started transferring input files
	Transferring to host: <188.185.196.84:9618?addrs=188.185.196.84-9618+[2001-1458-303-23--100-50]-9618&alias=b9p16p0283.cern.ch&noUDP&sock=slot1_2_510764_319b_40322>
...
040 (6053998.000.000) 08/17 02:20:35 Finished transferring input files
...
001 (6053998.000.000) 08/17 02:20:36 Job executing on host: <188.185.196.84:9618?addrs=188.185.196.84-9618+[2001-1458-303-23--100-50]-9618&alias=b9p16p0283.cern.ch&noUDP&sock=startd_3782_b745>
	SlotName: slot1_2@b9p16p0283.cern.ch
	CondorScratchDir = "/pool/condor/dir_2959729"
	Cpus = 1
	Disk = 6145790
	GPUs = 0
	Memory = 3000
...
006 (6053998.000.000) 08/17 02:20:45 Image size of job updated: 97900
	96  -  MemoryUsage of job (MB)
	97900  -  ResidentSetSize of job (KB)
...
040 (6053998.000.000) 08/17 02:49:00 Started transferring output files
...
040 (6053998.000.000) 08/17 02:49:00 Finished transferring output files
...
005 (6053998.000.000) 08/17 02:49:00 Job terminated.
	(1) Normal termination (return value 0)
		Usr 0 00:28:01, Sys 0 00:00:04  -  Run Remote Usage
		Usr 0 00:00:00, Sys 0 00:00:00  -  Run Local Usage
		Usr 0 00:28:01, Sys 0 00:00:04  -  Total Remote Usage
		Usr 0 00:00:00, Sys 0 00:00:00  -  Total Local Usage
	17765  -  Run Bytes Sent By Job
	10066  -  Run Bytes Received By Job
	17765  -  Total Bytes Sent By Job
	10066  -  Total Bytes Received By Job
	Partitionable Resources :    Usage  Request Allocated 
	   Cpus                 :     0.99        1         1 
	   Disk (KB)            : 39260     6144000   6145790 
	   GPUs                 :                           0 
	   Memory (MB)          :    96        3000      3000 
	   TimeExecute (s)      :  1704                       
	   TimeSlotBusy (s)     :  1705                       
...
