000 (6053665.000.000) 08/17 01:29:30 Job submitted from host: <188.185.133.2:9618?addrs=188.185.133.2-9618+[2001-1458-d03-2--100-208]-9618&alias=bigbird102.cern.ch&noUDP&sock=schedd_5723_1498>
    DAG Node: C_A05_S5_F0
...
040 (6053665.000.000) 08/17 01:29:58 Started transferring input files
	Transferring to host: <188.185.194.142:9618?addrs=188.185.194.142-9618+[2001-1458-303-21--100-8a]-9618&alias=b9p20p3585.cern.ch&noUDP&sock=slot1_18_3957_d07a_30443>
...
040 (6053665.000.000) 08/17 01:29:58 Finished transferring input files
...
001 (6053665.000.000) 08/17 01:29:59 Job executing on host: <188.185.194.142:9618?addrs=188.185.194.142-9618+[2001-1458-303-21--100-8a]-9618&alias=b9p20p3585.cern.ch&noUDP&sock=startd_3910_8364>
	SlotName: slot1_18@b9p20p3585.cern.ch
	CondorScratchDir = "/pool/condor/dir_2873869"
	Cpus = 1
	Disk = 6146949
	GPUs = 0
	Memory = 3000
...
006 (6053665.000.000) 08/17 01:30:07 Image size of job updated: 32584
	28  -  MemoryUsage of job (MB)
	27856  -  ResidentSetSize of job (KB)
...
006 (6053665.000.000) 08/17 01:35:07 Image size of job updated: 94920
	93  -  MemoryUsage of job (MB)
	94920  -  ResidentSetSize of job (KB)
...
006 (6053665.000.000) 08/17 01:40:08 Image size of job updated: 106676
	105  -  MemoryUsage of job (MB)
	106676  -  ResidentSetSize of job (KB)
...
006 (6053665.000.000) 08/17 01:45:08 Image size of job updated: 106684
	105  -  MemoryUsage of job (MB)
	106684  -  ResidentSetSize of job (KB)
...
006 (6053665.000.000) 08/17 01:50:09 Image size of job updated: 117520
	115  -  MemoryUsage of job (MB)
	117520  -  ResidentSetSize of job (KB)
...
006 (6053665.000.000) 08/17 01:54:03 Image size of job updated: 117528
	115  -  MemoryUsage of job (MB)
	117520  -  ResidentSetSize of job (KB)
...
040 (6053665.000.000) 08/17 01:54:03 Started transferring output files
...
040 (6053665.000.000) 08/17 01:54:03 Finished transferring output files
...
005 (6053665.000.000) 08/17 01:54:03 Job terminated.
	(1) Normal termination (return value 0)
		Usr 0 00:23:48, Sys 0 00:00:04  -  Run Remote Usage
		Usr 0 00:00:00, Sys 0 00:00:00  -  Run Local Usage
		Usr 0 00:23:48, Sys 0 00:00:04  -  Total Remote Usage
		Usr 0 00:00:00, Sys 0 00:00:00  -  Total Local Usage
	17307  -  Run Bytes Sent By Job
	10066  -  Run Bytes Received By Job
	17307  -  Total Bytes Sent By Job
	10066  -  Total Bytes Received By Job
	Partitionable Resources :    Usage  Request Allocated 
	   Cpus                 :     0.99        1         1 
	   Disk (KB)            : 39259     6144000   6146949 
	   GPUs                 :                           0 
	   Memory (MB)          :   115        3000      3000 
	   TimeExecute (s)      :  1444                       
	   TimeSlotBusy (s)     :  1445                       
...
