000 (6053712.000.000) 08/17 01:33:23 Job submitted from host: <188.185.133.2:9618?addrs=188.185.133.2-9618+[2001-1458-d03-2--100-208]-9618&alias=bigbird102.cern.ch&noUDP&sock=schedd_5723_1498>
    DAG Node: C_A00_S1_F0
...
040 (6053712.000.000) 08/17 01:34:01 Started transferring input files
	Transferring to host: <128.142.192.188:9618?addrs=128.142.192.188-9618+[2001-1458-301-56--100-38]-9618&alias=b9g18p1523.cern.ch&noUDP&sock=slot1_1_3252_13fd_28927>
...
040 (6053712.000.000) 08/17 01:34:01 Finished transferring input files
...
001 (6053712.000.000) 08/17 01:34:02 Job executing on host: <128.142.192.188:9618?addrs=128.142.192.188-9618+[2001-1458-301-56--100-38]-9618&alias=b9g18p1523.cern.ch&noUDP&sock=startd_2602_5584>
	SlotName: slot1_1@b9g18p1523.cern.ch
	CondorScratchDir = "/pool/condor/dir_152800"
	Cpus = 1
	Disk = 6146786
	GPUs = 0
	Memory = 3000
...
006 (6053712.000.000) 08/17 01:34:11 Image size of job updated: 17108
	17  -  MemoryUsage of job (MB)
	17108  -  ResidentSetSize of job (KB)
...
006 (6053712.000.000) 08/17 01:39:12 Image size of job updated: 94336
	93  -  MemoryUsage of job (MB)
	94336  -  ResidentSetSize of job (KB)
...
006 (6053712.000.000) 08/17 01:44:12 Image size of job updated: 95008
	93  -  MemoryUsage of job (MB)
	95008  -  ResidentSetSize of job (KB)
...
006 (6053712.000.000) 08/17 01:49:13 Image size of job updated: 106424
	104  -  MemoryUsage of job (MB)
	106424  -  ResidentSetSize of job (KB)
...
006 (6053712.000.000) 08/17 01:54:13 Image size of job updated: 106432
	104  -  MemoryUsage of job (MB)
	106432  -  ResidentSetSize of job (KB)
...
006 (6053712.000.000) 08/17 01:59:13 Image size of job updated: 117268
	115  -  MemoryUsage of job (MB)
	117268  -  ResidentSetSize of job (KB)
...
006 (6053712.000.000) 08/17 02:04:14 Image size of job updated: 117272
	115  -  MemoryUsage of job (MB)
	117272  -  ResidentSetSize of job (KB)
...
006 (6053712.000.000) 08/17 02:05:38 Image size of job updated: 117276
	115  -  MemoryUsage of job (MB)
	117272  -  ResidentSetSize of job (KB)
...
040 (6053712.000.000) 08/17 02:05:38 Started transferring output files
...
040 (6053712.000.000) 08/17 02:05:38 Finished transferring output files
...
005 (6053712.000.000) 08/17 02:05:38 Job terminated.
	(1) Normal termination (return value 0)
		Usr 0 00:31:02, Sys 0 00:00:05  -  Run Remote Usage
		Usr 0 00:00:00, Sys 0 00:00:00  -  Run Local Usage
		Usr 0 00:31:02, Sys 0 00:00:05  -  Total Remote Usage
		Usr 0 00:00:00, Sys 0 00:00:00  -  Total Local Usage
	17575  -  Run Bytes Sent By Job
	10066  -  Run Bytes Received By Job
	17575  -  Total Bytes Sent By Job
	10066  -  Total Bytes Received By Job
	Partitionable Resources :    Usage  Request Allocated 
	   Cpus                 :     0.99        1         1 
	   Disk (KB)            : 39248     6144000   6146786 
	   GPUs                 :                           0 
	   Memory (MB)          :   115        3000      3000 
	   TimeExecute (s)      :  1896                       
	   TimeSlotBusy (s)     :  1898                       
...
