000 (6053738.000.000) 08/17 01:35:51 Job submitted from host: <188.185.133.2:9618?addrs=188.185.133.2-9618+[2001-1458-d03-2--100-208]-9618&alias=bigbird102.cern.ch&noUDP&sock=schedd_5723_1498>
    DAG Node: C_A10_S1_F2
...
040 (6053738.000.000) 08/17 01:36:40 Started transferring input files
	Transferring to host: <188.185.194.8:9618?addrs=188.185.194.8-9618+[2001-1458-303-21--100-4]-9618&alias=b9p20p0596.cern.ch&noUDP&sock=slot1_30_3920_be98_30587>
...
040 (6053738.000.000) 08/17 01:36:40 Finished transferring input files
...
001 (6053738.000.000) 08/17 01:36:41 Job executing on host: <188.185.194.8:9618?addrs=188.185.194.8-9618+[2001-1458-303-21--100-4]-9618&alias=b9p20p0596.cern.ch&noUDP&sock=startd_3618_39bd>
	SlotName: slot1_30@b9p20p0596.cern.ch
	CondorScratchDir = "/pool/condor/dir_1670954"
	Cpus = 1
	Disk = 6146801
	GPUs = 0
	Memory = 3000
...
006 (6053738.000.000) 08/17 01:36:50 Image size of job updated: 47204
	47  -  MemoryUsage of job (MB)
	47204  -  ResidentSetSize of job (KB)
...
006 (6053738.000.000) 08/17 01:41:51 Image size of job updated: 94592
	93  -  MemoryUsage of job (MB)
	94592  -  ResidentSetSize of job (KB)
...
006 (6053738.000.000) 08/17 02:21:56 Image size of job updated: 94760
	93  -  MemoryUsage of job (MB)
	94760  -  ResidentSetSize of job (KB)
...
006 (6053738.000.000) 08/17 02:36:58 Image size of job updated: 94928
	93  -  MemoryUsage of job (MB)
	94928  -  ResidentSetSize of job (KB)
...
006 (6053738.000.000) 08/17 02:57:00 Image size of job updated: 95096
	93  -  MemoryUsage of job (MB)
	95096  -  ResidentSetSize of job (KB)
...
006 (6053738.000.000) 08/17 03:07:01 Image size of job updated: 95268
	94  -  MemoryUsage of job (MB)
	95268  -  ResidentSetSize of job (KB)
...
040 (6053738.000.000) 08/17 03:17:40 Started transferring output files
...
040 (6053738.000.000) 08/17 03:17:40 Finished transferring output files
...
005 (6053738.000.000) 08/17 03:17:40 Job terminated.
	(1) Normal termination (return value 0)
		Usr 0 01:40:03, Sys 0 00:00:10  -  Run Remote Usage
		Usr 0 00:00:00, Sys 0 00:00:00  -  Run Local Usage
		Usr 0 01:40:03, Sys 0 00:00:10  -  Total Remote Usage
		Usr 0 00:00:00, Sys 0 00:00:00  -  Total Local Usage
	17176  -  Run Bytes Sent By Job
	10066  -  Run Bytes Received By Job
	17176  -  Total Bytes Sent By Job
	10066  -  Total Bytes Received By Job
	Partitionable Resources :    Usage  Request Allocated 
	   Cpus                 :     0.99        1         1 
	   Disk (KB)            : 39258     6144000   6146801 
	   GPUs                 :                           0 
	   Memory (MB)          :    94        3000      3000 
	   TimeExecute (s)      :  6059                       
	   TimeSlotBusy (s)     :  6060                       
...
