000 (6054014.000.000) 08/17 02:22:39 Job submitted from host: <188.185.133.2:9618?addrs=188.185.133.2-9618+[2001-1458-d03-2--100-208]-9618&alias=bigbird102.cern.ch&noUDP&sock=schedd_5723_1498>
    DAG Node: C_A13_S4_F2
...
040 (6054014.000.000) 08/17 02:25:17 Started transferring input files
	Transferring to host: <188.185.195.88:9618?addrs=188.185.195.88-9618+[2001-1458-303-22--100-54]-9618&alias=b9p17p3263.cern.ch&noUDP&sock=slot1_4_4000_1c9c_32336>
...
040 (6054014.000.000) 08/17 02:25:17 Finished transferring input files
...
001 (6054014.000.000) 08/17 02:25:18 Job executing on host: <188.185.195.88:9618?addrs=188.185.195.88-9618+[2001-1458-303-22--100-54]-9618&alias=b9p17p3263.cern.ch&noUDP&sock=startd_3099_3c16>
	SlotName: slot1_4@b9p17p3263.cern.ch
	CondorScratchDir = "/pool/condor/dir_1703895"
	Cpus = 1
	Disk = 6153994
	GPUs = 0
	Memory = 3000
...
006 (6054014.000.000) 08/17 02:25:26 Image size of job updated: 41104
	31  -  MemoryUsage of job (MB)
	31320  -  ResidentSetSize of job (KB)
...
006 (6054014.000.000) 08/17 02:30:26 Image size of job updated: 94580
	93  -  MemoryUsage of job (MB)
	94580  -  ResidentSetSize of job (KB)
...
006 (6054014.000.000) 08/17 03:25:33 Image size of job updated: 94748
	93  -  MemoryUsage of job (MB)
	94748  -  ResidentSetSize of job (KB)
...
006 (6054014.000.000) 08/17 03:35:33 Image size of job updated: 94800
	93  -  MemoryUsage of job (MB)
	94800  -  ResidentSetSize of job (KB)
...
006 (6054014.000.000) 08/17 03:40:34 Image size of job updated: 94912
	93  -  MemoryUsage of job (MB)
	94912  -  ResidentSetSize of job (KB)
...
006 (6054014.000.000) 08/17 03:50:35 Image size of job updated: 94916
	93  -  MemoryUsage of job (MB)
	94916  -  ResidentSetSize of job (KB)
...
006 (6054014.000.000) 08/17 04:00:35 Image size of job updated: 95084
	93  -  MemoryUsage of job (MB)
	95084  -  ResidentSetSize of job (KB)
...
006 (6054014.000.000) 08/17 04:05:36 Image size of job updated: 95256
	94  -  MemoryUsage of job (MB)
	95256  -  ResidentSetSize of job (KB)
...
040 (6054014.000.000) 08/17 04:17:22 Started transferring output files
...
040 (6054014.000.000) 08/17 04:17:22 Finished transferring output files
...
005 (6054014.000.000) 08/17 04:17:22 Job terminated.
	(1) Normal termination (return value 0)
		Usr 0 01:51:06, Sys 0 00:00:09  -  Run Remote Usage
		Usr 0 00:00:00, Sys 0 00:00:00  -  Run Local Usage
		Usr 0 01:51:06, Sys 0 00:00:09  -  Total Remote Usage
		Usr 0 00:00:00, Sys 0 00:00:00  -  Total Local Usage
	17251  -  Run Bytes Sent By Job
	10066  -  Run Bytes Received By Job
	17251  -  Total Bytes Sent By Job
	10066  -  Total Bytes Received By Job
	Partitionable Resources :    Usage  Request Allocated 
	   Cpus                 :     0.99        1         1 
	   Disk (KB)            : 39259     6144000   6153994 
	   GPUs                 :                           0 
	   Memory (MB)          :    94        3000      3000 
	   TimeExecute (s)      :  6724                       
	   TimeSlotBusy (s)     :  6725                       
...
