000 (6053742.000.000) 08/17 01:36:16 Job submitted from host: <188.185.133.2:9618?addrs=188.185.133.2-9618+[2001-1458-d03-2--100-208]-9618&alias=bigbird102.cern.ch&noUDP&sock=schedd_5723_1498>
    DAG Node: C_A00_S6_F0
...
040 (6053742.000.000) 08/17 01:36:41 Started transferring input files
	Transferring to host: <128.142.33.49:9618?addrs=128.142.33.49-9618+[2001-1458-301-53--100-2e]-9618&alias=b9g34p0153.cern.ch&noUDP&sock=slot1_4_3213_995c_30014>
...
040 (6053742.000.000) 08/17 01:36:41 Finished transferring input files
...
001 (6053742.000.000) 08/17 01:36:42 Job executing on host: <128.142.33.49:9618?addrs=128.142.33.49-9618+[2001-1458-301-53--100-2e]-9618&alias=b9g34p0153.cern.ch&noUDP&sock=startd_2489_d350>
	SlotName: slot1_4@b9g34p0153.cern.ch
	CondorScratchDir = "/pool/condor/dir_599244"
	Cpus = 1
	Disk = 6146730
	GPUs = 0
	Memory = 3000
...
006 (6053742.000.000) 08/17 01:36:50 Image size of job updated: 42784
	42  -  MemoryUsage of job (MB)
	42784  -  ResidentSetSize of job (KB)
...
006 (6053742.000.000) 08/17 01:41:50 Image size of job updated: 94288
	93  -  MemoryUsage of job (MB)
	94288  -  ResidentSetSize of job (KB)
...
006 (6053742.000.000) 08/17 01:46:51 Image size of job updated: 94964
	93  -  MemoryUsage of job (MB)
	94964  -  ResidentSetSize of job (KB)
...
006 (6053742.000.000) 08/17 01:51:51 Image size of job updated: 106376
	104  -  MemoryUsage of job (MB)
	106376  -  ResidentSetSize of job (KB)
...
006 (6053742.000.000) 08/17 01:56:51 Image size of job updated: 117220
	115  -  MemoryUsage of job (MB)
	117220  -  ResidentSetSize of job (KB)
...
006 (6053742.000.000) 08/17 02:06:52 Image size of job updated: 117228
	115  -  MemoryUsage of job (MB)
	117228  -  ResidentSetSize of job (KB)
...
040 (6053742.000.000) 08/17 02:07:29 Started transferring output files
...
040 (6053742.000.000) 08/17 02:07:29 Finished transferring output files
...
005 (6053742.000.000) 08/17 02:07:29 Job terminated.
	(1) Normal termination (return value 0)
		Usr 0 00:30:29, Sys 0 00:00:05  -  Run Remote Usage
		Usr 0 00:00:00, Sys 0 00:00:00  -  Run Local Usage
		Usr 0 00:30:29, Sys 0 00:00:05  -  Total Remote Usage
		Usr 0 00:00:00, Sys 0 00:00:00  -  Total Local Usage
	17573  -  Run Bytes Sent By Job
	10066  -  Run Bytes Received By Job
	17573  -  Total Bytes Sent By Job
	10066  -  Total Bytes Received By Job
	Partitionable Resources :    Usage  Request Allocated 
	   Cpus                 :     1.00        1         1 
	   Disk (KB)            : 39224     6144000   6146730 
	   GPUs                 :                           0 
	   Memory (MB)          :   115        3000      3000 
	   TimeExecute (s)      :  1847                       
	   TimeSlotBusy (s)     :  1848                       
...
