000 (6053659.000.000) 08/17 01:29:14 Job submitted from host: <188.185.133.2:9618?addrs=188.185.133.2-9618+[2001-1458-d03-2--100-208]-9618&alias=bigbird102.cern.ch&noUDP&sock=schedd_5723_1498>
    DAG Node: C_A01_S5_F1
...
040 (6053659.000.000) 08/17 01:29:56 Started transferring input files
	Transferring to host: <188.185.193.132:9618?addrs=188.185.193.132-9618+[2001-1458-303-20--100-80]-9618&alias=b9p19p8900.cern.ch&noUDP&sock=slot1_33_6417_1b5e_29371>
...
040 (6053659.000.000) 08/17 01:29:56 Finished transferring input files
...
001 (6053659.000.000) 08/17 01:29:57 Job executing on host: <188.185.193.132:9618?addrs=188.185.193.132-9618+[2001-1458-303-20--100-80]-9618&alias=b9p19p8900.cern.ch&noUDP&sock=startd_5538_2f93>
	SlotName: slot1_33@b9p19p8900.cern.ch
	CondorScratchDir = "/pool/condor/dir_1396928"
	Cpus = 1
	Disk = 6147115
	GPUs = 0
	Memory = 3000
...
006 (6053659.000.000) 08/17 01:30:06 Image size of job updated: 46844
	46  -  MemoryUsage of job (MB)
	46844  -  ResidentSetSize of job (KB)
...
006 (6053659.000.000) 08/17 01:35:07 Image size of job updated: 94596
	93  -  MemoryUsage of job (MB)
	94596  -  ResidentSetSize of job (KB)
...
006 (6053659.000.000) 08/17 01:55:10 Image size of job updated: 94932
	93  -  MemoryUsage of job (MB)
	94932  -  ResidentSetSize of job (KB)
...
006 (6053659.000.000) 08/17 02:00:10 Image size of job updated: 95272
	94  -  MemoryUsage of job (MB)
	95272  -  ResidentSetSize of job (KB)
...
040 (6053659.000.000) 08/17 02:02:56 Started transferring output files
...
040 (6053659.000.000) 08/17 02:02:56 Finished transferring output files
...
005 (6053659.000.000) 08/17 02:02:56 Job terminated.
	(1) Normal termination (return value 0)
		Usr 0 00:32:39, Sys 0 00:00:05  -  Run Remote Usage
		Usr 0 00:00:00, Sys 0 00:00:00  -  Run Local Usage
		Usr 0 00:32:39, Sys 0 00:00:05  -  Total Remote Usage
		Usr 0 00:00:00, Sys 0 00:00:00  -  Total Local Usage
	17242  -  Run Bytes Sent By Job
	10066  -  Run Bytes Received By Job
	17242  -  Total Bytes Sent By Job
	10066  -  Total Bytes Received By Job
	Partitionable Resources :    Usage  Request Allocated 
	   Cpus                 :     1.00        1         1 
	   Disk (KB)            : 39258     6144000   6147115 
	   GPUs                 :                           0 
	   Memory (MB)          :    94        3000      3000 
	   TimeExecute (s)      :  1979                       
	   TimeSlotBusy (s)     :  1980                       
...
