000 (6053898.000.000) 08/17 01:58:19 Job submitted from host: <188.185.133.2:9618?addrs=188.185.133.2-9618+[2001-1458-d03-2--100-208]-9618&alias=bigbird102.cern.ch&noUDP&sock=schedd_5723_1498>
    DAG Node: C_A06_S0_F0
...
040 (6053898.000.000) 08/17 01:59:02 Started transferring input files
	Transferring to host: <128.142.51.212:9618?addrs=128.142.51.212-9618+[2001-1458-301-3--100-11]-9618&alias=b9g02p4657.cern.ch&noUDP&sock=slot1_30_6193_4755_33505>
...
040 (6053898.000.000) 08/17 01:59:02 Finished transferring input files
...
001 (6053898.000.000) 08/17 01:59:03 Job executing on host: <128.142.51.212:9618?addrs=128.142.51.212-9618+[2001-1458-301-3--100-11]-9618&alias=b9g02p4657.cern.ch&noUDP&sock=startd_4550_8001>
	SlotName: slot1_30@b9g02p4657.cern.ch
	CondorScratchDir = "/pool/condor/dir_1459863"
	Cpus = 1
	Disk = 6169669
	GPUs = 0
	Memory = 3000
...
006 (6053898.000.000) 08/17 01:59:11 Image size of job updated: 52836
	52  -  MemoryUsage of job (MB)
	52836  -  ResidentSetSize of job (KB)
...
006 (6053898.000.000) 08/17 02:04:11 Image size of job updated: 94348
	93  -  MemoryUsage of job (MB)
	94348  -  ResidentSetSize of job (KB)
...
006 (6053898.000.000) 08/17 02:09:11 Image size of job updated: 106436
	104  -  MemoryUsage of job (MB)
	106436  -  ResidentSetSize of job (KB)
...
006 (6053898.000.000) 08/17 02:19:12 Image size of job updated: 106444
	104  -  MemoryUsage of job (MB)
	106444  -  ResidentSetSize of job (KB)
...
006 (6053898.000.000) 08/17 02:24:13 Image size of job updated: 117280
	115  -  MemoryUsage of job (MB)
	117280  -  ResidentSetSize of job (KB)
...
006 (6053898.000.000) 08/17 02:29:14 Image size of job updated: 117284
	115  -  MemoryUsage of job (MB)
	117284  -  ResidentSetSize of job (KB)
...
006 (6053898.000.000) 08/17 02:32:30 Image size of job updated: 117288
	115  -  MemoryUsage of job (MB)
	117284  -  ResidentSetSize of job (KB)
...
040 (6053898.000.000) 08/17 02:32:30 Started transferring output files
...
040 (6053898.000.000) 08/17 02:32:30 Finished transferring output files
...
005 (6053898.000.000) 08/17 02:32:30 Job terminated.
	(1) Normal termination (return value 0)
		Usr 0 00:32:58, Sys 0 00:00:08  -  Run Remote Usage
		Usr 0 00:00:00, Sys 0 00:00:00  -  Run Local Usage
		Usr 0 00:32:58, Sys 0 00:00:08  -  Total Remote Usage
		Usr 0 00:00:00, Sys 0 00:00:00  -  Total Local Usage
	18136  -  Run Bytes Sent By Job
	10066  -  Run Bytes Received By Job
	18136  -  Total Bytes Sent By Job
	10066  -  Total Bytes Received By Job
	Partitionable Resources :    Usage  Request Allocated 
	   Cpus                 :     0.99        1         1 
	   Disk (KB)            : 39263     6144000   6169669 
	   GPUs                 :                           0 
	   Memory (MB)          :   115        3000      3000 
	   TimeExecute (s)      :  2007                       
	   TimeSlotBusy (s)     :  2009                       
...
