000 (6054048.000.000) 08/17 02:46:35 Job submitted from host: <188.185.133.2:9618?addrs=188.185.133.2-9618+[2001-1458-d03-2--100-208]-9618&alias=bigbird102.cern.ch&noUDP&sock=schedd_5723_1498>
    DAG Node: C_A12_S0_F2
...
040 (6054048.000.000) 08/17 02:48:41 Started transferring input files
	Transferring to host: <188.185.194.86:9618?addrs=188.185.194.86-9618+[2001-1458-303-21--100-52]-9618&alias=b9p20p2583.cern.ch&noUDP&sock=slot1_14_4167_c743_32765>
...
040 (6054048.000.000) 08/17 02:48:41 Finished transferring input files
...
001 (6054048.000.000) 08/17 02:48:42 Job executing on host: <188.185.194.86:9618?addrs=188.185.194.86-9618+[2001-1458-303-21--100-52]-9618&alias=b9p20p2583.cern.ch&noUDP&sock=startd_3084_f22a>
	SlotName: slot1_14@b9p20p2583.cern.ch
	CondorScratchDir = "/pool/condor/dir_257432"
	Cpus = 1
	Disk = 6146762
	GPUs = 0
	Memory = 3000
...
006 (6054048.000.000) 08/17 02:48:51 Image size of job updated: 25816
	26  -  MemoryUsage of job (MB)
	25816  -  ResidentSetSize of job (KB)
...
006 (6054048.000.000) 08/17 02:53:52 Image size of job updated: 94512
	93  -  MemoryUsage of job (MB)
	94512  -  ResidentSetSize of job (KB)
...
006 (6054048.000.000) 08/17 03:53:57 Image size of job updated: 94680
	93  -  MemoryUsage of job (MB)
	94680  -  ResidentSetSize of job (KB)
...
006 (6054048.000.000) 08/17 04:03:59 Image size of job updated: 94848
	93  -  MemoryUsage of job (MB)
	94848  -  ResidentSetSize of job (KB)
...
006 (6054048.000.000) 08/17 04:24:01 Image size of job updated: 95188
	93  -  MemoryUsage of job (MB)
	95188  -  ResidentSetSize of job (KB)
...
040 (6054048.000.000) 08/17 04:37:23 Started transferring output files
...
040 (6054048.000.000) 08/17 04:37:23 Finished transferring output files
...
005 (6054048.000.000) 08/17 04:37:23 Job terminated.
	(1) Normal termination (return value 0)
		Usr 0 01:47:44, Sys 0 00:00:09  -  Run Remote Usage
		Usr 0 00:00:00, Sys 0 00:00:00  -  Run Local Usage
		Usr 0 01:47:44, Sys 0 00:00:09  -  Total Remote Usage
		Usr 0 00:00:00, Sys 0 00:00:00  -  Total Local Usage
	18001  -  Run Bytes Sent By Job
	10066  -  Run Bytes Received By Job
	18001  -  Total Bytes Sent By Job
	10066  -  Total Bytes Received By Job
	Partitionable Resources :    Usage  Request Allocated 
	   Cpus                 :     0.99        1         1 
	   Disk (KB)            : 39261     6144000   6146762 
	   GPUs                 :                           0 
	   Memory (MB)          :    93        3000      3000 
	   TimeExecute (s)      :  6521                       
	   TimeSlotBusy (s)     :  6523                       
...
