000 (6053779.000.000) 08/17 01:41:14 Job submitted from host: <188.185.133.2:9618?addrs=188.185.133.2-9618+[2001-1458-d03-2--100-208]-9618&alias=bigbird102.cern.ch&noUDP&sock=schedd_5723_1498>
    DAG Node: C_A04_S4_F2
...
040 (6053779.000.000) 08/17 01:41:41 Started transferring input files
	Transferring to host: <128.142.248.171:9618?addrs=128.142.248.171-9618+[2001-1458-301-73--100-aa]-9618&alias=b9g23p8423.cern.ch&noUDP&sock=slot1_17_7862_3d79_23205>
...
040 (6053779.000.000) 08/17 01:41:41 Finished transferring input files
...
001 (6053779.000.000) 08/17 01:41:42 Job executing on host: <128.142.248.171:9618?addrs=128.142.248.171-9618+[2001-1458-301-73--100-aa]-9618&alias=b9g23p8423.cern.ch&noUDP&sock=startd_7017_a825>
	SlotName: slot1_17@b9g23p8423.cern.ch
	CondorScratchDir = "/pool/condor/dir_2040219"
	Cpus = 1
	Disk = 6147857
	GPUs = 0
	Memory = 3000
...
006 (6053779.000.000) 08/17 01:41:50 Image size of job updated: 32136
	32  -  MemoryUsage of job (MB)
	32136  -  ResidentSetSize of job (KB)
...
006 (6053779.000.000) 08/17 01:46:50 Image size of job updated: 94440
	93  -  MemoryUsage of job (MB)
	94440  -  ResidentSetSize of job (KB)
...
006 (6053779.000.000) 08/17 02:56:58 Image size of job updated: 94604
	93  -  MemoryUsage of job (MB)
	94604  -  ResidentSetSize of job (KB)
...
006 (6053779.000.000) 08/17 03:06:58 Image size of job updated: 94656
	93  -  MemoryUsage of job (MB)
	94656  -  ResidentSetSize of job (KB)
...
006 (6053779.000.000) 08/17 03:11:59 Image size of job updated: 94772
	93  -  MemoryUsage of job (MB)
	94772  -  ResidentSetSize of job (KB)
...
006 (6053779.000.000) 08/17 03:37:01 Image size of job updated: 94940
	93  -  MemoryUsage of job (MB)
	94940  -  ResidentSetSize of job (KB)
...
006 (6053779.000.000) 08/17 03:42:01 Image size of job updated: 94944
	93  -  MemoryUsage of job (MB)
	94944  -  ResidentSetSize of job (KB)
...
006 (6053779.000.000) 08/17 03:47:02 Image size of job updated: 95112
	93  -  MemoryUsage of job (MB)
	95112  -  ResidentSetSize of job (KB)
...
040 (6053779.000.000) 08/17 04:04:22 Started transferring output files
...
040 (6053779.000.000) 08/17 04:04:22 Finished transferring output files
...
005 (6053779.000.000) 08/17 04:04:22 Job terminated.
	(1) Normal termination (return value 0)
		Usr 0 02:20:48, Sys 0 00:00:18  -  Run Remote Usage
		Usr 0 00:00:00, Sys 0 00:00:00  -  Run Local Usage
		Usr 0 02:20:48, Sys 0 00:00:18  -  Total Remote Usage
		Usr 0 00:00:00, Sys 0 00:00:00  -  Total Local Usage
	17246  -  Run Bytes Sent By Job
	10066  -  Run Bytes Received By Job
	17246  -  Total Bytes Sent By Job
	10066  -  Total Bytes Received By Job
	Partitionable Resources :    Usage  Request Allocated 
	   Cpus                 :     0.99        1         1 
	   Disk (KB)            : 39258     6144000   6147857 
	   GPUs                 :                           0 
	   Memory (MB)          :    93        3000      3000 
	   TimeExecute (s)      :  8560                       
	   TimeSlotBusy (s)     :  8562                       
...
