000 (6053725.000.000) 08/17 01:34:40 Job submitted from host: <188.185.133.2:9618?addrs=188.185.133.2-9618+[2001-1458-d03-2--100-208]-9618&alias=bigbird102.cern.ch&noUDP&sock=schedd_5723_1498>
    DAG Node: C_A00_S3_F1
...
040 (6053725.000.000) 08/17 01:35:41 Started transferring input files
	Transferring to host: <188.185.193.55:9618?addrs=188.185.193.55-9618+[2001-1458-303-20--100-33]-9618&alias=b9p19p3911.cern.ch&noUDP&sock=slot1_25_5202_078d_31840>
...
040 (6053725.000.000) 08/17 01:35:41 Finished transferring input files
...
001 (6053725.000.000) 08/17 01:35:42 Job executing on host: <188.185.193.55:9618?addrs=188.185.193.55-9618+[2001-1458-303-20--100-33]-9618&alias=b9p19p3911.cern.ch&noUDP&sock=startd_4212_a8fe>
	SlotName: slot1_25@b9p19p3911.cern.ch
	CondorScratchDir = "/pool/condor/dir_781567"
	Cpus = 1
	Disk = 6145825
	GPUs = 0
	Memory = 3000
...
006 (6053725.000.000) 08/17 01:35:51 Image size of job updated: 32432
	31  -  MemoryUsage of job (MB)
	31584  -  ResidentSetSize of job (KB)
...
006 (6053725.000.000) 08/17 01:40:52 Image size of job updated: 94580
	93  -  MemoryUsage of job (MB)
	94580  -  ResidentSetSize of job (KB)
...
006 (6053725.000.000) 08/17 02:05:55 Image size of job updated: 94748
	93  -  MemoryUsage of job (MB)
	94748  -  ResidentSetSize of job (KB)
...
006 (6053725.000.000) 08/17 02:10:56 Image size of job updated: 94916
	93  -  MemoryUsage of job (MB)
	94916  -  ResidentSetSize of job (KB)
...
006 (6053725.000.000) 08/17 02:15:56 Image size of job updated: 95256
	94  -  MemoryUsage of job (MB)
	95256  -  ResidentSetSize of job (KB)
...
040 (6053725.000.000) 08/17 02:17:16 Started transferring output files
...
040 (6053725.000.000) 08/17 02:17:16 Finished transferring output files
...
005 (6053725.000.000) 08/17 02:17:17 Job terminated.
	(1) Normal termination (return value 0)
		Usr 0 00:41:01, Sys 0 00:00:08  -  Run Remote Usage
		Usr 0 00:00:00, Sys 0 00:00:00  -  Run Local Usage
		Usr 0 00:41:01, Sys 0 00:00:08  -  Total Remote Usage
		Usr 0 00:00:00, Sys 0 00:00:00  -  Total Local Usage
	17430  -  Run Bytes Sent By Job
	10066  -  Run Bytes Received By Job
	17430  -  Total Bytes Sent By Job
	10066  -  Total Bytes Received By Job
	Partitionable Resources :    Usage  Request Allocated 
	   Cpus                 :     0.99        1         1 
	   Disk (KB)            : 39260     6144000   6145825 
	   GPUs                 :                           0 
	   Memory (MB)          :    94        3000      3000 
	   TimeExecute (s)      :  2494                       
	   TimeSlotBusy (s)     :  2495                       
...
