000 (6053814.000.000) 08/17 01:44:28 Job submitted from host: <188.185.133.2:9618?addrs=188.185.133.2-9618+[2001-1458-d03-2--100-208]-9618&alias=bigbird102.cern.ch&noUDP&sock=schedd_5723_1498>
    DAG Node: C_A14_S5_F0
...
040 (6053814.000.000) 08/17 01:46:36 Started transferring input files
	Transferring to host: <188.185.195.62:9618?addrs=188.185.195.62-9618+[2001-1458-303-22--100-3a]-9618&alias=b9p17p5734.cern.ch&noUDP&sock=slot1_34_4653_3596_30144>
...
040 (6053814.000.000) 08/17 01:46:36 Finished transferring input files
...
001 (6053814.000.000) 08/17 01:46:37 Job executing on host: <188.185.195.62:9618?addrs=188.185.195.62-9618+[2001-1458-303-22--100-3a]-9618&alias=b9p17p5734.cern.ch&noUDP&sock=startd_3529_2dcf>
	SlotName: slot1_34@b9p17p5734.cern.ch
	CondorScratchDir = "/pool/condor/dir_3182171"
	Cpus = 1
	Disk = 6146710
	GPUs = 0
	Memory = 3000
...
006 (6053814.000.000) 08/17 01:46:45 Image size of job updated: 27412
	27  -  MemoryUsage of job (MB)
	27412  -  ResidentSetSize of job (KB)
...
006 (6053814.000.000) 08/17 01:51:46 Image size of job updated: 94756
	93  -  MemoryUsage of job (MB)
	94756  -  ResidentSetSize of job (KB)
...
006 (6053814.000.000) 08/17 01:56:47 Image size of job updated: 95092
	93  -  MemoryUsage of job (MB)
	95092  -  ResidentSetSize of job (KB)
...
006 (6053814.000.000) 08/17 02:01:47 Image size of job updated: 106676
	105  -  MemoryUsage of job (MB)
	106676  -  ResidentSetSize of job (KB)
...
006 (6053814.000.000) 08/17 02:06:48 Image size of job updated: 106680
	105  -  MemoryUsage of job (MB)
	106680  -  ResidentSetSize of job (KB)
...
006 (6053814.000.000) 08/17 02:11:48 Image size of job updated: 117520
	115  -  MemoryUsage of job (MB)
	117520  -  ResidentSetSize of job (KB)
...
006 (6053814.000.000) 08/17 02:21:45 Image size of job updated: 117528
	115  -  MemoryUsage of job (MB)
	117520  -  ResidentSetSize of job (KB)
...
040 (6053814.000.000) 08/17 02:21:46 Started transferring output files
...
040 (6053814.000.000) 08/17 02:21:46 Finished transferring output files
...
005 (6053814.000.000) 08/17 02:21:46 Job terminated.
	(1) Normal termination (return value 0)
		Usr 0 00:34:40, Sys 0 00:00:06  -  Run Remote Usage
		Usr 0 00:00:00, Sys 0 00:00:00  -  Run Local Usage
		Usr 0 00:34:40, Sys 0 00:00:06  -  Total Remote Usage
		Usr 0 00:00:00, Sys 0 00:00:00  -  Total Local Usage
	17312  -  Run Bytes Sent By Job
	10066  -  Run Bytes Received By Job
	17312  -  Total Bytes Sent By Job
	10066  -  Total Bytes Received By Job
	Partitionable Resources :    Usage  Request Allocated 
	   Cpus                 :     0.99        1         1 
	   Disk (KB)            : 39259     6144000   6146710 
	   GPUs                 :                           0 
	   Memory (MB)          :   115        3000      3000 
	   TimeExecute (s)      :  2108                       
	   TimeSlotBusy (s)     :  2111                       
...
