000 (6053942.000.000) 08/17 02:07:22 Job submitted from host: <188.185.133.2:9618?addrs=188.185.133.2-9618+[2001-1458-d03-2--100-208]-9618&alias=bigbird102.cern.ch&noUDP&sock=schedd_5723_1498>
    DAG Node: C_A07_S2_F2
...
040 (6053942.000.000) 08/17 02:08:25 Started transferring input files
	Transferring to host: <188.185.192.24:9618?addrs=188.185.192.24-9618+[2001-1458-303-1f--100-14]-9618&alias=b9p13p3802.cern.ch&noUDP&sock=slot1_11_6582_5d45_31256>
...
040 (6053942.000.000) 08/17 02:08:25 Finished transferring input files
...
001 (6053942.000.000) 08/17 02:08:26 Job executing on host: <188.185.192.24:9618?addrs=188.185.192.24-9618+[2001-1458-303-1f--100-14]-9618&alias=b9p13p3802.cern.ch&noUDP&sock=startd_4976_b359>
	SlotName: slot1_11@b9p13p3802.cern.ch
	CondorScratchDir = "/pool/condor/dir_2570400"
	Cpus = 1
	Disk = 6169395
	GPUs = 0
	Memory = 3000
...
006 (6053942.000.000) 08/17 02:08:35 Image size of job updated: 32592
	31  -  MemoryUsage of job (MB)
	31164  -  ResidentSetSize of job (KB)
...
006 (6053942.000.000) 08/17 02:13:35 Image size of job updated: 94428
	93  -  MemoryUsage of job (MB)
	94428  -  ResidentSetSize of job (KB)
...
006 (6053942.000.000) 08/17 03:23:43 Image size of job updated: 94592
	93  -  MemoryUsage of job (MB)
	94592  -  ResidentSetSize of job (KB)
...
006 (6053942.000.000) 08/17 03:28:44 Image size of job updated: 94760
	93  -  MemoryUsage of job (MB)
	94760  -  ResidentSetSize of job (KB)
...
006 (6053942.000.000) 08/17 03:48:45 Image size of job updated: 95100
	93  -  MemoryUsage of job (MB)
	95100  -  ResidentSetSize of job (KB)
...
040 (6053942.000.000) 08/17 04:10:38 Started transferring output files
...
040 (6053942.000.000) 08/17 04:10:38 Finished transferring output files
...
005 (6053942.000.000) 08/17 04:10:39 Job terminated.
	(1) Normal termination (return value 0)
		Usr 0 02:00:58, Sys 0 00:00:11  -  Run Remote Usage
		Usr 0 00:00:00, Sys 0 00:00:00  -  Run Local Usage
		Usr 0 02:00:58, Sys 0 00:00:11  -  Total Remote Usage
		Usr 0 00:00:00, Sys 0 00:00:00  -  Total Local Usage
	17773  -  Run Bytes Sent By Job
	10066  -  Run Bytes Received By Job
	17773  -  Total Bytes Sent By Job
	10066  -  Total Bytes Received By Job
	Partitionable Resources :    Usage  Request Allocated 
	   Cpus                 :     0.99        1         1 
	   Disk (KB)            : 39262     6144000   6169395 
	   GPUs                 :                           0 
	   Memory (MB)          :    93        3000      3000 
	   TimeExecute (s)      :  7332                       
	   TimeSlotBusy (s)     :  7333                       
...
