000 (6053747.000.000) 08/17 01:36:22 Job submitted from host: <188.185.133.2:9618?addrs=188.185.133.2-9618+[2001-1458-d03-2--100-208]-9618&alias=bigbird102.cern.ch&noUDP&sock=schedd_5723_1498>
    DAG Node: C_A10_S0_F2
...
040 (6053747.000.000) 08/17 01:36:43 Started transferring input files
	Transferring to host: <128.142.33.60:9618?addrs=128.142.33.60-9618+[2001-1458-301-53--100-39]-9618&alias=b9g34p8084.cern.ch&noUDP&sock=slot1_17_8531_9c74_28639>
...
040 (6053747.000.000) 08/17 01:36:43 Finished transferring input files
...
001 (6053747.000.000) 08/17 01:36:44 Job executing on host: <128.142.33.60:9618?addrs=128.142.33.60-9618+[2001-1458-301-53--100-39]-9618&alias=b9g34p8084.cern.ch&noUDP&sock=startd_7503_032c>
	SlotName: slot1_17@b9g34p8084.cern.ch
	CondorScratchDir = "/pool/condor/dir_1822189"
	Cpus = 1
	Disk = 6146718
	GPUs = 0
	Memory = 3000
...
006 (6053747.000.000) 08/17 01:36:53 Image size of job updated: 24200
	24  -  MemoryUsage of job (MB)
	24200  -  ResidentSetSize of job (KB)
...
006 (6053747.000.000) 08/17 01:41:54 Image size of job updated: 99352
	91  -  MemoryUsage of job (MB)
	92276  -  ResidentSetSize of job (KB)
...
006 (6053747.000.000) 08/17 02:16:57 Image size of job updated: 99352
	91  -  MemoryUsage of job (MB)
	92440  -  ResidentSetSize of job (KB)
...
006 (6053747.000.000) 08/17 02:26:58 Image size of job updated: 99352
	91  -  MemoryUsage of job (MB)
	92492  -  ResidentSetSize of job (KB)
...
006 (6053747.000.000) 08/17 02:31:59 Image size of job updated: 99352
	91  -  MemoryUsage of job (MB)
	92608  -  ResidentSetSize of job (KB)
...
006 (6053747.000.000) 08/17 02:52:00 Image size of job updated: 99352
	91  -  MemoryUsage of job (MB)
	92776  -  ResidentSetSize of job (KB)
...
006 (6053747.000.000) 08/17 02:57:01 Image size of job updated: 99352
	91  -  MemoryUsage of job (MB)
	92780  -  ResidentSetSize of job (KB)
...
006 (6053747.000.000) 08/17 03:02:02 Image size of job updated: 99352
	91  -  MemoryUsage of job (MB)
	92948  -  ResidentSetSize of job (KB)
...
040 (6053747.000.000) 08/17 03:10:37 Started transferring output files
...
040 (6053747.000.000) 08/17 03:10:37 Finished transferring output files
...
005 (6053747.000.000) 08/17 03:10:37 Job terminated.
	(1) Normal termination (return value 0)
		Usr 0 01:32:53, Sys 0 00:00:10  -  Run Remote Usage
		Usr 0 00:00:00, Sys 0 00:00:00  -  Run Local Usage
		Usr 0 01:32:53, Sys 0 00:00:10  -  Total Remote Usage
		Usr 0 00:00:00, Sys 0 00:00:00  -  Total Local Usage
	17173  -  Run Bytes Sent By Job
	10066  -  Run Bytes Received By Job
	17173  -  Total Bytes Sent By Job
	10066  -  Total Bytes Received By Job
	Partitionable Resources :    Usage  Request Allocated 
	   Cpus                 :     1.00        1         1 
	   Disk (KB)            : 39222     6144000   6146718 
	   GPUs                 :                           0 
	   Memory (MB)          :    91        3000      3000 
	   TimeExecute (s)      :  5633                       
	   TimeSlotBusy (s)     :  5634                       
...
