000 (6053890.000.000) 08/17 01:57:13 Job submitted from host: <188.185.133.2:9618?addrs=188.185.133.2-9618+[2001-1458-d03-2--100-208]-9618&alias=bigbird102.cern.ch&noUDP&sock=schedd_5723_1498>
    DAG Node: C_A09_S6_F0
...
040 (6053890.000.000) 08/17 01:57:23 Started transferring input files
	Transferring to host: <188.185.197.121:9618?addrs=188.185.197.121-9618+[2001-1458-303-24--100-75]-9618&alias=b9p14p7506.cern.ch&noUDP&sock=slot1_4_6551_85a3_23165>
...
040 (6053890.000.000) 08/17 01:57:23 Finished transferring input files
...
001 (6053890.000.000) 08/17 01:57:24 Job executing on host: <188.185.197.121:9618?addrs=188.185.197.121-9618+[2001-1458-303-24--100-75]-9618&alias=b9p14p7506.cern.ch&noUDP&sock=startd_5554_2917>
	SlotName: slot1_4@b9p14p7506.cern.ch
	CondorScratchDir = "/pool/condor/dir_3225043"
	Cpus = 1
	Disk = 6144580
	GPUs = 0
	Memory = 3000
...
006 (6053890.000.000) 08/17 01:57:32 Image size of job updated: 44676
	44  -  MemoryUsage of job (MB)
	44676  -  ResidentSetSize of job (KB)
...
006 (6053890.000.000) 08/17 02:02:32 Image size of job updated: 110844
	91  -  MemoryUsage of job (MB)
	92540  -  ResidentSetSize of job (KB)
...
006 (6053890.000.000) 08/17 02:07:33 Image size of job updated: 110844
	92  -  MemoryUsage of job (MB)
	93216  -  ResidentSetSize of job (KB)
...
006 (6053890.000.000) 08/17 02:12:33 Image size of job updated: 110844
	103  -  MemoryUsage of job (MB)
	104628  -  ResidentSetSize of job (KB)
...
006 (6053890.000.000) 08/17 02:17:34 Image size of job updated: 110844
	103  -  MemoryUsage of job (MB)
	104632  -  ResidentSetSize of job (KB)
...
006 (6053890.000.000) 08/17 02:22:35 Image size of job updated: 115472
	113  -  MemoryUsage of job (MB)
	115472  -  ResidentSetSize of job (KB)
...
006 (6053890.000.000) 08/17 02:27:35 Image size of job updated: 115476
	113  -  MemoryUsage of job (MB)
	115476  -  ResidentSetSize of job (KB)
...
006 (6053890.000.000) 08/17 02:31:26 Image size of job updated: 115480
	113  -  MemoryUsage of job (MB)
	115476  -  ResidentSetSize of job (KB)
...
040 (6053890.000.000) 08/17 02:31:26 Started transferring output files
...
040 (6053890.000.000) 08/17 02:31:26 Finished transferring output files
...
005 (6053890.000.000) 08/17 02:31:26 Job terminated.
	(1) Normal termination (return value 0)
		Usr 0 00:33:39, Sys 0 00:00:05  -  Run Remote Usage
		Usr 0 00:00:00, Sys 0 00:00:00  -  Run Local Usage
		Usr 0 00:33:39, Sys 0 00:00:05  -  Total Remote Usage
		Usr 0 00:00:00, Sys 0 00:00:00  -  Total Local Usage
	17384  -  Run Bytes Sent By Job
	10066  -  Run Bytes Received By Job
	17384  -  Total Bytes Sent By Job
	10066  -  Total Bytes Received By Job
	Partitionable Resources :    Usage  Request Allocated 
	   Cpus                 :     1.00        1         1 
	   Disk (KB)            : 39259     6144000   6144580 
	   GPUs                 :                           0 
	   Memory (MB)          :   113        3000      3000 
	   TimeExecute (s)      :  2042                       
	   TimeSlotBusy (s)     :  2043                       
...
