000 (6053768.000.000) 08/17 01:40:29 Job submitted from host: <188.185.133.2:9618?addrs=188.185.133.2-9618+[2001-1458-d03-2--100-208]-9618&alias=bigbird102.cern.ch&noUDP&sock=schedd_5723_1498>
    DAG Node: C_A14_S3_F1
...
040 (6053768.000.000) 08/17 01:41:42 Started transferring input files
	Transferring to host: <188.185.194.119:9618?addrs=188.185.194.119-9618+[2001-1458-303-21--100-73]-9618&alias=b9p20p0758.cern.ch&noUDP&sock=slot1_12_6394_e6bd_30509>
...
040 (6053768.000.000) 08/17 01:41:42 Finished transferring input files
...
001 (6053768.000.000) 08/17 01:41:43 Job executing on host: <188.185.194.119:9618?addrs=188.185.194.119-9618+[2001-1458-303-21--100-73]-9618&alias=b9p20p0758.cern.ch&noUDP&sock=startd_5477_584c>
	SlotName: slot1_12@b9p20p0758.cern.ch
	CondorScratchDir = "/pool/condor/dir_2465893"
	Cpus = 1
	Disk = 6146852
	GPUs = 0
	Memory = 3000
...
006 (6053768.000.000) 08/17 01:41:51 Image size of job updated: 28880
	29  -  MemoryUsage of job (MB)
	28880  -  ResidentSetSize of job (KB)
...
006 (6053768.000.000) 08/17 01:46:51 Image size of job updated: 90532
	89  -  MemoryUsage of job (MB)
	90532  -  ResidentSetSize of job (KB)
...
006 (6053768.000.000) 08/17 01:56:52 Image size of job updated: 90752
	89  -  MemoryUsage of job (MB)
	90752  -  ResidentSetSize of job (KB)
...
006 (6053768.000.000) 08/17 02:01:53 Image size of job updated: 90868
	89  -  MemoryUsage of job (MB)
	90868  -  ResidentSetSize of job (KB)
...
006 (6053768.000.000) 08/17 02:06:54 Image size of job updated: 91208
	90  -  MemoryUsage of job (MB)
	91208  -  ResidentSetSize of job (KB)
...
040 (6053768.000.000) 08/17 02:10:27 Started transferring output files
...
040 (6053768.000.000) 08/17 02:10:28 Finished transferring output files
...
005 (6053768.000.000) 08/17 02:10:28 Job terminated.
	(1) Normal termination (return value 0)
		Usr 0 00:28:24, Sys 0 00:00:04  -  Run Remote Usage
		Usr 0 00:00:00, Sys 0 00:00:00  -  Run Local Usage
		Usr 0 00:28:24, Sys 0 00:00:04  -  Total Remote Usage
		Usr 0 00:00:00, Sys 0 00:00:00  -  Total Local Usage
	17169  -  Run Bytes Sent By Job
	10066  -  Run Bytes Received By Job
	17169  -  Total Bytes Sent By Job
	10066  -  Total Bytes Received By Job
	Partitionable Resources :    Usage  Request Allocated 
	   Cpus                 :     0.99        1         1 
	   Disk (KB)            : 39258     6144000   6146852 
	   GPUs                 :                           0 
	   Memory (MB)          :    90        3000      3000 
	   TimeExecute (s)      :  1724                       
	   TimeSlotBusy (s)     :  1726                       
...
