000 (6053633.000.000) 08/17 01:27:58 Job submitted from host: <188.185.133.2:9618?addrs=188.185.133.2-9618+[2001-1458-d03-2--100-208]-9618&alias=bigbird102.cern.ch&noUDP&sock=schedd_5723_1498>
    DAG Node: C_A05_S0_F2
...
040 (6053633.000.000) 08/17 01:29:50 Started transferring input files
	Transferring to host: <128.142.162.114:9618?addrs=128.142.162.114-9618+[2001-1458-301-7d--100-2b]-9618&alias=b9g42p2033.cern.ch&noUDP&sock=slot1_5_4586_0074_22331>
...
040 (6053633.000.000) 08/17 01:29:50 Finished transferring input files
...
001 (6053633.000.000) 08/17 01:29:51 Job executing on host: <128.142.162.114:9618?addrs=128.142.162.114-9618+[2001-1458-301-7d--100-2b]-9618&alias=b9g42p2033.cern.ch&noUDP&sock=startd_4335_0724>
	SlotName: slot1_5@b9g42p2033.cern.ch
	CondorScratchDir = "/pool/condor/dir_3475339"
	Cpus = 1
	Disk = 6146640
	GPUs = 0
	Memory = 3000
...
006 (6053633.000.000) 08/17 01:30:00 Image size of job updated: 31976
	31  -  MemoryUsage of job (MB)
	30944  -  ResidentSetSize of job (KB)
...
006 (6053633.000.000) 08/17 01:35:01 Image size of job updated: 94236
	93  -  MemoryUsage of job (MB)
	94236  -  ResidentSetSize of job (KB)
...
006 (6053633.000.000) 08/17 02:10:04 Image size of job updated: 94288
	93  -  MemoryUsage of job (MB)
	94288  -  ResidentSetSize of job (KB)
...
006 (6053633.000.000) 08/17 02:15:05 Image size of job updated: 94404
	93  -  MemoryUsage of job (MB)
	94404  -  ResidentSetSize of job (KB)
...
006 (6053633.000.000) 08/17 02:25:06 Image size of job updated: 94456
	93  -  MemoryUsage of job (MB)
	94456  -  ResidentSetSize of job (KB)
...
006 (6053633.000.000) 08/17 02:30:06 Image size of job updated: 94572
	93  -  MemoryUsage of job (MB)
	94572  -  ResidentSetSize of job (KB)
...
006 (6053633.000.000) 08/17 02:50:08 Image size of job updated: 94740
	93  -  MemoryUsage of job (MB)
	94740  -  ResidentSetSize of job (KB)
...
006 (6053633.000.000) 08/17 02:55:09 Image size of job updated: 94912
	93  -  MemoryUsage of job (MB)
	94912  -  ResidentSetSize of job (KB)
...
040 (6053633.000.000) 08/17 03:09:31 Started transferring output files
...
040 (6053633.000.000) 08/17 03:09:31 Finished transferring output files
...
005 (6053633.000.000) 08/17 03:09:31 Job terminated.
	(1) Normal termination (return value 0)
		Usr 0 01:38:52, Sys 0 00:00:08  -  Run Remote Usage
		Usr 0 00:00:00, Sys 0 00:00:00  -  Run Local Usage
		Usr 0 01:38:52, Sys 0 00:00:08  -  Total Remote Usage
		Usr 0 00:00:00, Sys 0 00:00:00  -  Total Local Usage
	17168  -  Run Bytes Sent By Job
	10066  -  Run Bytes Received By Job
	17168  -  Total Bytes Sent By Job
	10066  -  Total Bytes Received By Job
	Partitionable Resources :    Usage  Request Allocated 
	   Cpus                 :     0.99        1         1 
	   Disk (KB)            : 39218     6144000   6146640 
	   GPUs                 :                           0 
	   Memory (MB)          :    93        3000      3000 
	   TimeExecute (s)      :  5980                       
	   TimeSlotBusy (s)     :  5982                       
...
