000 (6053756.000.000) 08/17 01:37:32 Job submitted from host: <188.185.133.2:9618?addrs=188.185.133.2-9618+[2001-1458-d03-2--100-208]-9618&alias=bigbird102.cern.ch&noUDP&sock=schedd_5723_1498>
    DAG Node: C_A00_S2_F2
...
040 (6053756.000.000) 08/17 01:39:48 Started transferring input files
	Transferring to host: <188.185.192.113:9618?addrs=188.185.192.113-9618+[2001-1458-303-1f--100-6d]-9618&alias=b9p13p1469.cern.ch&noUDP&sock=slot1_6_7502_966a_30393>
...
040 (6053756.000.000) 08/17 01:39:48 Finished transferring input files
...
001 (6053756.000.000) 08/17 01:39:49 Job executing on host: <188.185.192.113:9618?addrs=188.185.192.113-9618+[2001-1458-303-1f--100-6d]-9618&alias=b9p13p1469.cern.ch&noUDP&sock=startd_6116_a551>
	SlotName: slot1_6@b9p13p1469.cern.ch
	CondorScratchDir = "/pool/condor/dir_1121018"
	Cpus = 1
	Disk = 6148531
	GPUs = 0
	Memory = 3000
...
006 (6053756.000.000) 08/17 01:39:58 Image size of job updated: 81636
	80  -  MemoryUsage of job (MB)
	81636  -  ResidentSetSize of job (KB)
...
006 (6053756.000.000) 08/17 01:44:59 Image size of job updated: 94440
	93  -  MemoryUsage of job (MB)
	94440  -  ResidentSetSize of job (KB)
...
006 (6053756.000.000) 08/17 02:45:05 Image size of job updated: 94604
	93  -  MemoryUsage of job (MB)
	94604  -  ResidentSetSize of job (KB)
...
006 (6053756.000.000) 08/17 02:50:06 Image size of job updated: 94772
	93  -  MemoryUsage of job (MB)
	94772  -  ResidentSetSize of job (KB)
...
006 (6053756.000.000) 08/17 03:05:07 Image size of job updated: 95112
	93  -  MemoryUsage of job (MB)
	95112  -  ResidentSetSize of job (KB)
...
040 (6053756.000.000) 08/17 03:17:22 Started transferring output files
...
040 (6053756.000.000) 08/17 03:17:22 Finished transferring output files
...
005 (6053756.000.000) 08/17 03:17:22 Job terminated.
	(1) Normal termination (return value 0)
		Usr 0 01:36:21, Sys 0 00:00:18  -  Run Remote Usage
		Usr 0 00:00:00, Sys 0 00:00:00  -  Run Local Usage
		Usr 0 01:36:21, Sys 0 00:00:18  -  Total Remote Usage
		Usr 0 00:00:00, Sys 0 00:00:00  -  Total Local Usage
	17439  -  Run Bytes Sent By Job
	10066  -  Run Bytes Received By Job
	17439  -  Total Bytes Sent By Job
	10066  -  Total Bytes Received By Job
	Partitionable Resources :    Usage  Request Allocated 
	   Cpus                 :     0.99        1         1 
	   Disk (KB)            : 39260     6144000   6148531 
	   GPUs                 :                           0 
	   Memory (MB)          :    93        3000      3000 
	   TimeExecute (s)      :  5853                       
	   TimeSlotBusy (s)     :  5854                       
...
