000 (6053835.000.000) 08/17 01:49:30 Job submitted from host: <188.185.133.2:9618?addrs=188.185.133.2-9618+[2001-1458-d03-2--100-208]-9618&alias=bigbird102.cern.ch&noUDP&sock=schedd_5723_1498>
    DAG Node: C_A09_S5_F1
...
040 (6053835.000.000) 08/17 01:50:29 Started transferring input files
	Transferring to host: <188.185.197.40:9618?addrs=188.185.197.40-9618+[2001-1458-303-24--100-24]-9618&alias=b9p14p4798.cern.ch&noUDP&sock=slot1_29_7556_a2ac_22839>
...
040 (6053835.000.000) 08/17 01:50:29 Finished transferring input files
...
001 (6053835.000.000) 08/17 01:50:30 Job executing on host: <188.185.197.40:9618?addrs=188.185.197.40-9618+[2001-1458-303-24--100-24]-9618&alias=b9p14p4798.cern.ch&noUDP&sock=startd_6531_4d1e>
	SlotName: slot1_29@b9p14p4798.cern.ch
	CondorScratchDir = "/pool/condor/dir_1042414"
	Cpus = 1
	Disk = 6145363
	GPUs = 0
	Memory = 3000
...
006 (6053835.000.000) 08/17 01:50:39 Image size of job updated: 52984
	52  -  MemoryUsage of job (MB)
	52984  -  ResidentSetSize of job (KB)
...
006 (6053835.000.000) 08/17 01:55:40 Image size of job updated: 94580
	93  -  MemoryUsage of job (MB)
	94580  -  ResidentSetSize of job (KB)
...
006 (6053835.000.000) 08/17 02:05:40 Image size of job updated: 94912
	93  -  MemoryUsage of job (MB)
	94912  -  ResidentSetSize of job (KB)
...
006 (6053835.000.000) 08/17 02:10:41 Image size of job updated: 95256
	94  -  MemoryUsage of job (MB)
	95256  -  ResidentSetSize of job (KB)
...
040 (6053835.000.000) 08/17 02:13:01 Started transferring output files
...
040 (6053835.000.000) 08/17 02:13:01 Finished transferring output files
...
005 (6053835.000.000) 08/17 02:13:02 Job terminated.
	(1) Normal termination (return value 0)
		Usr 0 00:22:17, Sys 0 00:00:03  -  Run Remote Usage
		Usr 0 00:00:00, Sys 0 00:00:00  -  Run Local Usage
		Usr 0 00:22:17, Sys 0 00:00:03  -  Total Remote Usage
		Usr 0 00:00:00, Sys 0 00:00:00  -  Total Local Usage
	17242  -  Run Bytes Sent By Job
	10066  -  Run Bytes Received By Job
	17242  -  Total Bytes Sent By Job
	10066  -  Total Bytes Received By Job
	Partitionable Resources :    Usage  Request Allocated 
	   Cpus                 :     1.00        1         1 
	   Disk (KB)            : 39259     6144000   6145363 
	   GPUs                 :                           0 
	   Memory (MB)          :    94        3000      3000 
	   TimeExecute (s)      :  1351                       
	   TimeSlotBusy (s)     :  1352                       
...
