000 (6053782.000.000) 08/17 01:41:20 Job submitted from host: <188.185.133.2:9618?addrs=188.185.133.2-9618+[2001-1458-d03-2--100-208]-9618&alias=bigbird102.cern.ch&noUDP&sock=schedd_5723_1498>
    DAG Node: C_A04_S2_F2
...
040 (6053782.000.000) 08/17 01:41:42 Started transferring input files
	Transferring to host: <188.185.196.139:9618?addrs=188.185.196.139-9618+[2001-1458-303-23--100-87]-9618&alias=b9p16p3545.cern.ch&noUDP&sock=slot1_35_545052_310d_29376>
...
040 (6053782.000.000) 08/17 01:41:42 Finished transferring input files
...
001 (6053782.000.000) 08/17 01:41:43 Job executing on host: <188.185.196.139:9618?addrs=188.185.196.139-9618+[2001-1458-303-23--100-87]-9618&alias=b9p16p3545.cern.ch&noUDP&sock=startd_2597_e78b>
	SlotName: slot1_35@b9p16p3545.cern.ch
	CondorScratchDir = "/pool/condor/dir_2549863"
	Cpus = 1
	Disk = 6146979
	GPUs = 0
	Memory = 3000
...
006 (6053782.000.000) 08/17 01:41:52 Image size of job updated: 32300
	31  -  MemoryUsage of job (MB)
	31444  -  ResidentSetSize of job (KB)
...
006 (6053782.000.000) 08/17 01:46:53 Image size of job updated: 97900
	93  -  MemoryUsage of job (MB)
	94600  -  ResidentSetSize of job (KB)
...
006 (6053782.000.000) 08/17 02:36:58 Image size of job updated: 97900
	93  -  MemoryUsage of job (MB)
	94768  -  ResidentSetSize of job (KB)
...
006 (6053782.000.000) 08/17 02:47:00 Image size of job updated: 97900
	93  -  MemoryUsage of job (MB)
	94932  -  ResidentSetSize of job (KB)
...
006 (6053782.000.000) 08/17 02:52:00 Image size of job updated: 97900
	93  -  MemoryUsage of job (MB)
	94936  -  ResidentSetSize of job (KB)
...
006 (6053782.000.000) 08/17 03:02:01 Image size of job updated: 97900
	93  -  MemoryUsage of job (MB)
	95104  -  ResidentSetSize of job (KB)
...
006 (6053782.000.000) 08/17 03:07:01 Image size of job updated: 97900
	94  -  MemoryUsage of job (MB)
	95276  -  ResidentSetSize of job (KB)
...
040 (6053782.000.000) 08/17 03:14:33 Started transferring output files
...
040 (6053782.000.000) 08/17 03:14:33 Finished transferring output files
...
005 (6053782.000.000) 08/17 03:14:33 Job terminated.
	(1) Normal termination (return value 0)
		Usr 0 01:31:52, Sys 0 00:00:10  -  Run Remote Usage
		Usr 0 00:00:00, Sys 0 00:00:00  -  Run Local Usage
		Usr 0 01:31:52, Sys 0 00:00:10  -  Total Remote Usage
		Usr 0 00:00:00, Sys 0 00:00:00  -  Total Local Usage
	17249  -  Run Bytes Sent By Job
	10066  -  Run Bytes Received By Job
	17249  -  Total Bytes Sent By Job
	10066  -  Total Bytes Received By Job
	Partitionable Resources :    Usage  Request Allocated 
	   Cpus                 :     0.99        1         1 
	   Disk (KB)            : 39258     6144000   6146979 
	   GPUs                 :                           0 
	   Memory (MB)          :    94        3000      3000 
	   TimeExecute (s)      :  5570                       
	   TimeSlotBusy (s)     :  5572                       
...
