000 (6053992.000.000) 08/17 02:17:57 Job submitted from host: <188.185.133.2:9618?addrs=188.185.133.2-9618+[2001-1458-d03-2--100-208]-9618&alias=bigbird102.cern.ch&noUDP&sock=schedd_5723_1498>
    DAG Node: C_A11_S2_F2
...
040 (6053992.000.000) 08/17 02:20:28 Started transferring input files
	Transferring to host: <128.142.162.86:9618?addrs=128.142.162.86-9618+[2001-1458-301-7d--100-f]-9618&alias=b9g42p2030.cern.ch&noUDP&sock=slot1_9_5184_58cc_1656>
...
040 (6053992.000.000) 08/17 02:20:28 Finished transferring input files
...
001 (6053992.000.000) 08/17 02:20:29 Job executing on host: <128.142.162.86:9618?addrs=128.142.162.86-9618+[2001-1458-301-7d--100-f]-9618&alias=b9g42p2030.cern.ch&noUDP&sock=startd_4328_39fb>
	SlotName: slot1_9@b9g42p2030.cern.ch
	CondorScratchDir = "/pool/condor/dir_1628473"
	Cpus = 1
	Disk = 6156399
	GPUs = 0
	Memory = 3000
...
006 (6053992.000.000) 08/17 02:20:38 Image size of job updated: 81440
	80  -  MemoryUsage of job (MB)
	81440  -  ResidentSetSize of job (KB)
...
006 (6053992.000.000) 08/17 02:25:39 Image size of job updated: 94152
	92  -  MemoryUsage of job (MB)
	94152  -  ResidentSetSize of job (KB)
...
006 (6053992.000.000) 08/17 03:20:45 Image size of job updated: 94320
	93  -  MemoryUsage of job (MB)
	94320  -  ResidentSetSize of job (KB)
...
006 (6053992.000.000) 08/17 03:25:45 Image size of job updated: 94372
	93  -  MemoryUsage of job (MB)
	94372  -  ResidentSetSize of job (KB)
...
006 (6053992.000.000) 08/17 03:30:46 Image size of job updated: 94488
	93  -  MemoryUsage of job (MB)
	94488  -  ResidentSetSize of job (KB)
...
006 (6053992.000.000) 08/17 03:40:46 Image size of job updated: 94828
	93  -  MemoryUsage of job (MB)
	94828  -  ResidentSetSize of job (KB)
...
040 (6053992.000.000) 08/17 03:50:53 Started transferring output files
...
040 (6053992.000.000) 08/17 03:50:53 Finished transferring output files
...
005 (6053992.000.000) 08/17 03:50:53 Job terminated.
	(1) Normal termination (return value 0)
		Usr 0 01:29:45, Sys 0 00:00:07  -  Run Remote Usage
		Usr 0 00:00:00, Sys 0 00:00:00  -  Run Local Usage
		Usr 0 01:29:45, Sys 0 00:00:07  -  Total Remote Usage
		Usr 0 00:00:00, Sys 0 00:00:00  -  Total Local Usage
	18002  -  Run Bytes Sent By Job
	10066  -  Run Bytes Received By Job
	18002  -  Total Bytes Sent By Job
	10066  -  Total Bytes Received By Job
	Partitionable Resources :    Usage  Request Allocated 
	   Cpus                 :     1.00        1         1 
	   Disk (KB)            : 39222     6144000   6156399 
	   GPUs                 :                           0 
	   Memory (MB)          :    93        3000      3000 
	   TimeExecute (s)      :  5424                       
	   TimeSlotBusy (s)     :  5425                       
...
