000 (6053957.000.000) 08/17 02:09:40 Job submitted from host: <188.185.133.2:9618?addrs=188.185.133.2-9618+[2001-1458-d03-2--100-208]-9618&alias=bigbird102.cern.ch&noUDP&sock=schedd_5723_1498>
    DAG Node: C_A13_S1_F2
...
040 (6053957.000.000) 08/17 02:11:36 Started transferring input files
	Transferring to host: <188.185.196.90:9618?addrs=188.185.196.90-9618+[2001-1458-303-23--100-56]-9618&alias=b9p16p8401.cern.ch&noUDP&sock=slot1_21_4717_4d99_33247>
...
040 (6053957.000.000) 08/17 02:11:36 Finished transferring input files
...
001 (6053957.000.000) 08/17 02:11:37 Job executing on host: <188.185.196.90:9618?addrs=188.185.196.90-9618+[2001-1458-303-23--100-56]-9618&alias=b9p16p8401.cern.ch&noUDP&sock=startd_3771_2bba>
	SlotName: slot1_21@b9p16p8401.cern.ch
	CondorScratchDir = "/pool/condor/dir_1022401"
	Cpus = 1
	Disk = 6146807
	GPUs = 0
	Memory = 3000
...
006 (6053957.000.000) 08/17 02:11:45 Image size of job updated: 1316
	2  -  MemoryUsage of job (MB)
	1316  -  ResidentSetSize of job (KB)
...
006 (6053957.000.000) 08/17 02:16:45 Image size of job updated: 90528
	89  -  MemoryUsage of job (MB)
	90528  -  ResidentSetSize of job (KB)
...
006 (6053957.000.000) 08/17 03:16:52 Image size of job updated: 90696
	89  -  MemoryUsage of job (MB)
	90696  -  ResidentSetSize of job (KB)
...
006 (6053957.000.000) 08/17 03:26:53 Image size of job updated: 90748
	89  -  MemoryUsage of job (MB)
	90748  -  ResidentSetSize of job (KB)
...
006 (6053957.000.000) 08/17 03:31:53 Image size of job updated: 90864
	89  -  MemoryUsage of job (MB)
	90864  -  ResidentSetSize of job (KB)
...
006 (6053957.000.000) 08/17 03:56:55 Image size of job updated: 91032
	89  -  MemoryUsage of job (MB)
	91032  -  ResidentSetSize of job (KB)
...
006 (6053957.000.000) 08/17 04:01:56 Image size of job updated: 91204
	90  -  MemoryUsage of job (MB)
	91204  -  ResidentSetSize of job (KB)
...
040 (6053957.000.000) 08/17 04:16:23 Started transferring output files
...
040 (6053957.000.000) 08/17 04:16:23 Finished transferring output files
...
005 (6053957.000.000) 08/17 04:16:23 Job terminated.
	(1) Normal termination (return value 0)
		Usr 0 02:03:14, Sys 0 00:00:11  -  Run Remote Usage
		Usr 0 00:00:00, Sys 0 00:00:00  -  Run Local Usage
		Usr 0 02:03:14, Sys 0 00:00:11  -  Total Remote Usage
		Usr 0 00:00:00, Sys 0 00:00:00  -  Total Local Usage
	17253  -  Run Bytes Sent By Job
	10066  -  Run Bytes Received By Job
	17253  -  Total Bytes Sent By Job
	10066  -  Total Bytes Received By Job
	Partitionable Resources :    Usage  Request Allocated 
	   Cpus                 :     0.99        1         1 
	   Disk (KB)            : 39258     6144000   6146807 
	   GPUs                 :                           0 
	   Memory (MB)          :    90        3000      3000 
	   TimeExecute (s)      :  7486                       
	   TimeSlotBusy (s)     :  7487                       
...
