000 (6053700.000.000) 08/17 01:32:11 Job submitted from host: <188.185.133.2:9618?addrs=188.185.133.2-9618+[2001-1458-d03-2--100-208]-9618&alias=bigbird102.cern.ch&noUDP&sock=schedd_5723_1498>
    DAG Node: C_A01_S6_F0
...
040 (6053700.000.000) 08/17 01:33:23 Started transferring input files
	Transferring to host: <188.185.197.65:9618?addrs=188.185.197.65-9618+[2001-1458-303-24--100-3d]-9618&alias=b9p14p2446.cern.ch&noUDP&sock=slot1_1_3057_aed5_23908>
...
040 (6053700.000.000) 08/17 01:33:23 Finished transferring input files
...
001 (6053700.000.000) 08/17 01:33:24 Job executing on host: <188.185.197.65:9618?addrs=188.185.197.65-9618+[2001-1458-303-24--100-3d]-9618&alias=b9p14p2446.cern.ch&noUDP&sock=startd_2489_d350>
	SlotName: slot1_1@b9p14p2446.cern.ch
	CondorScratchDir = "/pool/condor/dir_3620015"
	Cpus = 1
	Disk = 6146861
	GPUs = 0
	Memory = 3000
...
006 (6053700.000.000) 08/17 01:33:32 Image size of job updated: 46296
	32  -  MemoryUsage of job (MB)
	32192  -  ResidentSetSize of job (KB)
...
006 (6053700.000.000) 08/17 01:38:32 Image size of job updated: 94584
	93  -  MemoryUsage of job (MB)
	94584  -  ResidentSetSize of job (KB)
...
006 (6053700.000.000) 08/17 01:43:33 Image size of job updated: 106672
	105  -  MemoryUsage of job (MB)
	106672  -  ResidentSetSize of job (KB)
...
006 (6053700.000.000) 08/17 01:53:34 Image size of job updated: 106680
	105  -  MemoryUsage of job (MB)
	106680  -  ResidentSetSize of job (KB)
...
006 (6053700.000.000) 08/17 01:58:34 Image size of job updated: 117516
	115  -  MemoryUsage of job (MB)
	117516  -  ResidentSetSize of job (KB)
...
006 (6053700.000.000) 08/17 02:06:08 Image size of job updated: 117524
	115  -  MemoryUsage of job (MB)
	117516  -  ResidentSetSize of job (KB)
...
040 (6053700.000.000) 08/17 02:06:08 Started transferring output files
...
040 (6053700.000.000) 08/17 02:06:08 Finished transferring output files
...
005 (6053700.000.000) 08/17 02:06:08 Job terminated.
	(1) Normal termination (return value 0)
		Usr 0 00:32:14, Sys 0 00:00:05  -  Run Remote Usage
		Usr 0 00:00:00, Sys 0 00:00:00  -  Run Local Usage
		Usr 0 00:32:14, Sys 0 00:00:05  -  Total Remote Usage
		Usr 0 00:00:00, Sys 0 00:00:00  -  Total Local Usage
	17384  -  Run Bytes Sent By Job
	10066  -  Run Bytes Received By Job
	17384  -  Total Bytes Sent By Job
	10066  -  Total Bytes Received By Job
	Partitionable Resources :    Usage  Request Allocated 
	   Cpus                 :     0.99        1         1 
	   Disk (KB)            : 39259     6144000   6146861 
	   GPUs                 :                           0 
	   Memory (MB)          :   115        3000      3000 
	   TimeExecute (s)      :  1964                       
	   TimeSlotBusy (s)     :  1965                       
...
