000 (6054058.000.000) 08/17 03:21:28 Job submitted from host: <188.185.133.2:9618?addrs=188.185.133.2-9618+[2001-1458-d03-2--100-208]-9618&alias=bigbird102.cern.ch&noUDP&sock=schedd_5723_1498>
    DAG Node: C_A12_S2_F0
...
040 (6054058.000.000) 08/17 03:21:29 Started transferring input files
	Transferring to host: <188.185.196.11:9618?addrs=188.185.196.11-9618+[2001-1458-303-23--100-7]-9618&alias=b9p16p0601.cern.ch&noUDP&sock=slot1_29_3426_ad44_30413>
...
040 (6054058.000.000) 08/17 03:21:29 Finished transferring input files
...
001 (6054058.000.000) 08/17 03:21:30 Job executing on host: <188.185.196.11:9618?addrs=188.185.196.11-9618+[2001-1458-303-23--100-7]-9618&alias=b9p16p0601.cern.ch&noUDP&sock=startd_2584_fccf>
	SlotName: slot1_29@b9p16p0601.cern.ch
	CondorScratchDir = "/pool/condor/dir_3412422"
	Cpus = 1
	Disk = 6156696
	GPUs = 0
	Memory = 3000
...
006 (6054058.000.000) 08/17 03:21:38 Image size of job updated: 32784
	31  -  MemoryUsage of job (MB)
	31392  -  ResidentSetSize of job (KB)
...
006 (6054058.000.000) 08/17 03:26:38 Image size of job updated: 97904
	93  -  MemoryUsage of job (MB)
	94520  -  ResidentSetSize of job (KB)
...
006 (6054058.000.000) 08/17 03:31:39 Image size of job updated: 97904
	93  -  MemoryUsage of job (MB)
	95196  -  ResidentSetSize of job (KB)
...
006 (6054058.000.000) 08/17 03:36:40 Image size of job updated: 106608
	105  -  MemoryUsage of job (MB)
	106608  -  ResidentSetSize of job (KB)
...
006 (6054058.000.000) 08/17 03:41:40 Image size of job updated: 106612
	105  -  MemoryUsage of job (MB)
	106612  -  ResidentSetSize of job (KB)
...
006 (6054058.000.000) 08/17 03:46:41 Image size of job updated: 117452
	115  -  MemoryUsage of job (MB)
	117452  -  ResidentSetSize of job (KB)
...
006 (6054058.000.000) 08/17 03:51:42 Image size of job updated: 117456
	115  -  MemoryUsage of job (MB)
	117456  -  ResidentSetSize of job (KB)
...
006 (6054058.000.000) 08/17 03:54:51 Image size of job updated: 117460
	115  -  MemoryUsage of job (MB)
	117456  -  ResidentSetSize of job (KB)
...
040 (6054058.000.000) 08/17 03:54:51 Started transferring output files
...
040 (6054058.000.000) 08/17 03:54:51 Finished transferring output files
...
005 (6054058.000.000) 08/17 03:54:51 Job terminated.
	(1) Normal termination (return value 0)
		Usr 0 00:32:54, Sys 0 00:00:05  -  Run Remote Usage
		Usr 0 00:00:00, Sys 0 00:00:00  -  Run Local Usage
		Usr 0 00:32:54, Sys 0 00:00:05  -  Total Remote Usage
		Usr 0 00:00:00, Sys 0 00:00:00  -  Total Local Usage
	18144  -  Run Bytes Sent By Job
	10066  -  Run Bytes Received By Job
	18144  -  Total Bytes Sent By Job
	10066  -  Total Bytes Received By Job
	Partitionable Resources :    Usage  Request Allocated 
	   Cpus                 :     0.99        1         1 
	   Disk (KB)            : 39262     6144000   6156696 
	   GPUs                 :                           0 
	   Memory (MB)          :   115        3000      3000 
	   TimeExecute (s)      :  2001                       
	   TimeSlotBusy (s)     :  2003                       
...
