000 (6053989.000.000) 08/17 02:17:41 Job submitted from host: <188.185.133.2:9618?addrs=188.185.133.2-9618+[2001-1458-d03-2--100-208]-9618&alias=bigbird102.cern.ch&noUDP&sock=schedd_5723_1498>
    DAG Node: C_A13_S5_F2
...
040 (6053989.000.000) 08/17 02:19:50 Started transferring input files
	Transferring to host: <188.185.197.136:9618?addrs=188.185.197.136-9618+[2001-1458-303-24--100-84]-9618&alias=b9p14p5856.cern.ch&noUDP&sock=slot1_23_3853_8976_23448>
...
040 (6053989.000.000) 08/17 02:19:50 Finished transferring input files
...
001 (6053989.000.000) 08/17 02:19:51 Job executing on host: <188.185.197.136:9618?addrs=188.185.197.136-9618+[2001-1458-303-24--100-84]-9618&alias=b9p14p5856.cern.ch&noUDP&sock=startd_2874_e747>
	SlotName: slot1_23@b9p14p5856.cern.ch
	CondorScratchDir = "/pool/condor/dir_185312"
	Cpus = 1
	Disk = 6156130
	GPUs = 0
	Memory = 3000
...
006 (6053989.000.000) 08/17 02:20:00 Image size of job updated: 52980
	52  -  MemoryUsage of job (MB)
	52980  -  ResidentSetSize of job (KB)
...
006 (6053989.000.000) 08/17 02:25:01 Image size of job updated: 94580
	93  -  MemoryUsage of job (MB)
	94580  -  ResidentSetSize of job (KB)
...
006 (6053989.000.000) 08/17 03:15:05 Image size of job updated: 94744
	93  -  MemoryUsage of job (MB)
	94744  -  ResidentSetSize of job (KB)
...
006 (6053989.000.000) 08/17 03:25:06 Image size of job updated: 94800
	93  -  MemoryUsage of job (MB)
	94800  -  ResidentSetSize of job (KB)
...
006 (6053989.000.000) 08/17 03:30:06 Image size of job updated: 94912
	93  -  MemoryUsage of job (MB)
	94912  -  ResidentSetSize of job (KB)
...
006 (6053989.000.000) 08/17 03:45:08 Image size of job updated: 94916
	93  -  MemoryUsage of job (MB)
	94916  -  ResidentSetSize of job (KB)
...
006 (6053989.000.000) 08/17 03:50:08 Image size of job updated: 95084
	93  -  MemoryUsage of job (MB)
	95084  -  ResidentSetSize of job (KB)
...
006 (6053989.000.000) 08/17 03:55:08 Image size of job updated: 95252
	94  -  MemoryUsage of job (MB)
	95252  -  ResidentSetSize of job (KB)
...
040 (6053989.000.000) 08/17 04:09:29 Started transferring output files
...
040 (6053989.000.000) 08/17 04:09:29 Finished transferring output files
...
005 (6053989.000.000) 08/17 04:09:29 Job terminated.
	(1) Normal termination (return value 0)
		Usr 0 01:48:33, Sys 0 00:00:11  -  Run Remote Usage
		Usr 0 00:00:00, Sys 0 00:00:00  -  Run Local Usage
		Usr 0 01:48:33, Sys 0 00:00:11  -  Total Remote Usage
		Usr 0 00:00:00, Sys 0 00:00:00  -  Total Local Usage
	17250  -  Run Bytes Sent By Job
	10066  -  Run Bytes Received By Job
	17250  -  Total Bytes Sent By Job
	10066  -  Total Bytes Received By Job
	Partitionable Resources :    Usage  Request Allocated 
	   Cpus                 :     0.99        1         1 
	   Disk (KB)            : 39260     6144000   6156130 
	   GPUs                 :                           0 
	   Memory (MB)          :    94        3000      3000 
	   TimeExecute (s)      :  6578                       
	   TimeSlotBusy (s)     :  6579                       
...
