000 (6053667.000.000) 08/17 01:29:30 Job submitted from host: <188.185.133.2:9618?addrs=188.185.133.2-9618+[2001-1458-d03-2--100-208]-9618&alias=bigbird102.cern.ch&noUDP&sock=schedd_5723_1498>
    DAG Node: C_A05_S5_F2
...
040 (6053667.000.000) 08/17 01:30:01 Started transferring input files
	Transferring to host: <188.185.192.158:9618?addrs=188.185.192.158-9618+[2001-1458-303-1f--100-9a]-9618&alias=b9p13p6739.cern.ch&noUDP&sock=slot1_26_3302_4ebf_30359>
...
040 (6053667.000.000) 08/17 01:30:01 Finished transferring input files
...
001 (6053667.000.000) 08/17 01:30:02 Job executing on host: <188.185.192.158:9618?addrs=188.185.192.158-9618+[2001-1458-303-1f--100-9a]-9618&alias=b9p13p6739.cern.ch&noUDP&sock=startd_2565_f483>
	SlotName: slot1_26@b9p13p6739.cern.ch
	CondorScratchDir = "/pool/condor/dir_1530813"
	Cpus = 1
	Disk = 6146764
	GPUs = 0
	Memory = 3000
...
006 (6053667.000.000) 08/17 01:30:10 Image size of job updated: 19180
	19  -  MemoryUsage of job (MB)
	19180  -  ResidentSetSize of job (KB)
...
006 (6053667.000.000) 08/17 01:35:10 Image size of job updated: 94584
	93  -  MemoryUsage of job (MB)
	94584  -  ResidentSetSize of job (KB)
...
006 (6053667.000.000) 08/17 02:10:14 Image size of job updated: 94752
	93  -  MemoryUsage of job (MB)
	94752  -  ResidentSetSize of job (KB)
...
006 (6053667.000.000) 08/17 02:20:15 Image size of job updated: 94916
	93  -  MemoryUsage of job (MB)
	94916  -  ResidentSetSize of job (KB)
...
006 (6053667.000.000) 08/17 02:25:15 Image size of job updated: 94920
	93  -  MemoryUsage of job (MB)
	94920  -  ResidentSetSize of job (KB)
...
006 (6053667.000.000) 08/17 02:35:17 Image size of job updated: 95088
	93  -  MemoryUsage of job (MB)
	95088  -  ResidentSetSize of job (KB)
...
006 (6053667.000.000) 08/17 02:45:18 Image size of job updated: 95260
	94  -  MemoryUsage of job (MB)
	95260  -  ResidentSetSize of job (KB)
...
040 (6053667.000.000) 08/17 02:55:18 Started transferring output files
...
040 (6053667.000.000) 08/17 02:55:18 Finished transferring output files
...
005 (6053667.000.000) 08/17 02:55:18 Job terminated.
	(1) Normal termination (return value 0)
		Usr 0 01:24:26, Sys 0 00:00:09  -  Run Remote Usage
		Usr 0 00:00:00, Sys 0 00:00:00  -  Run Local Usage
		Usr 0 01:24:26, Sys 0 00:00:09  -  Total Remote Usage
		Usr 0 00:00:00, Sys 0 00:00:00  -  Total Local Usage
	17169  -  Run Bytes Sent By Job
	10066  -  Run Bytes Received By Job
	17169  -  Total Bytes Sent By Job
	10066  -  Total Bytes Received By Job
	Partitionable Resources :    Usage  Request Allocated 
	   Cpus                 :     0.99        1         1 
	   Disk (KB)            : 39258     6144000   6146764 
	   GPUs                 :                           0 
	   Memory (MB)          :    94        3000      3000 
	   TimeExecute (s)      :  5116                       
	   TimeSlotBusy (s)     :  5117                       
...
