000 (6053733.000.000) 08/17 01:35:41 Job submitted from host: <188.185.133.2:9618?addrs=188.185.133.2-9618+[2001-1458-d03-2--100-208]-9618&alias=bigbird102.cern.ch&noUDP&sock=schedd_5723_1498>
    DAG Node: C_A10_S7_F0
...
040 (6053733.000.000) 08/17 01:36:39 Started transferring input files
	Transferring to host: <128.142.162.109:9618?addrs=128.142.162.109-9618+[2001-1458-301-7d--100-26]-9618&alias=b9g42p2009.cern.ch&noUDP&sock=slot1_10_3790_25d3_22296>
...
040 (6053733.000.000) 08/17 01:36:39 Finished transferring input files
...
001 (6053733.000.000) 08/17 01:36:40 Job executing on host: <128.142.162.109:9618?addrs=128.142.162.109-9618+[2001-1458-301-7d--100-26]-9618&alias=b9g42p2009.cern.ch&noUDP&sock=startd_3467_a6f0>
	SlotName: slot1_10@b9g42p2009.cern.ch
	CondorScratchDir = "/pool/condor/dir_544210"
	Cpus = 1
	Disk = 6146795
	GPUs = 0
	Memory = 3000
...
006 (6053733.000.000) 08/17 01:36:49 Image size of job updated: 46268
	46  -  MemoryUsage of job (MB)
	46268  -  ResidentSetSize of job (KB)
...
006 (6053733.000.000) 08/17 01:41:50 Image size of job updated: 94436
	93  -  MemoryUsage of job (MB)
	94436  -  ResidentSetSize of job (KB)
...
006 (6053733.000.000) 08/17 01:46:50 Image size of job updated: 106304
	104  -  MemoryUsage of job (MB)
	106304  -  ResidentSetSize of job (KB)
...
006 (6053733.000.000) 08/17 01:51:50 Image size of job updated: 106308
	104  -  MemoryUsage of job (MB)
	106308  -  ResidentSetSize of job (KB)
...
006 (6053733.000.000) 08/17 01:56:51 Image size of job updated: 117148
	115  -  MemoryUsage of job (MB)
	117148  -  ResidentSetSize of job (KB)
...
006 (6053733.000.000) 08/17 02:01:51 Image size of job updated: 117152
	115  -  MemoryUsage of job (MB)
	117152  -  ResidentSetSize of job (KB)
...
006 (6053733.000.000) 08/17 02:05:10 Image size of job updated: 117156
	115  -  MemoryUsage of job (MB)
	117152  -  ResidentSetSize of job (KB)
...
040 (6053733.000.000) 08/17 02:05:10 Started transferring output files
...
040 (6053733.000.000) 08/17 02:05:10 Finished transferring output files
...
005 (6053733.000.000) 08/17 02:05:10 Job terminated.
	(1) Normal termination (return value 0)
		Usr 0 00:28:12, Sys 0 00:00:05  -  Run Remote Usage
		Usr 0 00:00:00, Sys 0 00:00:00  -  Run Local Usage
		Usr 0 00:28:12, Sys 0 00:00:05  -  Total Remote Usage
		Usr 0 00:00:00, Sys 0 00:00:00  -  Total Local Usage
	17310  -  Run Bytes Sent By Job
	10066  -  Run Bytes Received By Job
	17310  -  Total Bytes Sent By Job
	10066  -  Total Bytes Received By Job
	Partitionable Resources :    Usage  Request Allocated 
	   Cpus                 :     1.00        1         1 
	   Disk (KB)            : 39218     6144000   6146795 
	   GPUs                 :                           0 
	   Memory (MB)          :   115        3000      3000 
	   TimeExecute (s)      :  1710                       
	   TimeSlotBusy (s)     :  1711                       
...
