000 (6053921.000.000) 08/17 02:02:30 Job submitted from host: <188.185.133.2:9618?addrs=188.185.133.2-9618+[2001-1458-d03-2--100-208]-9618&alias=bigbird102.cern.ch&noUDP&sock=schedd_5723_1498>
    DAG Node: C_A06_S3_F0
...
040 (6053921.000.000) 08/17 02:04:09 Started transferring input files
	Transferring to host: <188.185.197.46:9618?addrs=188.185.197.46-9618+[2001-1458-303-24--100-2a]-9618&alias=b9p14p2491.cern.ch&noUDP&sock=slot1_23_7343_8ec4_23622>
...
040 (6053921.000.000) 08/17 02:04:09 Finished transferring input files
...
001 (6053921.000.000) 08/17 02:04:10 Job executing on host: <188.185.197.46:9618?addrs=188.185.197.46-9618+[2001-1458-303-24--100-2a]-9618&alias=b9p14p2491.cern.ch&noUDP&sock=startd_6469_c63f>
	SlotName: slot1_23@b9p14p2491.cern.ch
	CondorScratchDir = "/pool/condor/dir_3292193"
	Cpus = 1
	Disk = 6147432
	GPUs = 0
	Memory = 3000
...
006 (6053921.000.000) 08/17 02:04:19 Image size of job updated: 32548
	31  -  MemoryUsage of job (MB)
	31628  -  ResidentSetSize of job (KB)
...
006 (6053921.000.000) 08/17 02:09:21 Image size of job updated: 96536
	95  -  MemoryUsage of job (MB)
	96536  -  ResidentSetSize of job (KB)
...
006 (6053921.000.000) 08/17 02:14:21 Image size of job updated: 96868
	95  -  MemoryUsage of job (MB)
	96868  -  ResidentSetSize of job (KB)
...
006 (6053921.000.000) 08/17 02:19:21 Image size of job updated: 108624
	107  -  MemoryUsage of job (MB)
	108624  -  ResidentSetSize of job (KB)
...
006 (6053921.000.000) 08/17 02:29:22 Image size of job updated: 108628
	107  -  MemoryUsage of job (MB)
	108628  -  ResidentSetSize of job (KB)
...
006 (6053921.000.000) 08/17 02:34:23 Image size of job updated: 119468
	117  -  MemoryUsage of job (MB)
	119468  -  ResidentSetSize of job (KB)
...
006 (6053921.000.000) 08/17 02:44:23 Image size of job updated: 119472
	117  -  MemoryUsage of job (MB)
	119472  -  ResidentSetSize of job (KB)
...
006 (6053921.000.000) 08/17 02:46:15 Image size of job updated: 119476
	117  -  MemoryUsage of job (MB)
	119472  -  ResidentSetSize of job (KB)
...
040 (6053921.000.000) 08/17 02:46:15 Started transferring output files
...
040 (6053921.000.000) 08/17 02:46:15 Finished transferring output files
...
005 (6053921.000.000) 08/17 02:46:15 Job terminated.
	(1) Normal termination (return value 0)
		Usr 0 00:40:32, Sys 0 00:00:22  -  Run Remote Usage
		Usr 0 00:00:00, Sys 0 00:00:00  -  Run Local Usage
		Usr 0 00:40:32, Sys 0 00:00:22  -  Total Remote Usage
		Usr 0 00:00:00, Sys 0 00:00:00  -  Total Local Usage
	18136  -  Run Bytes Sent By Job
	10066  -  Run Bytes Received By Job
	18136  -  Total Bytes Sent By Job
	10066  -  Total Bytes Received By Job
	Partitionable Resources :    Usage  Request Allocated 
	   Cpus                 :     0.96        1         1 
	   Disk (KB)            : 39263     6144000   6147432 
	   GPUs                 :                           0 
	   Memory (MB)          :   117        3000      3000 
	   TimeExecute (s)      :  2525                       
	   TimeSlotBusy (s)     :  2526                       
...
