000 (6053936.000.000) 08/17 02:06:52 Job submitted from host: <188.185.133.2:9618?addrs=188.185.133.2-9618+[2001-1458-d03-2--100-208]-9618&alias=bigbird102.cern.ch&noUDP&sock=schedd_5723_1498>
    DAG Node: C_A11_S5_F0
...
040 (6053936.000.000) 08/17 02:07:06 Started transferring input files
	Transferring to host: <188.185.194.129:9618?addrs=188.185.194.129-9618+[2001-1458-303-21--100-7d]-9618&alias=b9p20p9608.cern.ch&noUDP&sock=slot1_40_5353_6c33_33081>
...
040 (6053936.000.000) 08/17 02:07:06 Finished transferring input files
...
001 (6053936.000.000) 08/17 02:07:07 Job executing on host: <188.185.194.129:9618?addrs=188.185.194.129-9618+[2001-1458-303-21--100-7d]-9618&alias=b9p20p9608.cern.ch&noUDP&sock=startd_4384_a348>
	SlotName: slot1_40@b9p20p9608.cern.ch
	CondorScratchDir = "/pool/condor/dir_3383906"
	Cpus = 1
	Disk = 6144574
	GPUs = 0
	Memory = 3000
...
006 (6053936.000.000) 08/17 02:07:15 Image size of job updated: 44244
	31  -  MemoryUsage of job (MB)
	31472  -  ResidentSetSize of job (KB)
...
006 (6053936.000.000) 08/17 02:12:15 Image size of job updated: 94508
	93  -  MemoryUsage of job (MB)
	94508  -  ResidentSetSize of job (KB)
...
006 (6053936.000.000) 08/17 02:17:16 Image size of job updated: 95184
	93  -  MemoryUsage of job (MB)
	95184  -  ResidentSetSize of job (KB)
...
006 (6053936.000.000) 08/17 02:22:16 Image size of job updated: 106596
	105  -  MemoryUsage of job (MB)
	106596  -  ResidentSetSize of job (KB)
...
006 (6053936.000.000) 08/17 02:27:18 Image size of job updated: 106600
	105  -  MemoryUsage of job (MB)
	106600  -  ResidentSetSize of job (KB)
...
006 (6053936.000.000) 08/17 02:32:18 Image size of job updated: 117440
	115  -  MemoryUsage of job (MB)
	117440  -  ResidentSetSize of job (KB)
...
006 (6053936.000.000) 08/17 02:41:57 Image size of job updated: 117448
	115  -  MemoryUsage of job (MB)
	117440  -  ResidentSetSize of job (KB)
...
040 (6053936.000.000) 08/17 02:41:58 Started transferring output files
...
040 (6053936.000.000) 08/17 02:41:58 Finished transferring output files
...
005 (6053936.000.000) 08/17 02:41:58 Job terminated.
	(1) Normal termination (return value 0)
		Usr 0 00:34:26, Sys 0 00:00:05  -  Run Remote Usage
		Usr 0 00:00:00, Sys 0 00:00:00  -  Run Local Usage
		Usr 0 00:34:26, Sys 0 00:00:05  -  Total Remote Usage
		Usr 0 00:00:00, Sys 0 00:00:00  -  Total Local Usage
	18137  -  Run Bytes Sent By Job
	10066  -  Run Bytes Received By Job
	18137  -  Total Bytes Sent By Job
	10066  -  Total Bytes Received By Job
	Partitionable Resources :    Usage  Request Allocated 
	   Cpus                 :     0.99        1         1 
	   Disk (KB)            : 39263     6144000   6144574 
	   GPUs                 :                           0 
	   Memory (MB)          :   115        3000      3000 
	   TimeExecute (s)      :  2090                       
	   TimeSlotBusy (s)     :  2092                       
...
