000 (6054041.000.000) 08/17 02:39:53 Job submitted from host: <188.185.133.2:9618?addrs=188.185.133.2-9618+[2001-1458-d03-2--100-208]-9618&alias=bigbird102.cern.ch&noUDP&sock=schedd_5723_1498>
    DAG Node: C_A12_S6_F1
...
040 (6054041.000.000) 08/17 02:41:25 Started transferring input files
	Transferring to host: <188.185.195.152:9618?addrs=188.185.195.152-9618+[2001-1458-303-22--100-94]-9618&alias=b9p17p7151.cern.ch&noUDP&sock=slot1_29_6123_f512_29459>
...
040 (6054041.000.000) 08/17 02:41:25 Finished transferring input files
...
001 (6054041.000.000) 08/17 02:41:26 Job executing on host: <188.185.195.152:9618?addrs=188.185.195.152-9618+[2001-1458-303-22--100-94]-9618&alias=b9p17p7151.cern.ch&noUDP&sock=startd_5028_5e46>
	SlotName: slot1_29@b9p17p7151.cern.ch
	CondorScratchDir = "/pool/condor/dir_1037253"
	Cpus = 1
	Disk = 6146784
	GPUs = 0
	Memory = 3000
...
006 (6054041.000.000) 08/17 02:41:35 Image size of job updated: 28696
	27  -  MemoryUsage of job (MB)
	27408  -  ResidentSetSize of job (KB)
...
006 (6054041.000.000) 08/17 02:46:36 Image size of job updated: 93848
	89  -  MemoryUsage of job (MB)
	90448  -  ResidentSetSize of job (KB)
...
006 (6054041.000.000) 08/17 03:06:37 Image size of job updated: 93848
	89  -  MemoryUsage of job (MB)
	90668  -  ResidentSetSize of job (KB)
...
006 (6054041.000.000) 08/17 03:11:38 Image size of job updated: 93848
	89  -  MemoryUsage of job (MB)
	90784  -  ResidentSetSize of job (KB)
...
006 (6054041.000.000) 08/17 03:16:38 Image size of job updated: 93848
	89  -  MemoryUsage of job (MB)
	91124  -  ResidentSetSize of job (KB)
...
040 (6054041.000.000) 08/17 03:17:58 Started transferring output files
...
040 (6054041.000.000) 08/17 03:17:58 Finished transferring output files
...
005 (6054041.000.000) 08/17 03:17:58 Job terminated.
	(1) Normal termination (return value 0)
		Usr 0 00:35:51, Sys 0 00:00:07  -  Run Remote Usage
		Usr 0 00:00:00, Sys 0 00:00:00  -  Run Local Usage
		Usr 0 00:35:51, Sys 0 00:00:07  -  Total Remote Usage
		Usr 0 00:00:00, Sys 0 00:00:00  -  Total Local Usage
	17999  -  Run Bytes Sent By Job
	10066  -  Run Bytes Received By Job
	17999  -  Total Bytes Sent By Job
	10066  -  Total Bytes Received By Job
	Partitionable Resources :    Usage  Request Allocated 
	   Cpus                 :     0.99        1         1 
	   Disk (KB)            : 39261     6144000   6146784 
	   GPUs                 :                           0 
	   Memory (MB)          :    89        3000      3000 
	   TimeExecute (s)      :  2192                       
	   TimeSlotBusy (s)     :  2194                       
...
