000 (6053838.000.000) 08/17 01:49:35 Job submitted from host: <188.185.133.2:9618?addrs=188.185.133.2-9618+[2001-1458-d03-2--100-208]-9618&alias=bigbird102.cern.ch&noUDP&sock=schedd_5723_1498>
    DAG Node: C_A09_S7_F1
...
040 (6053838.000.000) 08/17 01:51:23 Started transferring input files
	Transferring to host: <128.142.162.86:9618?addrs=128.142.162.86-9618+[2001-1458-301-7d--100-f]-9618&alias=b9g42p2030.cern.ch&noUDP&sock=slot1_9_5184_58cc_1633>
...
040 (6053838.000.000) 08/17 01:51:23 Finished transferring input files
...
001 (6053838.000.000) 08/17 01:51:24 Job executing on host: <128.142.162.86:9618?addrs=128.142.162.86-9618+[2001-1458-301-7d--100-f]-9618&alias=b9g42p2030.cern.ch&noUDP&sock=startd_4328_39fb>
	SlotName: slot1_9@b9g42p2030.cern.ch
	CondorScratchDir = "/pool/condor/dir_1601723"
	Cpus = 1
	Disk = 6146787
	GPUs = 0
	Memory = 3000
...
006 (6053838.000.000) 08/17 01:51:33 Image size of job updated: 32376
	31  -  MemoryUsage of job (MB)
	30964  -  ResidentSetSize of job (KB)
...
006 (6053838.000.000) 08/17 01:56:34 Image size of job updated: 94232
	93  -  MemoryUsage of job (MB)
	94232  -  ResidentSetSize of job (KB)
...
006 (6053838.000.000) 08/17 02:11:36 Image size of job updated: 94568
	93  -  MemoryUsage of job (MB)
	94568  -  ResidentSetSize of job (KB)
...
006 (6053838.000.000) 08/17 02:16:36 Image size of job updated: 94788
	93  -  MemoryUsage of job (MB)
	94788  -  ResidentSetSize of job (KB)
...
006 (6053838.000.000) 08/17 02:20:28 Image size of job updated: 94908
	93  -  MemoryUsage of job (MB)
	94788  -  ResidentSetSize of job (KB)
...
040 (6053838.000.000) 08/17 02:20:28 Started transferring output files
...
040 (6053838.000.000) 08/17 02:20:28 Finished transferring output files
...
005 (6053838.000.000) 08/17 02:20:28 Job terminated.
	(1) Normal termination (return value 0)
		Usr 0 00:28:48, Sys 0 00:00:04  -  Run Remote Usage
		Usr 0 00:00:00, Sys 0 00:00:00  -  Run Local Usage
		Usr 0 00:28:48, Sys 0 00:00:04  -  Total Remote Usage
		Usr 0 00:00:00, Sys 0 00:00:00  -  Total Local Usage
	17241  -  Run Bytes Sent By Job
	10066  -  Run Bytes Received By Job
	17241  -  Total Bytes Sent By Job
	10066  -  Total Bytes Received By Job
	Partitionable Resources :    Usage  Request Allocated 
	   Cpus                 :     0.99        1         1 
	   Disk (KB)            : 39218     6144000   6146787 
	   GPUs                 :                           0 
	   Memory (MB)          :    93        3000      3000 
	   TimeExecute (s)      :  1744                       
	   TimeSlotBusy (s)     :  1745                       
...
