000 (6054047.000.000) 08/17 02:46:35 Job submitted from host: <188.185.133.2:9618?addrs=188.185.133.2-9618+[2001-1458-d03-2--100-208]-9618&alias=bigbird102.cern.ch&noUDP&sock=schedd_5723_1498>
    DAG Node: C_A12_S0_F1
...
040 (6054047.000.000) 08/17 02:48:41 Started transferring input files
	Transferring to host: <188.185.195.132:9618?addrs=188.185.195.132-9618+[2001-1458-303-22--100-80]-9618&alias=b9p17p1127.cern.ch&noUDP&sock=slot1_25_3251_5f9d_30575>
...
040 (6054047.000.000) 08/17 02:48:41 Finished transferring input files
...
001 (6054047.000.000) 08/17 02:48:42 Job executing on host: <188.185.195.132:9618?addrs=188.185.195.132-9618+[2001-1458-303-22--100-80]-9618&alias=b9p17p1127.cern.ch&noUDP&sock=startd_2567_53b3>
	SlotName: slot1_25@b9p17p1127.cern.ch
	CondorScratchDir = "/pool/condor/dir_494689"
	Cpus = 1
	Disk = 6146728
	GPUs = 0
	Memory = 3000
...
006 (6054047.000.000) 08/17 02:48:51 Image size of job updated: 42772
	42  -  MemoryUsage of job (MB)
	42772  -  ResidentSetSize of job (KB)
...
006 (6054047.000.000) 08/17 02:53:52 Image size of job updated: 90456
	89  -  MemoryUsage of job (MB)
	90456  -  ResidentSetSize of job (KB)
...
006 (6054047.000.000) 08/17 03:18:55 Image size of job updated: 90788
	89  -  MemoryUsage of job (MB)
	90788  -  ResidentSetSize of job (KB)
...
006 (6054047.000.000) 08/17 03:23:55 Image size of job updated: 90792
	89  -  MemoryUsage of job (MB)
	90792  -  ResidentSetSize of job (KB)
...
006 (6054047.000.000) 08/17 03:28:55 Image size of job updated: 91132
	89  -  MemoryUsage of job (MB)
	91132  -  ResidentSetSize of job (KB)
...
040 (6054047.000.000) 08/17 03:31:04 Started transferring output files
...
040 (6054047.000.000) 08/17 03:31:04 Finished transferring output files
...
005 (6054047.000.000) 08/17 03:31:04 Job terminated.
	(1) Normal termination (return value 0)
		Usr 0 00:41:48, Sys 0 00:00:06  -  Run Remote Usage
		Usr 0 00:00:00, Sys 0 00:00:00  -  Run Local Usage
		Usr 0 00:41:48, Sys 0 00:00:06  -  Total Remote Usage
		Usr 0 00:00:00, Sys 0 00:00:00  -  Total Local Usage
	17997  -  Run Bytes Sent By Job
	10066  -  Run Bytes Received By Job
	17997  -  Total Bytes Sent By Job
	10066  -  Total Bytes Received By Job
	Partitionable Resources :    Usage  Request Allocated 
	   Cpus                 :     0.99        1         1 
	   Disk (KB)            : 39261     6144000   6146728 
	   GPUs                 :                           0 
	   Memory (MB)          :    89        3000      3000 
	   TimeExecute (s)      :  2542                       
	   TimeSlotBusy (s)     :  2544                       
...
