000 (6053781.000.000) 08/17 01:41:19 Job submitted from host: <188.185.133.2:9618?addrs=188.185.133.2-9618+[2001-1458-d03-2--100-208]-9618&alias=bigbird102.cern.ch&noUDP&sock=schedd_5723_1498>
    DAG Node: C_A04_S2_F1
...
040 (6053781.000.000) 08/17 01:41:42 Started transferring input files
	Transferring to host: <188.185.197.127:9618?addrs=188.185.197.127-9618+[2001-1458-303-24--100-7b]-9618&alias=b9p14p8815.cern.ch&noUDP&sock=slot1_9_7005_67f6_23947>
...
040 (6053781.000.000) 08/17 01:41:42 Finished transferring input files
...
001 (6053781.000.000) 08/17 01:41:43 Job executing on host: <188.185.197.127:9618?addrs=188.185.197.127-9618+[2001-1458-303-24--100-7b]-9618&alias=b9p14p8815.cern.ch&noUDP&sock=startd_6227_c854>
	SlotName: slot1_9@b9p14p8815.cern.ch
	CondorScratchDir = "/pool/condor/dir_315209"
	Cpus = 1
	Disk = 6147881
	GPUs = 0
	Memory = 3000
...
006 (6053781.000.000) 08/17 01:41:51 Image size of job updated: 81776
	80  -  MemoryUsage of job (MB)
	81776  -  ResidentSetSize of job (KB)
...
006 (6053781.000.000) 08/17 01:46:51 Image size of job updated: 94576
	93  -  MemoryUsage of job (MB)
	94576  -  ResidentSetSize of job (KB)
...
006 (6053781.000.000) 08/17 01:56:52 Image size of job updated: 94744
	93  -  MemoryUsage of job (MB)
	94744  -  ResidentSetSize of job (KB)
...
006 (6053781.000.000) 08/17 02:01:52 Image size of job updated: 95080
	93  -  MemoryUsage of job (MB)
	95080  -  ResidentSetSize of job (KB)
...
006 (6053781.000.000) 08/17 02:05:07 Image size of job updated: 95252
	93  -  MemoryUsage of job (MB)
	95080  -  ResidentSetSize of job (KB)
...
040 (6053781.000.000) 08/17 02:05:07 Started transferring output files
...
040 (6053781.000.000) 08/17 02:05:07 Finished transferring output files
...
005 (6053781.000.000) 08/17 02:05:07 Job terminated.
	(1) Normal termination (return value 0)
		Usr 0 00:23:06, Sys 0 00:00:06  -  Run Remote Usage
		Usr 0 00:00:00, Sys 0 00:00:00  -  Run Local Usage
		Usr 0 00:23:06, Sys 0 00:00:06  -  Total Remote Usage
		Usr 0 00:00:00, Sys 0 00:00:00  -  Total Local Usage
	17244  -  Run Bytes Sent By Job
	10066  -  Run Bytes Received By Job
	17244  -  Total Bytes Sent By Job
	10066  -  Total Bytes Received By Job
	Partitionable Resources :    Usage  Request Allocated 
	   Cpus                 :     0.99        1         1 
	   Disk (KB)            : 39258     6144000   6147881 
	   GPUs                 :                           0 
	   Memory (MB)          :    93        3000      3000 
	   TimeExecute (s)      :  1404                       
	   TimeSlotBusy (s)     :  1405                       
...
