000 (6054016.000.000) 08/17 02:22:39 Job submitted from host: <188.185.133.2:9618?addrs=188.185.133.2-9618+[2001-1458-d03-2--100-208]-9618&alias=bigbird102.cern.ch&noUDP&sock=schedd_5723_1498>
    DAG Node: C_A13_S3_F1
...
040 (6054016.000.000) 08/17 02:26:19 Started transferring input files
	Transferring to host: <188.185.213.32:9618?addrs=188.185.213.32-9618+[2001-1458-303-1a--100-1c]-9618&alias=b9p27p1895.cern.ch&noUDP&sock=slot1_19_9152_296d_32245>
...
040 (6054016.000.000) 08/17 02:26:19 Finished transferring input files
...
001 (6054016.000.000) 08/17 02:26:20 Job executing on host: <188.185.213.32:9618?addrs=188.185.213.32-9618+[2001-1458-303-1a--100-1c]-9618&alias=b9p27p1895.cern.ch&noUDP&sock=startd_7870_be6e>
	SlotName: slot1_19@b9p27p1895.cern.ch
	CondorScratchDir = "/pool/condor/dir_2892116"
	Cpus = 1
	Disk = 6146722
	GPUs = 0
	Memory = 3000
...
006 (6054016.000.000) 08/17 02:26:28 Image size of job updated: 17444
	18  -  MemoryUsage of job (MB)
	17444  -  ResidentSetSize of job (KB)
...
006 (6054016.000.000) 08/17 02:31:28 Image size of job updated: 97984
	93  -  MemoryUsage of job (MB)
	94668  -  ResidentSetSize of job (KB)
...
006 (6054016.000.000) 08/17 02:41:29 Image size of job updated: 97984
	93  -  MemoryUsage of job (MB)
	94832  -  ResidentSetSize of job (KB)
...
006 (6054016.000.000) 08/17 02:46:30 Image size of job updated: 97984
	93  -  MemoryUsage of job (MB)
	95000  -  ResidentSetSize of job (KB)
...
006 (6054016.000.000) 08/17 02:51:30 Image size of job updated: 97984
	94  -  MemoryUsage of job (MB)
	95340  -  ResidentSetSize of job (KB)
...
040 (6054016.000.000) 08/17 02:53:49 Started transferring output files
...
040 (6054016.000.000) 08/17 02:53:49 Finished transferring output files
...
005 (6054016.000.000) 08/17 02:53:49 Job terminated.
	(1) Normal termination (return value 0)
		Usr 0 00:26:51, Sys 0 00:00:07  -  Run Remote Usage
		Usr 0 00:00:00, Sys 0 00:00:00  -  Run Local Usage
		Usr 0 00:26:51, Sys 0 00:00:07  -  Total Remote Usage
		Usr 0 00:00:00, Sys 0 00:00:00  -  Total Local Usage
	17246  -  Run Bytes Sent By Job
	10066  -  Run Bytes Received By Job
	17246  -  Total Bytes Sent By Job
	10066  -  Total Bytes Received By Job
	Partitionable Resources :    Usage  Request Allocated 
	   Cpus                 :     0.99        1         1 
	   Disk (KB)            : 39278     6144000   6146722 
	   GPUs                 :                           0 
	   Memory (MB)          :    94        3000      3000 
	   TimeExecute (s)      :  1649                       
	   TimeSlotBusy (s)     :  1651                       
...
