000 (6054010.000.000) 08/17 02:22:38 Job submitted from host: <188.185.133.2:9618?addrs=188.185.133.2-9618+[2001-1458-d03-2--100-208]-9618&alias=bigbird102.cern.ch&noUDP&sock=schedd_5723_1498>
    DAG Node: C_A13_S7_F1
...
040 (6054010.000.000) 08/17 02:22:40 Started transferring input files
	Transferring to host: <188.185.192.137:9618?addrs=188.185.192.137-9618+[2001-1458-303-1f--100-85]-9618&alias=b9p13p0967.cern.ch&noUDP&sock=slot1_19_3343_3221_30571>
...
040 (6054010.000.000) 08/17 02:22:40 Finished transferring input files
...
001 (6054010.000.000) 08/17 02:22:41 Job executing on host: <188.185.192.137:9618?addrs=188.185.192.137-9618+[2001-1458-303-1f--100-85]-9618&alias=b9p13p0967.cern.ch&noUDP&sock=startd_2571_1214>
	SlotName: slot1_19@b9p13p0967.cern.ch
	CondorScratchDir = "/pool/condor/dir_280032"
	Cpus = 1
	Disk = 6242270
	GPUs = 0
	Memory = 3000
...
006 (6054010.000.000) 08/17 02:22:49 Image size of job updated: 28604
	24  -  MemoryUsage of job (MB)
	24440  -  ResidentSetSize of job (KB)
...
006 (6054010.000.000) 08/17 02:27:49 Image size of job updated: 90524
	89  -  MemoryUsage of job (MB)
	90524  -  ResidentSetSize of job (KB)
...
006 (6054010.000.000) 08/17 02:42:51 Image size of job updated: 90860
	89  -  MemoryUsage of job (MB)
	90860  -  ResidentSetSize of job (KB)
...
006 (6054010.000.000) 08/17 02:47:52 Image size of job updated: 91200
	90  -  MemoryUsage of job (MB)
	91200  -  ResidentSetSize of job (KB)
...
040 (6054010.000.000) 08/17 02:50:45 Started transferring output files
...
040 (6054010.000.000) 08/17 02:50:45 Finished transferring output files
...
005 (6054010.000.000) 08/17 02:50:45 Job terminated.
	(1) Normal termination (return value 0)
		Usr 0 00:27:39, Sys 0 00:00:04  -  Run Remote Usage
		Usr 0 00:00:00, Sys 0 00:00:00  -  Run Local Usage
		Usr 0 00:27:39, Sys 0 00:00:04  -  Total Remote Usage
		Usr 0 00:00:00, Sys 0 00:00:00  -  Total Local Usage
	17245  -  Run Bytes Sent By Job
	10066  -  Run Bytes Received By Job
	17245  -  Total Bytes Sent By Job
	10066  -  Total Bytes Received By Job
	Partitionable Resources :    Usage  Request Allocated 
	   Cpus                 :     0.99        1         1 
	   Disk (KB)            : 39259     6144000   6242270 
	   GPUs                 :                           0 
	   Memory (MB)          :    90        3000      3000 
	   TimeExecute (s)      :  1684                       
	   TimeSlotBusy (s)     :  1685                       
...
