000 (6053922.000.000) 08/17 02:02:30 Job submitted from host: <188.185.133.2:9618?addrs=188.185.133.2-9618+[2001-1458-d03-2--100-208]-9618&alias=bigbird102.cern.ch&noUDP&sock=schedd_5723_1498>
    DAG Node: C_A06_S3_F1
...
040 (6053922.000.000) 08/17 02:05:07 Started transferring input files
	Transferring to host: <188.185.194.185:9618?addrs=188.185.194.185-9618+[2001-1458-303-21--100-b5]-9618&alias=b9p20p5902.cern.ch&noUDP&sock=slot1_13_3995_96bc_31702>
...
040 (6053922.000.000) 08/17 02:05:07 Finished transferring input files
...
001 (6053922.000.000) 08/17 02:05:08 Job executing on host: <188.185.194.185:9618?addrs=188.185.194.185-9618+[2001-1458-303-21--100-b5]-9618&alias=b9p20p5902.cern.ch&noUDP&sock=startd_3060_7be4>
	SlotName: slot1_13@b9p20p5902.cern.ch
	CondorScratchDir = "/pool/condor/dir_4083080"
	Cpus = 1
	Disk = 6153914
	GPUs = 0
	Memory = 3000
...
006 (6053922.000.000) 08/17 02:05:17 Image size of job updated: 31396
	31  -  MemoryUsage of job (MB)
	31396  -  ResidentSetSize of job (KB)
...
006 (6053922.000.000) 08/17 02:10:18 Image size of job updated: 94500
	93  -  MemoryUsage of job (MB)
	94500  -  ResidentSetSize of job (KB)
...
006 (6053922.000.000) 08/17 02:35:20 Image size of job updated: 94668
	93  -  MemoryUsage of job (MB)
	94668  -  ResidentSetSize of job (KB)
...
006 (6053922.000.000) 08/17 02:40:20 Image size of job updated: 94836
	93  -  MemoryUsage of job (MB)
	94836  -  ResidentSetSize of job (KB)
...
006 (6053922.000.000) 08/17 02:45:20 Image size of job updated: 95176
	93  -  MemoryUsage of job (MB)
	95176  -  ResidentSetSize of job (KB)
...
040 (6053922.000.000) 08/17 02:50:00 Started transferring output files
...
040 (6053922.000.000) 08/17 02:50:00 Finished transferring output files
...
005 (6053922.000.000) 08/17 02:50:00 Job terminated.
	(1) Normal termination (return value 0)
		Usr 0 00:44:18, Sys 0 00:00:06  -  Run Remote Usage
		Usr 0 00:00:00, Sys 0 00:00:00  -  Run Local Usage
		Usr 0 00:44:18, Sys 0 00:00:06  -  Total Remote Usage
		Usr 0 00:00:00, Sys 0 00:00:00  -  Total Local Usage
	17994  -  Run Bytes Sent By Job
	10066  -  Run Bytes Received By Job
	17994  -  Total Bytes Sent By Job
	10066  -  Total Bytes Received By Job
	Partitionable Resources :    Usage  Request Allocated 
	   Cpus                 :     0.99        1         1 
	   Disk (KB)            : 39262     6144000   6153914 
	   GPUs                 :                           0 
	   Memory (MB)          :    93        3000      3000 
	   TimeExecute (s)      :  2692                       
	   TimeSlotBusy (s)     :  2693                       
...
