000 (6053966.000.000) 08/17 02:12:34 Job submitted from host: <188.185.133.2:9618?addrs=188.185.133.2-9618+[2001-1458-d03-2--100-208]-9618&alias=bigbird102.cern.ch&noUDP&sock=schedd_5723_1498>
    DAG Node: C_A13_S6_F1
...
040 (6053966.000.000) 08/17 02:13:38 Started transferring input files
	Transferring to host: <188.185.195.27:9618?addrs=188.185.195.27-9618+[2001-1458-303-22--100-17]-9618&alias=b9p17p4531.cern.ch&noUDP&sock=slot1_5_3560_178a_30372>
...
040 (6053966.000.000) 08/17 02:13:38 Finished transferring input files
...
001 (6053966.000.000) 08/17 02:13:39 Job executing on host: <188.185.195.27:9618?addrs=188.185.195.27-9618+[2001-1458-303-22--100-17]-9618&alias=b9p17p4531.cern.ch&noUDP&sock=startd_2851_2099>
	SlotName: slot1_5@b9p17p4531.cern.ch
	CondorScratchDir = "/pool/condor/dir_560134"
	Cpus = 1
	Disk = 6197856
	GPUs = 0
	Memory = 3000
...
006 (6053966.000.000) 08/17 02:13:48 Image size of job updated: 81784
	80  -  MemoryUsage of job (MB)
	81784  -  ResidentSetSize of job (KB)
...
006 (6053966.000.000) 08/17 02:18:48 Image size of job updated: 94584
	93  -  MemoryUsage of job (MB)
	94584  -  ResidentSetSize of job (KB)
...
006 (6053966.000.000) 08/17 02:28:49 Image size of job updated: 94920
	93  -  MemoryUsage of job (MB)
	94920  -  ResidentSetSize of job (KB)
...
006 (6053966.000.000) 08/17 02:33:49 Image size of job updated: 95260
	94  -  MemoryUsage of job (MB)
	95260  -  ResidentSetSize of job (KB)
...
040 (6053966.000.000) 08/17 02:36:30 Started transferring output files
...
040 (6053966.000.000) 08/17 02:36:30 Finished transferring output files
...
005 (6053966.000.000) 08/17 02:36:30 Job terminated.
	(1) Normal termination (return value 0)
		Usr 0 00:22:31, Sys 0 00:00:03  -  Run Remote Usage
		Usr 0 00:00:00, Sys 0 00:00:00  -  Run Local Usage
		Usr 0 00:22:31, Sys 0 00:00:03  -  Total Remote Usage
		Usr 0 00:00:00, Sys 0 00:00:00  -  Total Local Usage
	17246  -  Run Bytes Sent By Job
	10066  -  Run Bytes Received By Job
	17246  -  Total Bytes Sent By Job
	10066  -  Total Bytes Received By Job
	Partitionable Resources :    Usage  Request Allocated 
	   Cpus                 :     0.99        1         1 
	   Disk (KB)            : 39259     6144000   6197856 
	   GPUs                 :                           0 
	   Memory (MB)          :    94        3000      3000 
	   TimeExecute (s)      :  1371                       
	   TimeSlotBusy (s)     :  1372                       
...
