000 (6053736.000.000) 08/17 01:35:51 Job submitted from host: <188.185.133.2:9618?addrs=188.185.133.2-9618+[2001-1458-d03-2--100-208]-9618&alias=bigbird102.cern.ch&noUDP&sock=schedd_5723_1498>
    DAG Node: C_A10_S1_F0
...
040 (6053736.000.000) 08/17 01:36:41 Started transferring input files
	Transferring to host: <188.185.194.113:9618?addrs=188.185.194.113-9618+[2001-1458-303-21--100-6d]-9618&alias=b9p20p2262.cern.ch&noUDP&sock=slot1_27_3418_0a44_32479>
...
040 (6053736.000.000) 08/17 01:36:41 Finished transferring input files
...
001 (6053736.000.000) 08/17 01:36:42 Job executing on host: <188.185.194.113:9618?addrs=188.185.194.113-9618+[2001-1458-303-21--100-6d]-9618&alias=b9p20p2262.cern.ch&noUDP&sock=startd_2615_403f>
	SlotName: slot1_27@b9p20p2262.cern.ch
	CondorScratchDir = "/pool/condor/dir_3421617"
	Cpus = 1
	Disk = 6146818
	GPUs = 0
	Memory = 3000
...
006 (6053736.000.000) 08/17 01:36:51 Image size of job updated: 28512
	28  -  MemoryUsage of job (MB)
	28512  -  ResidentSetSize of job (KB)
...
006 (6053736.000.000) 08/17 01:41:52 Image size of job updated: 94752
	93  -  MemoryUsage of job (MB)
	94752  -  ResidentSetSize of job (KB)
...
006 (6053736.000.000) 08/17 01:46:53 Image size of job updated: 95260
	94  -  MemoryUsage of job (MB)
	95260  -  ResidentSetSize of job (KB)
...
006 (6053736.000.000) 08/17 01:51:53 Image size of job updated: 106672
	105  -  MemoryUsage of job (MB)
	106672  -  ResidentSetSize of job (KB)
...
006 (6053736.000.000) 08/17 01:56:54 Image size of job updated: 106676
	105  -  MemoryUsage of job (MB)
	106676  -  ResidentSetSize of job (KB)
...
006 (6053736.000.000) 08/17 02:01:54 Image size of job updated: 117516
	115  -  MemoryUsage of job (MB)
	117516  -  ResidentSetSize of job (KB)
...
006 (6053736.000.000) 08/17 02:06:55 Image size of job updated: 117520
	115  -  MemoryUsage of job (MB)
	117520  -  ResidentSetSize of job (KB)
...
006 (6053736.000.000) 08/17 02:10:20 Image size of job updated: 117524
	115  -  MemoryUsage of job (MB)
	117520  -  ResidentSetSize of job (KB)
...
040 (6053736.000.000) 08/17 02:10:20 Started transferring output files
...
040 (6053736.000.000) 08/17 02:10:20 Finished transferring output files
...
005 (6053736.000.000) 08/17 02:10:20 Job terminated.
	(1) Normal termination (return value 0)
		Usr 0 00:33:07, Sys 0 00:00:06  -  Run Remote Usage
		Usr 0 00:00:00, Sys 0 00:00:00  -  Run Local Usage
		Usr 0 00:33:07, Sys 0 00:00:06  -  Total Remote Usage
		Usr 0 00:00:00, Sys 0 00:00:00  -  Total Local Usage
	17314  -  Run Bytes Sent By Job
	10066  -  Run Bytes Received By Job
	17314  -  Total Bytes Sent By Job
	10066  -  Total Bytes Received By Job
	Partitionable Resources :    Usage  Request Allocated 
	   Cpus                 :     0.99        1         1 
	   Disk (KB)            : 39259     6144000   6146818 
	   GPUs                 :                           0 
	   Memory (MB)          :   115        3000      3000 
	   TimeExecute (s)      :  2018                       
	   TimeSlotBusy (s)     :  2020                       
...
