000 (6053993.000.000) 08/17 02:18:12 Job submitted from host: <188.185.133.2:9618?addrs=188.185.133.2-9618+[2001-1458-d03-2--100-208]-9618&alias=bigbird102.cern.ch&noUDP&sock=schedd_5723_1498>
    DAG Node: C_A07_S1_F0
...
040 (6053993.000.000) 08/17 02:20:31 Started transferring input files
	Transferring to host: <188.185.196.153:9618?addrs=188.185.196.153-9618+[2001-1458-303-23--100-95]-9618&alias=b9p16p4833.cern.ch&noUDP&sock=slot1_2_5459_1bf7_32376>
...
040 (6053993.000.000) 08/17 02:20:31 Finished transferring input files
...
001 (6053993.000.000) 08/17 02:20:32 Job executing on host: <188.185.196.153:9618?addrs=188.185.196.153-9618+[2001-1458-303-23--100-95]-9618&alias=b9p16p4833.cern.ch&noUDP&sock=startd_4412_d7ef>
	SlotName: slot1_2@b9p16p4833.cern.ch
	CondorScratchDir = "/pool/condor/dir_698656"
	Cpus = 1
	Disk = 6146767
	GPUs = 0
	Memory = 3000
...
006 (6053993.000.000) 08/17 02:20:41 Image size of job updated: 53012
	52  -  MemoryUsage of job (MB)
	53012  -  ResidentSetSize of job (KB)
...
006 (6053993.000.000) 08/17 02:25:42 Image size of job updated: 94608
	93  -  MemoryUsage of job (MB)
	94608  -  ResidentSetSize of job (KB)
...
006 (6053993.000.000) 08/17 02:30:43 Image size of job updated: 106700
	105  -  MemoryUsage of job (MB)
	106700  -  ResidentSetSize of job (KB)
...
006 (6053993.000.000) 08/17 02:40:44 Image size of job updated: 117544
	115  -  MemoryUsage of job (MB)
	117544  -  ResidentSetSize of job (KB)
...
006 (6053993.000.000) 08/17 02:45:44 Image size of job updated: 117548
	115  -  MemoryUsage of job (MB)
	117548  -  ResidentSetSize of job (KB)
...
006 (6053993.000.000) 08/17 02:48:09 Image size of job updated: 117552
	115  -  MemoryUsage of job (MB)
	117548  -  ResidentSetSize of job (KB)
...
040 (6053993.000.000) 08/17 02:48:09 Started transferring output files
...
040 (6053993.000.000) 08/17 02:48:09 Finished transferring output files
...
005 (6053993.000.000) 08/17 02:48:09 Job terminated.
	(1) Normal termination (return value 0)
		Usr 0 00:27:18, Sys 0 00:00:04  -  Run Remote Usage
		Usr 0 00:00:00, Sys 0 00:00:00  -  Run Local Usage
		Usr 0 00:27:18, Sys 0 00:00:04  -  Total Remote Usage
		Usr 0 00:00:00, Sys 0 00:00:00  -  Total Local Usage
	17909  -  Run Bytes Sent By Job
	10066  -  Run Bytes Received By Job
	17909  -  Total Bytes Sent By Job
	10066  -  Total Bytes Received By Job
	Partitionable Resources :    Usage  Request Allocated 
	   Cpus                 :     0.99        1         1 
	   Disk (KB)            : 39261     6144000   6146767 
	   GPUs                 :                           0 
	   Memory (MB)          :   115        3000      3000 
	   TimeExecute (s)      :  1657                       
	   TimeSlotBusy (s)     :  1658                       
...
