000 (6053701.000.000) 08/17 01:32:11 Job submitted from host: <188.185.133.2:9618?addrs=188.185.133.2-9618+[2001-1458-d03-2--100-208]-9618&alias=bigbird102.cern.ch&noUDP&sock=schedd_5723_1498>
    DAG Node: C_A01_S6_F1
...
040 (6053701.000.000) 08/17 01:33:24 Started transferring input files
	Transferring to host: <128.142.248.122:9618?addrs=128.142.248.122-9618+[2001-1458-301-73--100-16a]-9618&alias=b9g23p2132.cern.ch&noUDP&sock=slot1_16_7537_3f8c_23923>
...
040 (6053701.000.000) 08/17 01:33:24 Finished transferring input files
...
001 (6053701.000.000) 08/17 01:33:25 Job executing on host: <128.142.248.122:9618?addrs=128.142.248.122-9618+[2001-1458-301-73--100-16a]-9618&alias=b9g23p2132.cern.ch&noUDP&sock=startd_6630_34ff>
	SlotName: slot1_16@b9g23p2132.cern.ch
	CondorScratchDir = "/pool/condor/dir_1960513"
	Cpus = 1
	Disk = 6146872
	GPUs = 0
	Memory = 3000
...
006 (6053701.000.000) 08/17 01:33:33 Image size of job updated: 32528
	31  -  MemoryUsage of job (MB)
	31096  -  ResidentSetSize of job (KB)
...
006 (6053701.000.000) 08/17 01:38:33 Image size of job updated: 96472
	95  -  MemoryUsage of job (MB)
	96472  -  ResidentSetSize of job (KB)
...
006 (6053701.000.000) 08/17 01:58:36 Image size of job updated: 96688
	95  -  MemoryUsage of job (MB)
	96688  -  ResidentSetSize of job (KB)
...
006 (6053701.000.000) 08/17 02:03:36 Image size of job updated: 96972
	95  -  MemoryUsage of job (MB)
	96972  -  ResidentSetSize of job (KB)
...
006 (6053701.000.000) 08/17 02:08:00 Image size of job updated: 97144
	95  -  MemoryUsage of job (MB)
	96972  -  ResidentSetSize of job (KB)
...
040 (6053701.000.000) 08/17 02:08:00 Started transferring output files
...
040 (6053701.000.000) 08/17 02:08:00 Finished transferring output files
...
005 (6053701.000.000) 08/17 02:08:00 Job terminated.
	(1) Normal termination (return value 0)
		Usr 0 00:34:10, Sys 0 00:00:06  -  Run Remote Usage
		Usr 0 00:00:00, Sys 0 00:00:00  -  Run Local Usage
		Usr 0 00:34:10, Sys 0 00:00:06  -  Total Remote Usage
		Usr 0 00:00:00, Sys 0 00:00:00  -  Total Local Usage
	17242  -  Run Bytes Sent By Job
	10066  -  Run Bytes Received By Job
	17242  -  Total Bytes Sent By Job
	10066  -  Total Bytes Received By Job
	Partitionable Resources :    Usage  Request Allocated 
	   Cpus                 :     0.99        1         1 
	   Disk (KB)            : 39258     6144000   6146872 
	   GPUs                 :                           0 
	   Memory (MB)          :    95        3000      3000 
	   TimeExecute (s)      :  2075                       
	   TimeSlotBusy (s)     :  2078                       
...
