000 (6053809.000.000) 08/17 01:44:17 Job submitted from host: <188.185.133.2:9618?addrs=188.185.133.2-9618+[2001-1458-d03-2--100-208]-9618&alias=bigbird102.cern.ch&noUDP&sock=schedd_5723_1498>
    DAG Node: C_A03_S0_F1
...
040 (6053809.000.000) 08/17 01:46:32 Started transferring input files
	Transferring to host: <188.185.195.93:9618?addrs=188.185.195.93-9618+[2001-1458-303-22--100-59]-9618&alias=b9p17p2919.cern.ch&noUDP&sock=slot1_13_6809_4e6e_31208>
...
040 (6053809.000.000) 08/17 01:46:32 Finished transferring input files
...
001 (6053809.000.000) 08/17 01:46:33 Job executing on host: <188.185.195.93:9618?addrs=188.185.195.93-9618+[2001-1458-303-22--100-59]-9618&alias=b9p17p2919.cern.ch&noUDP&sock=startd_6164_91dc>
	SlotName: slot1_13@b9p17p2919.cern.ch
	CondorScratchDir = "/pool/condor/dir_3700207"
	Cpus = 1
	Disk = 6146828
	GPUs = 0
	Memory = 3000
...
006 (6053809.000.000) 08/17 01:46:41 Image size of job updated: 31356
	31  -  MemoryUsage of job (MB)
	31356  -  ResidentSetSize of job (KB)
...
006 (6053809.000.000) 08/17 01:51:41 Image size of job updated: 94584
	93  -  MemoryUsage of job (MB)
	94584  -  ResidentSetSize of job (KB)
...
006 (6053809.000.000) 08/17 02:01:42 Image size of job updated: 94752
	93  -  MemoryUsage of job (MB)
	94752  -  ResidentSetSize of job (KB)
...
006 (6053809.000.000) 08/17 02:06:42 Image size of job updated: 95260
	94  -  MemoryUsage of job (MB)
	95260  -  ResidentSetSize of job (KB)
...
040 (6053809.000.000) 08/17 02:09:38 Started transferring output files
...
040 (6053809.000.000) 08/17 02:09:38 Finished transferring output files
...
005 (6053809.000.000) 08/17 02:09:38 Job terminated.
	(1) Normal termination (return value 0)
		Usr 0 00:22:43, Sys 0 00:00:05  -  Run Remote Usage
		Usr 0 00:00:00, Sys 0 00:00:00  -  Run Local Usage
		Usr 0 00:22:43, Sys 0 00:00:05  -  Total Remote Usage
		Usr 0 00:00:00, Sys 0 00:00:00  -  Total Local Usage
	17436  -  Run Bytes Sent By Job
	10066  -  Run Bytes Received By Job
	17436  -  Total Bytes Sent By Job
	10066  -  Total Bytes Received By Job
	Partitionable Resources :    Usage  Request Allocated 
	   Cpus                 :     1.00        1         1 
	   Disk (KB)            : 39259     6144000   6146828 
	   GPUs                 :                           0 
	   Memory (MB)          :    94        3000      3000 
	   TimeExecute (s)      :  1385                       
	   TimeSlotBusy (s)     :  1387                       
...
