000 (6053842.000.000) 08/17 01:50:15 Job submitted from host: <188.185.133.2:9618?addrs=188.185.133.2-9618+[2001-1458-d03-2--100-208]-9618&alias=bigbird102.cern.ch&noUDP&sock=schedd_5723_1498>
    DAG Node: C_A03_S1_F0
...
040 (6053842.000.000) 08/17 01:51:24 Started transferring input files
	Transferring to host: <128.142.33.23:9618?addrs=128.142.33.23-9618+[2001-1458-301-53--100-14]-9618&alias=b9g34p5862.cern.ch&noUDP&sock=slot1_17_5267_d3ef_27294>
...
040 (6053842.000.000) 08/17 01:51:24 Finished transferring input files
...
001 (6053842.000.000) 08/17 01:51:25 Job executing on host: <128.142.33.23:9618?addrs=128.142.33.23-9618+[2001-1458-301-53--100-14]-9618&alias=b9g34p5862.cern.ch&noUDP&sock=startd_4284_0bd0>
	SlotName: slot1_17@b9g34p5862.cern.ch
	CondorScratchDir = "/pool/condor/dir_1906305"
	Cpus = 1
	Disk = 6146717
	GPUs = 0
	Memory = 3000
...
006 (6053842.000.000) 08/17 01:51:34 Image size of job updated: 28064
	27  -  MemoryUsage of job (MB)
	26876  -  ResidentSetSize of job (KB)
...
006 (6053842.000.000) 08/17 01:56:35 Image size of job updated: 90188
	89  -  MemoryUsage of job (MB)
	90188  -  ResidentSetSize of job (KB)
...
006 (6053842.000.000) 08/17 02:01:35 Image size of job updated: 90520
	89  -  MemoryUsage of job (MB)
	90520  -  ResidentSetSize of job (KB)
...
006 (6053842.000.000) 08/17 02:06:36 Image size of job updated: 102276
	100  -  MemoryUsage of job (MB)
	102276  -  ResidentSetSize of job (KB)
...
006 (6053842.000.000) 08/17 02:16:37 Image size of job updated: 102280
	100  -  MemoryUsage of job (MB)
	102280  -  ResidentSetSize of job (KB)
...
006 (6053842.000.000) 08/17 02:21:38 Image size of job updated: 113120
	111  -  MemoryUsage of job (MB)
	113120  -  ResidentSetSize of job (KB)
...
006 (6053842.000.000) 08/17 02:31:38 Image size of job updated: 113128
	111  -  MemoryUsage of job (MB)
	113128  -  ResidentSetSize of job (KB)
...
040 (6053842.000.000) 08/17 02:31:49 Started transferring output files
...
040 (6053842.000.000) 08/17 02:31:49 Finished transferring output files
...
005 (6053842.000.000) 08/17 02:31:49 Job terminated.
	(1) Normal termination (return value 0)
		Usr 0 00:39:56, Sys 0 00:00:07  -  Run Remote Usage
		Usr 0 00:00:00, Sys 0 00:00:00  -  Run Local Usage
		Usr 0 00:39:56, Sys 0 00:00:07  -  Total Remote Usage
		Usr 0 00:00:00, Sys 0 00:00:00  -  Total Local Usage
	17581  -  Run Bytes Sent By Job
	10066  -  Run Bytes Received By Job
	17581  -  Total Bytes Sent By Job
	10066  -  Total Bytes Received By Job
	Partitionable Resources :    Usage  Request Allocated 
	   Cpus                 :     1.00        1         1 
	   Disk (KB)            : 39224     6144000   6146717 
	   GPUs                 :                           0 
	   Memory (MB)          :   111        3000      3000 
	   TimeExecute (s)      :  2424                       
	   TimeSlotBusy (s)     :  2425                       
...
