000 (6053901.000.000) 08/17 01:59:15 Job submitted from host: <188.185.133.2:9618?addrs=188.185.133.2-9618+[2001-1458-d03-2--100-208]-9618&alias=bigbird102.cern.ch&noUDP&sock=schedd_5723_1498>
    DAG Node: C_A11_S3_F0
...
040 (6053901.000.000) 08/17 01:59:43 Started transferring input files
	Transferring to host: <128.142.248.83:9618?addrs=128.142.248.83-9618+[2001-1458-301-73--100-143]-9618&alias=b9g23p7463.cern.ch&noUDP&sock=slot1_33_3375_be22_23479>
...
040 (6053901.000.000) 08/17 01:59:43 Finished transferring input files
...
001 (6053901.000.000) 08/17 01:59:44 Job executing on host: <128.142.248.83:9618?addrs=128.142.248.83-9618+[2001-1458-301-73--100-143]-9618&alias=b9g23p7463.cern.ch&noUDP&sock=startd_2610_d246>
	SlotName: slot1_33@b9g23p7463.cern.ch
	CondorScratchDir = "/pool/condor/dir_2321121"
	Cpus = 1
	Disk = 6201523
	GPUs = 0
	Memory = 3000
...
006 (6053901.000.000) 08/17 01:59:53 Image size of job updated: 38140
	35  -  MemoryUsage of job (MB)
	35752  -  ResidentSetSize of job (KB)
...
006 (6053901.000.000) 08/17 02:04:54 Image size of job updated: 90312
	89  -  MemoryUsage of job (MB)
	90312  -  ResidentSetSize of job (KB)
...
006 (6053901.000.000) 08/17 02:09:54 Image size of job updated: 90812
	89  -  MemoryUsage of job (MB)
	90812  -  ResidentSetSize of job (KB)
...
006 (6053901.000.000) 08/17 02:14:54 Image size of job updated: 102400
	100  -  MemoryUsage of job (MB)
	102400  -  ResidentSetSize of job (KB)
...
006 (6053901.000.000) 08/17 02:19:55 Image size of job updated: 102408
	101  -  MemoryUsage of job (MB)
	102408  -  ResidentSetSize of job (KB)
...
006 (6053901.000.000) 08/17 02:24:55 Image size of job updated: 113244
	111  -  MemoryUsage of job (MB)
	113244  -  ResidentSetSize of job (KB)
...
006 (6053901.000.000) 08/17 02:29:56 Image size of job updated: 113252
	111  -  MemoryUsage of job (MB)
	113252  -  ResidentSetSize of job (KB)
...
040 (6053901.000.000) 08/17 02:30:32 Started transferring output files
...
040 (6053901.000.000) 08/17 02:30:32 Finished transferring output files
...
005 (6053901.000.000) 08/17 02:30:33 Job terminated.
	(1) Normal termination (return value 0)
		Usr 0 00:30:29, Sys 0 00:00:05  -  Run Remote Usage
		Usr 0 00:00:00, Sys 0 00:00:00  -  Run Local Usage
		Usr 0 00:30:29, Sys 0 00:00:05  -  Total Remote Usage
		Usr 0 00:00:00, Sys 0 00:00:00  -  Total Local Usage
	18136  -  Run Bytes Sent By Job
	10066  -  Run Bytes Received By Job
	18136  -  Total Bytes Sent By Job
	10066  -  Total Bytes Received By Job
	Partitionable Resources :    Usage  Request Allocated 
	   Cpus                 :     0.99        1         1 
	   Disk (KB)            : 39263     6144000   6201523 
	   GPUs                 :                           0 
	   Memory (MB)          :   111        3000      3000 
	   TimeExecute (s)      :  1848                       
	   TimeSlotBusy (s)     :  1849                       
...
