000 (6053797.000.000) 08/17 01:43:41 Job submitted from host: <188.185.133.2:9618?addrs=188.185.133.2-9618+[2001-1458-d03-2--100-208]-9618&alias=bigbird102.cern.ch&noUDP&sock=schedd_5723_1498>
    DAG Node: C_A03_S6_F2
...
040 (6053797.000.000) 08/17 01:45:04 Started transferring input files
	Transferring to host: <128.142.162.46:9618?addrs=128.142.162.46-9618+[2001-1458-301-7b--100-27]-9618&alias=b9g42p1011.cern.ch&noUDP&sock=slot1_13_3845_e675_23253>
...
040 (6053797.000.000) 08/17 01:45:04 Finished transferring input files
...
001 (6053797.000.000) 08/17 01:45:05 Job executing on host: <128.142.162.46:9618?addrs=128.142.162.46-9618+[2001-1458-301-7b--100-27]-9618&alias=b9g42p1011.cern.ch&noUDP&sock=startd_3512_84b3>
	SlotName: slot1_13@b9g42p1011.cern.ch
	CondorScratchDir = "/pool/condor/dir_2074045"
	Cpus = 1
	Disk = 6153098
	GPUs = 0
	Memory = 3000
...
006 (6053797.000.000) 08/17 01:45:13 Image size of job updated: 37508
	31  -  MemoryUsage of job (MB)
	31096  -  ResidentSetSize of job (KB)
...
006 (6053797.000.000) 08/17 01:50:13 Image size of job updated: 94232
	93  -  MemoryUsage of job (MB)
	94232  -  ResidentSetSize of job (KB)
...
006 (6053797.000.000) 08/17 02:50:19 Image size of job updated: 94400
	93  -  MemoryUsage of job (MB)
	94400  -  ResidentSetSize of job (KB)
...
006 (6053797.000.000) 08/17 02:55:19 Image size of job updated: 94564
	93  -  MemoryUsage of job (MB)
	94564  -  ResidentSetSize of job (KB)
...
006 (6053797.000.000) 08/17 03:00:19 Image size of job updated: 94568
	93  -  MemoryUsage of job (MB)
	94568  -  ResidentSetSize of job (KB)
...
006 (6053797.000.000) 08/17 03:10:20 Image size of job updated: 94908
	93  -  MemoryUsage of job (MB)
	94908  -  ResidentSetSize of job (KB)
...
040 (6053797.000.000) 08/17 03:19:50 Started transferring output files
...
040 (6053797.000.000) 08/17 03:19:50 Finished transferring output files
...
005 (6053797.000.000) 08/17 03:19:50 Job terminated.
	(1) Normal termination (return value 0)
		Usr 0 01:34:02, Sys 0 00:00:09  -  Run Remote Usage
		Usr 0 00:00:00, Sys 0 00:00:00  -  Run Local Usage
		Usr 0 01:34:02, Sys 0 00:00:09  -  Total Remote Usage
		Usr 0 00:00:00, Sys 0 00:00:00  -  Total Local Usage
	17441  -  Run Bytes Sent By Job
	10066  -  Run Bytes Received By Job
	17441  -  Total Bytes Sent By Job
	10066  -  Total Bytes Received By Job
	Partitionable Resources :    Usage  Request Allocated 
	   Cpus                 :     1.00        1         1 
	   Disk (KB)            : 39219     6144000   6153098 
	   GPUs                 :                           0 
	   Memory (MB)          :    93        3000      3000 
	   TimeExecute (s)      :  5685                       
	   TimeSlotBusy (s)     :  5687                       
...
