000 (6053682.000.000) 08/17 01:30:33 Job submitted from host: <188.185.133.2:9618?addrs=188.185.133.2-9618+[2001-1458-d03-2--100-208]-9618&alias=bigbird102.cern.ch&noUDP&sock=schedd_5723_1498>
    DAG Node: C_A01_S0_F1
...
040 (6053682.000.000) 08/17 01:30:55 Started transferring input files
	Transferring to host: <188.185.196.123:9618?addrs=188.185.196.123-9618+[2001-1458-303-23--100-77]-9618&alias=b9p16p2769.cern.ch&noUDP&sock=slot1_31_2873515_048c_17011>
...
040 (6053682.000.000) 08/17 01:30:55 Finished transferring input files
...
001 (6053682.000.000) 08/17 01:30:56 Job executing on host: <188.185.196.123:9618?addrs=188.185.196.123-9618+[2001-1458-303-23--100-77]-9618&alias=b9p16p2769.cern.ch&noUDP&sock=startd_3165_8156>
	SlotName: slot1_31@b9p16p2769.cern.ch
	CondorScratchDir = "/pool/condor/dir_1577729"
	Cpus = 1
	Disk = 6146835
	GPUs = 0
	Memory = 3000
...
006 (6053682.000.000) 08/17 01:31:04 Image size of job updated: 48540
	48  -  MemoryUsage of job (MB)
	48540  -  ResidentSetSize of job (KB)
...
006 (6053682.000.000) 08/17 01:36:04 Image size of job updated: 94588
	93  -  MemoryUsage of job (MB)
	94588  -  ResidentSetSize of job (KB)
...
006 (6053682.000.000) 08/17 01:51:06 Image size of job updated: 94920
	93  -  MemoryUsage of job (MB)
	94920  -  ResidentSetSize of job (KB)
...
006 (6053682.000.000) 08/17 01:56:07 Image size of job updated: 95264
	94  -  MemoryUsage of job (MB)
	95264  -  ResidentSetSize of job (KB)
...
040 (6053682.000.000) 08/17 01:59:51 Started transferring output files
...
040 (6053682.000.000) 08/17 01:59:51 Finished transferring output files
...
005 (6053682.000.000) 08/17 01:59:52 Job terminated.
	(1) Normal termination (return value 0)
		Usr 0 00:28:38, Sys 0 00:00:04  -  Run Remote Usage
		Usr 0 00:00:00, Sys 0 00:00:00  -  Run Local Usage
		Usr 0 00:28:38, Sys 0 00:00:04  -  Total Remote Usage
		Usr 0 00:00:00, Sys 0 00:00:00  -  Total Local Usage
	17241  -  Run Bytes Sent By Job
	10066  -  Run Bytes Received By Job
	17241  -  Total Bytes Sent By Job
	10066  -  Total Bytes Received By Job
	Partitionable Resources :    Usage  Request Allocated 
	   Cpus                 :     0.99        1         1 
	   Disk (KB)            : 39258     6144000   6146835 
	   GPUs                 :                           0 
	   Memory (MB)          :    94        3000      3000 
	   TimeExecute (s)      :  1735                       
	   TimeSlotBusy (s)     :  1737                       
...
