000 (6053816.000.000) 08/17 01:44:28 Job submitted from host: <188.185.133.2:9618?addrs=188.185.133.2-9618+[2001-1458-d03-2--100-208]-9618&alias=bigbird102.cern.ch&noUDP&sock=schedd_5723_1498>
    DAG Node: C_A14_S5_F2
...
040 (6053816.000.000) 08/17 01:46:35 Started transferring input files
	Transferring to host: <188.185.196.186:9618?addrs=188.185.196.186-9618+[2001-1458-303-23--100-b6]-9618&alias=b9p16p0849.cern.ch&noUDP&sock=slot1_5_4444_f32e_29242>
...
040 (6053816.000.000) 08/17 01:46:35 Finished transferring input files
...
001 (6053816.000.000) 08/17 01:46:36 Job executing on host: <188.185.196.186:9618?addrs=188.185.196.186-9618+[2001-1458-303-23--100-b6]-9618&alias=b9p16p0849.cern.ch&noUDP&sock=startd_3254_8d44>
	SlotName: slot1_5@b9p16p0849.cern.ch
	CondorScratchDir = "/pool/condor/dir_2600032"
	Cpus = 1
	Disk = 6146926
	GPUs = 0
	Memory = 3000
...
006 (6053816.000.000) 08/17 01:46:45 Image size of job updated: 29456
	29  -  MemoryUsage of job (MB)
	29456  -  ResidentSetSize of job (KB)
...
006 (6053816.000.000) 08/17 01:51:46 Image size of job updated: 94588
	93  -  MemoryUsage of job (MB)
	94588  -  ResidentSetSize of job (KB)
...
006 (6053816.000.000) 08/17 02:31:50 Image size of job updated: 94756
	93  -  MemoryUsage of job (MB)
	94756  -  ResidentSetSize of job (KB)
...
006 (6053816.000.000) 08/17 02:46:51 Image size of job updated: 94808
	93  -  MemoryUsage of job (MB)
	94808  -  ResidentSetSize of job (KB)
...
006 (6053816.000.000) 08/17 02:51:51 Image size of job updated: 94920
	93  -  MemoryUsage of job (MB)
	94920  -  ResidentSetSize of job (KB)
...
006 (6053816.000.000) 08/17 03:01:53 Image size of job updated: 94924
	93  -  MemoryUsage of job (MB)
	94924  -  ResidentSetSize of job (KB)
...
006 (6053816.000.000) 08/17 03:16:54 Image size of job updated: 95092
	93  -  MemoryUsage of job (MB)
	95092  -  ResidentSetSize of job (KB)
...
006 (6053816.000.000) 08/17 03:26:55 Image size of job updated: 95144
	93  -  MemoryUsage of job (MB)
	95144  -  ResidentSetSize of job (KB)
...
006 (6053816.000.000) 08/17 03:31:55 Image size of job updated: 95264
	94  -  MemoryUsage of job (MB)
	95264  -  ResidentSetSize of job (KB)
...
040 (6053816.000.000) 08/17 03:44:29 Started transferring output files
...
040 (6053816.000.000) 08/17 03:44:29 Finished transferring output files
...
005 (6053816.000.000) 08/17 03:44:29 Job terminated.
	(1) Normal termination (return value 0)
		Usr 0 01:56:29, Sys 0 00:00:19  -  Run Remote Usage
		Usr 0 00:00:00, Sys 0 00:00:00  -  Run Local Usage
		Usr 0 01:56:29, Sys 0 00:00:19  -  Total Remote Usage
		Usr 0 00:00:00, Sys 0 00:00:00  -  Total Local Usage
	17174  -  Run Bytes Sent By Job
	10066  -  Run Bytes Received By Job
	17174  -  Total Bytes Sent By Job
	10066  -  Total Bytes Received By Job
	Partitionable Resources :    Usage  Request Allocated 
	   Cpus                 :     0.99        1         1 
	   Disk (KB)            : 39258     6144000   6146926 
	   GPUs                 :                           0 
	   Memory (MB)          :    94        3000      3000 
	   TimeExecute (s)      :  7073                       
	   TimeSlotBusy (s)     :  7074                       
...
