000 (6054001.000.000) 08/17 02:19:54 Job submitted from host: <188.185.133.2:9618?addrs=188.185.133.2-9618+[2001-1458-d03-2--100-208]-9618&alias=bigbird102.cern.ch&noUDP&sock=schedd_5723_1498>
    DAG Node: C_A13_S0_F0
...
040 (6054001.000.000) 08/17 02:20:34 Started transferring input files
	Transferring to host: <188.185.213.231:9618?addrs=188.185.213.231-9618+[2001-1458-303-1b--100-63]-9618&alias=b9p28p9038.cern.ch&noUDP&sock=slot1_10_3745_70f1_42325>
...
040 (6054001.000.000) 08/17 02:20:34 Finished transferring input files
...
001 (6054001.000.000) 08/17 02:20:35 Job executing on host: <188.185.213.231:9618?addrs=188.185.213.231-9618+[2001-1458-303-1b--100-63]-9618&alias=b9p28p9038.cern.ch&noUDP&sock=startd_3706_9612>
	SlotName: slot1_10@b9p28p9038.cern.ch
	CondorScratchDir = "/pool/condor/dir_3901637"
	Cpus = 1
	Disk = 6146182
	GPUs = 0
	Memory = 3000
...
006 (6054001.000.000) 08/17 02:20:43 Image size of job updated: 32352
	32  -  MemoryUsage of job (MB)
	32352  -  ResidentSetSize of job (KB)
...
006 (6054001.000.000) 08/17 02:25:43 Image size of job updated: 94820
	93  -  MemoryUsage of job (MB)
	94820  -  ResidentSetSize of job (KB)
...
006 (6054001.000.000) 08/17 02:30:44 Image size of job updated: 106744
	105  -  MemoryUsage of job (MB)
	106744  -  ResidentSetSize of job (KB)
...
006 (6054001.000.000) 08/17 02:35:44 Image size of job updated: 106752
	105  -  MemoryUsage of job (MB)
	106752  -  ResidentSetSize of job (KB)
...
006 (6054001.000.000) 08/17 02:40:45 Image size of job updated: 117588
	115  -  MemoryUsage of job (MB)
	117588  -  ResidentSetSize of job (KB)
...
006 (6054001.000.000) 08/17 02:44:36 Image size of job updated: 117596
	115  -  MemoryUsage of job (MB)
	117588  -  ResidentSetSize of job (KB)
...
040 (6054001.000.000) 08/17 02:44:36 Started transferring output files
...
040 (6054001.000.000) 08/17 02:44:36 Finished transferring output files
...
005 (6054001.000.000) 08/17 02:44:36 Job terminated.
	(1) Normal termination (return value 0)
		Usr 0 00:23:25, Sys 0 00:00:07  -  Run Remote Usage
		Usr 0 00:00:00, Sys 0 00:00:00  -  Run Local Usage
		Usr 0 00:23:25, Sys 0 00:00:07  -  Total Remote Usage
		Usr 0 00:00:00, Sys 0 00:00:00  -  Total Local Usage
	17388  -  Run Bytes Sent By Job
	10066  -  Run Bytes Received By Job
	17388  -  Total Bytes Sent By Job
	10066  -  Total Bytes Received By Job
	Partitionable Resources :    Usage  Request Allocated 
	   Cpus                 :     0.99        1         1 
	   Disk (KB)            : 39279     6144000   6146182 
	   GPUs                 :                           0 
	   Memory (MB)          :   115        3000      3000 
	   TimeExecute (s)      :  1441                       
	   TimeSlotBusy (s)     :  1443                       
...
