000 (6053620.000.000) 08/17 01:26:52 Job submitted from host: <188.185.133.2:9618?addrs=188.185.133.2-9618+[2001-1458-d03-2--100-208]-9618&alias=bigbird102.cern.ch&noUDP&sock=schedd_5723_1498>
    DAG Node: C_A02_S7_F1
...
040 (6053620.000.000) 08/17 01:28:46 Started transferring input files
	Transferring to host: <128.142.248.207:9618?addrs=128.142.248.207-9618+[2001-1458-301-73--100-ce]-9618&alias=b9g23p9871.cern.ch&noUDP&sock=slot1_14_7140_869b_22593>
...
040 (6053620.000.000) 08/17 01:28:46 Finished transferring input files
...
001 (6053620.000.000) 08/17 01:28:47 Job executing on host: <128.142.248.207:9618?addrs=128.142.248.207-9618+[2001-1458-301-73--100-ce]-9618&alias=b9g23p9871.cern.ch&noUDP&sock=startd_6431_b5a6>
	SlotName: slot1_14@b9g23p9871.cern.ch
	CondorScratchDir = "/pool/condor/dir_55622"
	Cpus = 1
	Disk = 6156387
	GPUs = 0
	Memory = 3000
...
006 (6053620.000.000) 08/17 01:28:55 Image size of job updated: 29388
	29  -  MemoryUsage of job (MB)
	29388  -  ResidentSetSize of job (KB)
...
006 (6053620.000.000) 08/17 01:33:55 Image size of job updated: 97748
	93  -  MemoryUsage of job (MB)
	94436  -  ResidentSetSize of job (KB)
...
006 (6053620.000.000) 08/17 01:43:56 Image size of job updated: 97748
	93  -  MemoryUsage of job (MB)
	94600  -  ResidentSetSize of job (KB)
...
006 (6053620.000.000) 08/17 01:48:56 Image size of job updated: 97748
	93  -  MemoryUsage of job (MB)
	94768  -  ResidentSetSize of job (KB)
...
006 (6053620.000.000) 08/17 01:53:58 Image size of job updated: 97748
	93  -  MemoryUsage of job (MB)
	94936  -  ResidentSetSize of job (KB)
...
006 (6053620.000.000) 08/17 01:58:58 Image size of job updated: 97748
	93  -  MemoryUsage of job (MB)
	95108  -  ResidentSetSize of job (KB)
...
040 (6053620.000.000) 08/17 01:59:56 Started transferring output files
...
040 (6053620.000.000) 08/17 01:59:56 Finished transferring output files
...
005 (6053620.000.000) 08/17 01:59:56 Job terminated.
	(1) Normal termination (return value 0)
		Usr 0 00:30:48, Sys 0 00:00:05  -  Run Remote Usage
		Usr 0 00:00:00, Sys 0 00:00:00  -  Run Local Usage
		Usr 0 00:30:48, Sys 0 00:00:05  -  Total Remote Usage
		Usr 0 00:00:00, Sys 0 00:00:00  -  Total Local Usage
	17162  -  Run Bytes Sent By Job
	10066  -  Run Bytes Received By Job
	17162  -  Total Bytes Sent By Job
	10066  -  Total Bytes Received By Job
	Partitionable Resources :    Usage  Request Allocated 
	   Cpus                 :     0.99        1         1 
	   Disk (KB)            : 39259     6144000   6156387 
	   GPUs                 :                           0 
	   Memory (MB)          :    93        3000      3000 
	   TimeExecute (s)      :  1869                       
	   TimeSlotBusy (s)     :  1871                       
...
