000 (6053703.000.000) 08/17 01:32:32 Job submitted from host: <188.185.133.2:9618?addrs=188.185.133.2-9618+[2001-1458-d03-2--100-208]-9618&alias=bigbird102.cern.ch&noUDP&sock=schedd_5723_1498>
    DAG Node: C_A00_S4_F0
...
040 (6053703.000.000) 08/17 01:33:24 Started transferring input files
	Transferring to host: <188.185.196.46:9618?addrs=188.185.196.46-9618+[2001-1458-303-23--100-2a]-9618&alias=b9p16p2943.cern.ch&noUDP&sock=slot1_11_5322_9491_29782>
...
040 (6053703.000.000) 08/17 01:33:24 Finished transferring input files
...
001 (6053703.000.000) 08/17 01:33:25 Job executing on host: <188.185.196.46:9618?addrs=188.185.196.46-9618+[2001-1458-303-23--100-2a]-9618&alias=b9p16p2943.cern.ch&noUDP&sock=startd_4315_4f3f>
	SlotName: slot1_11@b9p16p2943.cern.ch
	CondorScratchDir = "/pool/condor/dir_3138736"
	Cpus = 1
	Disk = 6146842
	GPUs = 0
	Memory = 3000
...
006 (6053703.000.000) 08/17 01:33:34 Image size of job updated: 42756
	42  -  MemoryUsage of job (MB)
	42756  -  ResidentSetSize of job (KB)
...
006 (6053703.000.000) 08/17 01:38:35 Image size of job updated: 94576
	93  -  MemoryUsage of job (MB)
	94576  -  ResidentSetSize of job (KB)
...
006 (6053703.000.000) 08/17 01:43:35 Image size of job updated: 106668
	105  -  MemoryUsage of job (MB)
	106668  -  ResidentSetSize of job (KB)
...
006 (6053703.000.000) 08/17 01:48:35 Image size of job updated: 106672
	105  -  MemoryUsage of job (MB)
	106672  -  ResidentSetSize of job (KB)
...
006 (6053703.000.000) 08/17 01:53:36 Image size of job updated: 117512
	115  -  MemoryUsage of job (MB)
	117512  -  ResidentSetSize of job (KB)
...
006 (6053703.000.000) 08/17 01:58:19 Image size of job updated: 117520
	115  -  MemoryUsage of job (MB)
	117512  -  ResidentSetSize of job (KB)
...
040 (6053703.000.000) 08/17 01:58:19 Started transferring output files
...
040 (6053703.000.000) 08/17 01:58:19 Finished transferring output files
...
005 (6053703.000.000) 08/17 01:58:20 Job terminated.
	(1) Normal termination (return value 0)
		Usr 0 00:24:31, Sys 0 00:00:06  -  Run Remote Usage
		Usr 0 00:00:00, Sys 0 00:00:00  -  Run Local Usage
		Usr 0 00:24:31, Sys 0 00:00:06  -  Total Remote Usage
		Usr 0 00:00:00, Sys 0 00:00:00  -  Total Local Usage
	17574  -  Run Bytes Sent By Job
	10066  -  Run Bytes Received By Job
	17574  -  Total Bytes Sent By Job
	10066  -  Total Bytes Received By Job
	Partitionable Resources :    Usage  Request Allocated 
	   Cpus                 :     1.00        1         1 
	   Disk (KB)            : 39260     6144000   6146842 
	   GPUs                 :                           0 
	   Memory (MB)          :   115        3000      3000 
	   TimeExecute (s)      :  1494                       
	   TimeSlotBusy (s)     :  1496                       
...
