000 (6053806.000.000) 08/17 01:44:07 Job submitted from host: <188.185.133.2:9618?addrs=188.185.133.2-9618+[2001-1458-d03-2--100-208]-9618&alias=bigbird102.cern.ch&noUDP&sock=schedd_5723_1498>
    DAG Node: C_A04_S6_F1
...
040 (6053806.000.000) 08/17 01:46:33 Started transferring input files
	Transferring to host: <188.185.194.9:9618?addrs=188.185.194.9-9618+[2001-1458-303-21--100-5]-9618&alias=b9p20p2920.cern.ch&noUDP&sock=slot1_17_3617_40ec_29552>
...
040 (6053806.000.000) 08/17 01:46:33 Finished transferring input files
...
001 (6053806.000.000) 08/17 01:46:34 Job executing on host: <188.185.194.9:9618?addrs=188.185.194.9-9618+[2001-1458-303-21--100-5]-9618&alias=b9p20p2920.cern.ch&noUDP&sock=startd_2560_868a>
	SlotName: slot1_17@b9p20p2920.cern.ch
	CondorScratchDir = "/pool/condor/dir_305171"
	Cpus = 1
	Disk = 6146800
	GPUs = 0
	Memory = 3000
...
006 (6053806.000.000) 08/17 01:46:42 Image size of job updated: 19300
	19  -  MemoryUsage of job (MB)
	19300  -  ResidentSetSize of job (KB)
...
006 (6053806.000.000) 08/17 01:51:42 Image size of job updated: 94592
	93  -  MemoryUsage of job (MB)
	94592  -  ResidentSetSize of job (KB)
...
006 (6053806.000.000) 08/17 02:11:44 Image size of job updated: 94760
	93  -  MemoryUsage of job (MB)
	94760  -  ResidentSetSize of job (KB)
...
006 (6053806.000.000) 08/17 02:16:44 Image size of job updated: 94924
	93  -  MemoryUsage of job (MB)
	94924  -  ResidentSetSize of job (KB)
...
006 (6053806.000.000) 08/17 02:21:45 Image size of job updated: 95268
	94  -  MemoryUsage of job (MB)
	95268  -  ResidentSetSize of job (KB)
...
040 (6053806.000.000) 08/17 02:27:12 Started transferring output files
...
040 (6053806.000.000) 08/17 02:27:12 Finished transferring output files
...
005 (6053806.000.000) 08/17 02:27:12 Job terminated.
	(1) Normal termination (return value 0)
		Usr 0 00:39:44, Sys 0 00:00:10  -  Run Remote Usage
		Usr 0 00:00:00, Sys 0 00:00:00  -  Run Local Usage
		Usr 0 00:39:44, Sys 0 00:00:10  -  Total Remote Usage
		Usr 0 00:00:00, Sys 0 00:00:00  -  Total Local Usage
	17241  -  Run Bytes Sent By Job
	10066  -  Run Bytes Received By Job
	17241  -  Total Bytes Sent By Job
	10066  -  Total Bytes Received By Job
	Partitionable Resources :    Usage  Request Allocated 
	   Cpus                 :     0.99        1         1 
	   Disk (KB)            : 39258     6144000   6146800 
	   GPUs                 :                           0 
	   Memory (MB)          :    94        3000      3000 
	   TimeExecute (s)      :  2438                       
	   TimeSlotBusy (s)     :  2440                       
...
