000 (6053719.000.000) 08/17 01:33:34 Job submitted from host: <188.185.133.2:9618?addrs=188.185.133.2-9618+[2001-1458-d03-2--100-208]-9618&alias=bigbird102.cern.ch&noUDP&sock=schedd_5723_1498>
    DAG Node: C_A10_S3_F1
...
040 (6053719.000.000) 08/17 01:34:02 Started transferring input files
	Transferring to host: <188.185.194.185:9618?addrs=188.185.194.185-9618+[2001-1458-303-21--100-b5]-9618&alias=b9p20p5902.cern.ch&noUDP&sock=slot1_13_3995_96bc_31679>
...
040 (6053719.000.000) 08/17 01:34:02 Finished transferring input files
...
001 (6053719.000.000) 08/17 01:34:03 Job executing on host: <188.185.194.185:9618?addrs=188.185.194.185-9618+[2001-1458-303-21--100-b5]-9618&alias=b9p20p5902.cern.ch&noUDP&sock=startd_3060_7be4>
	SlotName: slot1_13@b9p20p5902.cern.ch
	CondorScratchDir = "/pool/condor/dir_4069130"
	Cpus = 1
	Disk = 6146862
	GPUs = 0
	Memory = 3000
...
006 (6053719.000.000) 08/17 01:34:11 Image size of job updated: 30136
	30  -  MemoryUsage of job (MB)
	30136  -  ResidentSetSize of job (KB)
...
006 (6053719.000.000) 08/17 01:39:12 Image size of job updated: 94592
	93  -  MemoryUsage of job (MB)
	94592  -  ResidentSetSize of job (KB)
...
006 (6053719.000.000) 08/17 01:49:13 Image size of job updated: 94760
	93  -  MemoryUsage of job (MB)
	94760  -  ResidentSetSize of job (KB)
...
006 (6053719.000.000) 08/17 01:54:14 Image size of job updated: 94924
	93  -  MemoryUsage of job (MB)
	94924  -  ResidentSetSize of job (KB)
...
006 (6053719.000.000) 08/17 01:59:14 Image size of job updated: 95096
	93  -  MemoryUsage of job (MB)
	95096  -  ResidentSetSize of job (KB)
...
006 (6053719.000.000) 08/17 02:04:14 Image size of job updated: 95268
	94  -  MemoryUsage of job (MB)
	95268  -  ResidentSetSize of job (KB)
...
040 (6053719.000.000) 08/17 02:05:07 Started transferring output files
...
040 (6053719.000.000) 08/17 02:05:07 Finished transferring output files
...
005 (6053719.000.000) 08/17 02:05:07 Job terminated.
	(1) Normal termination (return value 0)
		Usr 0 00:30:38, Sys 0 00:00:05  -  Run Remote Usage
		Usr 0 00:00:00, Sys 0 00:00:00  -  Run Local Usage
		Usr 0 00:30:38, Sys 0 00:00:05  -  Total Remote Usage
		Usr 0 00:00:00, Sys 0 00:00:00  -  Total Local Usage
	17169  -  Run Bytes Sent By Job
	10066  -  Run Bytes Received By Job
	17169  -  Total Bytes Sent By Job
	10066  -  Total Bytes Received By Job
	Partitionable Resources :    Usage  Request Allocated 
	   Cpus                 :     0.99        1         1 
	   Disk (KB)            : 39258     6144000   6146862 
	   GPUs                 :                           0 
	   Memory (MB)          :    94        3000      3000 
	   TimeExecute (s)      :  1864                       
	   TimeSlotBusy (s)     :  1866                       
...
