000 (6053903.000.000) 08/17 01:59:15 Job submitted from host: <188.185.133.2:9618?addrs=188.185.133.2-9618+[2001-1458-d03-2--100-208]-9618&alias=bigbird102.cern.ch&noUDP&sock=schedd_5723_1498>
    DAG Node: C_A11_S3_F2
...
040 (6053903.000.000) 08/17 02:00:15 Started transferring input files
	Transferring to host: <188.185.196.157:9618?addrs=188.185.196.157-9618+[2001-1458-303-23--100-99]-9618&alias=b9p16p4603.cern.ch&noUDP&sock=slot1_21_3329_54e0_32123>
...
040 (6053903.000.000) 08/17 02:00:15 Finished transferring input files
...
001 (6053903.000.000) 08/17 02:00:16 Job executing on host: <188.185.196.157:9618?addrs=188.185.196.157-9618+[2001-1458-303-23--100-99]-9618&alias=b9p16p4603.cern.ch&noUDP&sock=startd_2619_fea0>
	SlotName: slot1_21@b9p16p4603.cern.ch
	CondorScratchDir = "/pool/condor/dir_443207"
	Cpus = 1
	Disk = 6162197
	GPUs = 0
	Memory = 3000
...
006 (6053903.000.000) 08/17 02:00:25 Image size of job updated: 32368
	27  -  MemoryUsage of job (MB)
	27468  -  ResidentSetSize of job (KB)
...
006 (6053903.000.000) 08/17 02:05:26 Image size of job updated: 94500
	93  -  MemoryUsage of job (MB)
	94500  -  ResidentSetSize of job (KB)
...
006 (6053903.000.000) 08/17 03:10:31 Image size of job updated: 94668
	93  -  MemoryUsage of job (MB)
	94668  -  ResidentSetSize of job (KB)
...
006 (6053903.000.000) 08/17 03:20:32 Image size of job updated: 94836
	93  -  MemoryUsage of job (MB)
	94836  -  ResidentSetSize of job (KB)
...
006 (6053903.000.000) 08/17 03:45:34 Image size of job updated: 95176
	93  -  MemoryUsage of job (MB)
	95176  -  ResidentSetSize of job (KB)
...
040 (6053903.000.000) 08/17 03:58:52 Started transferring output files
...
040 (6053903.000.000) 08/17 03:58:52 Finished transferring output files
...
005 (6053903.000.000) 08/17 03:58:53 Job terminated.
	(1) Normal termination (return value 0)
		Usr 0 01:57:31, Sys 0 00:00:11  -  Run Remote Usage
		Usr 0 00:00:00, Sys 0 00:00:00  -  Run Local Usage
		Usr 0 01:57:31, Sys 0 00:00:11  -  Total Remote Usage
		Usr 0 00:00:00, Sys 0 00:00:00  -  Total Local Usage
	17997  -  Run Bytes Sent By Job
	10066  -  Run Bytes Received By Job
	17997  -  Total Bytes Sent By Job
	10066  -  Total Bytes Received By Job
	Partitionable Resources :    Usage  Request Allocated 
	   Cpus                 :     0.99        1         1 
	   Disk (KB)            : 39262     6144000   6162197 
	   GPUs                 :                           0 
	   Memory (MB)          :    93        3000      3000 
	   TimeExecute (s)      :  7116                       
	   TimeSlotBusy (s)     :  7117                       
...
