000 (6053795.000.000) 08/17 01:43:41 Job submitted from host: <188.185.133.2:9618?addrs=188.185.133.2-9618+[2001-1458-d03-2--100-208]-9618&alias=bigbird102.cern.ch&noUDP&sock=schedd_5723_1498>
    DAG Node: C_A03_S6_F0
...
040 (6053795.000.000) 08/17 01:44:40 Started transferring input files
	Transferring to host: <188.185.194.81:9618?addrs=188.185.194.81-9618+[2001-1458-303-21--100-4d]-9618&alias=b9p20p1515.cern.ch&noUDP&sock=slot1_20_3850_6c56_31667>
...
040 (6053795.000.000) 08/17 01:44:40 Finished transferring input files
...
001 (6053795.000.000) 08/17 01:44:41 Job executing on host: <188.185.194.81:9618?addrs=188.185.194.81-9618+[2001-1458-303-21--100-4d]-9618&alias=b9p20p1515.cern.ch&noUDP&sock=startd_2734_e004>
	SlotName: slot1_20@b9p20p1515.cern.ch
	CondorScratchDir = "/pool/condor/dir_3668021"
	Cpus = 1
	Disk = 6165876
	GPUs = 0
	Memory = 3000
...
006 (6053795.000.000) 08/17 01:44:50 Image size of job updated: 39936
	32  -  MemoryUsage of job (MB)
	32468  -  ResidentSetSize of job (KB)
...
006 (6053795.000.000) 08/17 01:49:51 Image size of job updated: 94584
	93  -  MemoryUsage of job (MB)
	94584  -  ResidentSetSize of job (KB)
...
006 (6053795.000.000) 08/17 01:54:51 Image size of job updated: 106672
	105  -  MemoryUsage of job (MB)
	106672  -  ResidentSetSize of job (KB)
...
006 (6053795.000.000) 08/17 01:59:52 Image size of job updated: 106676
	105  -  MemoryUsage of job (MB)
	106676  -  ResidentSetSize of job (KB)
...
006 (6053795.000.000) 08/17 02:04:53 Image size of job updated: 117516
	115  -  MemoryUsage of job (MB)
	117516  -  ResidentSetSize of job (KB)
...
006 (6053795.000.000) 08/17 02:09:53 Image size of job updated: 117520
	115  -  MemoryUsage of job (MB)
	117520  -  ResidentSetSize of job (KB)
...
006 (6053795.000.000) 08/17 02:11:24 Image size of job updated: 117524
	115  -  MemoryUsage of job (MB)
	117520  -  ResidentSetSize of job (KB)
...
040 (6053795.000.000) 08/17 02:11:24 Started transferring output files
...
040 (6053795.000.000) 08/17 02:11:24 Finished transferring output files
...
005 (6053795.000.000) 08/17 02:11:24 Job terminated.
	(1) Normal termination (return value 0)
		Usr 0 00:26:26, Sys 0 00:00:04  -  Run Remote Usage
		Usr 0 00:00:00, Sys 0 00:00:00  -  Run Local Usage
		Usr 0 00:26:26, Sys 0 00:00:04  -  Total Remote Usage
		Usr 0 00:00:00, Sys 0 00:00:00  -  Total Local Usage
	17579  -  Run Bytes Sent By Job
	10066  -  Run Bytes Received By Job
	17579  -  Total Bytes Sent By Job
	10066  -  Total Bytes Received By Job
	Partitionable Resources :    Usage  Request Allocated 
	   Cpus                 :     1.00        1         1 
	   Disk (KB)            : 39261     6144000   6165876 
	   GPUs                 :                           0 
	   Memory (MB)          :   115        3000      3000 
	   TimeExecute (s)      :  1603                       
	   TimeSlotBusy (s)     :  1604                       
...
