000 (6053932.000.000) 08/17 02:05:20 Job submitted from host: <188.185.133.2:9618?addrs=188.185.133.2-9618+[2001-1458-d03-2--100-208]-9618&alias=bigbird102.cern.ch&noUDP&sock=schedd_5723_1498>
    DAG Node: C_A07_S4_F2
...
040 (6053932.000.000) 08/17 02:05:33 Started transferring input files
	Transferring to host: <188.185.197.123:9618?addrs=188.185.197.123-9618+[2001-1458-303-24--100-77]-9618&alias=b9p14p1412.cern.ch&noUDP&sock=slot1_20_4374_a0eb_23670>
...
040 (6053932.000.000) 08/17 02:05:33 Finished transferring input files
...
001 (6053932.000.000) 08/17 02:05:34 Job executing on host: <188.185.197.123:9618?addrs=188.185.197.123-9618+[2001-1458-303-24--100-77]-9618&alias=b9p14p1412.cern.ch&noUDP&sock=startd_3175_5d48>
	SlotName: slot1_20@b9p14p1412.cern.ch
	CondorScratchDir = "/pool/condor/dir_4139176"
	Cpus = 1
	Disk = 6146488
	GPUs = 0
	Memory = 3000
...
006 (6053932.000.000) 08/17 02:05:43 Image size of job updated: 17356
	17  -  MemoryUsage of job (MB)
	17356  -  ResidentSetSize of job (KB)
...
006 (6053932.000.000) 08/17 02:10:44 Image size of job updated: 94592
	93  -  MemoryUsage of job (MB)
	94592  -  ResidentSetSize of job (KB)
...
006 (6053932.000.000) 08/17 03:15:50 Image size of job updated: 94756
	93  -  MemoryUsage of job (MB)
	94756  -  ResidentSetSize of job (KB)
...
006 (6053932.000.000) 08/17 03:20:50 Image size of job updated: 94812
	93  -  MemoryUsage of job (MB)
	94812  -  ResidentSetSize of job (KB)
...
006 (6053932.000.000) 08/17 03:25:51 Image size of job updated: 94924
	93  -  MemoryUsage of job (MB)
	94924  -  ResidentSetSize of job (KB)
...
006 (6053932.000.000) 08/17 03:45:52 Image size of job updated: 95264
	94  -  MemoryUsage of job (MB)
	95264  -  ResidentSetSize of job (KB)
...
040 (6053932.000.000) 08/17 04:05:04 Started transferring output files
...
040 (6053932.000.000) 08/17 04:05:04 Finished transferring output files
...
005 (6053932.000.000) 08/17 04:05:04 Job terminated.
	(1) Normal termination (return value 0)
		Usr 0 01:58:00, Sys 0 00:00:12  -  Run Remote Usage
		Usr 0 00:00:00, Sys 0 00:00:00  -  Run Local Usage
		Usr 0 01:58:00, Sys 0 00:00:12  -  Total Remote Usage
		Usr 0 00:00:00, Sys 0 00:00:00  -  Total Local Usage
	17770  -  Run Bytes Sent By Job
	10066  -  Run Bytes Received By Job
	17770  -  Total Bytes Sent By Job
	10066  -  Total Bytes Received By Job
	Partitionable Resources :    Usage  Request Allocated 
	   Cpus                 :     0.99        1         1 
	   Disk (KB)            : 39260     6144000   6146488 
	   GPUs                 :                           0 
	   Memory (MB)          :    94        3000      3000 
	   TimeExecute (s)      :  7170                       
	   TimeSlotBusy (s)     :  7171                       
...
