000 (6053983.000.000) 08/17 02:16:54 Job submitted from host: <188.185.133.2:9618?addrs=188.185.133.2-9618+[2001-1458-d03-2--100-208]-9618&alias=bigbird102.cern.ch&noUDP&sock=schedd_5723_1498>
    DAG Node: C_A08_S7_F0
...
040 (6053983.000.000) 08/17 02:16:56 Started transferring input files
	Transferring to host: <188.185.193.182:9618?addrs=188.185.193.182-9618+[2001-1458-303-20--100-b2]-9618&alias=b9p19p3374.cern.ch&noUDP&sock=slot1_36_3519_3428_30258>
...
040 (6053983.000.000) 08/17 02:16:56 Finished transferring input files
...
001 (6053983.000.000) 08/17 02:16:57 Job executing on host: <188.185.193.182:9618?addrs=188.185.193.182-9618+[2001-1458-303-20--100-b2]-9618&alias=b9p19p3374.cern.ch&noUDP&sock=startd_2608_7315>
	SlotName: slot1_36@b9p19p3374.cern.ch
	CondorScratchDir = "/pool/condor/dir_2539427"
	Cpus = 1
	Disk = 6222700
	GPUs = 0
	Memory = 3000
...
006 (6053983.000.000) 08/17 02:17:06 Image size of job updated: 34040
	34  -  MemoryUsage of job (MB)
	34040  -  ResidentSetSize of job (KB)
...
006 (6053983.000.000) 08/17 02:22:06 Image size of job updated: 90524
	89  -  MemoryUsage of job (MB)
	90524  -  ResidentSetSize of job (KB)
...
006 (6053983.000.000) 08/17 02:27:06 Image size of job updated: 90856
	89  -  MemoryUsage of job (MB)
	90856  -  ResidentSetSize of job (KB)
...
006 (6053983.000.000) 08/17 02:32:07 Image size of job updated: 102612
	101  -  MemoryUsage of job (MB)
	102612  -  ResidentSetSize of job (KB)
...
006 (6053983.000.000) 08/17 02:42:08 Image size of job updated: 102616
	101  -  MemoryUsage of job (MB)
	102616  -  ResidentSetSize of job (KB)
...
006 (6053983.000.000) 08/17 02:47:08 Image size of job updated: 113456
	111  -  MemoryUsage of job (MB)
	113456  -  ResidentSetSize of job (KB)
...
006 (6053983.000.000) 08/17 02:57:10 Image size of job updated: 113460
	111  -  MemoryUsage of job (MB)
	113460  -  ResidentSetSize of job (KB)
...
006 (6053983.000.000) 08/17 02:59:41 Image size of job updated: 113464
	111  -  MemoryUsage of job (MB)
	113460  -  ResidentSetSize of job (KB)
...
040 (6053983.000.000) 08/17 02:59:41 Started transferring output files
...
040 (6053983.000.000) 08/17 02:59:41 Finished transferring output files
...
005 (6053983.000.000) 08/17 02:59:41 Job terminated.
	(1) Normal termination (return value 0)
		Usr 0 00:41:48, Sys 0 00:00:08  -  Run Remote Usage
		Usr 0 00:00:00, Sys 0 00:00:00  -  Run Local Usage
		Usr 0 00:41:48, Sys 0 00:00:08  -  Total Remote Usage
		Usr 0 00:00:00, Sys 0 00:00:00  -  Total Local Usage
	17513  -  Run Bytes Sent By Job
	10066  -  Run Bytes Received By Job
	17513  -  Total Bytes Sent By Job
	10066  -  Total Bytes Received By Job
	Partitionable Resources :    Usage  Request Allocated 
	   Cpus                 :     0.99        1         1 
	   Disk (KB)            : 39260     6144000   6222700 
	   GPUs                 :                           0 
	   Memory (MB)          :   111        3000      3000 
	   TimeExecute (s)      :  2564                       
	   TimeSlotBusy (s)     :  2565                       
...
