000 (6054033.000.000) 08/17 02:32:26 Job submitted from host: <188.185.133.2:9618?addrs=188.185.133.2-9618+[2001-1458-d03-2--100-208]-9618&alias=bigbird102.cern.ch&noUDP&sock=schedd_5723_1498>
    DAG Node: C_A12_S5_F2
...
040 (6054033.000.000) 08/17 02:32:54 Started transferring input files
	Transferring to host: <188.185.215.141:9618?addrs=188.185.215.141-9618+[2001-1458-303-26--100-9]-9618&alias=b9p18p4670.cern.ch&noUDP&sock=slot1_12_6716_c78a_30031>
...
040 (6054033.000.000) 08/17 02:32:54 Finished transferring input files
...
001 (6054033.000.000) 08/17 02:32:55 Job executing on host: <188.185.215.141:9618?addrs=188.185.215.141-9618+[2001-1458-303-26--100-9]-9618&alias=b9p18p4670.cern.ch&noUDP&sock=startd_5926_5252>
	SlotName: slot1_12@b9p18p4670.cern.ch
	CondorScratchDir = "/pool/condor/dir_2291974"
	Cpus = 1
	Disk = 6146769
	GPUs = 0
	Memory = 3000
...
006 (6054033.000.000) 08/17 02:33:04 Image size of job updated: 32280
	32  -  MemoryUsage of job (MB)
	32280  -  ResidentSetSize of job (KB)
...
006 (6054033.000.000) 08/17 02:38:05 Image size of job updated: 94500
	93  -  MemoryUsage of job (MB)
	94500  -  ResidentSetSize of job (KB)
...
006 (6054033.000.000) 08/17 03:58:12 Image size of job updated: 94664
	93  -  MemoryUsage of job (MB)
	94664  -  ResidentSetSize of job (KB)
...
006 (6054033.000.000) 08/17 04:08:13 Image size of job updated: 94720
	93  -  MemoryUsage of job (MB)
	94720  -  ResidentSetSize of job (KB)
...
006 (6054033.000.000) 08/17 04:13:13 Image size of job updated: 94832
	93  -  MemoryUsage of job (MB)
	94832  -  ResidentSetSize of job (KB)
...
006 (6054033.000.000) 08/17 04:33:16 Image size of job updated: 95000
	93  -  MemoryUsage of job (MB)
	95000  -  ResidentSetSize of job (KB)
...
006 (6054033.000.000) 08/17 04:38:16 Image size of job updated: 95172
	93  -  MemoryUsage of job (MB)
	95172  -  ResidentSetSize of job (KB)
...
040 (6054033.000.000) 08/17 04:55:40 Started transferring output files
...
040 (6054033.000.000) 08/17 04:55:40 Finished transferring output files
...
005 (6054033.000.000) 08/17 04:55:40 Job terminated.
	(1) Normal termination (return value 0)
		Usr 0 02:20:44, Sys 0 00:00:16  -  Run Remote Usage
		Usr 0 00:00:00, Sys 0 00:00:00  -  Run Local Usage
		Usr 0 02:20:44, Sys 0 00:00:16  -  Total Remote Usage
		Usr 0 00:00:00, Sys 0 00:00:00  -  Total Local Usage
	18003  -  Run Bytes Sent By Job
	10066  -  Run Bytes Received By Job
	18003  -  Total Bytes Sent By Job
	10066  -  Total Bytes Received By Job
	Partitionable Resources :    Usage  Request Allocated 
	   Cpus                 :     0.99        1         1 
	   Disk (KB)            : 39261     6144000   6146769 
	   GPUs                 :                           0 
	   Memory (MB)          :    93        3000      3000 
	   TimeExecute (s)      :  8565                       
	   TimeSlotBusy (s)     :  8567                       
...
