000 (6053660.000.000) 08/17 01:29:14 Job submitted from host: <188.185.133.2:9618?addrs=188.185.133.2-9618+[2001-1458-d03-2--100-208]-9618&alias=bigbird102.cern.ch&noUDP&sock=schedd_5723_1498>
    DAG Node: C_A01_S5_F2
...
040 (6053660.000.000) 08/17 01:29:57 Started transferring input files
	Transferring to host: <188.185.194.36:9618?addrs=188.185.194.36-9618+[2001-1458-303-21--100-20]-9618&alias=b9p20p9229.cern.ch&noUDP&sock=slot1_32_6451_101f_32047>
...
040 (6053660.000.000) 08/17 01:29:57 Finished transferring input files
...
001 (6053660.000.000) 08/17 01:29:58 Job executing on host: <188.185.194.36:9618?addrs=188.185.194.36-9618+[2001-1458-303-21--100-20]-9618&alias=b9p20p9229.cern.ch&noUDP&sock=startd_5923_4389>
	SlotName: slot1_32@b9p20p9229.cern.ch
	CondorScratchDir = "/pool/condor/dir_3724256"
	Cpus = 1
	Disk = 6147589
	GPUs = 0
	Memory = 3000
...
006 (6053660.000.000) 08/17 01:30:07 Image size of job updated: 32332
	27  -  MemoryUsage of job (MB)
	26956  -  ResidentSetSize of job (KB)
...
006 (6053660.000.000) 08/17 01:35:08 Image size of job updated: 94596
	93  -  MemoryUsage of job (MB)
	94596  -  ResidentSetSize of job (KB)
...
006 (6053660.000.000) 08/17 02:40:16 Image size of job updated: 94764
	93  -  MemoryUsage of job (MB)
	94764  -  ResidentSetSize of job (KB)
...
006 (6053660.000.000) 08/17 02:50:17 Image size of job updated: 94816
	93  -  MemoryUsage of job (MB)
	94816  -  ResidentSetSize of job (KB)
...
006 (6053660.000.000) 08/17 02:55:17 Image size of job updated: 94928
	93  -  MemoryUsage of job (MB)
	94928  -  ResidentSetSize of job (KB)
...
006 (6053660.000.000) 08/17 03:00:18 Image size of job updated: 94932
	93  -  MemoryUsage of job (MB)
	94932  -  ResidentSetSize of job (KB)
...
006 (6053660.000.000) 08/17 03:10:19 Image size of job updated: 95100
	93  -  MemoryUsage of job (MB)
	95100  -  ResidentSetSize of job (KB)
...
006 (6053660.000.000) 08/17 03:15:20 Image size of job updated: 95272
	94  -  MemoryUsage of job (MB)
	95272  -  ResidentSetSize of job (KB)
...
040 (6053660.000.000) 08/17 03:28:46 Started transferring output files
...
040 (6053660.000.000) 08/17 03:28:46 Finished transferring output files
...
005 (6053660.000.000) 08/17 03:28:46 Job terminated.
	(1) Normal termination (return value 0)
		Usr 0 01:57:30, Sys 0 00:00:14  -  Run Remote Usage
		Usr 0 00:00:00, Sys 0 00:00:00  -  Run Local Usage
		Usr 0 01:57:30, Sys 0 00:00:14  -  Total Remote Usage
		Usr 0 00:00:00, Sys 0 00:00:00  -  Total Local Usage
	17246  -  Run Bytes Sent By Job
	10066  -  Run Bytes Received By Job
	17246  -  Total Bytes Sent By Job
	10066  -  Total Bytes Received By Job
	Partitionable Resources :    Usage  Request Allocated 
	   Cpus                 :     0.99        1         1 
	   Disk (KB)            : 39258     6144000   6147589 
	   GPUs                 :                           0 
	   Memory (MB)          :    94        3000      3000 
	   TimeExecute (s)      :  7128                       
	   TimeSlotBusy (s)     :  7129                       
...
