000 (6053810.000.000) 08/17 01:44:17 Job submitted from host: <188.185.133.2:9618?addrs=188.185.133.2-9618+[2001-1458-d03-2--100-208]-9618&alias=bigbird102.cern.ch&noUDP&sock=schedd_5723_1498>
    DAG Node: C_A03_S0_F2
...
040 (6053810.000.000) 08/17 01:46:34 Started transferring input files
	Transferring to host: <188.185.193.27:9618?addrs=188.185.193.27-9618+[2001-1458-303-20--100-17]-9618&alias=b9p19p2548.cern.ch&noUDP&sock=slot1_7_6191_de95_30187>
...
040 (6053810.000.000) 08/17 01:46:34 Finished transferring input files
...
001 (6053810.000.000) 08/17 01:46:35 Job executing on host: <188.185.193.27:9618?addrs=188.185.193.27-9618+[2001-1458-303-20--100-17]-9618&alias=b9p19p2548.cern.ch&noUDP&sock=startd_5079_599b>
	SlotName: slot1_7@b9p19p2548.cern.ch
	CondorScratchDir = "/pool/condor/dir_2407215"
	Cpus = 1
	Disk = 6147277
	GPUs = 0
	Memory = 3000
...
006 (6053810.000.000) 08/17 01:46:43 Image size of job updated: 26328
	26  -  MemoryUsage of job (MB)
	26328  -  ResidentSetSize of job (KB)
...
006 (6053810.000.000) 08/17 01:51:43 Image size of job updated: 94592
	93  -  MemoryUsage of job (MB)
	94592  -  ResidentSetSize of job (KB)
...
006 (6053810.000.000) 08/17 02:56:51 Image size of job updated: 94760
	93  -  MemoryUsage of job (MB)
	94760  -  ResidentSetSize of job (KB)
...
006 (6053810.000.000) 08/17 03:01:52 Image size of job updated: 94812
	93  -  MemoryUsage of job (MB)
	94812  -  ResidentSetSize of job (KB)
...
006 (6053810.000.000) 08/17 03:06:52 Image size of job updated: 94924
	93  -  MemoryUsage of job (MB)
	94924  -  ResidentSetSize of job (KB)
...
006 (6053810.000.000) 08/17 03:11:53 Image size of job updated: 94928
	93  -  MemoryUsage of job (MB)
	94928  -  ResidentSetSize of job (KB)
...
006 (6053810.000.000) 08/17 03:21:54 Image size of job updated: 95096
	93  -  MemoryUsage of job (MB)
	95096  -  ResidentSetSize of job (KB)
...
006 (6053810.000.000) 08/17 03:26:55 Image size of job updated: 95268
	94  -  MemoryUsage of job (MB)
	95268  -  ResidentSetSize of job (KB)
...
040 (6053810.000.000) 08/17 03:43:01 Started transferring output files
...
040 (6053810.000.000) 08/17 03:43:01 Finished transferring output files
...
005 (6053810.000.000) 08/17 03:43:02 Job terminated.
	(1) Normal termination (return value 0)
		Usr 0 01:55:10, Sys 0 00:00:12  -  Run Remote Usage
		Usr 0 00:00:00, Sys 0 00:00:00  -  Run Local Usage
		Usr 0 01:55:10, Sys 0 00:00:12  -  Total Remote Usage
		Usr 0 00:00:00, Sys 0 00:00:00  -  Total Local Usage
	17440  -  Run Bytes Sent By Job
	10066  -  Run Bytes Received By Job
	17440  -  Total Bytes Sent By Job
	10066  -  Total Bytes Received By Job
	Partitionable Resources :    Usage  Request Allocated 
	   Cpus                 :     0.99        1         1 
	   Disk (KB)            : 39259     6144000   6147277 
	   GPUs                 :                           0 
	   Memory (MB)          :    94        3000      3000 
	   TimeExecute (s)      :  6986                       
	   TimeSlotBusy (s)     :  6988                       
...
