000 (6053793.000.000) 08/17 01:42:56 Job submitted from host: <188.185.133.2:9618?addrs=188.185.133.2-9618+[2001-1458-d03-2--100-208]-9618&alias=bigbird102.cern.ch&noUDP&sock=schedd_5723_1498>
    DAG Node: C_A14_S0_F2
...
040 (6053793.000.000) 08/17 01:44:18 Started transferring input files
	Transferring to host: <188.185.195.56:9618?addrs=188.185.195.56-9618+[2001-1458-303-22--100-34]-9618&alias=b9p17p4909.cern.ch&noUDP&sock=slot1_36_3253_c85d_30036>
...
040 (6053793.000.000) 08/17 01:44:18 Finished transferring input files
...
001 (6053793.000.000) 08/17 01:44:19 Job executing on host: <188.185.195.56:9618?addrs=188.185.195.56-9618+[2001-1458-303-22--100-34]-9618&alias=b9p17p4909.cern.ch&noUDP&sock=startd_2587_0b98>
	SlotName: slot1_36@b9p17p4909.cern.ch
	CondorScratchDir = "/pool/condor/dir_328199"
	Cpus = 1
	Disk = 6150269
	GPUs = 0
	Memory = 3000
...
006 (6053793.000.000) 08/17 01:44:28 Image size of job updated: 32728
	32  -  MemoryUsage of job (MB)
	31776  -  ResidentSetSize of job (KB)
...
006 (6053793.000.000) 08/17 01:49:29 Image size of job updated: 94588
	93  -  MemoryUsage of job (MB)
	94588  -  ResidentSetSize of job (KB)
...
006 (6053793.000.000) 08/17 02:24:33 Image size of job updated: 94756
	93  -  MemoryUsage of job (MB)
	94756  -  ResidentSetSize of job (KB)
...
006 (6053793.000.000) 08/17 02:39:34 Image size of job updated: 94920
	93  -  MemoryUsage of job (MB)
	94920  -  ResidentSetSize of job (KB)
...
006 (6053793.000.000) 08/17 02:44:35 Image size of job updated: 94924
	93  -  MemoryUsage of job (MB)
	94924  -  ResidentSetSize of job (KB)
...
006 (6053793.000.000) 08/17 03:04:37 Image size of job updated: 95092
	93  -  MemoryUsage of job (MB)
	95092  -  ResidentSetSize of job (KB)
...
006 (6053793.000.000) 08/17 03:14:38 Image size of job updated: 95264
	94  -  MemoryUsage of job (MB)
	95264  -  ResidentSetSize of job (KB)
...
040 (6053793.000.000) 08/17 03:27:17 Started transferring output files
...
040 (6053793.000.000) 08/17 03:27:17 Finished transferring output files
...
005 (6053793.000.000) 08/17 03:27:17 Job terminated.
	(1) Normal termination (return value 0)
		Usr 0 01:41:56, Sys 0 00:00:09  -  Run Remote Usage
		Usr 0 00:00:00, Sys 0 00:00:00  -  Run Local Usage
		Usr 0 01:41:56, Sys 0 00:00:09  -  Total Remote Usage
		Usr 0 00:00:00, Sys 0 00:00:00  -  Total Local Usage
	17172  -  Run Bytes Sent By Job
	10066  -  Run Bytes Received By Job
	17172  -  Total Bytes Sent By Job
	10066  -  Total Bytes Received By Job
	Partitionable Resources :    Usage  Request Allocated 
	   Cpus                 :     0.99        1         1 
	   Disk (KB)            : 39259     6144000   6150269 
	   GPUs                 :                           0 
	   Memory (MB)          :    94        3000      3000 
	   TimeExecute (s)      :  6178                       
	   TimeSlotBusy (s)     :  6179                       
...
