000 (6053625.000.000) 08/17 01:27:27 Job submitted from host: <188.185.133.2:9618?addrs=188.185.133.2-9618+[2001-1458-d03-2--100-208]-9618&alias=bigbird102.cern.ch&noUDP&sock=schedd_5723_1498>
    DAG Node: C_A02_S6_F0
...
040 (6053625.000.000) 08/17 01:29:21 Started transferring input files
	Transferring to host: <128.142.248.46:9618?addrs=128.142.248.46-9618+[2001-1458-301-73--100-11e]-9618&alias=b9g23p9671.cern.ch&noUDP&sock=slot1_5_7391_60c6_23159>
...
040 (6053625.000.000) 08/17 01:29:21 Finished transferring input files
...
001 (6053625.000.000) 08/17 01:29:22 Job executing on host: <128.142.248.46:9618?addrs=128.142.248.46-9618+[2001-1458-301-73--100-11e]-9618&alias=b9g23p9671.cern.ch&noUDP&sock=startd_6636_5290>
	SlotName: slot1_5@b9g23p9671.cern.ch
	CondorScratchDir = "/pool/condor/dir_1854431"
	Cpus = 1
	Disk = 6145529
	GPUs = 0
	Memory = 3000
...
006 (6053625.000.000) 08/17 01:29:31 Image size of job updated: 38288
	31  -  MemoryUsage of job (MB)
	31232  -  ResidentSetSize of job (KB)
...
006 (6053625.000.000) 08/17 01:34:32 Image size of job updated: 97740
	93  -  MemoryUsage of job (MB)
	94608  -  ResidentSetSize of job (KB)
...
006 (6053625.000.000) 08/17 01:39:32 Image size of job updated: 97740
	93  -  MemoryUsage of job (MB)
	95116  -  ResidentSetSize of job (KB)
...
006 (6053625.000.000) 08/17 01:44:32 Image size of job updated: 106536
	105  -  MemoryUsage of job (MB)
	106536  -  ResidentSetSize of job (KB)
...
006 (6053625.000.000) 08/17 01:49:33 Image size of job updated: 117376
	115  -  MemoryUsage of job (MB)
	117376  -  ResidentSetSize of job (KB)
...
006 (6053625.000.000) 08/17 01:54:33 Image size of job updated: 117380
	115  -  MemoryUsage of job (MB)
	117380  -  ResidentSetSize of job (KB)
...
006 (6053625.000.000) 08/17 01:56:25 Image size of job updated: 117384
	115  -  MemoryUsage of job (MB)
	117380  -  ResidentSetSize of job (KB)
...
040 (6053625.000.000) 08/17 01:56:25 Started transferring output files
...
040 (6053625.000.000) 08/17 01:56:25 Finished transferring output files
...
005 (6053625.000.000) 08/17 01:56:26 Job terminated.
	(1) Normal termination (return value 0)
		Usr 0 00:26:45, Sys 0 00:00:05  -  Run Remote Usage
		Usr 0 00:00:00, Sys 0 00:00:00  -  Run Local Usage
		Usr 0 00:26:45, Sys 0 00:00:05  -  Total Remote Usage
		Usr 0 00:00:00, Sys 0 00:00:00  -  Total Local Usage
	17307  -  Run Bytes Sent By Job
	10066  -  Run Bytes Received By Job
	17307  -  Total Bytes Sent By Job
	10066  -  Total Bytes Received By Job
	Partitionable Resources :    Usage  Request Allocated 
	   Cpus                 :     0.99        1         1 
	   Disk (KB)            : 39260     6144000   6145529 
	   GPUs                 :                           0 
	   Memory (MB)          :   115        3000      3000 
	   TimeExecute (s)      :  1623                       
	   TimeSlotBusy (s)     :  1624                       
...
