000 (6053970.000.000) 08/17 02:14:11 Job submitted from host: <188.185.133.2:9618?addrs=188.185.133.2-9618+[2001-1458-d03-2--100-208]-9618&alias=bigbird102.cern.ch&noUDP&sock=schedd_5723_1498>
    DAG Node: C_A08_S2_F0
...
040 (6053970.000.000) 08/17 02:15:25 Started transferring input files
	Transferring to host: <128.142.33.39:9618?addrs=128.142.33.39-9618+[2001-1458-301-53--100-24]-9618&alias=b9g34p8759.cern.ch&noUDP&sock=slot1_4_3310925_eec7_24676>
...
040 (6053970.000.000) 08/17 02:15:25 Finished transferring input files
...
001 (6053970.000.000) 08/17 02:15:26 Job executing on host: <128.142.33.39:9618?addrs=128.142.33.39-9618+[2001-1458-301-53--100-24]-9618&alias=b9g34p8759.cern.ch&noUDP&sock=startd_3310886_fc9e>
	SlotName: slot1_4@b9g34p8759.cern.ch
	CondorScratchDir = "/pool/condor/dir_2148655"
	Cpus = 1
	Disk = 6146670
	GPUs = 0
	Memory = 3000
...
006 (6053970.000.000) 08/17 02:15:34 Image size of job updated: 39248
	31  -  MemoryUsage of job (MB)
	31088  -  ResidentSetSize of job (KB)
...
006 (6053970.000.000) 08/17 02:20:34 Image size of job updated: 94292
	93  -  MemoryUsage of job (MB)
	94292  -  ResidentSetSize of job (KB)
...
006 (6053970.000.000) 08/17 02:25:35 Image size of job updated: 94964
	93  -  MemoryUsage of job (MB)
	94964  -  ResidentSetSize of job (KB)
...
006 (6053970.000.000) 08/17 02:30:35 Image size of job updated: 106380
	104  -  MemoryUsage of job (MB)
	106380  -  ResidentSetSize of job (KB)
...
006 (6053970.000.000) 08/17 02:35:36 Image size of job updated: 106388
	104  -  MemoryUsage of job (MB)
	106388  -  ResidentSetSize of job (KB)
...
006 (6053970.000.000) 08/17 02:40:37 Image size of job updated: 117224
	115  -  MemoryUsage of job (MB)
	117224  -  ResidentSetSize of job (KB)
...
006 (6053970.000.000) 08/17 02:45:17 Image size of job updated: 117232
	115  -  MemoryUsage of job (MB)
	117224  -  ResidentSetSize of job (KB)
...
040 (6053970.000.000) 08/17 02:45:17 Started transferring output files
...
040 (6053970.000.000) 08/17 02:45:17 Finished transferring output files
...
005 (6053970.000.000) 08/17 02:45:17 Job terminated.
	(1) Normal termination (return value 0)
		Usr 0 00:29:32, Sys 0 00:00:05  -  Run Remote Usage
		Usr 0 00:00:00, Sys 0 00:00:00  -  Run Local Usage
		Usr 0 00:29:32, Sys 0 00:00:05  -  Total Remote Usage
		Usr 0 00:00:00, Sys 0 00:00:00  -  Total Local Usage
	17517  -  Run Bytes Sent By Job
	10066  -  Run Bytes Received By Job
	17517  -  Total Bytes Sent By Job
	10066  -  Total Bytes Received By Job
	Partitionable Resources :    Usage  Request Allocated 
	   Cpus                 :     1.00        1         1 
	   Disk (KB)            : 39224     6144000   6146670 
	   GPUs                 :                           0 
	   Memory (MB)          :   115        3000      3000 
	   TimeExecute (s)      :  1791                       
	   TimeSlotBusy (s)     :  1792                       
...
