000 (6053950.000.000) 08/17 02:08:54 Job submitted from host: <188.185.133.2:9618?addrs=188.185.133.2-9618+[2001-1458-d03-2--100-208]-9618&alias=bigbird102.cern.ch&noUDP&sock=schedd_5723_1498>
    DAG Node: C_A07_S7_F2
...
040 (6053950.000.000) 08/17 02:11:35 Started transferring input files
	Transferring to host: <128.142.51.209:9618?addrs=128.142.51.209-9618+[2001-1458-301-3--100-e]-9618&alias=b9g02p0891.cern.ch&noUDP&sock=slot1_8_8397_322f_33829>
...
040 (6053950.000.000) 08/17 02:11:35 Finished transferring input files
...
001 (6053950.000.000) 08/17 02:11:36 Job executing on host: <128.142.51.209:9618?addrs=128.142.51.209-9618+[2001-1458-301-3--100-e]-9618&alias=b9g02p0891.cern.ch&noUDP&sock=startd_7273_4064>
	SlotName: slot1_8@b9g02p0891.cern.ch
	CondorScratchDir = "/pool/condor/dir_3454958"
	Cpus = 1
	Disk = 6146818
	GPUs = 0
	Memory = 3000
...
006 (6053950.000.000) 08/17 02:11:45 Image size of job updated: 23200
	23  -  MemoryUsage of job (MB)
	23200  -  ResidentSetSize of job (KB)
...
006 (6053950.000.000) 08/17 02:16:46 Image size of job updated: 93700
	89  -  MemoryUsage of job (MB)
	90384  -  ResidentSetSize of job (KB)
...
006 (6053950.000.000) 08/17 03:06:50 Image size of job updated: 93700
	89  -  MemoryUsage of job (MB)
	90548  -  ResidentSetSize of job (KB)
...
006 (6053950.000.000) 08/17 03:11:50 Image size of job updated: 93700
	89  -  MemoryUsage of job (MB)
	90716  -  ResidentSetSize of job (KB)
...
006 (6053950.000.000) 08/17 03:26:52 Image size of job updated: 93700
	89  -  MemoryUsage of job (MB)
	91056  -  ResidentSetSize of job (KB)
...
040 (6053950.000.000) 08/17 03:37:48 Started transferring output files
...
040 (6053950.000.000) 08/17 03:37:48 Finished transferring output files
...
005 (6053950.000.000) 08/17 03:37:48 Job terminated.
	(1) Normal termination (return value 0)
		Usr 0 01:25:00, Sys 0 00:00:20  -  Run Remote Usage
		Usr 0 00:00:00, Sys 0 00:00:00  -  Run Local Usage
		Usr 0 01:25:00, Sys 0 00:00:20  -  Total Remote Usage
		Usr 0 00:00:00, Sys 0 00:00:00  -  Total Local Usage
	17769  -  Run Bytes Sent By Job
	10066  -  Run Bytes Received By Job
	17769  -  Total Bytes Sent By Job
	10066  -  Total Bytes Received By Job
	Partitionable Resources :    Usage  Request Allocated 
	   Cpus                 :     1.00        1         1 
	   Disk (KB)            : 39261     6144000   6146818 
	   GPUs                 :                           0 
	   Memory (MB)          :    89        3000      3000 
	   TimeExecute (s)      :  5172                       
	   TimeSlotBusy (s)     :  5174                       
...
