000 (6053808.000.000) 08/17 01:44:17 Job submitted from host: <188.185.133.2:9618?addrs=188.185.133.2-9618+[2001-1458-d03-2--100-208]-9618&alias=bigbird102.cern.ch&noUDP&sock=schedd_5723_1498>
    DAG Node: C_A03_S0_F0
...
040 (6053808.000.000) 08/17 01:46:34 Started transferring input files
	Transferring to host: <188.185.193.175:9618?addrs=188.185.193.175-9618+[2001-1458-303-20--100-ab]-9618&alias=b9p19p3889.cern.ch&noUDP&sock=slot1_4_3516_1708_28592>
...
040 (6053808.000.000) 08/17 01:46:34 Finished transferring input files
...
001 (6053808.000.000) 08/17 01:46:35 Job executing on host: <188.185.193.175:9618?addrs=188.185.193.175-9618+[2001-1458-303-20--100-ab]-9618&alias=b9p19p3889.cern.ch&noUDP&sock=startd_2632_e95b>
	SlotName: slot1_4@b9p19p3889.cern.ch
	CondorScratchDir = "/pool/condor/dir_16224"
	Cpus = 1
	Disk = 6146884
	GPUs = 0
	Memory = 3000
...
006 (6053808.000.000) 08/17 01:46:43 Image size of job updated: 32288
	32  -  MemoryUsage of job (MB)
	32288  -  ResidentSetSize of job (KB)
...
006 (6053808.000.000) 08/17 01:51:43 Image size of job updated: 97880
	93  -  MemoryUsage of job (MB)
	94588  -  ResidentSetSize of job (KB)
...
006 (6053808.000.000) 08/17 01:56:44 Image size of job updated: 97880
	93  -  MemoryUsage of job (MB)
	94924  -  ResidentSetSize of job (KB)
...
006 (6053808.000.000) 08/17 02:01:44 Image size of job updated: 106676
	105  -  MemoryUsage of job (MB)
	106676  -  ResidentSetSize of job (KB)
...
006 (6053808.000.000) 08/17 02:11:45 Image size of job updated: 106684
	105  -  MemoryUsage of job (MB)
	106684  -  ResidentSetSize of job (KB)
...
006 (6053808.000.000) 08/17 02:16:45 Image size of job updated: 117520
	115  -  MemoryUsage of job (MB)
	117520  -  ResidentSetSize of job (KB)
...
006 (6053808.000.000) 08/17 02:21:46 Image size of job updated: 117528
	115  -  MemoryUsage of job (MB)
	117528  -  ResidentSetSize of job (KB)
...
040 (6053808.000.000) 08/17 02:22:47 Started transferring output files
...
040 (6053808.000.000) 08/17 02:22:47 Finished transferring output files
...
005 (6053808.000.000) 08/17 02:22:47 Job terminated.
	(1) Normal termination (return value 0)
		Usr 0 00:35:35, Sys 0 00:00:08  -  Run Remote Usage
		Usr 0 00:00:00, Sys 0 00:00:00  -  Run Local Usage
		Usr 0 00:35:35, Sys 0 00:00:08  -  Total Remote Usage
		Usr 0 00:00:00, Sys 0 00:00:00  -  Total Local Usage
	17576  -  Run Bytes Sent By Job
	10066  -  Run Bytes Received By Job
	17576  -  Total Bytes Sent By Job
	10066  -  Total Bytes Received By Job
	Partitionable Resources :    Usage  Request Allocated 
	   Cpus                 :     0.99        1         1 
	   Disk (KB)            : 39260     6144000   6146884 
	   GPUs                 :                           0 
	   Memory (MB)          :   115        3000      3000 
	   TimeExecute (s)      :  2172                       
	   TimeSlotBusy (s)     :  2174                       
...
