000 (6054003.000.000) 08/17 02:19:54 Job submitted from host: <188.185.133.2:9618?addrs=188.185.133.2-9618+[2001-1458-d03-2--100-208]-9618&alias=bigbird102.cern.ch&noUDP&sock=schedd_5723_1498>
    DAG Node: C_A13_S0_F2
...
040 (6054003.000.000) 08/17 02:20:35 Started transferring input files
	Transferring to host: <188.185.213.137:9618?addrs=188.185.213.137-9618+[2001-1458-303-1b--100-5]-9618&alias=b9p28p4002.cern.ch&noUDP&sock=slot1_8_4244_0826_43605>
...
040 (6054003.000.000) 08/17 02:20:35 Finished transferring input files
...
001 (6054003.000.000) 08/17 02:20:36 Job executing on host: <188.185.213.137:9618?addrs=188.185.213.137-9618+[2001-1458-303-1b--100-5]-9618&alias=b9p28p4002.cern.ch&noUDP&sock=startd_3530_dd67>
	SlotName: slot1_8@b9p28p4002.cern.ch
	CondorScratchDir = "/pool/condor/dir_2564859"
	Cpus = 1
	Disk = 6146271
	GPUs = 0
	Memory = 3000
...
006 (6054003.000.000) 08/17 02:20:45 Image size of job updated: 26292
	26  -  MemoryUsage of job (MB)
	26292  -  ResidentSetSize of job (KB)
...
006 (6054003.000.000) 08/17 02:25:46 Image size of job updated: 94660
	93  -  MemoryUsage of job (MB)
	94660  -  ResidentSetSize of job (KB)
...
006 (6054003.000.000) 08/17 03:05:50 Image size of job updated: 94824
	93  -  MemoryUsage of job (MB)
	94824  -  ResidentSetSize of job (KB)
...
006 (6054003.000.000) 08/17 03:10:51 Image size of job updated: 95076
	93  -  MemoryUsage of job (MB)
	95076  -  ResidentSetSize of job (KB)
...
006 (6054003.000.000) 08/17 03:25:53 Image size of job updated: 95244
	94  -  MemoryUsage of job (MB)
	95244  -  ResidentSetSize of job (KB)
...
006 (6054003.000.000) 08/17 03:30:53 Image size of job updated: 95416
	94  -  MemoryUsage of job (MB)
	95416  -  ResidentSetSize of job (KB)
...
040 (6054003.000.000) 08/17 03:38:40 Started transferring output files
...
040 (6054003.000.000) 08/17 03:38:40 Finished transferring output files
...
005 (6054003.000.000) 08/17 03:38:40 Job terminated.
	(1) Normal termination (return value 0)
		Usr 0 01:16:37, Sys 0 00:00:12  -  Run Remote Usage
		Usr 0 00:00:00, Sys 0 00:00:00  -  Run Local Usage
		Usr 0 01:16:37, Sys 0 00:00:12  -  Total Remote Usage
		Usr 0 00:00:00, Sys 0 00:00:00  -  Total Local Usage
	17250  -  Run Bytes Sent By Job
	10066  -  Run Bytes Received By Job
	17250  -  Total Bytes Sent By Job
	10066  -  Total Bytes Received By Job
	Partitionable Resources :    Usage  Request Allocated 
	   Cpus                 :     1.00        1         1 
	   Disk (KB)            : 39278     6144000   6146271 
	   GPUs                 :                           0 
	   Memory (MB)          :    94        3000      3000 
	   TimeExecute (s)      :  4684                       
	   TimeSlotBusy (s)     :  4686                       
...
