000 (6053955.000.000) 08/17 02:09:40 Job submitted from host: <188.185.133.2:9618?addrs=188.185.133.2-9618+[2001-1458-d03-2--100-208]-9618&alias=bigbird102.cern.ch&noUDP&sock=schedd_5723_1498>
    DAG Node: C_A13_S1_F0
...
040 (6053955.000.000) 08/17 02:11:36 Started transferring input files
	Transferring to host: <188.185.197.20:9618?addrs=188.185.197.20-9618+[2001-1458-303-24--100-10]-9618&alias=b9p14p6443.cern.ch&noUDP&sock=slot1_10_6451_101f_23901>
...
040 (6053955.000.000) 08/17 02:11:36 Finished transferring input files
...
001 (6053955.000.000) 08/17 02:11:37 Job executing on host: <188.185.197.20:9618?addrs=188.185.197.20-9618+[2001-1458-303-24--100-10]-9618&alias=b9p14p6443.cern.ch&noUDP&sock=startd_5542_edf4>
	SlotName: slot1_10@b9p14p6443.cern.ch
	CondorScratchDir = "/pool/condor/dir_1211048"
	Cpus = 1
	Disk = 6147056
	GPUs = 0
	Memory = 3000
...
006 (6053955.000.000) 08/17 02:11:46 Image size of job updated: 45792
	45  -  MemoryUsage of job (MB)
	45792  -  ResidentSetSize of job (KB)
...
006 (6053955.000.000) 08/17 02:16:47 Image size of job updated: 94908
	93  -  MemoryUsage of job (MB)
	94908  -  ResidentSetSize of job (KB)
...
006 (6053955.000.000) 08/17 02:21:48 Image size of job updated: 106664
	105  -  MemoryUsage of job (MB)
	106664  -  ResidentSetSize of job (KB)
...
006 (6053955.000.000) 08/17 02:26:48 Image size of job updated: 106672
	105  -  MemoryUsage of job (MB)
	106672  -  ResidentSetSize of job (KB)
...
006 (6053955.000.000) 08/17 02:31:49 Image size of job updated: 117508
	115  -  MemoryUsage of job (MB)
	117508  -  ResidentSetSize of job (KB)
...
006 (6053955.000.000) 08/17 02:35:13 Image size of job updated: 117516
	115  -  MemoryUsage of job (MB)
	117508  -  ResidentSetSize of job (KB)
...
040 (6053955.000.000) 08/17 02:35:13 Started transferring output files
...
040 (6053955.000.000) 08/17 02:35:13 Finished transferring output files
...
005 (6053955.000.000) 08/17 02:35:13 Job terminated.
	(1) Normal termination (return value 0)
		Usr 0 00:23:17, Sys 0 00:00:03  -  Run Remote Usage
		Usr 0 00:00:00, Sys 0 00:00:00  -  Run Local Usage
		Usr 0 00:23:17, Sys 0 00:00:03  -  Total Remote Usage
		Usr 0 00:00:00, Sys 0 00:00:00  -  Total Local Usage
	17391  -  Run Bytes Sent By Job
	10066  -  Run Bytes Received By Job
	17391  -  Total Bytes Sent By Job
	10066  -  Total Bytes Received By Job
	Partitionable Resources :    Usage  Request Allocated 
	   Cpus                 :     0.99        1         1 
	   Disk (KB)            : 39259     6144000   6147056 
	   GPUs                 :                           0 
	   Memory (MB)          :   115        3000      3000 
	   TimeExecute (s)      :  1416                       
	   TimeSlotBusy (s)     :  1418                       
...
