000 (6053767.000.000) 08/17 01:40:28 Job submitted from host: <188.185.133.2:9618?addrs=188.185.133.2-9618+[2001-1458-d03-2--100-208]-9618&alias=bigbird102.cern.ch&noUDP&sock=schedd_5723_1498>
    DAG Node: C_A14_S3_F0
...
040 (6053767.000.000) 08/17 01:41:37 Started transferring input files
	Transferring to host: <128.142.33.14:9618?addrs=128.142.33.14-9618+[2001-1458-301-53--100-b]-9618&alias=b9g34p3197.cern.ch&noUDP&sock=slot1_19_4361_780a_27470>
...
040 (6053767.000.000) 08/17 01:41:37 Finished transferring input files
...
001 (6053767.000.000) 08/17 01:41:38 Job executing on host: <128.142.33.14:9618?addrs=128.142.33.14-9618+[2001-1458-301-53--100-b]-9618&alias=b9g34p3197.cern.ch&noUDP&sock=startd_4007_0c14>
	SlotName: slot1_19@b9g34p3197.cern.ch
	CondorScratchDir = "/pool/condor/dir_698996"
	Cpus = 1
	Disk = 6146678
	GPUs = 0
	Memory = 3000
...
006 (6053767.000.000) 08/17 01:41:47 Image size of job updated: 27980
	27  -  MemoryUsage of job (MB)
	27052  -  ResidentSetSize of job (KB)
...
006 (6053767.000.000) 08/17 01:46:48 Image size of job updated: 90396
	89  -  MemoryUsage of job (MB)
	90396  -  ResidentSetSize of job (KB)
...
006 (6053767.000.000) 08/17 01:51:49 Image size of job updated: 90904
	89  -  MemoryUsage of job (MB)
	90904  -  ResidentSetSize of job (KB)
...
006 (6053767.000.000) 08/17 01:56:49 Image size of job updated: 102324
	100  -  MemoryUsage of job (MB)
	102324  -  ResidentSetSize of job (KB)
...
006 (6053767.000.000) 08/17 02:01:50 Image size of job updated: 102328
	100  -  MemoryUsage of job (MB)
	102328  -  ResidentSetSize of job (KB)
...
006 (6053767.000.000) 08/17 02:06:50 Image size of job updated: 113164
	111  -  MemoryUsage of job (MB)
	113164  -  ResidentSetSize of job (KB)
...
006 (6053767.000.000) 08/17 02:11:50 Image size of job updated: 113168
	111  -  MemoryUsage of job (MB)
	113168  -  ResidentSetSize of job (KB)
...
006 (6053767.000.000) 08/17 02:13:39 Image size of job updated: 113172
	111  -  MemoryUsage of job (MB)
	113168  -  ResidentSetSize of job (KB)
...
040 (6053767.000.000) 08/17 02:13:39 Started transferring output files
...
040 (6053767.000.000) 08/17 02:13:39 Finished transferring output files
...
005 (6053767.000.000) 08/17 02:13:39 Job terminated.
	(1) Normal termination (return value 0)
		Usr 0 00:31:42, Sys 0 00:00:05  -  Run Remote Usage
		Usr 0 00:00:00, Sys 0 00:00:00  -  Run Local Usage
		Usr 0 00:31:42, Sys 0 00:00:05  -  Total Remote Usage
		Usr 0 00:00:00, Sys 0 00:00:00  -  Total Local Usage
	17310  -  Run Bytes Sent By Job
	10066  -  Run Bytes Received By Job
	17310  -  Total Bytes Sent By Job
	10066  -  Total Bytes Received By Job
	Partitionable Resources :    Usage  Request Allocated 
	   Cpus                 :     1.00        1         1 
	   Disk (KB)            : 39223     6144000   6146678 
	   GPUs                 :                           0 
	   Memory (MB)          :   111        3000      3000 
	   TimeExecute (s)      :  1921                       
	   TimeSlotBusy (s)     :  1922                       
...
