000 (6053999.000.000) 08/17 02:19:44 Job submitted from host: <188.185.133.2:9618?addrs=188.185.133.2-9618+[2001-1458-d03-2--100-208]-9618&alias=bigbird102.cern.ch&noUDP&sock=schedd_5723_1498>
    DAG Node: C_A07_S0_F2
...
040 (6053999.000.000) 08/17 02:20:33 Started transferring input files
	Transferring to host: <188.185.213.136:9618?addrs=188.185.213.136-9618+[2001-1458-303-1b--100-4]-9618&alias=b9p28p6769.cern.ch&noUDP&sock=slot1_7_7875_6659_41942>
...
040 (6053999.000.000) 08/17 02:20:33 Finished transferring input files
...
001 (6053999.000.000) 08/17 02:20:34 Job executing on host: <188.185.213.136:9618?addrs=188.185.213.136-9618+[2001-1458-303-1b--100-4]-9618&alias=b9p28p6769.cern.ch&noUDP&sock=startd_7374_8775>
	SlotName: slot1_7@b9p28p6769.cern.ch
	CondorScratchDir = "/pool/condor/dir_305315"
	Cpus = 1
	Disk = 6146746
	GPUs = 0
	Memory = 3000
...
006 (6053999.000.000) 08/17 02:20:42 Image size of job updated: 15692
	16  -  MemoryUsage of job (MB)
	15692  -  ResidentSetSize of job (KB)
...
006 (6053999.000.000) 08/17 02:25:42 Image size of job updated: 114224
	93  -  MemoryUsage of job (MB)
	94656  -  ResidentSetSize of job (KB)
...
006 (6053999.000.000) 08/17 03:20:48 Image size of job updated: 114224
	93  -  MemoryUsage of job (MB)
	94820  -  ResidentSetSize of job (KB)
...
006 (6053999.000.000) 08/17 03:25:49 Image size of job updated: 114224
	93  -  MemoryUsage of job (MB)
	94988  -  ResidentSetSize of job (KB)
...
006 (6053999.000.000) 08/17 03:40:51 Image size of job updated: 114224
	94  -  MemoryUsage of job (MB)
	95328  -  ResidentSetSize of job (KB)
...
040 (6053999.000.000) 08/17 03:53:50 Started transferring output files
...
040 (6053999.000.000) 08/17 03:53:50 Finished transferring output files
...
005 (6053999.000.000) 08/17 03:53:50 Job terminated.
	(1) Normal termination (return value 0)
		Usr 0 01:30:45, Sys 0 00:00:16  -  Run Remote Usage
		Usr 0 00:00:00, Sys 0 00:00:00  -  Run Local Usage
		Usr 0 01:30:45, Sys 0 00:00:16  -  Total Remote Usage
		Usr 0 00:00:00, Sys 0 00:00:00  -  Total Local Usage
	17768  -  Run Bytes Sent By Job
	10066  -  Run Bytes Received By Job
	17768  -  Total Bytes Sent By Job
	10066  -  Total Bytes Received By Job
	Partitionable Resources :    Usage  Request Allocated 
	   Cpus                 :     0.93        1         1 
	   Disk (KB)            : 39280     6144000   6146746 
	   GPUs                 :                           0 
	   Memory (MB)          :    94        3000      3000 
	   TimeExecute (s)      :  5596                       
	   TimeSlotBusy (s)     :  5598                       
...
