000 (6054027.000.000) 08/17 02:28:35 Job submitted from host: <188.185.133.2:9618?addrs=188.185.133.2-9618+[2001-1458-d03-2--100-208]-9618&alias=bigbird102.cern.ch&noUDP&sock=schedd_5723_1498>
    DAG Node: C_A11_S7_F2
...
040 (6054027.000.000) 08/17 02:30:35 Started transferring input files
	Transferring to host: <188.185.193.133:9618?addrs=188.185.193.133-9618+[2001-1458-303-20--100-81]-9618&alias=b9p19p3628.cern.ch&noUDP&sock=slot1_27_3283204_faff_29924>
...
040 (6054027.000.000) 08/17 02:30:35 Finished transferring input files
...
001 (6054027.000.000) 08/17 02:30:36 Job executing on host: <188.185.193.133:9618?addrs=188.185.193.133-9618+[2001-1458-303-20--100-81]-9618&alias=b9p19p3628.cern.ch&noUDP&sock=startd_4156_3fb1>
	SlotName: slot1_27@b9p19p3628.cern.ch
	CondorScratchDir = "/pool/condor/dir_1257946"
	Cpus = 1
	Disk = 6150333
	GPUs = 0
	Memory = 3000
...
006 (6054027.000.000) 08/17 02:30:45 Image size of job updated: 28396
	27  -  MemoryUsage of job (MB)
	27344  -  ResidentSetSize of job (KB)
...
006 (6054027.000.000) 08/17 02:35:46 Image size of job updated: 92492
	91  -  MemoryUsage of job (MB)
	92492  -  ResidentSetSize of job (KB)
...
006 (6054027.000.000) 08/17 03:55:54 Image size of job updated: 92660
	91  -  MemoryUsage of job (MB)
	92660  -  ResidentSetSize of job (KB)
...
006 (6054027.000.000) 08/17 04:05:55 Image size of job updated: 92828
	91  -  MemoryUsage of job (MB)
	92828  -  ResidentSetSize of job (KB)
...
006 (6054027.000.000) 08/17 04:25:58 Image size of job updated: 93168
	91  -  MemoryUsage of job (MB)
	93168  -  ResidentSetSize of job (KB)
...
040 (6054027.000.000) 08/17 04:40:47 Started transferring output files
...
040 (6054027.000.000) 08/17 04:40:47 Finished transferring output files
...
005 (6054027.000.000) 08/17 04:40:47 Job terminated.
	(1) Normal termination (return value 0)
		Usr 0 02:08:35, Sys 0 00:00:17  -  Run Remote Usage
		Usr 0 00:00:00, Sys 0 00:00:00  -  Run Local Usage
		Usr 0 02:08:35, Sys 0 00:00:17  -  Total Remote Usage
		Usr 0 00:00:00, Sys 0 00:00:00  -  Total Local Usage
	17998  -  Run Bytes Sent By Job
	10066  -  Run Bytes Received By Job
	17998  -  Total Bytes Sent By Job
	10066  -  Total Bytes Received By Job
	Partitionable Resources :    Usage  Request Allocated 
	   Cpus                 :     0.99        1         1 
	   Disk (KB)            : 39262     6144000   6150333 
	   GPUs                 :                           0 
	   Memory (MB)          :    91        3000      3000 
	   TimeExecute (s)      :  7811                       
	   TimeSlotBusy (s)     :  7812                       
...
