000 (6054038.000.000) 08/17 02:39:43 Job submitted from host: <188.185.133.2:9618?addrs=188.185.133.2-9618+[2001-1458-d03-2--100-208]-9618&alias=bigbird102.cern.ch&noUDP&sock=schedd_5723_1498>
    DAG Node: C_A13_S2_F1
...
040 (6054038.000.000) 08/17 02:41:25 Started transferring input files
	Transferring to host: <128.142.162.22:9618?addrs=128.142.162.22-9618+[2001-1458-301-7b--100-f]-9618&alias=b9g42p1010.cern.ch&noUDP&sock=slot1_23_6335_549b_27527>
...
040 (6054038.000.000) 08/17 02:41:25 Finished transferring input files
...
001 (6054038.000.000) 08/17 02:41:26 Job executing on host: <128.142.162.22:9618?addrs=128.142.162.22-9618+[2001-1458-301-7b--100-f]-9618&alias=b9g42p1010.cern.ch&noUDP&sock=startd_5560_46a8>
	SlotName: slot1_23@b9g42p1010.cern.ch
	CondorScratchDir = "/pool/condor/dir_2135926"
	Cpus = 1
	Disk = 6147269
	GPUs = 0
	Memory = 3000
...
006 (6054038.000.000) 08/17 02:41:35 Image size of job updated: 32000
	32  -  MemoryUsage of job (MB)
	32000  -  ResidentSetSize of job (KB)
...
006 (6054038.000.000) 08/17 02:46:36 Image size of job updated: 94244
	93  -  MemoryUsage of job (MB)
	94244  -  ResidentSetSize of job (KB)
...
006 (6054038.000.000) 08/17 03:01:37 Image size of job updated: 94464
	93  -  MemoryUsage of job (MB)
	94464  -  ResidentSetSize of job (KB)
...
006 (6054038.000.000) 08/17 03:06:37 Image size of job updated: 94748
	93  -  MemoryUsage of job (MB)
	94748  -  ResidentSetSize of job (KB)
...
006 (6054038.000.000) 08/17 03:11:38 Image size of job updated: 94920
	93  -  MemoryUsage of job (MB)
	94920  -  ResidentSetSize of job (KB)
...
040 (6054038.000.000) 08/17 03:12:10 Started transferring output files
...
040 (6054038.000.000) 08/17 03:12:10 Finished transferring output files
...
005 (6054038.000.000) 08/17 03:12:10 Job terminated.
	(1) Normal termination (return value 0)
		Usr 0 00:30:19, Sys 0 00:00:05  -  Run Remote Usage
		Usr 0 00:00:00, Sys 0 00:00:00  -  Run Local Usage
		Usr 0 00:30:19, Sys 0 00:00:05  -  Total Remote Usage
		Usr 0 00:00:00, Sys 0 00:00:00  -  Total Local Usage
	17250  -  Run Bytes Sent By Job
	10066  -  Run Bytes Received By Job
	17250  -  Total Bytes Sent By Job
	10066  -  Total Bytes Received By Job
	Partitionable Resources :    Usage  Request Allocated 
	   Cpus                 :     1.00        1         1 
	   Disk (KB)            : 39219     6144000   6147269 
	   GPUs                 :                           0 
	   Memory (MB)          :    93        3000      3000 
	   TimeExecute (s)      :  1844                       
	   TimeSlotBusy (s)     :  1846                       
...
