000 (6053791.000.000) 08/17 01:42:56 Job submitted from host: <188.185.133.2:9618?addrs=188.185.133.2-9618+[2001-1458-d03-2--100-208]-9618&alias=bigbird102.cern.ch&noUDP&sock=schedd_5723_1498>
    DAG Node: C_A14_S0_F0
...
040 (6053791.000.000) 08/17 01:44:01 Started transferring input files
	Transferring to host: <188.185.196.96:9618?addrs=188.185.196.96-9618+[2001-1458-303-23--100-5c]-9618&alias=b9p16p5590.cern.ch&noUDP&sock=slot1_13_7278_c261_30809>
...
040 (6053791.000.000) 08/17 01:44:01 Finished transferring input files
...
001 (6053791.000.000) 08/17 01:44:02 Job executing on host: <188.185.196.96:9618?addrs=188.185.196.96-9618+[2001-1458-303-23--100-5c]-9618&alias=b9p16p5590.cern.ch&noUDP&sock=startd_6367_cf96>
	SlotName: slot1_13@b9p16p5590.cern.ch
	CondorScratchDir = "/pool/condor/dir_1939594"
	Cpus = 1
	Disk = 6154501
	GPUs = 0
	Memory = 3000
...
006 (6053791.000.000) 08/17 01:44:10 Image size of job updated: 44192
	31  -  MemoryUsage of job (MB)
	31408  -  ResidentSetSize of job (KB)
...
006 (6053791.000.000) 08/17 01:49:10 Image size of job updated: 94920
	93  -  MemoryUsage of job (MB)
	94920  -  ResidentSetSize of job (KB)
...
006 (6053791.000.000) 08/17 01:54:11 Image size of job updated: 106676
	105  -  MemoryUsage of job (MB)
	106676  -  ResidentSetSize of job (KB)
...
006 (6053791.000.000) 08/17 01:59:11 Image size of job updated: 106680
	105  -  MemoryUsage of job (MB)
	106680  -  ResidentSetSize of job (KB)
...
006 (6053791.000.000) 08/17 02:04:12 Image size of job updated: 117520
	115  -  MemoryUsage of job (MB)
	117520  -  ResidentSetSize of job (KB)
...
006 (6053791.000.000) 08/17 02:09:13 Image size of job updated: 117524
	115  -  MemoryUsage of job (MB)
	117524  -  ResidentSetSize of job (KB)
...
006 (6053791.000.000) 08/17 02:10:41 Image size of job updated: 117528
	115  -  MemoryUsage of job (MB)
	117524  -  ResidentSetSize of job (KB)
...
040 (6053791.000.000) 08/17 02:10:41 Started transferring output files
...
040 (6053791.000.000) 08/17 02:10:41 Finished transferring output files
...
005 (6053791.000.000) 08/17 02:10:41 Job terminated.
	(1) Normal termination (return value 0)
		Usr 0 00:26:23, Sys 0 00:00:04  -  Run Remote Usage
		Usr 0 00:00:00, Sys 0 00:00:00  -  Run Local Usage
		Usr 0 00:26:23, Sys 0 00:00:04  -  Total Remote Usage
		Usr 0 00:00:00, Sys 0 00:00:00  -  Total Local Usage
	17311  -  Run Bytes Sent By Job
	10066  -  Run Bytes Received By Job
	17311  -  Total Bytes Sent By Job
	10066  -  Total Bytes Received By Job
	Partitionable Resources :    Usage  Request Allocated 
	   Cpus                 :     0.99        1         1 
	   Disk (KB)            : 39260     6144000   6154501 
	   GPUs                 :                           0 
	   Memory (MB)          :   115        3000      3000 
	   TimeExecute (s)      :  1599                       
	   TimeSlotBusy (s)     :  1600                       
...
