000 (6054019.000.000) 08/17 02:26:33 Job submitted from host: <188.185.133.2:9618?addrs=188.185.133.2-9618+[2001-1458-d03-2--100-208]-9618&alias=bigbird102.cern.ch&noUDP&sock=schedd_5723_1498>
    DAG Node: C_A11_S6_F1
...
040 (6054019.000.000) 08/17 02:27:10 Started transferring input files
	Transferring to host: <188.185.197.171:9618?addrs=188.185.197.171-9618+[2001-1458-303-24--100-a7]-9618&alias=b9p14p2951.cern.ch&noUDP&sock=slot1_37_5509_56b9_23597>
...
040 (6054019.000.000) 08/17 02:27:10 Finished transferring input files
...
001 (6054019.000.000) 08/17 02:27:11 Job executing on host: <188.185.197.171:9618?addrs=188.185.197.171-9618+[2001-1458-303-24--100-a7]-9618&alias=b9p14p2951.cern.ch&noUDP&sock=startd_4292_8892>
	SlotName: slot1_37@b9p14p2951.cern.ch
	CondorScratchDir = "/pool/condor/dir_3421634"
	Cpus = 1
	Disk = 6146564
	GPUs = 0
	Memory = 3000
...
006 (6054019.000.000) 08/17 02:27:20 Image size of job updated: 32292
	31  -  MemoryUsage of job (MB)
	31600  -  ResidentSetSize of job (KB)
...
006 (6054019.000.000) 08/17 02:32:21 Image size of job updated: 94508
	93  -  MemoryUsage of job (MB)
	94508  -  ResidentSetSize of job (KB)
...
006 (6054019.000.000) 08/17 02:52:22 Image size of job updated: 94672
	93  -  MemoryUsage of job (MB)
	94672  -  ResidentSetSize of job (KB)
...
006 (6054019.000.000) 08/17 02:57:24 Image size of job updated: 94840
	93  -  MemoryUsage of job (MB)
	94840  -  ResidentSetSize of job (KB)
...
006 (6054019.000.000) 08/17 03:02:12 Image size of job updated: 95180
	93  -  MemoryUsage of job (MB)
	94840  -  ResidentSetSize of job (KB)
...
040 (6054019.000.000) 08/17 03:02:12 Started transferring output files
...
040 (6054019.000.000) 08/17 03:02:12 Finished transferring output files
...
005 (6054019.000.000) 08/17 03:02:12 Job terminated.
	(1) Normal termination (return value 0)
		Usr 0 00:34:11, Sys 0 00:00:16  -  Run Remote Usage
		Usr 0 00:00:00, Sys 0 00:00:00  -  Run Local Usage
		Usr 0 00:34:11, Sys 0 00:00:16  -  Total Remote Usage
		Usr 0 00:00:00, Sys 0 00:00:00  -  Total Local Usage
	17995  -  Run Bytes Sent By Job
	10066  -  Run Bytes Received By Job
	17995  -  Total Bytes Sent By Job
	10066  -  Total Bytes Received By Job
	Partitionable Resources :    Usage  Request Allocated 
	   Cpus                 :     0.99        1         1 
	   Disk (KB)            : 39261     6144000   6146564 
	   GPUs                 :                           0 
	   Memory (MB)          :    93        3000      3000 
	   TimeExecute (s)      :  2101                       
	   TimeSlotBusy (s)     :  2102                       
...
