000 (6053732.000.000) 08/17 01:35:41 Job submitted from host: <188.185.133.2:9618?addrs=188.185.133.2-9618+[2001-1458-d03-2--100-208]-9618&alias=bigbird102.cern.ch&noUDP&sock=schedd_5723_1498>
    DAG Node: C_A04_S3_F2
...
040 (6053732.000.000) 08/17 01:36:38 Started transferring input files
	Transferring to host: <188.185.196.170:9618?addrs=188.185.196.170-9618+[2001-1458-303-23--100-a6]-9618&alias=b9p16p1151.cern.ch&noUDP&sock=slot1_31_4370_cf6b_31620>
...
040 (6053732.000.000) 08/17 01:36:38 Finished transferring input files
...
001 (6053732.000.000) 08/17 01:36:39 Job executing on host: <188.185.196.170:9618?addrs=188.185.196.170-9618+[2001-1458-303-23--100-a6]-9618&alias=b9p16p1151.cern.ch&noUDP&sock=startd_3370_1e40>
	SlotName: slot1_31@b9p16p1151.cern.ch
	CondorScratchDir = "/pool/condor/dir_1280038"
	Cpus = 1
	Disk = 6146690
	GPUs = 0
	Memory = 3000
...
006 (6053732.000.000) 08/17 01:36:48 Image size of job updated: 32644
	32  -  MemoryUsage of job (MB)
	32644  -  ResidentSetSize of job (KB)
...
006 (6053732.000.000) 08/17 01:41:49 Image size of job updated: 94592
	93  -  MemoryUsage of job (MB)
	94592  -  ResidentSetSize of job (KB)
...
006 (6053732.000.000) 08/17 02:46:57 Image size of job updated: 94760
	93  -  MemoryUsage of job (MB)
	94760  -  ResidentSetSize of job (KB)
...
006 (6053732.000.000) 08/17 02:56:58 Image size of job updated: 94812
	93  -  MemoryUsage of job (MB)
	94812  -  ResidentSetSize of job (KB)
...
006 (6053732.000.000) 08/17 03:01:59 Image size of job updated: 94924
	93  -  MemoryUsage of job (MB)
	94924  -  ResidentSetSize of job (KB)
...
006 (6053732.000.000) 08/17 03:12:00 Image size of job updated: 94928
	93  -  MemoryUsage of job (MB)
	94928  -  ResidentSetSize of job (KB)
...
006 (6053732.000.000) 08/17 03:27:01 Image size of job updated: 95264
	94  -  MemoryUsage of job (MB)
	95264  -  ResidentSetSize of job (KB)
...
006 (6053732.000.000) 08/17 03:32:01 Image size of job updated: 95268
	94  -  MemoryUsage of job (MB)
	95268  -  ResidentSetSize of job (KB)
...
040 (6053732.000.000) 08/17 03:49:18 Started transferring output files
...
040 (6053732.000.000) 08/17 03:49:18 Finished transferring output files
...
005 (6053732.000.000) 08/17 03:49:18 Job terminated.
	(1) Normal termination (return value 0)
		Usr 0 02:11:12, Sys 0 00:00:12  -  Run Remote Usage
		Usr 0 00:00:00, Sys 0 00:00:00  -  Run Local Usage
		Usr 0 02:11:12, Sys 0 00:00:12  -  Total Remote Usage
		Usr 0 00:00:00, Sys 0 00:00:00  -  Total Local Usage
	17245  -  Run Bytes Sent By Job
	10066  -  Run Bytes Received By Job
	17245  -  Total Bytes Sent By Job
	10066  -  Total Bytes Received By Job
	Partitionable Resources :    Usage  Request Allocated 
	   Cpus                 :     0.99        1         1 
	   Disk (KB)            : 39258     6144000   6146690 
	   GPUs                 :                           0 
	   Memory (MB)          :    94        3000      3000 
	   TimeExecute (s)      :  7959                       
	   TimeSlotBusy (s)     :  7961                       
...
