000 (6053905.000.000) 08/17 01:59:51 Job submitted from host: <188.185.133.2:9618?addrs=188.185.133.2-9618+[2001-1458-d03-2--100-208]-9618&alias=bigbird102.cern.ch&noUDP&sock=schedd_5723_1498>
    DAG Node: C_A06_S5_F0
...
040 (6053905.000.000) 08/17 02:00:23 Started transferring input files
	Transferring to host: <188.185.195.10:9618?addrs=188.185.195.10-9618+[2001-1458-303-22--100-6]-9618&alias=b9p17p2837.cern.ch&noUDP&sock=slot1_14_3356_5b02_30612>
...
040 (6053905.000.000) 08/17 02:00:23 Finished transferring input files
...
001 (6053905.000.000) 08/17 02:00:24 Job executing on host: <188.185.195.10:9618?addrs=188.185.195.10-9618+[2001-1458-303-22--100-6]-9618&alias=b9p17p2837.cern.ch&noUDP&sock=startd_2683_e4b0>
	SlotName: slot1_14@b9p17p2837.cern.ch
	CondorScratchDir = "/pool/condor/dir_1409594"
	Cpus = 1
	Disk = 6146664
	GPUs = 0
	Memory = 3000
...
006 (6053905.000.000) 08/17 02:00:33 Image size of job updated: 22272
	22  -  MemoryUsage of job (MB)
	22272  -  ResidentSetSize of job (KB)
...
006 (6053905.000.000) 08/17 02:05:34 Image size of job updated: 90452
	89  -  MemoryUsage of job (MB)
	90452  -  ResidentSetSize of job (KB)
...
006 (6053905.000.000) 08/17 02:10:34 Image size of job updated: 90784
	89  -  MemoryUsage of job (MB)
	90784  -  ResidentSetSize of job (KB)
...
006 (6053905.000.000) 08/17 02:15:35 Image size of job updated: 102540
	101  -  MemoryUsage of job (MB)
	102540  -  ResidentSetSize of job (KB)
...
006 (6053905.000.000) 08/17 02:25:35 Image size of job updated: 102544
	101  -  MemoryUsage of job (MB)
	102544  -  ResidentSetSize of job (KB)
...
006 (6053905.000.000) 08/17 02:30:36 Image size of job updated: 113384
	111  -  MemoryUsage of job (MB)
	113384  -  ResidentSetSize of job (KB)
...
006 (6053905.000.000) 08/17 02:40:37 Image size of job updated: 113392
	111  -  MemoryUsage of job (MB)
	113392  -  ResidentSetSize of job (KB)
...
040 (6053905.000.000) 08/17 02:41:17 Started transferring output files
...
040 (6053905.000.000) 08/17 02:41:17 Finished transferring output files
...
005 (6053905.000.000) 08/17 02:41:17 Job terminated.
	(1) Normal termination (return value 0)
		Usr 0 00:40:10, Sys 0 00:00:06  -  Run Remote Usage
		Usr 0 00:00:00, Sys 0 00:00:00  -  Run Local Usage
		Usr 0 00:40:10, Sys 0 00:00:06  -  Total Remote Usage
		Usr 0 00:00:00, Sys 0 00:00:00  -  Total Local Usage
	18137  -  Run Bytes Sent By Job
	10066  -  Run Bytes Received By Job
	18137  -  Total Bytes Sent By Job
	10066  -  Total Bytes Received By Job
	Partitionable Resources :    Usage  Request Allocated 
	   Cpus                 :     0.99        1         1 
	   Disk (KB)            : 39262     6144000   6146664 
	   GPUs                 :                           0 
	   Memory (MB)          :   111        3000      3000 
	   TimeExecute (s)      :  2453                       
	   TimeSlotBusy (s)     :  2455                       
...
