000 (6053991.000.000) 08/17 02:17:56 Job submitted from host: <188.185.133.2:9618?addrs=188.185.133.2-9618+[2001-1458-d03-2--100-208]-9618&alias=bigbird102.cern.ch&noUDP&sock=schedd_5723_1498>
    DAG Node: C_A11_S2_F1
...
040 (6053991.000.000) 08/17 02:20:06 Started transferring input files
	Transferring to host: <128.142.248.35:9618?addrs=128.142.248.35-9618+[2001-1458-301-73--100-113]-9618&alias=b9g23p9961.cern.ch&noUDP&sock=slot1_11_8270_b689_23103>
...
040 (6053991.000.000) 08/17 02:20:06 Finished transferring input files
...
001 (6053991.000.000) 08/17 02:20:07 Job executing on host: <128.142.248.35:9618?addrs=128.142.248.35-9618+[2001-1458-301-73--100-113]-9618&alias=b9g23p9961.cern.ch&noUDP&sock=startd_7525_1a42>
	SlotName: slot1_11@b9g23p9961.cern.ch
	CondorScratchDir = "/pool/condor/dir_2683570"
	Cpus = 1
	Disk = 6144788
	GPUs = 0
	Memory = 3000
...
006 (6053991.000.000) 08/17 02:20:16 Image size of job updated: 32592
	31  -  MemoryUsage of job (MB)
	31204  -  ResidentSetSize of job (KB)
...
006 (6053991.000.000) 08/17 02:25:17 Image size of job updated: 94372
	93  -  MemoryUsage of job (MB)
	94372  -  ResidentSetSize of job (KB)
...
006 (6053991.000.000) 08/17 02:55:20 Image size of job updated: 94592
	93  -  MemoryUsage of job (MB)
	94592  -  ResidentSetSize of job (KB)
...
006 (6053991.000.000) 08/17 03:00:20 Image size of job updated: 94704
	93  -  MemoryUsage of job (MB)
	94704  -  ResidentSetSize of job (KB)
...
006 (6053991.000.000) 08/17 03:05:21 Image size of job updated: 95044
	93  -  MemoryUsage of job (MB)
	95044  -  ResidentSetSize of job (KB)
...
040 (6053991.000.000) 08/17 03:07:53 Started transferring output files
...
040 (6053991.000.000) 08/17 03:07:53 Finished transferring output files
...
005 (6053991.000.000) 08/17 03:07:53 Job terminated.
	(1) Normal termination (return value 0)
		Usr 0 00:47:09, Sys 0 00:00:07  -  Run Remote Usage
		Usr 0 00:00:00, Sys 0 00:00:00  -  Run Local Usage
		Usr 0 00:47:09, Sys 0 00:00:07  -  Total Remote Usage
		Usr 0 00:00:00, Sys 0 00:00:00  -  Total Local Usage
	17998  -  Run Bytes Sent By Job
	10066  -  Run Bytes Received By Job
	17998  -  Total Bytes Sent By Job
	10066  -  Total Bytes Received By Job
	Partitionable Resources :    Usage  Request Allocated 
	   Cpus                 :     0.99        1         1 
	   Disk (KB)            : 39262     6144000   6144788 
	   GPUs                 :                           0 
	   Memory (MB)          :    93        3000      3000 
	   TimeExecute (s)      :  2866                       
	   TimeSlotBusy (s)     :  2867                       
...
