000 (6053975.000.000) 08/17 02:14:26 Job submitted from host: <188.185.133.2:9618?addrs=188.185.133.2-9618+[2001-1458-d03-2--100-208]-9618&alias=bigbird102.cern.ch&noUDP&sock=schedd_5723_1498>
    DAG Node: C_A08_S5_F2
...
040 (6053975.000.000) 08/17 02:15:27 Started transferring input files
	Transferring to host: <128.142.162.42:9618?addrs=128.142.162.42-9618+[2001-1458-301-7b--100-23]-9618&alias=b9g42p1022.cern.ch&noUDP&sock=slot1_17_3916_ed18_23112>
...
040 (6053975.000.000) 08/17 02:15:27 Finished transferring input files
...
001 (6053975.000.000) 08/17 02:15:28 Job executing on host: <128.142.162.42:9618?addrs=128.142.162.42-9618+[2001-1458-301-7b--100-23]-9618&alias=b9g42p1022.cern.ch&noUDP&sock=startd_3569_9d99>
	SlotName: slot1_17@b9g42p1022.cern.ch
	CondorScratchDir = "/pool/condor/dir_3404084"
	Cpus = 1
	Disk = 6146801
	GPUs = 0
	Memory = 3000
...
006 (6053975.000.000) 08/17 02:15:36 Image size of job updated: 48152
	48  -  MemoryUsage of job (MB)
	48152  -  ResidentSetSize of job (KB)
...
006 (6053975.000.000) 08/17 02:20:36 Image size of job updated: 94212
	93  -  MemoryUsage of job (MB)
	94212  -  ResidentSetSize of job (KB)
...
006 (6053975.000.000) 08/17 03:45:46 Image size of job updated: 94380
	93  -  MemoryUsage of job (MB)
	94380  -  ResidentSetSize of job (KB)
...
006 (6053975.000.000) 08/17 03:50:46 Image size of job updated: 94432
	93  -  MemoryUsage of job (MB)
	94432  -  ResidentSetSize of job (KB)
...
006 (6053975.000.000) 08/17 03:55:47 Image size of job updated: 94548
	93  -  MemoryUsage of job (MB)
	94548  -  ResidentSetSize of job (KB)
...
006 (6053975.000.000) 08/17 04:15:49 Image size of job updated: 94716
	93  -  MemoryUsage of job (MB)
	94716  -  ResidentSetSize of job (KB)
...
006 (6053975.000.000) 08/17 04:20:50 Image size of job updated: 94888
	93  -  MemoryUsage of job (MB)
	94888  -  ResidentSetSize of job (KB)
...
040 (6053975.000.000) 08/17 04:39:45 Started transferring output files
...
040 (6053975.000.000) 08/17 04:39:45 Finished transferring output files
...
005 (6053975.000.000) 08/17 04:39:45 Job terminated.
	(1) Normal termination (return value 0)
		Usr 0 02:21:32, Sys 0 00:00:26  -  Run Remote Usage
		Usr 0 00:00:00, Sys 0 00:00:00  -  Run Local Usage
		Usr 0 02:21:32, Sys 0 00:00:26  -  Total Remote Usage
		Usr 0 00:00:00, Sys 0 00:00:00  -  Total Local Usage
	17376  -  Run Bytes Sent By Job
	10066  -  Run Bytes Received By Job
	17376  -  Total Bytes Sent By Job
	10066  -  Total Bytes Received By Job
	Partitionable Resources :    Usage  Request Allocated 
	   Cpus                 :     0.98        1         1 
	   Disk (KB)            : 39218     6144000   6146801 
	   GPUs                 :                           0 
	   Memory (MB)          :    93        3000      3000 
	   TimeExecute (s)      :  8657                       
	   TimeSlotBusy (s)     :  8658                       
...
