| Writing log to 'whizard.log'
|=============================================================================|
|                                                                             |
|    WW             WW  WW   WW  WW  WWWWWW      WW      WWWWW    WWWW        |
|     WW    WW     WW   WW   WW  WW     WW      WWWW     WW  WW   WW  WW      |
|      WW  WW WW  WW    WWWWWWW  WW    WW      WW  WW    WWWWW    WW   WW     |
|       WWWW   WWWW     WW   WW  WW   WW      WWWWWWWW   WW  WW   WW  WW      |
|        WW     WW      WW   WW  WW  WWWWWW  WW      WW  WW   WW  WWWW        |
|                                                                             |
|                                                                             |
|                                        W                                    |
|                                       sW                                    |
|                                       WW                                    |
|                                      sWW                                    |
|                                      WWW                                    |
|                                     wWWW                                    |
|                                    wWWWW                                    |
|                                    WW WW                                    |
|                                    WW WW                                    |
|                                   wWW WW                                    |
|                                  wWW  WW                                    |
|                                  WW   WW                                    |
|                                  WW   WW                                    |
|                                 WW    WW                                    |
|                                 WW    WW                                    |
|                                WW     WW                                    |
|                                WW     WW                                    |
|           wwwwww              WW      WW                                    |
|              WWWWWww          WW      WW                                    |
|                 WWWWWwwwww   WW       WW                                    |
|                     wWWWwwwwwWW       WW                                    |
|                 wWWWWWWWWWWwWWW       WW                                    |
|                wWWWWW       wW        WWWWWWW                               |
|                  WWWW       wW        WW  wWWWWWWWwww                       |
|                   WWWW                      wWWWWWWWwwww                    |
|                     WWWW                      WWWW     WWw                  |
|                       WWWWww                   WWWW                         |
|                           WWWwwww              WWWW                         |
|                               wWWWWwww       wWWWWW                         |
|                                     WwwwwwwwwWWW                            |
|                                                                             |
|                                                                             |
|                                                                             |
|  by:   Wolfgang Kilian, Thorsten Ohl, Juergen Reuter                        |
|        with contributions from Christian Speckner                           |
|        Contact: <whizard@desy.de>                                           |
|                                                                             |
|  if you use WHIZARD please cite:                                            |
|        W. Kilian, T. Ohl, J. Reuter,  Eur.Phys.J.C71 (2011) 1742            |
|                                          [arXiv: 0708.4233 [hep-ph]]        |
|        M. Moretti, T. Ohl, J. Reuter, arXiv: hep-ph/0102195                 |
|                                                                             |
|=============================================================================|
|                               WHIZARD 3.1.5
|=============================================================================|
| Reading model file '/cvmfs/sw.hsf.org/key4hep/releases/2026-04-08/x86_64-almalinux9-gcc14.2.0-opt/whizard/3.1.5-nmagsz/share/whizard/models/SM.mdl'
| Preloaded model: SM
| Process library 'default_lib': initialized
| Preloaded library: default_lib
| Reading model file '/cvmfs/sw.hsf.org/key4hep/releases/2026-04-08/x86_64-almalinux9-gcc14.2.0-opt/whizard/3.1.5-nmagsz/share/whizard/models/SM_hadrons.mdl'
| Reading commands from file 'input.sin'
| Switching to model 'SM', scheme 'default'
| Process library 'default_lib': recorded process 'tt_prod'
| Process library 'default_lib': recorded process 't_decay'
| Process library 'default_lib': recorded process 'tbar_decay'
| Integrate: current process library needs compilation
| Process library 'default_lib': compiling ...
| Process library 'default_lib': writing makefile
| Process library 'default_lib': writing driver
| Process library 'default_lib': creating source code
  RM        tt_prod_i1.f90,.mod,.lo
  RM        t_decay_i1.f90,.mod,.lo
  RM        tbar_decay_i1.f90,.mod,.lo
  OMEGA     tt_prod_i1.f90
[1/1] e- e+ -> t tbar ... allowed. [time: 0.22 secs, total: 0.22 secs, remaining: 0.00 secs]
all processes done. [total time: 0.22 secs]
SUMMARY: 6 fusions, 2 propagators, 2 diagrams
SUMMARY: 4 vertices
  OMEGA     t_decay_i1.f90
[1/1] t -> b e+ nue ... allowed. [time: 0.20 secs, total: 0.20 secs, remaining: 0.00 secs]
all processes done. [total time: 0.20 secs]
SUMMARY: 3 fusions, 1 propagators, 1 diagrams
SUMMARY: 1 vertices
  OMEGA     tbar_decay_i1.f90
[1/1] tbar -> bbar mu- numubar ... allowed. [time: 0.21 secs, total: 0.21 secs, remaining: 0.00 secs]
all processes done. [total time: 0.21 secs]
SUMMARY: 3 fusions, 1 propagators, 1 diagrams
SUMMARY: 1 vertices
| Process library 'default_lib': compiling sources
  FC        default_lib.lo
| Process library 'default_lib': linking
  FCLD      default_lib.la
| Process library 'default_lib': loading
| Process library 'default_lib': ... success.
| Integrate: compilation done
| RNG: Initializing TAO random-number generator
| RNG: Setting seed for random-number generator to 5585
| Initializing integration for process t_decay:
| Beam structure: [any particles]
| Beam data (decay):
|   t  (mass = 1.7310000E+02 GeV)
| Phase space: generating configuration ...
| Phase space: ... success.
| Phase space: writing configuration file 't_decay.i1.phs'
| ------------------------------------------------------------------------
| Process [decay]: 't_decay'
|   Library name  = 'default_lib'
|   Process index = 2
|   Process components:
|     1: 't_decay_i1':   t => b, e+, nue [omega]
| ------------------------------------------------------------------------
| Phase space: 2 channels, 5 dimensions
| Phase space: found 2 channels, collected in 2 groves.
| Phase space: Using 2 equivalences between channels.
| Phase space: wood
Warning: No cuts have been defined.
| OpenMP: Using 1 thread
| Starting integration for process 't_decay'
| Integrate: iterations = 3:5000:"gw", 3:20000
| Integrator: 2 chains, 2 channels, 5 dimensions
| Integrator: Using VAMP channel equivalences
| Integrator: 5000 initial calls, 20 bins, stratified = T
| Integrator: VAMP
|=============================================================================|
| It      Calls  Integral[GeV] Error[GeV]  Err[%]    Acc  Eff[%]   Chi2 N[It] |
|=============================================================================|
   1       5000  1.6297870E-01  1.52E-03    0.93    0.66*  37.87
   2       4999  1.6492282E-01  8.66E-04    0.53    0.37*  62.61
   3       4998  1.6346876E-01  6.20E-04    0.38    0.27*  64.19
|-----------------------------------------------------------------------------|
   3      14997  1.6386437E-01  4.79E-04    0.29    0.36   64.19    1.12   3
|-----------------------------------------------------------------------------|
   4      19999  1.6333607E-01  3.12E-04    0.19    0.27   62.41
   5      19999  1.6321084E-01  3.11E-04    0.19    0.27   62.37
   6      19999  1.6406531E-01  3.08E-04    0.19    0.27*  62.46
|-----------------------------------------------------------------------------|
   6      59997  1.6354165E-01  1.79E-04    0.11    0.27   62.46    2.23   3
|=============================================================================|
| Time estimate for generating 10000 events: 0d:00h:00m:00s
| RNG: Initializing TAO random-number generator
| RNG: Setting seed for random-number generator to 5586
| Initializing integration for process tbar_decay:
| Beam structure: [any particles]
| Beam data (decay):
|   tbar  (mass = 1.7310000E+02 GeV)
| Phase space: generating configuration ...
| Phase space: ... success.
| Phase space: writing configuration file 'tbar_decay.i1.phs'
| ------------------------------------------------------------------------
| Process [decay]: 'tbar_decay'
|   Library name  = 'default_lib'
|   Process index = 3
|   Process components:
|     1: 'tbar_decay_i1':   tbar => bbar, mu-, numubar [omega]
| ------------------------------------------------------------------------
| Phase space: 2 channels, 5 dimensions
| Phase space: found 2 channels, collected in 2 groves.
| Phase space: Using 2 equivalences between channels.
| Phase space: wood
Warning: No cuts have been defined.
| OpenMP: Using 1 thread
| Starting integration for process 'tbar_decay'
| Integrate: iterations = 3:5000:"gw", 3:20000
| Integrator: 2 chains, 2 channels, 5 dimensions
| Integrator: Using VAMP channel equivalences
| Integrator: 5000 initial calls, 20 bins, stratified = T
| Integrator: VAMP
|=============================================================================|
| It      Calls  Integral[GeV] Error[GeV]  Err[%]    Acc  Eff[%]   Chi2 N[It] |
|=============================================================================|
   1       5000  1.6417042E-01  1.46E-03    0.89    0.63*  38.12
   2       4999  1.6565587E-01  8.32E-04    0.50    0.36*  63.52
   3       4998  1.6354611E-01  6.15E-04    0.38    0.27*  63.73
|-----------------------------------------------------------------------------|
   3      14997  1.6427872E-01  4.68E-04    0.29    0.35   63.73    2.08   3
|-----------------------------------------------------------------------------|
   4      19999  1.6365279E-01  3.05E-04    0.19    0.26*  63.66
   5      19999  1.6417863E-01  3.01E-04    0.18    0.26*  62.66
   6      19999  1.6310827E-01  3.09E-04    0.19    0.27   61.09
|-----------------------------------------------------------------------------|
   6      59997  1.6365573E-01  1.76E-04    0.11    0.26   61.09    3.08   3
|=============================================================================|
| Time estimate for generating 10000 events: 0d:00h:00m:00s
sqrts =  5.000000000000E+02
?diagonal_decay = false
?isotropic_decay = true
?polarized_events = true
| RNG: Initializing TAO random-number generator
| RNG: Setting seed for random-number generator to 5587
| Initializing integration for process tt_prod:
| Beam structure: e-, e+
|   polarization (beam 1):
|     @(+1: +1: ( 1.000000000000E+00, 0.000000000000E+00))
|   polarization (beam 2):
|     @(-1: -1: ( 1.000000000000E+00, 0.000000000000E+00))
|   polarization degree = 1.0000000, 1.0000000
| Beam data (collision):
|   e-  (mass = 5.1099700E-04 GeV)  polarized
|   e+  (mass = 5.1099700E-04 GeV)  polarized
|   sqrts = 5.000000000000E+02 GeV
| Phase space: generating configuration ...
| Phase space: ... success.
| Phase space: writing configuration file 'tt_prod.i1.phs'
| ------------------------------------------------------------------------
| Process [scattering]: 'tt_prod'
|   Library name  = 'default_lib'
|   Process index = 1
|   Process components:
|     1: 'tt_prod_i1':   e-, e+ => t, tbar [omega]
| ------------------------------------------------------------------------
| Phase space: 1 channels, 2 dimensions
| Phase space: found 1 channel, collected in 1 grove.
| Phase space: Using 1 equivalence between channels.
| Phase space: wood
Warning: No cuts have been defined.
| OpenMP: Using 1 thread
| Starting integration for process 'tt_prod'
| Integrate: iterations = 5:20000:"gw", 5:50000
| Integrator: 1 chains, 1 channels, 2 dimensions
| Integrator: Using VAMP channel equivalences
| Integrator: 20000 initial calls, 20 bins, stratified = T
| Integrator: VAMP
|=============================================================================|
| It      Calls  Integral[fb]  Error[fb]   Err[%]    Acc  Eff[%]   Chi2 N[It] |
|=============================================================================|
   1      18432  6.5540139E+02  2.99E-02    0.00    0.01*  45.68
   2      18432  6.5535253E+02  2.71E-02    0.00    0.01*  73.32
   3      18432  6.5533487E+02  2.61E-02    0.00    0.01*  55.69
   4      18432  6.5536546E+02  2.60E-02    0.00    0.01*  69.81
   5      18432  6.5536633E+02  2.57E-02    0.00    0.01*  58.22
|-----------------------------------------------------------------------------|
   5      92160  6.5536245E+02  1.20E-02    0.00    0.01   58.22    0.75   5
|-----------------------------------------------------------------------------|
   6      49968  6.5534552E+02  1.05E-02    0.00    0.00*  58.22
   7      49968  6.5536497E+02  1.05E-02    0.00    0.00*  58.23
   8      49968  6.5536422E+02  1.05E-02    0.00    0.00   58.22
   9      49968  6.5536244E+02  1.05E-02    0.00    0.00*  58.22
  10      49968  6.5534471E+02  1.05E-02    0.00    0.00   58.22
|-----------------------------------------------------------------------------|
  10     249840  6.5535638E+02  4.68E-03    0.00    0.00   58.22    0.97   5
|=============================================================================|
| Time estimate for generating 10000 events: 0d:00h:00m:00s
| Unstable particle t: computed branching ratios:
|   t_decay: 1.0000000E+00   b, e+, nue
|   Total width = 1.6354165E-01 GeV (computed)
|               = 1.5230000E+00 GeV (preset)
|   Decay options: isotropic
| Unstable particle tbar: computed branching ratios:
|   tbar_decay: 1.0000000E+00   bbar, mu-, numubar
|   Total width = 1.6365573E-01 GeV (computed)
|               = 1.5230000E+00 GeV (preset)
|   Decay options: isotropic
seed = 112002
n_events = 10000
$sample = "ee_ttbar_emu_RL100_iso_500GeV"
?polarized_events = true
| Starting simulation for process 'tt_prod'
| Simulate: using integration grids from file 'tt_prod.m1.vg'
| Simulate: activating decays
| Simulate: using integration grids from file 't_decay.m1.vg'
| Simulate: using integration grids from file 'tbar_decay.m1.vg'
| RNG: Initializing TAO random-number generator
| RNG: Setting seed for random-number generator to 13698
| OpenMP: Using 1 thread
| Simulation: requested number of events = 10000
|             corr. to luminosity [fb-1] =   1.5259E+01
| Events: writing to LHEF file 'ee_ttbar_emu_RL100_iso_500GeV.lhe'
| Events: writing to raw file 'ee_ttbar_emu_RL100_iso_500GeV.evx'
| Events: generating 10000 unweighted, polarized events ...
| Events: event normalization mode '1'
|         ... event sample complete.
| Events: actual unweighting efficiency =  58.24 %
| Events: closing LHEF file 'ee_ttbar_emu_RL100_iso_500GeV.lhe'
| Events: closing raw file 'ee_ttbar_emu_RL100_iso_500GeV.evx'
| There were no errors and    3 warning(s).
| WHIZARD run finished.
|=============================================================================|
