AlmaLinux/RockyLinux/RHEL 9 detected
Setting up the Key4hep software stack release latest-opt from CVMFS
Use the following command to reproduce the current environment: 

        source /cvmfs/sw.hsf.org/key4hep/setup.sh -r 2026-04-08

If you have any issues, comments or requests, open an issue at https://github.com/key4hep/key4hep-spack/issues
Tip: A new -d flag can be used to access debug builds, otherwise the default is the optimized build
| Writing log to 'whizard.log'
|=============================================================================|
|                                                                             |
|    WW             WW  WW   WW  WW  WWWWWW      WW      WWWWW    WWWW        |
|     WW    WW     WW   WW   WW  WW     WW      WWWW     WW  WW   WW  WW      |
|      WW  WW WW  WW    WWWWWWW  WW    WW      WW  WW    WWWWW    WW   WW     |
|       WWWW   WWWW     WW   WW  WW   WW      WWWWWWWW   WW  WW   WW  WW      |
|        WW     WW      WW   WW  WW  WWWWWW  WW      WW  WW   WW  WWWW        |
|                                                                             |
|                                                                             |
|                                        W                                    |
|                                       sW                                    |
|                                       WW                                    |
|                                      sWW                                    |
|                                      WWW                                    |
|                                     wWWW                                    |
|                                    wWWWW                                    |
|                                    WW WW                                    |
|                                    WW WW                                    |
|                                   wWW WW                                    |
|                                  wWW  WW                                    |
|                                  WW   WW                                    |
|                                  WW   WW                                    |
|                                 WW    WW                                    |
|                                 WW    WW                                    |
|                                WW     WW                                    |
|                                WW     WW                                    |
|           wwwwww              WW      WW                                    |
|              WWWWWww          WW      WW                                    |
|                 WWWWWwwwww   WW       WW                                    |
|                     wWWWwwwwwWW       WW                                    |
|                 wWWWWWWWWWWwWWW       WW                                    |
|                wWWWWW       wW        WWWWWWW                               |
|                  WWWW       wW        WW  wWWWWWWWwww                       |
|                   WWWW                      wWWWWWWWwwww                    |
|                     WWWW                      WWWW     WWw                  |
|                       WWWWww                   WWWW                         |
|                           WWWwwww              WWWW                         |
|                               wWWWWwww       wWWWWW                         |
|                                     WwwwwwwwwWWW                            |
|                                                                             |
|                                                                             |
|                                                                             |
|  by:   Wolfgang Kilian, Thorsten Ohl, Juergen Reuter                        |
|        with contributions from Christian Speckner                           |
|        Contact: <whizard@desy.de>                                           |
|                                                                             |
|  if you use WHIZARD please cite:                                            |
|        W. Kilian, T. Ohl, J. Reuter,  Eur.Phys.J.C71 (2011) 1742            |
|                                          [arXiv: 0708.4233 [hep-ph]]        |
|        M. Moretti, T. Ohl, J. Reuter, arXiv: hep-ph/0102195                 |
|                                                                             |
|=============================================================================|
|                               WHIZARD 3.1.5
|=============================================================================|
| Reading model file '/cvmfs/sw.hsf.org/key4hep/releases/2026-04-08/x86_64-almalinux9-gcc14.2.0-opt/whizard/3.1.5-nmagsz/share/whizard/models/SM.mdl'
| Preloaded model: SM
| Process library 'default_lib': initialized
| Preloaded library: default_lib
| Reading model file '/cvmfs/sw.hsf.org/key4hep/releases/2026-04-08/x86_64-almalinux9-gcc14.2.0-opt/whizard/3.1.5-nmagsz/share/whizard/models/SM_hadrons.mdl'
| Reading commands from file 'input.sin'
| Switching to model 'SM', scheme 'default'
| Process library 'default_lib': recorded process 'tt_prod'
| Process library 'default_lib': recorded process 't_decay'
| Process library 'default_lib': recorded process 'tbar_decay'
| Integrate: current process library needs compilation
| Process library 'default_lib': compiling ...
| Process library 'default_lib': writing makefile
| Process library 'default_lib': writing driver
| Process library 'default_lib': creating source code
  RM        tt_prod_i1.f90,.mod,.lo
  RM        t_decay_i1.f90,.mod,.lo
  RM        tbar_decay_i1.f90,.mod,.lo
  OMEGA     tt_prod_i1.f90
[1/1] e- e+ -> t tbar ... allowed. [time: 0.32 secs, total: 0.32 secs, remaining: 0.00 secs]
all processes done. [total time: 0.32 secs]
SUMMARY: 6 fusions, 2 propagators, 2 diagrams
SUMMARY: 4 vertices
  OMEGA     t_decay_i1.f90
[1/1] t -> b mu+ numu ... allowed. [time: 0.32 secs, total: 0.32 secs, remaining: 0.00 secs]
all processes done. [total time: 0.32 secs]
SUMMARY: 3 fusions, 1 propagators, 1 diagrams
SUMMARY: 1 vertices
  OMEGA     tbar_decay_i1.f90
[1/1] tbar -> bbar e- nuebar ... allowed. [time: 0.32 secs, total: 0.32 secs, remaining: 0.00 secs]
all processes done. [total time: 0.32 secs]
SUMMARY: 3 fusions, 1 propagators, 1 diagrams
SUMMARY: 1 vertices
| Process library 'default_lib': compiling sources
  FC        default_lib.lo
| Process library 'default_lib': linking
  FCLD      default_lib.la
| Process library 'default_lib': loading
| Process library 'default_lib': ... success.
| Integrate: compilation done
| RNG: Initializing TAO random-number generator
| RNG: Setting seed for random-number generator to 11848
| Initializing integration for process t_decay:
| Beam structure: [any particles]
| Beam data (decay):
|   t  (mass = 1.7310000E+02 GeV)
| Phase space: generating configuration ...
| Phase space: ... success.
| Phase space: writing configuration file 't_decay.i1.phs'
| ------------------------------------------------------------------------
| Process [decay]: 't_decay'
|   Library name  = 'default_lib'
|   Process index = 2
|   Process components:
|     1: 't_decay_i1':   t => b, mu+, numu [omega]
| ------------------------------------------------------------------------
| Phase space: 2 channels, 5 dimensions
| Phase space: found 2 channels, collected in 2 groves.
| Phase space: Using 2 equivalences between channels.
| Phase space: wood
Warning: No cuts have been defined.
| OpenMP: Using 1 thread
| Starting integration for process 't_decay'
| Integrate: iterations = 3:5000:"gw", 3:20000
| Integrator: 2 chains, 2 channels, 5 dimensions
| Integrator: Using VAMP channel equivalences
| Integrator: 5000 initial calls, 20 bins, stratified = T
| Integrator: VAMP
|=============================================================================|
| It      Calls  Integral[GeV] Error[GeV]  Err[%]    Acc  Eff[%]   Chi2 N[It] |
|=============================================================================|
   1       5000  1.6261682E-01  1.48E-03    0.91    0.64*  37.82
   2       4999  1.6334765E-01  8.58E-04    0.53    0.37*  62.08
   3       4998  1.6294585E-01  6.37E-04    0.39    0.28*  62.32
|-----------------------------------------------------------------------------|
   3      14997  1.6303825E-01  4.84E-04    0.30    0.36   62.32    0.12   3
|-----------------------------------------------------------------------------|
   4      19999  1.6359844E-01  3.13E-04    0.19    0.27*  61.69
   5      19999  1.6318155E-01  3.16E-04    0.19    0.27   60.76
   6      19999  1.6322666E-01  3.16E-04    0.19    0.27*  59.77
|-----------------------------------------------------------------------------|
   6      59997  1.6333733E-01  1.82E-04    0.11    0.27   59.77    0.53   3
|=============================================================================|
| Time estimate for generating 10000 events: 0d:00h:00m:00s
| RNG: Initializing TAO random-number generator
| RNG: Setting seed for random-number generator to 11849
| Initializing integration for process tbar_decay:
| Beam structure: [any particles]
| Beam data (decay):
|   tbar  (mass = 1.7310000E+02 GeV)
| Phase space: generating configuration ...
| Phase space: ... success.
| Phase space: writing configuration file 'tbar_decay.i1.phs'
| ------------------------------------------------------------------------
| Process [decay]: 'tbar_decay'
|   Library name  = 'default_lib'
|   Process index = 3
|   Process components:
|     1: 'tbar_decay_i1':   tbar => bbar, e-, nuebar [omega]
| ------------------------------------------------------------------------
| Phase space: 2 channels, 5 dimensions
| Phase space: found 2 channels, collected in 2 groves.
| Phase space: Using 2 equivalences between channels.
| Phase space: wood
Warning: No cuts have been defined.
| OpenMP: Using 1 thread
| Starting integration for process 'tbar_decay'
| Integrate: iterations = 3:5000:"gw", 3:20000
| Integrator: 2 chains, 2 channels, 5 dimensions
| Integrator: Using VAMP channel equivalences
| Integrator: 5000 initial calls, 20 bins, stratified = T
| Integrator: VAMP
|=============================================================================|
| It      Calls  Integral[GeV] Error[GeV]  Err[%]    Acc  Eff[%]   Chi2 N[It] |
|=============================================================================|
   1       5000  1.6495574E-01  1.50E-03    0.91    0.64*  38.29
   2       4999  1.6366180E-01  8.54E-04    0.52    0.37*  63.50
   3       4998  1.6393478E-01  6.13E-04    0.37    0.26*  63.24
|-----------------------------------------------------------------------------|
   3      14997  1.6395261E-01  4.73E-04    0.29    0.35   63.24    0.28   3
|-----------------------------------------------------------------------------|
   4      19999  1.6342873E-01  3.13E-04    0.19    0.27   62.49
   5      19999  1.6421986E-01  3.10E-04    0.19    0.27*  61.90
   6      19999  1.6377661E-01  3.09E-04    0.19    0.27*  61.68
|-----------------------------------------------------------------------------|
   6      59997  1.6381125E-01  1.79E-04    0.11    0.27   61.68    1.62   3
|=============================================================================|
| Time estimate for generating 10000 events: 0d:00h:00m:00s
sqrts =  5.000000000000E+02
?isr_handler = true
$isr_handler_mode = "recoil"
?keep_beams = true
?keep_remnants = true
isr_mass =  5.109970000000E-04
isr_alpha =  7.297352569300E-03
?diagonal_decay = false
?isotropic_decay = false
?polarized_events = true
| RNG: Initializing TAO random-number generator
| RNG: Setting seed for random-number generator to 11850
| Initializing integration for process tt_prod:
| Beam structure: e-, e+ => isr
|   polarization (beam 1):
|     @(+1: +1: ( 1.000000000000E+00, 0.000000000000E+00))
|   polarization (beam 2):
|     @(-1: -1: ( 1.000000000000E+00, 0.000000000000E+00))
|   polarization degree = 1.0000000, 1.0000000
| Beam data (collision):
|   e-  (mass = 5.1099700E-04 GeV)  polarized
|   e+  (mass = 5.1099700E-04 GeV)  polarized
|   sqrts = 5.000000000000E+02 GeV
| Phase space: generating configuration ...
| Phase space: ... success.
| Phase space: writing configuration file 'tt_prod.i1.phs'
| ------------------------------------------------------------------------
| Process [scattering]: 'tt_prod'
|   Library name  = 'default_lib'
|   Process index = 1
|   Process components:
|     1: 'tt_prod_i1':   e-, e+ => t, tbar [omega]
| ------------------------------------------------------------------------
| Phase space: 1 channels, 2 dimensions
| Phase space: found 1 channel, collected in 1 grove.
| Phase space: Using 1 equivalence between channels.
| Phase space: wood
| Beam structure: isr, none => none, isr
| Beam structure: 1 channels, 2 dimensions
Warning: No cuts have been defined.
| OpenMP: Using 1 thread
| Starting integration for process 'tt_prod'
| Integrate: iterations = 5:20000:"gw", 5:50000
| Integrator: 1 chains, 1 channels, 4 dimensions
| Integrator: Using VAMP channel equivalences
| Integrator: 20000 initial calls, 20 bins, stratified = T
| Integrator: VAMP
|=============================================================================|
| It      Calls  Integral[fb]  Error[fb]   Err[%]    Acc  Eff[%]   Chi2 N[It] |
|=============================================================================|
   1      20000  6.3114387E+02  6.64E-01    0.11    0.15*  22.51
   2      20000  6.3156746E+02  5.16E-01    0.08    0.12*  43.60
   3      20000  6.3115807E+02  4.60E-01    0.07    0.10*  38.17
   4      20000  6.3130151E+02  4.18E-01    0.07    0.09*  33.81
   5      20000  6.3101098E+02  4.01E-01    0.06    0.09*  34.57
|-----------------------------------------------------------------------------|
   5     100000  6.3122031E+02  2.10E-01    0.03    0.11   34.57    0.20   5
|-----------------------------------------------------------------------------|
   6      48384  6.3082414E+02  2.34E-01    0.04    0.08*  34.93
   7      48384  6.3092142E+02  2.34E-01    0.04    0.08   34.94
   8      48384  6.3132198E+02  2.33E-01    0.04    0.08*  34.96
   9      48384  6.3107840E+02  2.33E-01    0.04    0.08*  34.95
  10      48384  6.3092036E+02  2.33E-01    0.04    0.08   34.94
|-----------------------------------------------------------------------------|
  10     241920  6.3101346E+02  1.04E-01    0.02    0.08   34.94    0.70   5
|=============================================================================|
| Time estimate for generating 10000 events: 0d:00h:00m:01s
| Unstable particle t: computed branching ratios:
|   t_decay: 1.0000000E+00   b, mu+, numu
|   Total width = 1.6333733E-01 GeV (computed)
|               = 1.5230000E+00 GeV (preset)
|   Decay options: helicity treated exactly
| Unstable particle tbar: computed branching ratios:
|   tbar_decay: 1.0000000E+00   bbar, e-, nuebar
|   Total width = 1.6381125E-01 GeV (computed)
|               = 1.5230000E+00 GeV (preset)
|   Decay options: helicity treated exactly
seed = 3400008
n_events = 10000
$sample = "ee_ttbar_mupem_RL100_sc_ISR_500GeV__shard_0008"
?polarized_events = true
| Starting simulation for process 'tt_prod'
| Simulate: using integration grids from file 'tt_prod.m1.vg'
| Simulate: activating decays
| Simulate: activating ISR handler
| Simulate: ISR/EPA handler mode: pair recoil
| Simulate: using integration grids from file 't_decay.m1.vg'
| Simulate: using integration grids from file 'tbar_decay.m1.vg'
| RNG: Initializing TAO random-number generator
| RNG: Setting seed for random-number generator to 24904
| OpenMP: Using 1 thread
| Simulation: requested number of events = 10000
|             corr. to luminosity [fb-1] =   1.5848E+01
| Events: writing to LHEF file 'ee_ttbar_mupem_RL100_sc_ISR_500GeV__shard_0008.lhe'
| Events: writing to raw file 'ee_ttbar_mupem_RL100_sc_ISR_500GeV__shard_0008.evx'
| Events: generating 10000 unweighted, polarized events ...
| Events: event normalization mode '1'
|         ... event sample complete.
| Events: actual unweighting efficiency =  35.12 %
| Events: closing LHEF file 'ee_ttbar_mupem_RL100_sc_ISR_500GeV__shard_0008.lhe'
| Events: closing raw file 'ee_ttbar_mupem_RL100_sc_ISR_500GeV__shard_0008.evx'
| There were no errors and    3 warning(s).
| WHIZARD run finished.
|=============================================================================|
Completed ee_ttbar_mupem_RL100_sc_ISR_500GeV/shard_0008: events=10000 seed=3400008
Run metadata: /eos/user/c/cglenn/FCCWork/whizard/whizard_ttbar_spinpol/production/500GeV_ISR_sc_v1/runs/ee_ttbar_mupem_RL100_sc_ISR_500GeV/shard_0008/run_metadata.json
Raw LHE: /eos/user/c/cglenn/FCCWork/whizard/whizard_ttbar_spinpol/production/500GeV_ISR_sc_v1/lhe_raw/ee_ttbar_mupem_RL100_sc_ISR_500GeV/ee_ttbar_mupem_RL100_sc_ISR_500GeV__shard_0008.lhe
