AlmaLinux/RockyLinux/RHEL 9 detected
Setting up the Key4hep software stack release latest-opt from CVMFS
Use the following command to reproduce the current environment: 

        source /cvmfs/sw.hsf.org/key4hep/setup.sh -r 2026-04-08

If you have any issues, comments or requests, open an issue at https://github.com/key4hep/key4hep-spack/issues
Tip: A new -d flag can be used to access debug builds, otherwise the default is the optimized build
| Writing log to 'whizard.log'
|=============================================================================|
|                                                                             |
|    WW             WW  WW   WW  WW  WWWWWW      WW      WWWWW    WWWW        |
|     WW    WW     WW   WW   WW  WW     WW      WWWW     WW  WW   WW  WW      |
|      WW  WW WW  WW    WWWWWWW  WW    WW      WW  WW    WWWWW    WW   WW     |
|       WWWW   WWWW     WW   WW  WW   WW      WWWWWWWW   WW  WW   WW  WW      |
|        WW     WW      WW   WW  WW  WWWWWW  WW      WW  WW   WW  WWWW        |
|                                                                             |
|                                                                             |
|                                        W                                    |
|                                       sW                                    |
|                                       WW                                    |
|                                      sWW                                    |
|                                      WWW                                    |
|                                     wWWW                                    |
|                                    wWWWW                                    |
|                                    WW WW                                    |
|                                    WW WW                                    |
|                                   wWW WW                                    |
|                                  wWW  WW                                    |
|                                  WW   WW                                    |
|                                  WW   WW                                    |
|                                 WW    WW                                    |
|                                 WW    WW                                    |
|                                WW     WW                                    |
|                                WW     WW                                    |
|           wwwwww              WW      WW                                    |
|              WWWWWww          WW      WW                                    |
|                 WWWWWwwwww   WW       WW                                    |
|                     wWWWwwwwwWW       WW                                    |
|                 wWWWWWWWWWWwWWW       WW                                    |
|                wWWWWW       wW        WWWWWWW                               |
|                  WWWW       wW        WW  wWWWWWWWwww                       |
|                   WWWW                      wWWWWWWWwwww                    |
|                     WWWW                      WWWW     WWw                  |
|                       WWWWww                   WWWW                         |
|                           WWWwwww              WWWW                         |
|                               wWWWWwww       wWWWWW                         |
|                                     WwwwwwwwwWWW                            |
|                                                                             |
|                                                                             |
|                                                                             |
|  by:   Wolfgang Kilian, Thorsten Ohl, Juergen Reuter                        |
|        with contributions from Christian Speckner                           |
|        Contact: <whizard@desy.de>                                           |
|                                                                             |
|  if you use WHIZARD please cite:                                            |
|        W. Kilian, T. Ohl, J. Reuter,  Eur.Phys.J.C71 (2011) 1742            |
|                                          [arXiv: 0708.4233 [hep-ph]]        |
|        M. Moretti, T. Ohl, J. Reuter, arXiv: hep-ph/0102195                 |
|                                                                             |
|=============================================================================|
|                               WHIZARD 3.1.5
|=============================================================================|
| Reading model file '/cvmfs/sw.hsf.org/key4hep/releases/2026-04-08/x86_64-almalinux9-gcc14.2.0-opt/whizard/3.1.5-nmagsz/share/whizard/models/SM.mdl'
| Preloaded model: SM
| Process library 'default_lib': initialized
| Preloaded library: default_lib
| Reading model file '/cvmfs/sw.hsf.org/key4hep/releases/2026-04-08/x86_64-almalinux9-gcc14.2.0-opt/whizard/3.1.5-nmagsz/share/whizard/models/SM_hadrons.mdl'
| Reading commands from file 'input.sin'
| Switching to model 'SM', scheme 'default'
| Process library 'default_lib': recorded process 'tt_prod'
| Process library 'default_lib': recorded process 't_decay'
| Process library 'default_lib': recorded process 'tbar_decay'
| Integrate: current process library needs compilation
| Process library 'default_lib': compiling ...
| Process library 'default_lib': writing makefile
| Process library 'default_lib': writing driver
| Process library 'default_lib': creating source code
  RM        tt_prod_i1.f90,.mod,.lo
  RM        t_decay_i1.f90,.mod,.lo
  RM        tbar_decay_i1.f90,.mod,.lo
  OMEGA     tt_prod_i1.f90
[1/1] mu- mu+ -> t tbar ... allowed. [time: 0.28 secs, total: 0.29 secs, remaining: 0.00 secs]
all processes done. [total time: 0.29 secs]
SUMMARY: 6 fusions, 2 propagators, 2 diagrams
SUMMARY: 4 vertices
  OMEGA     t_decay_i1.f90
[1/1] t -> b mu+ numu ... allowed. [time: 0.33 secs, total: 0.33 secs, remaining: 0.00 secs]
all processes done. [total time: 0.33 secs]
SUMMARY: 3 fusions, 1 propagators, 1 diagrams
SUMMARY: 1 vertices
  OMEGA     tbar_decay_i1.f90
[1/1] tbar -> bbar e- nuebar ... allowed. [time: 0.33 secs, total: 0.33 secs, remaining: 0.00 secs]
all processes done. [total time: 0.33 secs]
SUMMARY: 3 fusions, 1 propagators, 1 diagrams
SUMMARY: 1 vertices
| Process library 'default_lib': compiling sources
  FC        default_lib.lo
| Process library 'default_lib': linking
  FCLD      default_lib.la
| Process library 'default_lib': loading
| Process library 'default_lib': ... success.
| Integrate: compilation done
| RNG: Initializing TAO random-number generator
| RNG: Setting seed for random-number generator to 7685
| Initializing integration for process t_decay:
| Beam structure: [any particles]
| Beam data (decay):
|   t  (mass = 1.7310000E+02 GeV)
| Phase space: generating configuration ...
| Phase space: ... success.
| Phase space: writing configuration file 't_decay.i1.phs'
| ------------------------------------------------------------------------
| Process [decay]: 't_decay'
|   Library name  = 'default_lib'
|   Process index = 2
|   Process components:
|     1: 't_decay_i1':   t => b, mu+, numu [omega]
| ------------------------------------------------------------------------
| Phase space: 2 channels, 5 dimensions
| Phase space: found 2 channels, collected in 2 groves.
| Phase space: Using 2 equivalences between channels.
| Phase space: wood
Warning: No cuts have been defined.
| OpenMP: Using 1 thread
| Starting integration for process 't_decay'
| Integrate: iterations = 3:5000:"gw", 3:20000
| Integrator: 2 chains, 2 channels, 5 dimensions
| Integrator: Using VAMP channel equivalences
| Integrator: 5000 initial calls, 20 bins, stratified = T
| Integrator: VAMP
|=============================================================================|
| It      Calls  Integral[GeV] Error[GeV]  Err[%]    Acc  Eff[%]   Chi2 N[It] |
|=============================================================================|
   1       5000  1.6400607E-01  1.49E-03    0.91    0.64*  38.12
   2       4999  1.6212778E-01  8.34E-04    0.51    0.36*  62.64
   3       4998  1.6281829E-01  6.11E-04    0.38    0.27*  65.32
|-----------------------------------------------------------------------------|
   3      14997  1.6271786E-01  4.68E-04    0.29    0.35   65.32    0.64   3
|-----------------------------------------------------------------------------|
   4      19999  1.6348145E-01  3.07E-04    0.19    0.27   62.84
   5      19999  1.6390881E-01  3.08E-04    0.19    0.27   60.88
   6      19999  1.6338257E-01  3.09E-04    0.19    0.27   60.68
|-----------------------------------------------------------------------------|
   6      59997  1.6359101E-01  1.78E-04    0.11    0.27   60.68    0.82   3
|=============================================================================|
| Time estimate for generating 10000 events: 0d:00h:00m:00s
| RNG: Initializing TAO random-number generator
| RNG: Setting seed for random-number generator to 7686
| Initializing integration for process tbar_decay:
| Beam structure: [any particles]
| Beam data (decay):
|   tbar  (mass = 1.7310000E+02 GeV)
| Phase space: generating configuration ...
| Phase space: ... success.
| Phase space: writing configuration file 'tbar_decay.i1.phs'
| ------------------------------------------------------------------------
| Process [decay]: 'tbar_decay'
|   Library name  = 'default_lib'
|   Process index = 3
|   Process components:
|     1: 'tbar_decay_i1':   tbar => bbar, e-, nuebar [omega]
| ------------------------------------------------------------------------
| Phase space: 2 channels, 5 dimensions
| Phase space: found 2 channels, collected in 2 groves.
| Phase space: Using 2 equivalences between channels.
| Phase space: wood
Warning: No cuts have been defined.
| OpenMP: Using 1 thread
| Starting integration for process 'tbar_decay'
| Integrate: iterations = 3:5000:"gw", 3:20000
| Integrator: 2 chains, 2 channels, 5 dimensions
| Integrator: Using VAMP channel equivalences
| Integrator: 5000 initial calls, 20 bins, stratified = T
| Integrator: VAMP
|=============================================================================|
| It      Calls  Integral[GeV] Error[GeV]  Err[%]    Acc  Eff[%]   Chi2 N[It] |
|=============================================================================|
   1       5000  1.6701811E-01  1.50E-03    0.90    0.63*  39.07
   2       4999  1.6405807E-01  8.47E-04    0.52    0.36*  61.68
   3       4998  1.6461412E-01  6.10E-04    0.37    0.26*  62.86
|-----------------------------------------------------------------------------|
   3      14997  1.6467919E-01  4.70E-04    0.29    0.35   62.86    1.49   3
|-----------------------------------------------------------------------------|
   4      19999  1.6337221E-01  3.08E-04    0.19    0.27   63.19
   5      19999  1.6321232E-01  3.10E-04    0.19    0.27   63.06
   6      19999  1.6356563E-01  3.07E-04    0.19    0.27*  62.46
|-----------------------------------------------------------------------------|
   6      59997  1.6338475E-01  1.78E-04    0.11    0.27   62.46    0.33   3
|=============================================================================|
| Time estimate for generating 10000 events: 0d:00h:00m:00s
sqrts =  5.000000000000E+02
?isr_handler = true
$isr_handler_mode = "recoil"
?keep_beams = true
?keep_remnants = true
isr_mass =  1.056583890000E-01
isr_alpha =  7.297352569300E-03
?diagonal_decay = false
?isotropic_decay = false
?polarized_events = true
| RNG: Initializing TAO random-number generator
| RNG: Setting seed for random-number generator to 7687
| Initializing integration for process tt_prod:
| Beam structure: mu-, mu+ => isr
|   polarization (beam 1):
|     @(+1: +1: ( 1.000000000000E+00, 0.000000000000E+00))
|   polarization (beam 2):
|     @(-1: -1: ( 1.000000000000E+00, 0.000000000000E+00))
|   polarization degree = 1.0000000, 1.0000000
| Beam data (collision):
|   mu-  (mass = 1.0565839E-01 GeV)  polarized
|   mu+  (mass = 1.0565839E-01 GeV)  polarized
|   sqrts = 5.000000000000E+02 GeV
| Phase space: generating configuration ...
| Phase space: ... success.
| Phase space: writing configuration file 'tt_prod.i1.phs'
| ------------------------------------------------------------------------
| Process [scattering]: 'tt_prod'
|   Library name  = 'default_lib'
|   Process index = 1
|   Process components:
|     1: 'tt_prod_i1':   mu-, mu+ => t, tbar [omega]
| ------------------------------------------------------------------------
| Phase space: 1 channels, 2 dimensions
| Phase space: found 1 channel, collected in 1 grove.
| Phase space: Using 1 equivalence between channels.
| Phase space: wood
| Beam structure: isr, none => none, isr
| Beam structure: 1 channels, 2 dimensions
Warning: No cuts have been defined.
| OpenMP: Using 1 thread
| Starting integration for process 'tt_prod'
| Integrate: iterations = 5:20000:"gw", 5:50000
| Integrator: 1 chains, 1 channels, 4 dimensions
| Integrator: Using VAMP channel equivalences
| Integrator: 20000 initial calls, 20 bins, stratified = T
| Integrator: VAMP
|=============================================================================|
| It      Calls  Integral[fb]  Error[fb]   Err[%]    Acc  Eff[%]   Chi2 N[It] |
|=============================================================================|
   1      20000  6.4138102E+02  8.16E-01    0.13    0.18*  23.92
   2      20000  6.4199641E+02  4.52E-01    0.07    0.10*  41.57
   3      20000  6.4182831E+02  4.85E-01    0.08    0.11   39.71
   4      20000  6.4198932E+02  4.44E-01    0.07    0.10*  36.12
   5      20000  6.4240174E+02  4.23E-01    0.07    0.09*  37.07
|-----------------------------------------------------------------------------|
   5     100000  6.4202388E+02  2.17E-01    0.03    0.11   37.07    0.40   5
|-----------------------------------------------------------------------------|
   6      48384  6.4272005E+02  2.43E-01    0.04    0.08*  37.69
   7      48384  6.4272459E+02  2.42E-01    0.04    0.08*  37.69
   8      48384  6.4261297E+02  2.43E-01    0.04    0.08   37.68
   9      48384  6.4226320E+02  2.42E-01    0.04    0.08*  37.66
  10      48384  6.4238878E+02  2.43E-01    0.04    0.08   37.67
|-----------------------------------------------------------------------------|
  10     241920  6.4254175E+02  1.09E-01    0.02    0.08   37.67    0.73   5
|=============================================================================|
| Time estimate for generating 10000 events: 0d:00h:00m:01s
| Unstable particle t: computed branching ratios:
|   t_decay: 1.0000000E+00   b, mu+, numu
|   Total width = 1.6359101E-01 GeV (computed)
|               = 1.5230000E+00 GeV (preset)
|   Decay options: helicity treated exactly
| Unstable particle tbar: computed branching ratios:
|   tbar_decay: 1.0000000E+00   bbar, e-, nuebar
|   Total width = 1.6338475E-01 GeV (computed)
|               = 1.5230000E+00 GeV (preset)
|   Decay options: helicity treated exactly
seed = 4400008
n_events = 10000
$sample = "mumu_ttbar_mupem_RL100_sc_ISR_500GeV__shard_0008"
?polarized_events = true
| Starting simulation for process 'tt_prod'
| Simulate: using integration grids from file 'tt_prod.m1.vg'
| Simulate: activating decays
| Simulate: activating ISR handler
| Simulate: ISR/EPA handler mode: pair recoil
| Simulate: using integration grids from file 't_decay.m1.vg'
| Simulate: using integration grids from file 'tbar_decay.m1.vg'
| RNG: Initializing TAO random-number generator
| RNG: Setting seed for random-number generator to 9096
| OpenMP: Using 1 thread
| Simulation: requested number of events = 10000
|             corr. to luminosity [fb-1] =   1.5563E+01
| Events: writing to LHEF file 'mumu_ttbar_mupem_RL100_sc_ISR_500GeV__shard_0008.lhe'
| Events: writing to raw file 'mumu_ttbar_mupem_RL100_sc_ISR_500GeV__shard_0008.evx'
| Events: generating 10000 unweighted, polarized events ...
| Events: event normalization mode '1'
|         ... event sample complete.
| Events: actual unweighting efficiency =  37.52 %
| Events: closing LHEF file 'mumu_ttbar_mupem_RL100_sc_ISR_500GeV__shard_0008.lhe'
| Events: closing raw file 'mumu_ttbar_mupem_RL100_sc_ISR_500GeV__shard_0008.evx'
| There were no errors and    3 warning(s).
| WHIZARD run finished.
|=============================================================================|
