AlmaLinux/RockyLinux/RHEL 9 detected
Setting up the Key4hep software stack release latest-opt from CVMFS
Use the following command to reproduce the current environment: 

        source /cvmfs/sw.hsf.org/key4hep/setup.sh -r 2026-04-08

If you have any issues, comments or requests, open an issue at https://github.com/key4hep/key4hep-spack/issues
Tip: A new -d flag can be used to access debug builds, otherwise the default is the optimized build
| Writing log to 'whizard.log'
|=============================================================================|
|                                                                             |
|    WW             WW  WW   WW  WW  WWWWWW      WW      WWWWW    WWWW        |
|     WW    WW     WW   WW   WW  WW     WW      WWWW     WW  WW   WW  WW      |
|      WW  WW WW  WW    WWWWWWW  WW    WW      WW  WW    WWWWW    WW   WW     |
|       WWWW   WWWW     WW   WW  WW   WW      WWWWWWWW   WW  WW   WW  WW      |
|        WW     WW      WW   WW  WW  WWWWWW  WW      WW  WW   WW  WWWW        |
|                                                                             |
|                                                                             |
|                                        W                                    |
|                                       sW                                    |
|                                       WW                                    |
|                                      sWW                                    |
|                                      WWW                                    |
|                                     wWWW                                    |
|                                    wWWWW                                    |
|                                    WW WW                                    |
|                                    WW WW                                    |
|                                   wWW WW                                    |
|                                  wWW  WW                                    |
|                                  WW   WW                                    |
|                                  WW   WW                                    |
|                                 WW    WW                                    |
|                                 WW    WW                                    |
|                                WW     WW                                    |
|                                WW     WW                                    |
|           wwwwww              WW      WW                                    |
|              WWWWWww          WW      WW                                    |
|                 WWWWWwwwww   WW       WW                                    |
|                     wWWWwwwwwWW       WW                                    |
|                 wWWWWWWWWWWwWWW       WW                                    |
|                wWWWWW       wW        WWWWWWW                               |
|                  WWWW       wW        WW  wWWWWWWWwww                       |
|                   WWWW                      wWWWWWWWwwww                    |
|                     WWWW                      WWWW     WWw                  |
|                       WWWWww                   WWWW                         |
|                           WWWwwww              WWWW                         |
|                               wWWWWwww       wWWWWW                         |
|                                     WwwwwwwwwWWW                            |
|                                                                             |
|                                                                             |
|                                                                             |
|  by:   Wolfgang Kilian, Thorsten Ohl, Juergen Reuter                        |
|        with contributions from Christian Speckner                           |
|        Contact: <whizard@desy.de>                                           |
|                                                                             |
|  if you use WHIZARD please cite:                                            |
|        W. Kilian, T. Ohl, J. Reuter,  Eur.Phys.J.C71 (2011) 1742            |
|                                          [arXiv: 0708.4233 [hep-ph]]        |
|        M. Moretti, T. Ohl, J. Reuter, arXiv: hep-ph/0102195                 |
|                                                                             |
|=============================================================================|
|                               WHIZARD 3.1.5
|=============================================================================|
| Reading model file '/cvmfs/sw.hsf.org/key4hep/releases/2026-04-08/x86_64-almalinux9-gcc14.2.0-opt/whizard/3.1.5-nmagsz/share/whizard/models/SM.mdl'
| Preloaded model: SM
| Process library 'default_lib': initialized
| Preloaded library: default_lib
| Reading model file '/cvmfs/sw.hsf.org/key4hep/releases/2026-04-08/x86_64-almalinux9-gcc14.2.0-opt/whizard/3.1.5-nmagsz/share/whizard/models/SM_hadrons.mdl'
| Reading commands from file 'input.sin'
| Switching to model 'SM', scheme 'default'
| Process library 'default_lib': recorded process 'tt_prod'
| Process library 'default_lib': recorded process 't_decay'
| Process library 'default_lib': recorded process 'tbar_decay'
| Integrate: current process library needs compilation
| Process library 'default_lib': compiling ...
| Process library 'default_lib': writing makefile
| Process library 'default_lib': writing driver
| Process library 'default_lib': creating source code
  RM        tt_prod_i1.f90,.mod,.lo
  RM        t_decay_i1.f90,.mod,.lo
  RM        tbar_decay_i1.f90,.mod,.lo
  OMEGA     tt_prod_i1.f90
[1/1] mu- mu+ -> t tbar ... allowed. [time: 0.33 secs, total: 0.33 secs, remaining: 0.00 secs]
all processes done. [total time: 0.33 secs]
SUMMARY: 6 fusions, 2 propagators, 2 diagrams
SUMMARY: 4 vertices
  OMEGA     t_decay_i1.f90
[1/1] t -> b mu+ numu ... allowed. [time: 0.33 secs, total: 0.33 secs, remaining: 0.00 secs]
all processes done. [total time: 0.33 secs]
SUMMARY: 3 fusions, 1 propagators, 1 diagrams
SUMMARY: 1 vertices
  OMEGA     tbar_decay_i1.f90
[1/1] tbar -> bbar e- nuebar ... allowed. [time: 0.31 secs, total: 0.31 secs, remaining: 0.00 secs]
all processes done. [total time: 0.31 secs]
SUMMARY: 3 fusions, 1 propagators, 1 diagrams
SUMMARY: 1 vertices
| Process library 'default_lib': compiling sources
  FC        default_lib.lo
| Process library 'default_lib': linking
  FCLD      default_lib.la
| Process library 'default_lib': loading
| Process library 'default_lib': ... success.
| Integrate: compilation done
| RNG: Initializing TAO random-number generator
| RNG: Setting seed for random-number generator to 16111
| Initializing integration for process t_decay:
| Beam structure: [any particles]
| Beam data (decay):
|   t  (mass = 1.7310000E+02 GeV)
| Phase space: generating configuration ...
| Phase space: ... success.
| Phase space: writing configuration file 't_decay.i1.phs'
| ------------------------------------------------------------------------
| Process [decay]: 't_decay'
|   Library name  = 'default_lib'
|   Process index = 2
|   Process components:
|     1: 't_decay_i1':   t => b, mu+, numu [omega]
| ------------------------------------------------------------------------
| Phase space: 2 channels, 5 dimensions
| Phase space: found 2 channels, collected in 2 groves.
| Phase space: Using 2 equivalences between channels.
| Phase space: wood
Warning: No cuts have been defined.
| OpenMP: Using 1 thread
| Starting integration for process 't_decay'
| Integrate: iterations = 3:5000:"gw", 3:20000
| Integrator: 2 chains, 2 channels, 5 dimensions
| Integrator: Using VAMP channel equivalences
| Integrator: 5000 initial calls, 20 bins, stratified = T
| Integrator: VAMP
|=============================================================================|
| It      Calls  Integral[GeV] Error[GeV]  Err[%]    Acc  Eff[%]   Chi2 N[It] |
|=============================================================================|
   1       5000  1.6448390E-01  1.46E-03    0.89    0.63*  38.27
   2       4999  1.6396567E-01  8.46E-04    0.52    0.36*  62.88
   3       4998  1.6399168E-01  6.24E-04    0.38    0.27*  64.07
|-----------------------------------------------------------------------------|
   3      14997  1.6403555E-01  4.75E-04    0.29    0.35   64.07    0.05   3
|-----------------------------------------------------------------------------|
   4      19999  1.6311204E-01  3.12E-04    0.19    0.27   60.14
   5      19999  1.6321119E-01  3.12E-04    0.19    0.27   60.18
   6      19999  1.6382175E-01  3.08E-04    0.19    0.27*  60.41
|-----------------------------------------------------------------------------|
   6      59997  1.6338530E-01  1.79E-04    0.11    0.27   60.41    1.55   3
|=============================================================================|
| Time estimate for generating 10000 events: 0d:00h:00m:00s
| RNG: Initializing TAO random-number generator
| RNG: Setting seed for random-number generator to 16112
| Initializing integration for process tbar_decay:
| Beam structure: [any particles]
| Beam data (decay):
|   tbar  (mass = 1.7310000E+02 GeV)
| Phase space: generating configuration ...
| Phase space: ... success.
| Phase space: writing configuration file 'tbar_decay.i1.phs'
| ------------------------------------------------------------------------
| Process [decay]: 'tbar_decay'
|   Library name  = 'default_lib'
|   Process index = 3
|   Process components:
|     1: 'tbar_decay_i1':   tbar => bbar, e-, nuebar [omega]
| ------------------------------------------------------------------------
| Phase space: 2 channels, 5 dimensions
| Phase space: found 2 channels, collected in 2 groves.
| Phase space: Using 2 equivalences between channels.
| Phase space: wood
Warning: No cuts have been defined.
| OpenMP: Using 1 thread
| Starting integration for process 'tbar_decay'
| Integrate: iterations = 3:5000:"gw", 3:20000
| Integrator: 2 chains, 2 channels, 5 dimensions
| Integrator: Using VAMP channel equivalences
| Integrator: 5000 initial calls, 20 bins, stratified = T
| Integrator: VAMP
|=============================================================================|
| It      Calls  Integral[GeV] Error[GeV]  Err[%]    Acc  Eff[%]   Chi2 N[It] |
|=============================================================================|
   1       5000  1.6111590E-01  1.50E-03    0.93    0.66*  37.34
   2       4999  1.6395462E-01  8.47E-04    0.52    0.37*  63.15
   3       4998  1.6443594E-01  6.01E-04    0.37    0.26*  65.98
|-----------------------------------------------------------------------------|
   3      14997  1.6397049E-01  4.66E-04    0.28    0.35   65.98    2.11   3
|-----------------------------------------------------------------------------|
   4      19999  1.6319141E-01  3.11E-04    0.19    0.27   63.12
   5      19999  1.6380331E-01  3.10E-04    0.19    0.27*  63.23
   6      19999  1.6341965E-01  3.11E-04    0.19    0.27   62.64
|-----------------------------------------------------------------------------|
   6      59997  1.6347222E-01  1.79E-04    0.11    0.27   62.64    0.99   3
|=============================================================================|
| Time estimate for generating 10000 events: 0d:00h:00m:00s
sqrts =  5.000000000000E+02
?isr_handler = true
$isr_handler_mode = "recoil"
?keep_beams = true
?keep_remnants = true
isr_mass =  1.056583890000E-01
isr_alpha =  7.297352569300E-03
?diagonal_decay = false
?isotropic_decay = false
?polarized_events = true
| RNG: Initializing TAO random-number generator
| RNG: Setting seed for random-number generator to 16113
| Initializing integration for process tt_prod:
| Beam structure: mu-, mu+ => isr
|   polarization (beam 1):
|     @(-1: -1: ( 1.000000000000E+00, 0.000000000000E+00))
|   polarization (beam 2):
|     @(+1: +1: ( 1.000000000000E+00, 0.000000000000E+00))
|   polarization degree = 1.0000000, 1.0000000
| Beam data (collision):
|   mu-  (mass = 1.0565839E-01 GeV)  polarized
|   mu+  (mass = 1.0565839E-01 GeV)  polarized
|   sqrts = 5.000000000000E+02 GeV
| Phase space: generating configuration ...
| Phase space: ... success.
| Phase space: writing configuration file 'tt_prod.i1.phs'
| ------------------------------------------------------------------------
| Process [scattering]: 'tt_prod'
|   Library name  = 'default_lib'
|   Process index = 1
|   Process components:
|     1: 'tt_prod_i1':   mu-, mu+ => t, tbar [omega]
| ------------------------------------------------------------------------
| Phase space: 1 channels, 2 dimensions
| Phase space: found 1 channel, collected in 1 grove.
| Phase space: Using 1 equivalence between channels.
| Phase space: wood
| Beam structure: isr, none => none, isr
| Beam structure: 1 channels, 2 dimensions
Warning: No cuts have been defined.
| OpenMP: Using 1 thread
| Starting integration for process 'tt_prod'
| Integrate: iterations = 5:20000:"gw", 5:50000
| Integrator: 1 chains, 1 channels, 4 dimensions
| Integrator: Using VAMP channel equivalences
| Integrator: 20000 initial calls, 20 bins, stratified = T
| Integrator: VAMP
|=============================================================================|
| It      Calls  Integral[fb]  Error[fb]   Err[%]    Acc  Eff[%]   Chi2 N[It] |
|=============================================================================|
   1      20000  1.5130221E+03  1.87E+00    0.12    0.18*  26.08
   2      20000  1.5117084E+03  1.08E+00    0.07    0.10*  36.24
   3      20000  1.5140089E+03  7.95E-01    0.05    0.07*  42.74
   4      20000  1.5124798E+03  8.43E-01    0.06    0.08   39.99
   5      20000  1.5123031E+03  8.73E-01    0.06    0.08   39.74
|-----------------------------------------------------------------------------|
   5     100000  1.5127875E+03  4.28E-01    0.03    0.09   39.74    0.96   5
|-----------------------------------------------------------------------------|
   6      48384  1.5116223E+03  5.52E-01    0.04    0.08*  41.08
   7      48384  1.5125983E+03  5.46E-01    0.04    0.08*  41.11
   8      48384  1.5111390E+03  5.48E-01    0.04    0.08   41.07
   9      48384  1.5119239E+03  5.46E-01    0.04    0.08*  41.09
  10      48384  1.5117524E+03  5.51E-01    0.04    0.08   41.04
|-----------------------------------------------------------------------------|
  10     241920  1.5118094E+03  2.45E-01    0.02    0.08   41.04    0.94   5
|=============================================================================|
| Time estimate for generating 10000 events: 0d:00h:00m:01s
| Unstable particle t: computed branching ratios:
|   t_decay: 1.0000000E+00   b, mu+, numu
|   Total width = 1.6338530E-01 GeV (computed)
|               = 1.5230000E+00 GeV (preset)
|   Decay options: helicity treated exactly
| Unstable particle tbar: computed branching ratios:
|   tbar_decay: 1.0000000E+00   bbar, e-, nuebar
|   Total width = 1.6347222E-01 GeV (computed)
|               = 1.5230000E+00 GeV (preset)
|   Decay options: helicity treated exactly
seed = 4300005
n_events = 10000
$sample = "mumu_ttbar_mupem_LR100_sc_ISR_500GeV__shard_0005"
?polarized_events = true
| Starting simulation for process 'tt_prod'
| Simulate: using integration grids from file 'tt_prod.m1.vg'
| Simulate: activating decays
| Simulate: activating ISR handler
| Simulate: ISR/EPA handler mode: pair recoil
| Simulate: using integration grids from file 't_decay.m1.vg'
| Simulate: using integration grids from file 'tbar_decay.m1.vg'
| RNG: Initializing TAO random-number generator
| RNG: Setting seed for random-number generator to 7397
| OpenMP: Using 1 thread
| Simulation: requested number of events = 10000
|             corr. to luminosity [fb-1] =   6.6146E+00
| Events: writing to LHEF file 'mumu_ttbar_mupem_LR100_sc_ISR_500GeV__shard_0005.lhe'
| Events: writing to raw file 'mumu_ttbar_mupem_LR100_sc_ISR_500GeV__shard_0005.evx'
| Events: generating 10000 unweighted, polarized events ...
| Events: event normalization mode '1'
|         ... event sample complete.
| Events: actual unweighting efficiency =  41.00 %
| Events: closing LHEF file 'mumu_ttbar_mupem_LR100_sc_ISR_500GeV__shard_0005.lhe'
| Events: closing raw file 'mumu_ttbar_mupem_LR100_sc_ISR_500GeV__shard_0005.evx'
| There were no errors and    3 warning(s).
| WHIZARD run finished.
|=============================================================================|
Completed mumu_ttbar_mupem_LR100_sc_ISR_500GeV/shard_0005: events=10000 seed=4300005
Run metadata: /eos/user/c/cglenn/FCCWork/whizard/whizard_ttbar_spinpol/production/500GeV_ISR_sc_v1/runs/mumu_ttbar_mupem_LR100_sc_ISR_500GeV/shard_0005/run_metadata.json
Raw LHE: /eos/user/c/cglenn/FCCWork/whizard/whizard_ttbar_spinpol/production/500GeV_ISR_sc_v1/lhe_raw/mumu_ttbar_mupem_LR100_sc_ISR_500GeV/mumu_ttbar_mupem_LR100_sc_ISR_500GeV__shard_0005.lhe
