000 (6066550.000.000) 08/21 17:11:11 Job submitted from host: <188.185.133.2:9618?addrs=188.185.133.2-9618+[2001-1458-d03-2--100-208]-9618&alias=bigbird102.cern.ch&noUDP&sock=schedd_5723_1498>
...
000 (6066550.001.000) 08/21 17:11:11 Job submitted from host: <188.185.133.2:9618?addrs=188.185.133.2-9618+[2001-1458-d03-2--100-208]-9618&alias=bigbird102.cern.ch&noUDP&sock=schedd_5723_1498>
...
000 (6066550.002.000) 08/21 17:11:11 Job submitted from host: <188.185.133.2:9618?addrs=188.185.133.2-9618+[2001-1458-d03-2--100-208]-9618&alias=bigbird102.cern.ch&noUDP&sock=schedd_5723_1498>
...
000 (6066550.003.000) 08/21 17:11:11 Job submitted from host: <188.185.133.2:9618?addrs=188.185.133.2-9618+[2001-1458-d03-2--100-208]-9618&alias=bigbird102.cern.ch&noUDP&sock=schedd_5723_1498>
...
040 (6066550.000.000) 08/21 17:13:05 Started transferring input files
	Transferring to host: <128.142.161.93:9618?addrs=128.142.161.93-9618+[2001-1458-301-b8--100-1b]-9618&alias=b9g03p6806.cern.ch&noUDP&sock=slot1_7_5085_97a8_47134>
...
040 (6066550.000.000) 08/21 17:13:05 Finished transferring input files
...
040 (6066550.002.000) 08/21 17:13:06 Started transferring input files
	Transferring to host: <188.185.194.104:9618?addrs=188.185.194.104-9618+[2001-1458-303-21--100-64]-9618&alias=b9p20p2466.cern.ch&noUDP&sock=slot1_34_4341_608a_34921>
...
040 (6066550.002.000) 08/21 17:13:06 Finished transferring input files
...
040 (6066550.001.000) 08/21 17:13:06 Started transferring input files
	Transferring to host: <188.185.195.47:9618?addrs=188.185.195.47-9618+[2001-1458-303-22--100-2b]-9618&alias=b9p17p0662.cern.ch&noUDP&sock=slot1_23_4673_4d17_44370>
...
040 (6066550.001.000) 08/21 17:13:06 Finished transferring input files
...
040 (6066550.003.000) 08/21 17:13:06 Started transferring input files
	Transferring to host: <188.185.197.101:9618?addrs=188.185.197.101-9618+[2001-1458-303-24--100-61]-9618&alias=b9p14p5183.cern.ch&noUDP&sock=slot1_29_4174_b5e3_28356>
...
040 (6066550.003.000) 08/21 17:13:06 Finished transferring input files
...
001 (6066550.000.000) 08/21 17:13:06 Job executing on host: <128.142.161.93:9618?addrs=128.142.161.93-9618+[2001-1458-301-b8--100-1b]-9618&alias=b9g03p6806.cern.ch&noUDP&sock=startd_4187_8320>
	SlotName: slot1_7@b9g03p6806.cern.ch
	CondorScratchDir = "/pool/condor/dir_2646430"
	Cpus = 1
	Disk = 3074238
	GPUs = 0
	Memory = 3000
...
001 (6066550.002.000) 08/21 17:13:07 Job executing on host: <188.185.194.104:9618?addrs=188.185.194.104-9618+[2001-1458-303-21--100-64]-9618&alias=b9p20p2466.cern.ch&noUDP&sock=startd_3219_8b73>
	SlotName: slot1_34@b9p20p2466.cern.ch
	CondorScratchDir = "/pool/condor/dir_1221787"
	Cpus = 1
	Disk = 3075599
	GPUs = 0
	Memory = 3000
...
001 (6066550.001.000) 08/21 17:13:07 Job executing on host: <188.185.195.47:9618?addrs=188.185.195.47-9618+[2001-1458-303-22--100-2b]-9618&alias=b9p17p0662.cern.ch&noUDP&sock=startd_3691_4c27>
	SlotName: slot1_23@b9p17p0662.cern.ch
	CondorScratchDir = "/pool/condor/dir_2291230"
	Cpus = 1
	Disk = 3075984
	GPUs = 0
	Memory = 3000
...
001 (6066550.003.000) 08/21 17:13:07 Job executing on host: <188.185.197.101:9618?addrs=188.185.197.101-9618+[2001-1458-303-24--100-61]-9618&alias=b9p14p5183.cern.ch&noUDP&sock=startd_2966_01fd>
	SlotName: slot1_29@b9p14p5183.cern.ch
	CondorScratchDir = "/pool/condor/dir_1533635"
	Cpus = 1
	Disk = 3074882
	GPUs = 0
	Memory = 3000
...
006 (6066550.000.000) 08/21 17:13:14 Image size of job updated: 72044
	71  -  MemoryUsage of job (MB)
	72044  -  ResidentSetSize of job (KB)
...
006 (6066550.002.000) 08/21 17:13:16 Image size of job updated: 40448
	40  -  MemoryUsage of job (MB)
	40448  -  ResidentSetSize of job (KB)
...
006 (6066550.003.000) 08/21 17:13:16 Image size of job updated: 26344
	26  -  MemoryUsage of job (MB)
	26344  -  ResidentSetSize of job (KB)
...
006 (6066550.001.000) 08/21 17:13:16 Image size of job updated: 31084
	31  -  MemoryUsage of job (MB)
	31084  -  ResidentSetSize of job (KB)
...
006 (6066550.000.000) 08/21 17:13:59 Image size of job updated: 93976
	71  -  MemoryUsage of job (MB)
	72100  -  ResidentSetSize of job (KB)
...
040 (6066550.000.000) 08/21 17:13:59 Started transferring output files
...
040 (6066550.000.000) 08/21 17:13:59 Finished transferring output files
...
005 (6066550.000.000) 08/21 17:14:00 Job terminated.
	(1) Normal termination (return value 0)
		Usr 0 00:00:42, Sys 0 00:00:03  -  Run Remote Usage
		Usr 0 00:00:00, Sys 0 00:00:00  -  Run Local Usage
		Usr 0 00:00:42, Sys 0 00:00:03  -  Total Remote Usage
		Usr 0 00:00:00, Sys 0 00:00:00  -  Total Local Usage
	23849  -  Run Bytes Sent By Job
	1915  -  Run Bytes Received By Job
	23849  -  Total Bytes Sent By Job
	1915  -  Total Bytes Received By Job
	Partitionable Resources :    Usage  Request Allocated 
	   Cpus                 :        0        1         1 
	   Disk (KB)            :    58226  3072000   3074238 
	   GPUs                 :                           0 
	   Memory (MB)          :       71     3000      3000 
	   TimeExecute (s)      :       53                    
	   TimeSlotBusy (s)     :       55                    
...
006 (6066550.003.000) 08/21 17:14:24 Image size of job updated: 89144
	26  -  MemoryUsage of job (MB)
	26372  -  ResidentSetSize of job (KB)
...
040 (6066550.003.000) 08/21 17:14:24 Started transferring output files
...
040 (6066550.003.000) 08/21 17:14:24 Finished transferring output files
...
005 (6066550.003.000) 08/21 17:14:24 Job terminated.
	(1) Normal termination (return value 0)
		Usr 0 00:01:00, Sys 0 00:00:05  -  Run Remote Usage
		Usr 0 00:00:00, Sys 0 00:00:00  -  Run Local Usage
		Usr 0 00:01:00, Sys 0 00:00:05  -  Total Remote Usage
		Usr 0 00:00:00, Sys 0 00:00:00  -  Total Local Usage
	24250  -  Run Bytes Sent By Job
	1915  -  Run Bytes Received By Job
	24250  -  Total Bytes Sent By Job
	1915  -  Total Bytes Received By Job
	Partitionable Resources :    Usage  Request Allocated 
	   Cpus                 :     0.70        1         1 
	   Disk (KB)            : 58238     3072000   3074882 
	   GPUs                 :                           0 
	   Memory (MB)          :    26        3000      3000 
	   TimeExecute (s)      :    77                       
	   TimeSlotBusy (s)     :    79                       
...
006 (6066550.002.000) 08/21 17:14:27 Image size of job updated: 92524
	40  -  MemoryUsage of job (MB)
	40468  -  ResidentSetSize of job (KB)
...
040 (6066550.002.000) 08/21 17:14:27 Started transferring output files
...
040 (6066550.002.000) 08/21 17:14:27 Finished transferring output files
...
005 (6066550.002.000) 08/21 17:14:27 Job terminated.
	(1) Normal termination (return value 0)
		Usr 0 00:01:05, Sys 0 00:00:05  -  Run Remote Usage
		Usr 0 00:00:00, Sys 0 00:00:00  -  Run Local Usage
		Usr 0 00:01:05, Sys 0 00:00:05  -  Total Remote Usage
		Usr 0 00:00:00, Sys 0 00:00:00  -  Total Local Usage
	24349  -  Run Bytes Sent By Job
	1915  -  Run Bytes Received By Job
	24349  -  Total Bytes Sent By Job
	1915  -  Total Bytes Received By Job
	Partitionable Resources :    Usage  Request Allocated 
	   Cpus                 :        0        1         1 
	   Disk (KB)            :    58267  3072000   3075599 
	   GPUs                 :                           0 
	   Memory (MB)          :       40     3000      3000 
	   TimeExecute (s)      :       80                    
	   TimeSlotBusy (s)     :       82                    
...
006 (6066550.001.000) 08/21 17:14:28 Image size of job updated: 124148
	31  -  MemoryUsage of job (MB)
	31112  -  ResidentSetSize of job (KB)
...
040 (6066550.001.000) 08/21 17:14:28 Started transferring output files
...
040 (6066550.001.000) 08/21 17:14:28 Finished transferring output files
...
005 (6066550.001.000) 08/21 17:14:29 Job terminated.
	(1) Normal termination (return value 0)
		Usr 0 00:01:04, Sys 0 00:00:05  -  Run Remote Usage
		Usr 0 00:00:00, Sys 0 00:00:00  -  Run Local Usage
		Usr 0 00:01:04, Sys 0 00:00:05  -  Total Remote Usage
		Usr 0 00:00:00, Sys 0 00:00:00  -  Total Local Usage
	24141  -  Run Bytes Sent By Job
	1915  -  Run Bytes Received By Job
	24141  -  Total Bytes Sent By Job
	1915  -  Total Bytes Received By Job
	Partitionable Resources :    Usage  Request Allocated 
	   Cpus                 :        0        1         1 
	   Disk (KB)            :    58245  3072000   3075984 
	   GPUs                 :                           0 
	   Memory (MB)          :       31     3000      3000 
	   TimeExecute (s)      :       81                    
	   TimeSlotBusy (s)     :       83                    
...
