|=============================================================================|
|                                                                             |
|    WW             WW  WW   WW  WW  WWWWWW      WW      WWWWW    WWWW        |
|     WW    WW     WW   WW   WW  WW     WW      WWWW     WW  WW   WW  WW      |
|      WW  WW WW  WW    WWWWWWW  WW    WW      WW  WW    WWWWW    WW   WW     |
|       WWWW   WWWW     WW   WW  WW   WW      WWWWWWWW   WW  WW   WW  WW      |
|        WW     WW      WW   WW  WW  WWWWWW  WW      WW  WW   WW  WWWW        |
|                                                                             |
|                                                                             |
|                                        W                                    |
|                                       sW                                    |
|                                       WW                                    |
|                                      sWW                                    |
|                                      WWW                                    |
|                                     wWWW                                    |
|                                    wWWWW                                    |
|                                    WW WW                                    |
|                                    WW WW                                    |
|                                   wWW WW                                    |
|                                  wWW  WW                                    |
|                                  WW   WW                                    |
|                                  WW   WW                                    |
|                                 WW    WW                                    |
|                                 WW    WW                                    |
|                                WW     WW                                    |
|                                WW     WW                                    |
|           wwwwww              WW      WW                                    |
|              WWWWWww          WW      WW                                    |
|                 WWWWWwwwww   WW       WW                                    |
|                     wWWWwwwwwWW       WW                                    |
|                 wWWWWWWWWWWwWWW       WW                                    |
|                wWWWWW       wW        WWWWWWW                               |
|                  WWWW       wW        WW  wWWWWWWWwww                       |
|                   WWWW                      wWWWWWWWwwww                    |
|                     WWWW                      WWWW     WWw                  |
|                       WWWWww                   WWWW                         |
|                           WWWwwww              WWWW                         |
|                               wWWWWwww       wWWWWW                         |
|                                     WwwwwwwwwWWW                            |
|                                                                             |
|                                                                             |
|                                                                             |
|  by:   Wolfgang Kilian, Thorsten Ohl, Juergen Reuter                        |
|        with contributions from Christian Speckner                           |
|        Contact: <whizard@desy.de>                                           |
|                                                                             |
|  if you use WHIZARD please cite:                                            |
|        W. Kilian, T. Ohl, J. Reuter,  Eur.Phys.J.C71 (2011) 1742            |
|                                          [arXiv: 0708.4233 [hep-ph]]        |
|        M. Moretti, T. Ohl, J. Reuter, arXiv: hep-ph/0102195                 |
|                                                                             |
|=============================================================================|
|                               WHIZARD 3.1.8
|=============================================================================|
| Reading model file '/afs/cern.ch/user/c/cglenn/FCCWork/whizard/whizard_ttbar_spinpol/local/whizard-3.1.8-mpi-omp-qualified-20260811/share/whizard/models/SM.mdl'
| Preloaded model: SM
| Process library 'default_lib': initialized
| Preloaded library: default_lib
| Reading model file '/afs/cern.ch/user/c/cglenn/FCCWork/whizard/whizard_ttbar_spinpol/local/whizard-3.1.8-mpi-omp-qualified-20260811/share/whizard/models/SM_hadrons.mdl'
| Reading commands from file 'process.sin'
| Including Sindarin from 'common/model.inc'
| Switching to model 'SM', scheme 'default'
| End of included 'common/model.inc'
| Including Sindarin from 'common/beams.inc'
sqrts =  3.650000000000E+02
| End of included 'common/beams.inc'
| Including Sindarin from 'common/isr.inc'
?isr_handler = true
$isr_handler_mode = "recoil"
?keep_beams = true
?keep_remnants = true
isr_mass =  5.109970000000E-04
| End of included 'common/isr.inc'
| Including Sindarin from 'common/polarization.inc'
| End of included 'common/polarization.inc'
?resonance_history = true
resonance_on_shell_limit =  1.000000000000E+01
resonance_background_factor =  0.000000000000E+00
$restrictions = "3+4~W+ && 6+7~W- && 3+4+5~t && 6+7+8~tbar"
| Process library 'default_lib': recorded process 'proc_epmum'
| Including Sindarin from 'common/integration.inc'
$integration_method = "vamp2"
$rng_method = "rng_stream"
$vamp_parallel_method = "simple"
?omega_openmp = false
openmp_num_threads = 1
seed = 1740114216
| Integrate: current process library needs compilation
| Process library 'default_lib': compiling ...
| Process library 'default_lib': writing makefile
| Process library 'default_lib': writing driver
| Process library 'default_lib': creating source code
| Process library 'default_lib': compiling sources
| Process library 'default_lib': linking
| Process library 'default_lib': loading
| Process library 'default_lib': ... success.
| Integrate: compilation done
| RNG: Initializing RNG Stream random-number generator
| RNG: Setting seed for random-number generator to 2344
| Initializing integration for process proc_epmum:
| Beam structure: e-, e+ => isr
|   polarization (beam 1):
|     @(-1: -1: ( 1.000000000000E+00, 0.000000000000E+00))
|   polarization (beam 2):
|     @(+1: +1: ( 1.000000000000E+00, 0.000000000000E+00))
|   polarization degree = 1.0000000, 1.0000000
| Beam data (collision):
|   e-  (mass = 5.1099700E-04 GeV)  polarized
|   e+  (mass = 5.1099700E-04 GeV)  polarized
|   sqrts = 3.650000000000E+02 GeV
| Phase space: generating configuration ...
Warning:  Intermediate decay of zero-width particle mu- may be possible.
| Phase space: ... success.
| Phase space: writing configuration file 'proc_epmum.i1.phs'
| ------------------------------------------------------------------------
| Process [scattering]: 'proc_epmum'
|   Library name  = 'default_lib'
|   Process index = 1
|   Process components:
|     1: 'proc_epmum_i1':   e-, e+ => e+, nue, b, mu-, numubar, bbar [omega]
| ------------------------------------------------------------------------
| Phase space: 890 channels, 14 dimensions
| Phase space: found 890 channels, collected in 239 groves.
| Phase space: Using 1060 equivalences between channels.
| Phase space: wood
| Beam structure: isr, none => none, isr
| Beam structure: 2 channels, 2 dimensions
Warning: No cuts have been defined.
| OpenMP: Using 1 thread
| Starting integration for process 'proc_epmum'
| Integrate: iterations = 1:20000
| Integrator: 239 chains, 890 channels, 16 dimensions
| Integrator: Using VAMP2 channel equivalences
| Integrator: Write grid header and grids to 'proc_epmum.m1.vg2'
| Integrator: Grid checkpoint after each iteration
| Integrator: 20000 initial calls, 20 max. bins, stratified = T
| Integrator: VAMP2
|=============================================================================|
| It      Calls  Integral[fb]  Error[fb]   Err[%]    Acc  Eff[%]   Chi2 N[It] |
|=============================================================================|
| VAMP2: Initialize new grids and write to file 'proc_epmum.m1.vg2'.
| VAMP2: set chain: use chained weights.
   1      19580  1.0290864E+01  2.71E+00   26.38   36.91*  13.13
|-----------------------------------------------------------------------------|
   1      19580  1.0290864E+01  2.71E+00   26.38   36.91   13.13
|=============================================================================|
| Time estimate for generating 10000 events: 0d:00h:00m:31s
| End of included 'common/integration.inc'
| Including Sindarin from 'common/event_output.inc'
seed = 311199001
n_events = 10
$sample = "grouped_epmum_10ev"
| Starting simulation for process 'proc_epmum'
| Creating library for resonant subprocesses 'proc_epmum_R'
| Process library 'proc_epmum_R': initialized
| Resonant subprocess #1: 3+4~W+ && 3+4+5~t && 6+7~W- && 6+7+8~tbar
| Process library 'proc_epmum_R': recorded process 'proc_epmum_R1'
| Resonant subprocess #2: 3+4~W+ && 6+7~W- && 6+7+8~tbar
| Process library 'proc_epmum_R': recorded process 'proc_epmum_R2'
| Resonant subprocess #3: 3+4+5~t && 6+7~W- && 6+7+8~tbar
| Process library 'proc_epmum_R': recorded process 'proc_epmum_R3'
| Resonant subprocess #4: 3+4~W+ && 3+4+5~t && 6+7~W-
| Process library 'proc_epmum_R': recorded process 'proc_epmum_R4'
| Resonant subprocess #5: 3+4+5~t && 6+7~W-
| Process library 'proc_epmum_R': recorded process 'proc_epmum_R5'
| Resonant subprocess #6: 3+4~W+ && 6+7~W- && 5+8~H
| Process library 'proc_epmum_R': recorded process 'proc_epmum_R6'
| Resonant subprocess #7: 3+4~W+ && 6+7~W- && 5+8~Z
| Process library 'proc_epmum_R': recorded process 'proc_epmum_R7'
| Resonant subprocess #8: 6+7~W- && 3+4+6+7~Z && 5+8~H
| Process library 'proc_epmum_R': recorded process 'proc_epmum_R8'
| Resonant subprocess #9: 6+7~W- && 3+4+6+7~H && 5+8~Z
| Process library 'proc_epmum_R': recorded process 'proc_epmum_R9'
| Resonant subprocess #10: 6+7~W- && 3+4+6+7~H
| Process library 'proc_epmum_R': recorded process 'proc_epmum_R10'
| Resonant subprocess #11: 3+4~W+ && 3+4+5~t && 6+7+8~tbar
| Process library 'proc_epmum_R': recorded process 'proc_epmum_R11'
| Resonant subprocess #12: 3+4~W+ && 6+7+8~tbar
| Process library 'proc_epmum_R': recorded process 'proc_epmum_R12'
| Resonant subprocess #13: 3+4+5~t && 6+7+8~tbar
| Process library 'proc_epmum_R': recorded process 'proc_epmum_R13'
| Resonant subprocess #14: 3+4~W+ && 3+4+6+7~Z && 5+8~H
| Process library 'proc_epmum_R': recorded process 'proc_epmum_R14'
| Resonant subprocess #15: 3+4~W+ && 3+4+6+7~H && 5+8~Z
| Process library 'proc_epmum_R': recorded process 'proc_epmum_R15'
| Resonant subprocess #16: 3+4~W+ && 3+4+6+7~H
| Process library 'proc_epmum_R': recorded process 'proc_epmum_R16'
| Resonant subprocess #17: 3+4~W+ && 6+7~W-
| Process library 'proc_epmum_R': recorded process 'proc_epmum_R17'
| Resonant subprocess #18: 3+4~W+
| Process library 'proc_epmum_R': recorded process 'proc_epmum_R18'
| Resonant subprocess #19: 3+4~W+ && 3+4+5+6+7+8~Z
| Process library 'proc_epmum_R': recorded process 'proc_epmum_R19'
| Resonant subprocess #20: 6+7~W- && 3+4+5+8~W+
| Process library 'proc_epmum_R': recorded process 'proc_epmum_R20'
| Resonant subprocess #21: 3+4~W+ && 5+6+7+8~W-
| Process library 'proc_epmum_R': recorded process 'proc_epmum_R21'
| Resonant subprocess #22: 3+4+5+8~W+
| Process library 'proc_epmum_R': recorded process 'proc_epmum_R22'
| Resonant subprocess #23: 3+4+5+8~W+ && 3+4+5+6+7+8~Z
| Process library 'proc_epmum_R': recorded process 'proc_epmum_R23'
| Resonant subprocess #24: 6+7~W- && 3+4+5+6+7+8~Z
| Process library 'proc_epmum_R': recorded process 'proc_epmum_R24'
| Resonant subprocess #25: 5+6+7+8~W- && 3+4+5+6+7+8~Z
| Process library 'proc_epmum_R': recorded process 'proc_epmum_R25'
| Resonant subprocess #26: 6+7~W-
| Process library 'proc_epmum_R': recorded process 'proc_epmum_R26'
| Resonant subprocess #27: 5+6+7+8~W-
| Process library 'proc_epmum_R': recorded process 'proc_epmum_R27'
| Resonant subprocess #28: 3+4+6+7~Z && 5+8~H
| Process library 'proc_epmum_R': recorded process 'proc_epmum_R28'
| Resonant subprocess #29: 6+7~W- && 3+4+6+7~Z
| Process library 'proc_epmum_R': recorded process 'proc_epmum_R29'
| Resonant subprocess #30: 3+4~W+ && 3+4+6+7~Z
| Process library 'proc_epmum_R': recorded process 'proc_epmum_R30'
| Resonant subprocess #31: 3+4+6+7~Z
| Process library 'proc_epmum_R': recorded process 'proc_epmum_R31'
| Resonant subprocess #32: 6+7~W- && 5+8~Z
| Process library 'proc_epmum_R': recorded process 'proc_epmum_R32'
| Resonant subprocess #33: 6+7~W- && 5+8~H
| Process library 'proc_epmum_R': recorded process 'proc_epmum_R33'
| Resonant subprocess #34: 6+7~W- && 6+7+8~tbar
| Process library 'proc_epmum_R': recorded process 'proc_epmum_R34'
| Resonant subprocess #35: 6+7+8~tbar
| Process library 'proc_epmum_R': recorded process 'proc_epmum_R35'
| Resonant subprocess #36: 3+4~W+ && 5+8~Z
| Process library 'proc_epmum_R': recorded process 'proc_epmum_R36'
| Resonant subprocess #37: 3+4~W+ && 5+8~H
| Process library 'proc_epmum_R': recorded process 'proc_epmum_R37'
| Resonant subprocess #38: 6+7~W- && 3+4+6+7~Z && 5+8~Z
| Process library 'proc_epmum_R': recorded process 'proc_epmum_R38'
| Resonant subprocess #39: 3+4~W+ && 3+4+6+7~Z && 5+8~Z
| Process library 'proc_epmum_R': recorded process 'proc_epmum_R39'
| Resonant subprocess #40: 3+4+6+7~Z && 5+8~Z
| Process library 'proc_epmum_R': recorded process 'proc_epmum_R40'
| Resonant subprocess #41: 5+8~Z
| Process library 'proc_epmum_R': recorded process 'proc_epmum_R41'
| Resonant subprocess #42: 5+8~H
| Process library 'proc_epmum_R': recorded process 'proc_epmum_R42'
| Resonant subprocess #43: 3+4~W+ && 3+4+5~t
| Process library 'proc_epmum_R': recorded process 'proc_epmum_R43'
| Resonant subprocess #44: 3+4+5~t
| Process library 'proc_epmum_R': recorded process 'proc_epmum_R44'
| Process library 'proc_epmum_R': compiling ...
| Process library 'proc_epmum_R': writing makefile
| Process library 'proc_epmum_R': writing driver
| Process library 'proc_epmum_R': creating source code
| Process library 'proc_epmum_R': compiling sources
| Process library 'proc_epmum_R': linking
| Process library 'proc_epmum_R': loading
| Process library 'proc_epmum_R': ... success.
| Simulate: initializing resonant subprocess 'proc_epmum_R1'
| RNG: Initializing RNG Stream random-number generator
| RNG: Setting seed for random-number generator to 1305
| Initializing integration for process proc_epmum_R1:
| Beam structure: e-, e+ => isr
|   polarization (beam 1):
|     @(-1: -1: ( 1.000000000000E+00, 0.000000000000E+00))
|   polarization (beam 2):
|     @(+1: +1: ( 1.000000000000E+00, 0.000000000000E+00))
|   polarization degree = 1.0000000, 1.0000000
| Beam data (collision):
|   e-  (mass = 5.1099700E-04 GeV)  polarized
|   e+  (mass = 5.1099700E-04 GeV)  polarized
|   sqrts = 3.650000000000E+02 GeV
| ------------------------------------------------------------------------
| Process [scattering]: 'proc_epmum_R1'
|   Library name  = 'proc_epmum_R'
|   Process index = 1
|   Process components:
|     1: 'proc_epmum_R1_i1':   e-, e+ => e+, nue, b, mu-, numubar, bbar [omega]
| ------------------------------------------------------------------------
| Phase space: none
| Beam structure: isr, none => none, isr
| Beam structure: 1 channels, 2 dimensions
Warning: No cuts have been defined.
| Simulate: initializing resonant subprocess 'proc_epmum_R2'
| RNG: Initializing RNG Stream random-number generator
| RNG: Setting seed for random-number generator to 1306
| Initializing integration for process proc_epmum_R2:
| Beam structure: e-, e+ => isr
|   polarization (beam 1):
|     @(-1: -1: ( 1.000000000000E+00, 0.000000000000E+00))
|   polarization (beam 2):
|     @(+1: +1: ( 1.000000000000E+00, 0.000000000000E+00))
|   polarization degree = 1.0000000, 1.0000000
| Beam data (collision):
|   e-  (mass = 5.1099700E-04 GeV)  polarized
|   e+  (mass = 5.1099700E-04 GeV)  polarized
|   sqrts = 3.650000000000E+02 GeV
| ------------------------------------------------------------------------
| Process [scattering]: 'proc_epmum_R2'
|   Library name  = 'proc_epmum_R'
|   Process index = 2
|   Process components:
|     1: 'proc_epmum_R2_i1':   e-, e+ => e+, nue, b, mu-, numubar, bbar [omega]
| ------------------------------------------------------------------------
| Phase space: none
| Beam structure: isr, none => none, isr
| Beam structure: 1 channels, 2 dimensions
Warning: No cuts have been defined.
| Simulate: initializing resonant subprocess 'proc_epmum_R3'
| RNG: Initializing RNG Stream random-number generator
| RNG: Setting seed for random-number generator to 1307
| Initializing integration for process proc_epmum_R3:
| Beam structure: e-, e+ => isr
|   polarization (beam 1):
|     @(-1: -1: ( 1.000000000000E+00, 0.000000000000E+00))
|   polarization (beam 2):
|     @(+1: +1: ( 1.000000000000E+00, 0.000000000000E+00))
|   polarization degree = 1.0000000, 1.0000000
| Beam data (collision):
|   e-  (mass = 5.1099700E-04 GeV)  polarized
|   e+  (mass = 5.1099700E-04 GeV)  polarized
|   sqrts = 3.650000000000E+02 GeV
| ------------------------------------------------------------------------
| Process [scattering]: 'proc_epmum_R3'
|   Library name  = 'proc_epmum_R'
|   Process index = 3
|   Process components:
|     1: 'proc_epmum_R3_i1':   e-, e+ => e+, nue, b, mu-, numubar, bbar [omega]
| ------------------------------------------------------------------------
| Phase space: none
| Beam structure: isr, none => none, isr
| Beam structure: 1 channels, 2 dimensions
Warning: No cuts have been defined.
| Simulate: initializing resonant subprocess 'proc_epmum_R4'
| RNG: Initializing RNG Stream random-number generator
| RNG: Setting seed for random-number generator to 1308
| Initializing integration for process proc_epmum_R4:
| Beam structure: e-, e+ => isr
|   polarization (beam 1):
|     @(-1: -1: ( 1.000000000000E+00, 0.000000000000E+00))
|   polarization (beam 2):
|     @(+1: +1: ( 1.000000000000E+00, 0.000000000000E+00))
|   polarization degree = 1.0000000, 1.0000000
| Beam data (collision):
|   e-  (mass = 5.1099700E-04 GeV)  polarized
|   e+  (mass = 5.1099700E-04 GeV)  polarized
|   sqrts = 3.650000000000E+02 GeV
| ------------------------------------------------------------------------
| Process [scattering]: 'proc_epmum_R4'
|   Library name  = 'proc_epmum_R'
|   Process index = 4
|   Process components:
|     1: 'proc_epmum_R4_i1':   e-, e+ => e+, nue, b, mu-, numubar, bbar [omega]
| ------------------------------------------------------------------------
| Phase space: none
| Beam structure: isr, none => none, isr
| Beam structure: 1 channels, 2 dimensions
Warning: No cuts have been defined.
| Simulate: initializing resonant subprocess 'proc_epmum_R5'
| RNG: Initializing RNG Stream random-number generator
| RNG: Setting seed for random-number generator to 1309
| Initializing integration for process proc_epmum_R5:
| Beam structure: e-, e+ => isr
|   polarization (beam 1):
|     @(-1: -1: ( 1.000000000000E+00, 0.000000000000E+00))
|   polarization (beam 2):
|     @(+1: +1: ( 1.000000000000E+00, 0.000000000000E+00))
|   polarization degree = 1.0000000, 1.0000000
| Beam data (collision):
|   e-  (mass = 5.1099700E-04 GeV)  polarized
|   e+  (mass = 5.1099700E-04 GeV)  polarized
|   sqrts = 3.650000000000E+02 GeV
| ------------------------------------------------------------------------
| Process [scattering]: 'proc_epmum_R5'
|   Library name  = 'proc_epmum_R'
|   Process index = 5
|   Process components:
|     1: 'proc_epmum_R5_i1':   e-, e+ => e+, nue, b, mu-, numubar, bbar [omega]
| ------------------------------------------------------------------------
| Phase space: none
| Beam structure: isr, none => none, isr
| Beam structure: 1 channels, 2 dimensions
Warning: No cuts have been defined.
| Simulate: initializing resonant subprocess 'proc_epmum_R6'
| RNG: Initializing RNG Stream random-number generator
| RNG: Setting seed for random-number generator to 1310
| Initializing integration for process proc_epmum_R6:
| Beam structure: e-, e+ => isr
|   polarization (beam 1):
|     @(-1: -1: ( 1.000000000000E+00, 0.000000000000E+00))
|   polarization (beam 2):
|     @(+1: +1: ( 1.000000000000E+00, 0.000000000000E+00))
|   polarization degree = 1.0000000, 1.0000000
| Beam data (collision):
|   e-  (mass = 5.1099700E-04 GeV)  polarized
|   e+  (mass = 5.1099700E-04 GeV)  polarized
|   sqrts = 3.650000000000E+02 GeV
| ------------------------------------------------------------------------
| Process [scattering]: 'proc_epmum_R6'
|   Library name  = 'proc_epmum_R'
|   Process index = 6
|   Process components:
|     1: 'proc_epmum_R6_i1':   e-, e+ => e+, nue, b, mu-, numubar, bbar [omega]
| ------------------------------------------------------------------------
| Phase space: none
| Beam structure: isr, none => none, isr
| Beam structure: 1 channels, 2 dimensions
Warning: No cuts have been defined.
| Simulate: initializing resonant subprocess 'proc_epmum_R7'
| RNG: Initializing RNG Stream random-number generator
| RNG: Setting seed for random-number generator to 1311
| Initializing integration for process proc_epmum_R7:
| Beam structure: e-, e+ => isr
|   polarization (beam 1):
|     @(-1: -1: ( 1.000000000000E+00, 0.000000000000E+00))
|   polarization (beam 2):
|     @(+1: +1: ( 1.000000000000E+00, 0.000000000000E+00))
|   polarization degree = 1.0000000, 1.0000000
| Beam data (collision):
|   e-  (mass = 5.1099700E-04 GeV)  polarized
|   e+  (mass = 5.1099700E-04 GeV)  polarized
|   sqrts = 3.650000000000E+02 GeV
| ------------------------------------------------------------------------
| Process [scattering]: 'proc_epmum_R7'
|   Library name  = 'proc_epmum_R'
|   Process index = 7
|   Process components:
|     1: 'proc_epmum_R7_i1':   e-, e+ => e+, nue, b, mu-, numubar, bbar [omega]
| ------------------------------------------------------------------------
| Phase space: none
| Beam structure: isr, none => none, isr
| Beam structure: 1 channels, 2 dimensions
Warning: No cuts have been defined.
| Simulate: initializing resonant subprocess 'proc_epmum_R8'
| RNG: Initializing RNG Stream random-number generator
| RNG: Setting seed for random-number generator to 1312
| Initializing integration for process proc_epmum_R8:
| Beam structure: e-, e+ => isr
|   polarization (beam 1):
|     @(-1: -1: ( 1.000000000000E+00, 0.000000000000E+00))
|   polarization (beam 2):
|     @(+1: +1: ( 1.000000000000E+00, 0.000000000000E+00))
|   polarization degree = 1.0000000, 1.0000000
| Beam data (collision):
|   e-  (mass = 5.1099700E-04 GeV)  polarized
|   e+  (mass = 5.1099700E-04 GeV)  polarized
|   sqrts = 3.650000000000E+02 GeV
| ------------------------------------------------------------------------
| Process [scattering]: 'proc_epmum_R8'
|   Library name  = 'proc_epmum_R'
|   Process index = 8
|   Process components:
|     1: 'proc_epmum_R8_i1':   e-, e+ => e+, nue, b, mu-, numubar, bbar [omega]
| ------------------------------------------------------------------------
| Phase space: none
| Beam structure: isr, none => none, isr
| Beam structure: 1 channels, 2 dimensions
Warning: No cuts have been defined.
| Simulate: initializing resonant subprocess 'proc_epmum_R9'
| RNG: Initializing RNG Stream random-number generator
| RNG: Setting seed for random-number generator to 1313
| Initializing integration for process proc_epmum_R9:
| Beam structure: e-, e+ => isr
|   polarization (beam 1):
|     @(-1: -1: ( 1.000000000000E+00, 0.000000000000E+00))
|   polarization (beam 2):
|     @(+1: +1: ( 1.000000000000E+00, 0.000000000000E+00))
|   polarization degree = 1.0000000, 1.0000000
| Beam data (collision):
|   e-  (mass = 5.1099700E-04 GeV)  polarized
|   e+  (mass = 5.1099700E-04 GeV)  polarized
|   sqrts = 3.650000000000E+02 GeV
| ------------------------------------------------------------------------
| Process [scattering]: 'proc_epmum_R9'
|   Library name  = 'proc_epmum_R'
|   Process index = 9
|   Process components:
|     1: 'proc_epmum_R9_i1':   e-, e+ => e+, nue, b, mu-, numubar, bbar [omega]
| ------------------------------------------------------------------------
| Phase space: none
| Beam structure: isr, none => none, isr
| Beam structure: 1 channels, 2 dimensions
Warning: No cuts have been defined.
| Simulate: initializing resonant subprocess 'proc_epmum_R10'
| RNG: Initializing RNG Stream random-number generator
| RNG: Setting seed for random-number generator to 1314
| Initializing integration for process proc_epmum_R10:
| Beam structure: e-, e+ => isr
|   polarization (beam 1):
|     @(-1: -1: ( 1.000000000000E+00, 0.000000000000E+00))
|   polarization (beam 2):
|     @(+1: +1: ( 1.000000000000E+00, 0.000000000000E+00))
|   polarization degree = 1.0000000, 1.0000000
| Beam data (collision):
|   e-  (mass = 5.1099700E-04 GeV)  polarized
|   e+  (mass = 5.1099700E-04 GeV)  polarized
|   sqrts = 3.650000000000E+02 GeV
| ------------------------------------------------------------------------
| Process [scattering]: 'proc_epmum_R10'
|   Library name  = 'proc_epmum_R'
|   Process index = 10
|   Process components:
|     1: 'proc_epmum_R10_i1':   e-, e+ => e+, nue, b, mu-, numubar, bbar [omega]
| ------------------------------------------------------------------------
| Phase space: none
| Beam structure: isr, none => none, isr
| Beam structure: 1 channels, 2 dimensions
Warning: No cuts have been defined.
| Simulate: initializing resonant subprocess 'proc_epmum_R11'
| RNG: Initializing RNG Stream random-number generator
| RNG: Setting seed for random-number generator to 1315
| Initializing integration for process proc_epmum_R11:
| Beam structure: e-, e+ => isr
|   polarization (beam 1):
|     @(-1: -1: ( 1.000000000000E+00, 0.000000000000E+00))
|   polarization (beam 2):
|     @(+1: +1: ( 1.000000000000E+00, 0.000000000000E+00))
|   polarization degree = 1.0000000, 1.0000000
| Beam data (collision):
|   e-  (mass = 5.1099700E-04 GeV)  polarized
|   e+  (mass = 5.1099700E-04 GeV)  polarized
|   sqrts = 3.650000000000E+02 GeV
| ------------------------------------------------------------------------
| Process [scattering]: 'proc_epmum_R11'
|   Library name  = 'proc_epmum_R'
|   Process index = 11
|   Process components:
|     1: 'proc_epmum_R11_i1':   e-, e+ => e+, nue, b, mu-, numubar, bbar [omega]
| ------------------------------------------------------------------------
| Phase space: none
| Beam structure: isr, none => none, isr
| Beam structure: 1 channels, 2 dimensions
Warning: No cuts have been defined.
| Simulate: initializing resonant subprocess 'proc_epmum_R12'
| RNG: Initializing RNG Stream random-number generator
| RNG: Setting seed for random-number generator to 1316
| Initializing integration for process proc_epmum_R12:
| Beam structure: e-, e+ => isr
|   polarization (beam 1):
|     @(-1: -1: ( 1.000000000000E+00, 0.000000000000E+00))
|   polarization (beam 2):
|     @(+1: +1: ( 1.000000000000E+00, 0.000000000000E+00))
|   polarization degree = 1.0000000, 1.0000000
| Beam data (collision):
|   e-  (mass = 5.1099700E-04 GeV)  polarized
|   e+  (mass = 5.1099700E-04 GeV)  polarized
|   sqrts = 3.650000000000E+02 GeV
| ------------------------------------------------------------------------
| Process [scattering]: 'proc_epmum_R12'
|   Library name  = 'proc_epmum_R'
|   Process index = 12
|   Process components:
|     1: 'proc_epmum_R12_i1':   e-, e+ => e+, nue, b, mu-, numubar, bbar [omega]
| ------------------------------------------------------------------------
| Phase space: none
| Beam structure: isr, none => none, isr
| Beam structure: 1 channels, 2 dimensions
Warning: No cuts have been defined.
| Simulate: initializing resonant subprocess 'proc_epmum_R13'
| RNG: Initializing RNG Stream random-number generator
| RNG: Setting seed for random-number generator to 1317
| Initializing integration for process proc_epmum_R13:
| Beam structure: e-, e+ => isr
|   polarization (beam 1):
|     @(-1: -1: ( 1.000000000000E+00, 0.000000000000E+00))
|   polarization (beam 2):
|     @(+1: +1: ( 1.000000000000E+00, 0.000000000000E+00))
|   polarization degree = 1.0000000, 1.0000000
| Beam data (collision):
|   e-  (mass = 5.1099700E-04 GeV)  polarized
|   e+  (mass = 5.1099700E-04 GeV)  polarized
|   sqrts = 3.650000000000E+02 GeV
| ------------------------------------------------------------------------
| Process [scattering]: 'proc_epmum_R13'
|   Library name  = 'proc_epmum_R'
|   Process index = 13
|   Process components:
|     1: 'proc_epmum_R13_i1':   e-, e+ => e+, nue, b, mu-, numubar, bbar [omega]
| ------------------------------------------------------------------------
| Phase space: none
| Beam structure: isr, none => none, isr
| Beam structure: 1 channels, 2 dimensions
Warning: No cuts have been defined.
| Simulate: initializing resonant subprocess 'proc_epmum_R14'
| RNG: Initializing RNG Stream random-number generator
| RNG: Setting seed for random-number generator to 1318
| Initializing integration for process proc_epmum_R14:
| Beam structure: e-, e+ => isr
|   polarization (beam 1):
|     @(-1: -1: ( 1.000000000000E+00, 0.000000000000E+00))
|   polarization (beam 2):
|     @(+1: +1: ( 1.000000000000E+00, 0.000000000000E+00))
|   polarization degree = 1.0000000, 1.0000000
| Beam data (collision):
|   e-  (mass = 5.1099700E-04 GeV)  polarized
|   e+  (mass = 5.1099700E-04 GeV)  polarized
|   sqrts = 3.650000000000E+02 GeV
| ------------------------------------------------------------------------
| Process [scattering]: 'proc_epmum_R14'
|   Library name  = 'proc_epmum_R'
|   Process index = 14
|   Process components:
|     1: 'proc_epmum_R14_i1':   e-, e+ => e+, nue, b, mu-, numubar, bbar [omega]
| ------------------------------------------------------------------------
| Phase space: none
| Beam structure: isr, none => none, isr
| Beam structure: 1 channels, 2 dimensions
Warning: No cuts have been defined.
| Simulate: initializing resonant subprocess 'proc_epmum_R15'
| RNG: Initializing RNG Stream random-number generator
| RNG: Setting seed for random-number generator to 1319
| Initializing integration for process proc_epmum_R15:
| Beam structure: e-, e+ => isr
|   polarization (beam 1):
|     @(-1: -1: ( 1.000000000000E+00, 0.000000000000E+00))
|   polarization (beam 2):
|     @(+1: +1: ( 1.000000000000E+00, 0.000000000000E+00))
|   polarization degree = 1.0000000, 1.0000000
| Beam data (collision):
|   e-  (mass = 5.1099700E-04 GeV)  polarized
|   e+  (mass = 5.1099700E-04 GeV)  polarized
|   sqrts = 3.650000000000E+02 GeV
| ------------------------------------------------------------------------
| Process [scattering]: 'proc_epmum_R15'
|   Library name  = 'proc_epmum_R'
|   Process index = 15
|   Process components:
|     1: 'proc_epmum_R15_i1':   e-, e+ => e+, nue, b, mu-, numubar, bbar [omega]
| ------------------------------------------------------------------------
| Phase space: none
| Beam structure: isr, none => none, isr
| Beam structure: 1 channels, 2 dimensions
Warning: No cuts have been defined.
| Simulate: initializing resonant subprocess 'proc_epmum_R16'
| RNG: Initializing RNG Stream random-number generator
| RNG: Setting seed for random-number generator to 1320
| Initializing integration for process proc_epmum_R16:
| Beam structure: e-, e+ => isr
|   polarization (beam 1):
|     @(-1: -1: ( 1.000000000000E+00, 0.000000000000E+00))
|   polarization (beam 2):
|     @(+1: +1: ( 1.000000000000E+00, 0.000000000000E+00))
|   polarization degree = 1.0000000, 1.0000000
| Beam data (collision):
|   e-  (mass = 5.1099700E-04 GeV)  polarized
|   e+  (mass = 5.1099700E-04 GeV)  polarized
|   sqrts = 3.650000000000E+02 GeV
| ------------------------------------------------------------------------
| Process [scattering]: 'proc_epmum_R16'
|   Library name  = 'proc_epmum_R'
|   Process index = 16
|   Process components:
|     1: 'proc_epmum_R16_i1':   e-, e+ => e+, nue, b, mu-, numubar, bbar [omega]
| ------------------------------------------------------------------------
| Phase space: none
| Beam structure: isr, none => none, isr
| Beam structure: 1 channels, 2 dimensions
Warning: No cuts have been defined.
| Simulate: initializing resonant subprocess 'proc_epmum_R17'
| RNG: Initializing RNG Stream random-number generator
| RNG: Setting seed for random-number generator to 1321
| Initializing integration for process proc_epmum_R17:
| Beam structure: e-, e+ => isr
|   polarization (beam 1):
|     @(-1: -1: ( 1.000000000000E+00, 0.000000000000E+00))
|   polarization (beam 2):
|     @(+1: +1: ( 1.000000000000E+00, 0.000000000000E+00))
|   polarization degree = 1.0000000, 1.0000000
| Beam data (collision):
|   e-  (mass = 5.1099700E-04 GeV)  polarized
|   e+  (mass = 5.1099700E-04 GeV)  polarized
|   sqrts = 3.650000000000E+02 GeV
| ------------------------------------------------------------------------
| Process [scattering]: 'proc_epmum_R17'
|   Library name  = 'proc_epmum_R'
|   Process index = 17
|   Process components:
|     1: 'proc_epmum_R17_i1':   e-, e+ => e+, nue, b, mu-, numubar, bbar [omega]
| ------------------------------------------------------------------------
| Phase space: none
| Beam structure: isr, none => none, isr
| Beam structure: 1 channels, 2 dimensions
Warning: No cuts have been defined.
| Simulate: initializing resonant subprocess 'proc_epmum_R18'
| RNG: Initializing RNG Stream random-number generator
| RNG: Setting seed for random-number generator to 1322
| Initializing integration for process proc_epmum_R18:
| Beam structure: e-, e+ => isr
|   polarization (beam 1):
|     @(-1: -1: ( 1.000000000000E+00, 0.000000000000E+00))
|   polarization (beam 2):
|     @(+1: +1: ( 1.000000000000E+00, 0.000000000000E+00))
|   polarization degree = 1.0000000, 1.0000000
| Beam data (collision):
|   e-  (mass = 5.1099700E-04 GeV)  polarized
|   e+  (mass = 5.1099700E-04 GeV)  polarized
|   sqrts = 3.650000000000E+02 GeV
| ------------------------------------------------------------------------
| Process [scattering]: 'proc_epmum_R18'
|   Library name  = 'proc_epmum_R'
|   Process index = 18
|   Process components:
|     1: 'proc_epmum_R18_i1':   e-, e+ => e+, nue, b, mu-, numubar, bbar [omega]
| ------------------------------------------------------------------------
| Phase space: none
| Beam structure: isr, none => none, isr
| Beam structure: 1 channels, 2 dimensions
Warning: No cuts have been defined.
| Simulate: initializing resonant subprocess 'proc_epmum_R19'
| RNG: Initializing RNG Stream random-number generator
| RNG: Setting seed for random-number generator to 1323
| Initializing integration for process proc_epmum_R19:
| Beam structure: e-, e+ => isr
|   polarization (beam 1):
|     @(-1: -1: ( 1.000000000000E+00, 0.000000000000E+00))
|   polarization (beam 2):
|     @(+1: +1: ( 1.000000000000E+00, 0.000000000000E+00))
|   polarization degree = 1.0000000, 1.0000000
| Beam data (collision):
|   e-  (mass = 5.1099700E-04 GeV)  polarized
|   e+  (mass = 5.1099700E-04 GeV)  polarized
|   sqrts = 3.650000000000E+02 GeV
| ------------------------------------------------------------------------
| Process [scattering]: 'proc_epmum_R19'
|   Library name  = 'proc_epmum_R'
|   Process index = 19
|   Process components:
|     1: 'proc_epmum_R19_i1':   e-, e+ => e+, nue, b, mu-, numubar, bbar [omega]
| ------------------------------------------------------------------------
| Phase space: none
| Beam structure: isr, none => none, isr
| Beam structure: 1 channels, 2 dimensions
Warning: No cuts have been defined.
| Simulate: initializing resonant subprocess 'proc_epmum_R20'
| RNG: Initializing RNG Stream random-number generator
| RNG: Setting seed for random-number generator to 1324
| Initializing integration for process proc_epmum_R20:
| Beam structure: e-, e+ => isr
|   polarization (beam 1):
|     @(-1: -1: ( 1.000000000000E+00, 0.000000000000E+00))
|   polarization (beam 2):
|     @(+1: +1: ( 1.000000000000E+00, 0.000000000000E+00))
|   polarization degree = 1.0000000, 1.0000000
| Beam data (collision):
|   e-  (mass = 5.1099700E-04 GeV)  polarized
|   e+  (mass = 5.1099700E-04 GeV)  polarized
|   sqrts = 3.650000000000E+02 GeV
| ------------------------------------------------------------------------
| Process [scattering]: 'proc_epmum_R20'
|   Library name  = 'proc_epmum_R'
|   Process index = 20
|   Process components:
|     1: 'proc_epmum_R20_i1':   e-, e+ => e+, nue, b, mu-, numubar, bbar [omega]
| ------------------------------------------------------------------------
| Phase space: none
| Beam structure: isr, none => none, isr
| Beam structure: 1 channels, 2 dimensions
Warning: No cuts have been defined.
| Simulate: initializing resonant subprocess 'proc_epmum_R21'
| RNG: Initializing RNG Stream random-number generator
| RNG: Setting seed for random-number generator to 1325
| Initializing integration for process proc_epmum_R21:
| Beam structure: e-, e+ => isr
|   polarization (beam 1):
|     @(-1: -1: ( 1.000000000000E+00, 0.000000000000E+00))
|   polarization (beam 2):
|     @(+1: +1: ( 1.000000000000E+00, 0.000000000000E+00))
|   polarization degree = 1.0000000, 1.0000000
| Beam data (collision):
|   e-  (mass = 5.1099700E-04 GeV)  polarized
|   e+  (mass = 5.1099700E-04 GeV)  polarized
|   sqrts = 3.650000000000E+02 GeV
| ------------------------------------------------------------------------
| Process [scattering]: 'proc_epmum_R21'
|   Library name  = 'proc_epmum_R'
|   Process index = 21
|   Process components:
|     1: 'proc_epmum_R21_i1':   e-, e+ => e+, nue, b, mu-, numubar, bbar [omega]
| ------------------------------------------------------------------------
| Phase space: none
| Beam structure: isr, none => none, isr
| Beam structure: 1 channels, 2 dimensions
Warning: No cuts have been defined.
| Simulate: initializing resonant subprocess 'proc_epmum_R22'
| RNG: Initializing RNG Stream random-number generator
| RNG: Setting seed for random-number generator to 1326
| Initializing integration for process proc_epmum_R22:
| Beam structure: e-, e+ => isr
|   polarization (beam 1):
|     @(-1: -1: ( 1.000000000000E+00, 0.000000000000E+00))
|   polarization (beam 2):
|     @(+1: +1: ( 1.000000000000E+00, 0.000000000000E+00))
|   polarization degree = 1.0000000, 1.0000000
| Beam data (collision):
|   e-  (mass = 5.1099700E-04 GeV)  polarized
|   e+  (mass = 5.1099700E-04 GeV)  polarized
|   sqrts = 3.650000000000E+02 GeV
| ------------------------------------------------------------------------
| Process [scattering]: 'proc_epmum_R22'
|   Library name  = 'proc_epmum_R'
|   Process index = 22
|   Process components:
|     1: 'proc_epmum_R22_i1':   e-, e+ => e+, nue, b, mu-, numubar, bbar [omega]
| ------------------------------------------------------------------------
| Phase space: none
| Beam structure: isr, none => none, isr
| Beam structure: 1 channels, 2 dimensions
Warning: No cuts have been defined.
| Simulate: initializing resonant subprocess 'proc_epmum_R23'
| RNG: Initializing RNG Stream random-number generator
| RNG: Setting seed for random-number generator to 1327
| Initializing integration for process proc_epmum_R23:
| Beam structure: e-, e+ => isr
|   polarization (beam 1):
|     @(-1: -1: ( 1.000000000000E+00, 0.000000000000E+00))
|   polarization (beam 2):
|     @(+1: +1: ( 1.000000000000E+00, 0.000000000000E+00))
|   polarization degree = 1.0000000, 1.0000000
| Beam data (collision):
|   e-  (mass = 5.1099700E-04 GeV)  polarized
|   e+  (mass = 5.1099700E-04 GeV)  polarized
|   sqrts = 3.650000000000E+02 GeV
| ------------------------------------------------------------------------
| Process [scattering]: 'proc_epmum_R23'
|   Library name  = 'proc_epmum_R'
|   Process index = 23
|   Process components:
|     1: 'proc_epmum_R23_i1':   e-, e+ => e+, nue, b, mu-, numubar, bbar [omega]
| ------------------------------------------------------------------------
| Phase space: none
| Beam structure: isr, none => none, isr
| Beam structure: 1 channels, 2 dimensions
Warning: No cuts have been defined.
| Simulate: initializing resonant subprocess 'proc_epmum_R24'
| RNG: Initializing RNG Stream random-number generator
| RNG: Setting seed for random-number generator to 1328
| Initializing integration for process proc_epmum_R24:
| Beam structure: e-, e+ => isr
|   polarization (beam 1):
|     @(-1: -1: ( 1.000000000000E+00, 0.000000000000E+00))
|   polarization (beam 2):
|     @(+1: +1: ( 1.000000000000E+00, 0.000000000000E+00))
|   polarization degree = 1.0000000, 1.0000000
| Beam data (collision):
|   e-  (mass = 5.1099700E-04 GeV)  polarized
|   e+  (mass = 5.1099700E-04 GeV)  polarized
|   sqrts = 3.650000000000E+02 GeV
| ------------------------------------------------------------------------
| Process [scattering]: 'proc_epmum_R24'
|   Library name  = 'proc_epmum_R'
|   Process index = 24
|   Process components:
|     1: 'proc_epmum_R24_i1':   e-, e+ => e+, nue, b, mu-, numubar, bbar [omega]
| ------------------------------------------------------------------------
| Phase space: none
| Beam structure: isr, none => none, isr
| Beam structure: 1 channels, 2 dimensions
Warning: No cuts have been defined.
| Simulate: initializing resonant subprocess 'proc_epmum_R25'
| RNG: Initializing RNG Stream random-number generator
| RNG: Setting seed for random-number generator to 1329
| Initializing integration for process proc_epmum_R25:
| Beam structure: e-, e+ => isr
|   polarization (beam 1):
|     @(-1: -1: ( 1.000000000000E+00, 0.000000000000E+00))
|   polarization (beam 2):
|     @(+1: +1: ( 1.000000000000E+00, 0.000000000000E+00))
|   polarization degree = 1.0000000, 1.0000000
| Beam data (collision):
|   e-  (mass = 5.1099700E-04 GeV)  polarized
|   e+  (mass = 5.1099700E-04 GeV)  polarized
|   sqrts = 3.650000000000E+02 GeV
| ------------------------------------------------------------------------
| Process [scattering]: 'proc_epmum_R25'
|   Library name  = 'proc_epmum_R'
|   Process index = 25
|   Process components:
|     1: 'proc_epmum_R25_i1':   e-, e+ => e+, nue, b, mu-, numubar, bbar [omega]
| ------------------------------------------------------------------------
| Phase space: none
| Beam structure: isr, none => none, isr
| Beam structure: 1 channels, 2 dimensions
Warning: No cuts have been defined.
| Simulate: initializing resonant subprocess 'proc_epmum_R26'
| RNG: Initializing RNG Stream random-number generator
| RNG: Setting seed for random-number generator to 1330
| Initializing integration for process proc_epmum_R26:
| Beam structure: e-, e+ => isr
|   polarization (beam 1):
|     @(-1: -1: ( 1.000000000000E+00, 0.000000000000E+00))
|   polarization (beam 2):
|     @(+1: +1: ( 1.000000000000E+00, 0.000000000000E+00))
|   polarization degree = 1.0000000, 1.0000000
| Beam data (collision):
|   e-  (mass = 5.1099700E-04 GeV)  polarized
|   e+  (mass = 5.1099700E-04 GeV)  polarized
|   sqrts = 3.650000000000E+02 GeV
| ------------------------------------------------------------------------
| Process [scattering]: 'proc_epmum_R26'
|   Library name  = 'proc_epmum_R'
|   Process index = 26
|   Process components:
|     1: 'proc_epmum_R26_i1':   e-, e+ => e+, nue, b, mu-, numubar, bbar [omega]
| ------------------------------------------------------------------------
| Phase space: none
| Beam structure: isr, none => none, isr
| Beam structure: 1 channels, 2 dimensions
Warning: No cuts have been defined.
| Simulate: initializing resonant subprocess 'proc_epmum_R27'
| RNG: Initializing RNG Stream random-number generator
| RNG: Setting seed for random-number generator to 1331
| Initializing integration for process proc_epmum_R27:
| Beam structure: e-, e+ => isr
|   polarization (beam 1):
|     @(-1: -1: ( 1.000000000000E+00, 0.000000000000E+00))
|   polarization (beam 2):
|     @(+1: +1: ( 1.000000000000E+00, 0.000000000000E+00))
|   polarization degree = 1.0000000, 1.0000000
| Beam data (collision):
|   e-  (mass = 5.1099700E-04 GeV)  polarized
|   e+  (mass = 5.1099700E-04 GeV)  polarized
|   sqrts = 3.650000000000E+02 GeV
| ------------------------------------------------------------------------
| Process [scattering]: 'proc_epmum_R27'
|   Library name  = 'proc_epmum_R'
|   Process index = 27
|   Process components:
|     1: 'proc_epmum_R27_i1':   e-, e+ => e+, nue, b, mu-, numubar, bbar [omega]
| ------------------------------------------------------------------------
| Phase space: none
| Beam structure: isr, none => none, isr
| Beam structure: 1 channels, 2 dimensions
Warning: No cuts have been defined.
| Simulate: initializing resonant subprocess 'proc_epmum_R28'
| RNG: Initializing RNG Stream random-number generator
| RNG: Setting seed for random-number generator to 1332
| Initializing integration for process proc_epmum_R28:
| Beam structure: e-, e+ => isr
|   polarization (beam 1):
|     @(-1: -1: ( 1.000000000000E+00, 0.000000000000E+00))
|   polarization (beam 2):
|     @(+1: +1: ( 1.000000000000E+00, 0.000000000000E+00))
|   polarization degree = 1.0000000, 1.0000000
| Beam data (collision):
|   e-  (mass = 5.1099700E-04 GeV)  polarized
|   e+  (mass = 5.1099700E-04 GeV)  polarized
|   sqrts = 3.650000000000E+02 GeV
| ------------------------------------------------------------------------
| Process [scattering]: 'proc_epmum_R28'
|   Library name  = 'proc_epmum_R'
|   Process index = 28
|   Process components:
|     1: 'proc_epmum_R28_i1':   e-, e+ => e+, nue, b, mu-, numubar, bbar [omega]
| ------------------------------------------------------------------------
| Phase space: none
| Beam structure: isr, none => none, isr
| Beam structure: 1 channels, 2 dimensions
Warning: No cuts have been defined.
| Simulate: initializing resonant subprocess 'proc_epmum_R29'
| RNG: Initializing RNG Stream random-number generator
| RNG: Setting seed for random-number generator to 1333
| Initializing integration for process proc_epmum_R29:
| Beam structure: e-, e+ => isr
|   polarization (beam 1):
|     @(-1: -1: ( 1.000000000000E+00, 0.000000000000E+00))
|   polarization (beam 2):
|     @(+1: +1: ( 1.000000000000E+00, 0.000000000000E+00))
|   polarization degree = 1.0000000, 1.0000000
| Beam data (collision):
|   e-  (mass = 5.1099700E-04 GeV)  polarized
|   e+  (mass = 5.1099700E-04 GeV)  polarized
|   sqrts = 3.650000000000E+02 GeV
| ------------------------------------------------------------------------
| Process [scattering]: 'proc_epmum_R29'
|   Library name  = 'proc_epmum_R'
|   Process index = 29
|   Process components:
|     1: 'proc_epmum_R29_i1':   e-, e+ => e+, nue, b, mu-, numubar, bbar [omega]
| ------------------------------------------------------------------------
| Phase space: none
| Beam structure: isr, none => none, isr
| Beam structure: 1 channels, 2 dimensions
Warning: No cuts have been defined.
| Simulate: initializing resonant subprocess 'proc_epmum_R30'
| RNG: Initializing RNG Stream random-number generator
| RNG: Setting seed for random-number generator to 1334
| Initializing integration for process proc_epmum_R30:
| Beam structure: e-, e+ => isr
|   polarization (beam 1):
|     @(-1: -1: ( 1.000000000000E+00, 0.000000000000E+00))
|   polarization (beam 2):
|     @(+1: +1: ( 1.000000000000E+00, 0.000000000000E+00))
|   polarization degree = 1.0000000, 1.0000000
| Beam data (collision):
|   e-  (mass = 5.1099700E-04 GeV)  polarized
|   e+  (mass = 5.1099700E-04 GeV)  polarized
|   sqrts = 3.650000000000E+02 GeV
| ------------------------------------------------------------------------
| Process [scattering]: 'proc_epmum_R30'
|   Library name  = 'proc_epmum_R'
|   Process index = 30
|   Process components:
|     1: 'proc_epmum_R30_i1':   e-, e+ => e+, nue, b, mu-, numubar, bbar [omega]
| ------------------------------------------------------------------------
| Phase space: none
| Beam structure: isr, none => none, isr
| Beam structure: 1 channels, 2 dimensions
Warning: No cuts have been defined.
| Simulate: initializing resonant subprocess 'proc_epmum_R31'
| RNG: Initializing RNG Stream random-number generator
| RNG: Setting seed for random-number generator to 1335
| Initializing integration for process proc_epmum_R31:
| Beam structure: e-, e+ => isr
|   polarization (beam 1):
|     @(-1: -1: ( 1.000000000000E+00, 0.000000000000E+00))
|   polarization (beam 2):
|     @(+1: +1: ( 1.000000000000E+00, 0.000000000000E+00))
|   polarization degree = 1.0000000, 1.0000000
| Beam data (collision):
|   e-  (mass = 5.1099700E-04 GeV)  polarized
|   e+  (mass = 5.1099700E-04 GeV)  polarized
|   sqrts = 3.650000000000E+02 GeV
| ------------------------------------------------------------------------
| Process [scattering]: 'proc_epmum_R31'
|   Library name  = 'proc_epmum_R'
|   Process index = 31
|   Process components:
|     1: 'proc_epmum_R31_i1':   e-, e+ => e+, nue, b, mu-, numubar, bbar [omega]
| ------------------------------------------------------------------------
| Phase space: none
| Beam structure: isr, none => none, isr
| Beam structure: 1 channels, 2 dimensions
Warning: No cuts have been defined.
| Simulate: initializing resonant subprocess 'proc_epmum_R32'
| RNG: Initializing RNG Stream random-number generator
| RNG: Setting seed for random-number generator to 1336
| Initializing integration for process proc_epmum_R32:
| Beam structure: e-, e+ => isr
|   polarization (beam 1):
|     @(-1: -1: ( 1.000000000000E+00, 0.000000000000E+00))
|   polarization (beam 2):
|     @(+1: +1: ( 1.000000000000E+00, 0.000000000000E+00))
|   polarization degree = 1.0000000, 1.0000000
| Beam data (collision):
|   e-  (mass = 5.1099700E-04 GeV)  polarized
|   e+  (mass = 5.1099700E-04 GeV)  polarized
|   sqrts = 3.650000000000E+02 GeV
| ------------------------------------------------------------------------
| Process [scattering]: 'proc_epmum_R32'
|   Library name  = 'proc_epmum_R'
|   Process index = 32
|   Process components:
|     1: 'proc_epmum_R32_i1':   e-, e+ => e+, nue, b, mu-, numubar, bbar [omega]
| ------------------------------------------------------------------------
| Phase space: none
| Beam structure: isr, none => none, isr
| Beam structure: 1 channels, 2 dimensions
Warning: No cuts have been defined.
| Simulate: initializing resonant subprocess 'proc_epmum_R33'
| RNG: Initializing RNG Stream random-number generator
| RNG: Setting seed for random-number generator to 1337
| Initializing integration for process proc_epmum_R33:
| Beam structure: e-, e+ => isr
|   polarization (beam 1):
|     @(-1: -1: ( 1.000000000000E+00, 0.000000000000E+00))
|   polarization (beam 2):
|     @(+1: +1: ( 1.000000000000E+00, 0.000000000000E+00))
|   polarization degree = 1.0000000, 1.0000000
| Beam data (collision):
|   e-  (mass = 5.1099700E-04 GeV)  polarized
|   e+  (mass = 5.1099700E-04 GeV)  polarized
|   sqrts = 3.650000000000E+02 GeV
| ------------------------------------------------------------------------
| Process [scattering]: 'proc_epmum_R33'
|   Library name  = 'proc_epmum_R'
|   Process index = 33
|   Process components:
|     1: 'proc_epmum_R33_i1':   e-, e+ => e+, nue, b, mu-, numubar, bbar [omega]
| ------------------------------------------------------------------------
| Phase space: none
| Beam structure: isr, none => none, isr
| Beam structure: 1 channels, 2 dimensions
Warning: No cuts have been defined.
| Simulate: initializing resonant subprocess 'proc_epmum_R34'
| RNG: Initializing RNG Stream random-number generator
| RNG: Setting seed for random-number generator to 1338
| Initializing integration for process proc_epmum_R34:
| Beam structure: e-, e+ => isr
|   polarization (beam 1):
|     @(-1: -1: ( 1.000000000000E+00, 0.000000000000E+00))
|   polarization (beam 2):
|     @(+1: +1: ( 1.000000000000E+00, 0.000000000000E+00))
|   polarization degree = 1.0000000, 1.0000000
| Beam data (collision):
|   e-  (mass = 5.1099700E-04 GeV)  polarized
|   e+  (mass = 5.1099700E-04 GeV)  polarized
|   sqrts = 3.650000000000E+02 GeV
| ------------------------------------------------------------------------
| Process [scattering]: 'proc_epmum_R34'
|   Library name  = 'proc_epmum_R'
|   Process index = 34
|   Process components:
|     1: 'proc_epmum_R34_i1':   e-, e+ => e+, nue, b, mu-, numubar, bbar [omega]
| ------------------------------------------------------------------------
| Phase space: none
| Beam structure: isr, none => none, isr
| Beam structure: 1 channels, 2 dimensions
Warning: No cuts have been defined.
| Simulate: initializing resonant subprocess 'proc_epmum_R35'
| RNG: Initializing RNG Stream random-number generator
| RNG: Setting seed for random-number generator to 1339
| Initializing integration for process proc_epmum_R35:
| Beam structure: e-, e+ => isr
|   polarization (beam 1):
|     @(-1: -1: ( 1.000000000000E+00, 0.000000000000E+00))
|   polarization (beam 2):
|     @(+1: +1: ( 1.000000000000E+00, 0.000000000000E+00))
|   polarization degree = 1.0000000, 1.0000000
| Beam data (collision):
|   e-  (mass = 5.1099700E-04 GeV)  polarized
|   e+  (mass = 5.1099700E-04 GeV)  polarized
|   sqrts = 3.650000000000E+02 GeV
| ------------------------------------------------------------------------
| Process [scattering]: 'proc_epmum_R35'
|   Library name  = 'proc_epmum_R'
|   Process index = 35
|   Process components:
|     1: 'proc_epmum_R35_i1':   e-, e+ => e+, nue, b, mu-, numubar, bbar [omega]
| ------------------------------------------------------------------------
| Phase space: none
| Beam structure: isr, none => none, isr
| Beam structure: 1 channels, 2 dimensions
Warning: No cuts have been defined.
| Simulate: initializing resonant subprocess 'proc_epmum_R36'
| RNG: Initializing RNG Stream random-number generator
| RNG: Setting seed for random-number generator to 1340
| Initializing integration for process proc_epmum_R36:
| Beam structure: e-, e+ => isr
|   polarization (beam 1):
|     @(-1: -1: ( 1.000000000000E+00, 0.000000000000E+00))
|   polarization (beam 2):
|     @(+1: +1: ( 1.000000000000E+00, 0.000000000000E+00))
|   polarization degree = 1.0000000, 1.0000000
| Beam data (collision):
|   e-  (mass = 5.1099700E-04 GeV)  polarized
|   e+  (mass = 5.1099700E-04 GeV)  polarized
|   sqrts = 3.650000000000E+02 GeV
| ------------------------------------------------------------------------
| Process [scattering]: 'proc_epmum_R36'
|   Library name  = 'proc_epmum_R'
|   Process index = 36
|   Process components:
|     1: 'proc_epmum_R36_i1':   e-, e+ => e+, nue, b, mu-, numubar, bbar [omega]
| ------------------------------------------------------------------------
| Phase space: none
| Beam structure: isr, none => none, isr
| Beam structure: 1 channels, 2 dimensions
Warning: No cuts have been defined.
| Simulate: initializing resonant subprocess 'proc_epmum_R37'
| RNG: Initializing RNG Stream random-number generator
| RNG: Setting seed for random-number generator to 1341
| Initializing integration for process proc_epmum_R37:
| Beam structure: e-, e+ => isr
|   polarization (beam 1):
|     @(-1: -1: ( 1.000000000000E+00, 0.000000000000E+00))
|   polarization (beam 2):
|     @(+1: +1: ( 1.000000000000E+00, 0.000000000000E+00))
|   polarization degree = 1.0000000, 1.0000000
| Beam data (collision):
|   e-  (mass = 5.1099700E-04 GeV)  polarized
|   e+  (mass = 5.1099700E-04 GeV)  polarized
|   sqrts = 3.650000000000E+02 GeV
| ------------------------------------------------------------------------
| Process [scattering]: 'proc_epmum_R37'
|   Library name  = 'proc_epmum_R'
|   Process index = 37
|   Process components:
|     1: 'proc_epmum_R37_i1':   e-, e+ => e+, nue, b, mu-, numubar, bbar [omega]
| ------------------------------------------------------------------------
| Phase space: none
| Beam structure: isr, none => none, isr
| Beam structure: 1 channels, 2 dimensions
Warning: No cuts have been defined.
| Simulate: initializing resonant subprocess 'proc_epmum_R38'
| RNG: Initializing RNG Stream random-number generator
| RNG: Setting seed for random-number generator to 1342
| Initializing integration for process proc_epmum_R38:
| Beam structure: e-, e+ => isr
|   polarization (beam 1):
|     @(-1: -1: ( 1.000000000000E+00, 0.000000000000E+00))
|   polarization (beam 2):
|     @(+1: +1: ( 1.000000000000E+00, 0.000000000000E+00))
|   polarization degree = 1.0000000, 1.0000000
| Beam data (collision):
|   e-  (mass = 5.1099700E-04 GeV)  polarized
|   e+  (mass = 5.1099700E-04 GeV)  polarized
|   sqrts = 3.650000000000E+02 GeV
| ------------------------------------------------------------------------
| Process [scattering]: 'proc_epmum_R38'
|   Library name  = 'proc_epmum_R'
|   Process index = 38
|   Process components:
|     1: 'proc_epmum_R38_i1':   e-, e+ => e+, nue, b, mu-, numubar, bbar [omega]
| ------------------------------------------------------------------------
| Phase space: none
| Beam structure: isr, none => none, isr
| Beam structure: 1 channels, 2 dimensions
Warning: No cuts have been defined.
| Simulate: initializing resonant subprocess 'proc_epmum_R39'
| RNG: Initializing RNG Stream random-number generator
| RNG: Setting seed for random-number generator to 1343
| Initializing integration for process proc_epmum_R39:
| Beam structure: e-, e+ => isr
|   polarization (beam 1):
|     @(-1: -1: ( 1.000000000000E+00, 0.000000000000E+00))
|   polarization (beam 2):
|     @(+1: +1: ( 1.000000000000E+00, 0.000000000000E+00))
|   polarization degree = 1.0000000, 1.0000000
| Beam data (collision):
|   e-  (mass = 5.1099700E-04 GeV)  polarized
|   e+  (mass = 5.1099700E-04 GeV)  polarized
|   sqrts = 3.650000000000E+02 GeV
| ------------------------------------------------------------------------
| Process [scattering]: 'proc_epmum_R39'
|   Library name  = 'proc_epmum_R'
|   Process index = 39
|   Process components:
|     1: 'proc_epmum_R39_i1':   e-, e+ => e+, nue, b, mu-, numubar, bbar [omega]
| ------------------------------------------------------------------------
| Phase space: none
| Beam structure: isr, none => none, isr
| Beam structure: 1 channels, 2 dimensions
Warning: No cuts have been defined.
| Simulate: initializing resonant subprocess 'proc_epmum_R40'
| RNG: Initializing RNG Stream random-number generator
| RNG: Setting seed for random-number generator to 1344
| Initializing integration for process proc_epmum_R40:
| Beam structure: e-, e+ => isr
|   polarization (beam 1):
|     @(-1: -1: ( 1.000000000000E+00, 0.000000000000E+00))
|   polarization (beam 2):
|     @(+1: +1: ( 1.000000000000E+00, 0.000000000000E+00))
|   polarization degree = 1.0000000, 1.0000000
| Beam data (collision):
|   e-  (mass = 5.1099700E-04 GeV)  polarized
|   e+  (mass = 5.1099700E-04 GeV)  polarized
|   sqrts = 3.650000000000E+02 GeV
| ------------------------------------------------------------------------
| Process [scattering]: 'proc_epmum_R40'
|   Library name  = 'proc_epmum_R'
|   Process index = 40
|   Process components:
|     1: 'proc_epmum_R40_i1':   e-, e+ => e+, nue, b, mu-, numubar, bbar [omega]
| ------------------------------------------------------------------------
| Phase space: none
| Beam structure: isr, none => none, isr
| Beam structure: 1 channels, 2 dimensions
Warning: No cuts have been defined.
| Simulate: initializing resonant subprocess 'proc_epmum_R41'
| RNG: Initializing RNG Stream random-number generator
| RNG: Setting seed for random-number generator to 1345
| Initializing integration for process proc_epmum_R41:
| Beam structure: e-, e+ => isr
|   polarization (beam 1):
|     @(-1: -1: ( 1.000000000000E+00, 0.000000000000E+00))
|   polarization (beam 2):
|     @(+1: +1: ( 1.000000000000E+00, 0.000000000000E+00))
|   polarization degree = 1.0000000, 1.0000000
| Beam data (collision):
|   e-  (mass = 5.1099700E-04 GeV)  polarized
|   e+  (mass = 5.1099700E-04 GeV)  polarized
|   sqrts = 3.650000000000E+02 GeV
| ------------------------------------------------------------------------
| Process [scattering]: 'proc_epmum_R41'
|   Library name  = 'proc_epmum_R'
|   Process index = 41
|   Process components:
|     1: 'proc_epmum_R41_i1':   e-, e+ => e+, nue, b, mu-, numubar, bbar [omega]
| ------------------------------------------------------------------------
| Phase space: none
| Beam structure: isr, none => none, isr
| Beam structure: 1 channels, 2 dimensions
Warning: No cuts have been defined.
| Simulate: initializing resonant subprocess 'proc_epmum_R42'
| RNG: Initializing RNG Stream random-number generator
| RNG: Setting seed for random-number generator to 1346
| Initializing integration for process proc_epmum_R42:
| Beam structure: e-, e+ => isr
|   polarization (beam 1):
|     @(-1: -1: ( 1.000000000000E+00, 0.000000000000E+00))
|   polarization (beam 2):
|     @(+1: +1: ( 1.000000000000E+00, 0.000000000000E+00))
|   polarization degree = 1.0000000, 1.0000000
| Beam data (collision):
|   e-  (mass = 5.1099700E-04 GeV)  polarized
|   e+  (mass = 5.1099700E-04 GeV)  polarized
|   sqrts = 3.650000000000E+02 GeV
| ------------------------------------------------------------------------
| Process [scattering]: 'proc_epmum_R42'
|   Library name  = 'proc_epmum_R'
|   Process index = 42
|   Process components:
|     1: 'proc_epmum_R42_i1':   e-, e+ => e+, nue, b, mu-, numubar, bbar [omega]
| ------------------------------------------------------------------------
| Phase space: none
| Beam structure: isr, none => none, isr
| Beam structure: 1 channels, 2 dimensions
Warning: No cuts have been defined.
| Simulate: initializing resonant subprocess 'proc_epmum_R43'
| RNG: Initializing RNG Stream random-number generator
| RNG: Setting seed for random-number generator to 1347
| Initializing integration for process proc_epmum_R43:
| Beam structure: e-, e+ => isr
|   polarization (beam 1):
|     @(-1: -1: ( 1.000000000000E+00, 0.000000000000E+00))
|   polarization (beam 2):
|     @(+1: +1: ( 1.000000000000E+00, 0.000000000000E+00))
|   polarization degree = 1.0000000, 1.0000000
| Beam data (collision):
|   e-  (mass = 5.1099700E-04 GeV)  polarized
|   e+  (mass = 5.1099700E-04 GeV)  polarized
|   sqrts = 3.650000000000E+02 GeV
| ------------------------------------------------------------------------
| Process [scattering]: 'proc_epmum_R43'
|   Library name  = 'proc_epmum_R'
|   Process index = 43
|   Process components:
|     1: 'proc_epmum_R43_i1':   e-, e+ => e+, nue, b, mu-, numubar, bbar [omega]
| ------------------------------------------------------------------------
| Phase space: none
| Beam structure: isr, none => none, isr
| Beam structure: 1 channels, 2 dimensions
Warning: No cuts have been defined.
| Simulate: initializing resonant subprocess 'proc_epmum_R44'
| RNG: Initializing RNG Stream random-number generator
| RNG: Setting seed for random-number generator to 1348
| Initializing integration for process proc_epmum_R44:
| Beam structure: e-, e+ => isr
|   polarization (beam 1):
|     @(-1: -1: ( 1.000000000000E+00, 0.000000000000E+00))
|   polarization (beam 2):
|     @(+1: +1: ( 1.000000000000E+00, 0.000000000000E+00))
|   polarization degree = 1.0000000, 1.0000000
| Beam data (collision):
|   e-  (mass = 5.1099700E-04 GeV)  polarized
|   e+  (mass = 5.1099700E-04 GeV)  polarized
|   sqrts = 3.650000000000E+02 GeV
| ------------------------------------------------------------------------
| Process [scattering]: 'proc_epmum_R44'
|   Library name  = 'proc_epmum_R'
|   Process index = 44
|   Process components:
|     1: 'proc_epmum_R44_i1':   e-, e+ => e+, nue, b, mu-, numubar, bbar [omega]
| ------------------------------------------------------------------------
| Phase space: none
| Beam structure: isr, none => none, isr
| Beam structure: 1 channels, 2 dimensions
Warning: No cuts have been defined.
| Simulate: activating resonance insertion
| Simulate: activating ISR handler
| Simulate: ISR/EPA handler mode: pair recoil
| RNG: Initializing RNG Stream random-number generator
| RNG: Setting seed for random-number generator to 1349
| OpenMP: Using 1 thread
| Simulation: requested number of events = 10
|             corr. to luminosity [fb-1] =   9.7174E-01
| Events: writing to LHEF file 'grouped_epmum_10ev.lhe'
| Events: writing to raw file 'grouped_epmum_10ev.evx'
| Events: generating 10 unweighted, unpolarized events ...
| Events: event normalization mode '1'
|         ... event sample complete.
| Events: actual unweighting efficiency =   6.90 %
Warning: Encountered events with excess weight: 4 events ( 40.000 %)
| Maximum excess weight = 5.497E-01
| Average excess weight = 1.781E-01
| Events: closing LHEF file 'grouped_epmum_10ev.lhe'
| Events: closing raw file 'grouped_epmum_10ev.evx'
| End of included 'common/event_output.inc'
| There were no errors and   47 warning(s).
| WHIZARD run finished.
|=============================================================================|
