AlmaLinux/RockyLinux/RHEL 9 detected
Setting up the Key4hep software stack release latest-opt from CVMFS
Use the following command to reproduce the current environment: 

        source /cvmfs/sw.hsf.org/key4hep/setup.sh -r 2026-04-08

If you have any issues, comments or requests, open an issue at https://github.com/key4hep/key4hep-spack/issues
Tip: A new -d flag can be used to access debug builds, otherwise the default is the optimized build
| Writing log to 'whizard.log'
|=============================================================================|
|                                                                             |
|    WW             WW  WW   WW  WW  WWWWWW      WW      WWWWW    WWWW        |
|     WW    WW     WW   WW   WW  WW     WW      WWWW     WW  WW   WW  WW      |
|      WW  WW WW  WW    WWWWWWW  WW    WW      WW  WW    WWWWW    WW   WW     |
|       WWWW   WWWW     WW   WW  WW   WW      WWWWWWWW   WW  WW   WW  WW      |
|        WW     WW      WW   WW  WW  WWWWWW  WW      WW  WW   WW  WWWW        |
|                                                                             |
|                                                                             |
|                                        W                                    |
|                                       sW                                    |
|                                       WW                                    |
|                                      sWW                                    |
|                                      WWW                                    |
|                                     wWWW                                    |
|                                    wWWWW                                    |
|                                    WW WW                                    |
|                                    WW WW                                    |
|                                   wWW WW                                    |
|                                  wWW  WW                                    |
|                                  WW   WW                                    |
|                                  WW   WW                                    |
|                                 WW    WW                                    |
|                                 WW    WW                                    |
|                                WW     WW                                    |
|                                WW     WW                                    |
|           wwwwww              WW      WW                                    |
|              WWWWWww          WW      WW                                    |
|                 WWWWWwwwww   WW       WW                                    |
|                     wWWWwwwwwWW       WW                                    |
|                 wWWWWWWWWWWwWWW       WW                                    |
|                wWWWWW       wW        WWWWWWW                               |
|                  WWWW       wW        WW  wWWWWWWWwww                       |
|                   WWWW                      wWWWWWWWwwww                    |
|                     WWWW                      WWWW     WWw                  |
|                       WWWWww                   WWWW                         |
|                           WWWwwww              WWWW                         |
|                               wWWWWwww       wWWWWW                         |
|                                     WwwwwwwwwWWW                            |
|                                                                             |
|                                                                             |
|                                                                             |
|  by:   Wolfgang Kilian, Thorsten Ohl, Juergen Reuter                        |
|        with contributions from Christian Speckner                           |
|        Contact: <whizard@desy.de>                                           |
|                                                                             |
|  if you use WHIZARD please cite:                                            |
|        W. Kilian, T. Ohl, J. Reuter,  Eur.Phys.J.C71 (2011) 1742            |
|                                          [arXiv: 0708.4233 [hep-ph]]        |
|        M. Moretti, T. Ohl, J. Reuter, arXiv: hep-ph/0102195                 |
|                                                                             |
|=============================================================================|
|                               WHIZARD 3.1.5
|=============================================================================|
| Reading model file '/cvmfs/sw.hsf.org/key4hep/releases/2026-04-08/x86_64-almalinux9-gcc14.2.0-opt/whizard/3.1.5-nmagsz/share/whizard/models/SM.mdl'
| Preloaded model: SM
| Process library 'default_lib': initialized
| Preloaded library: default_lib
| Reading model file '/cvmfs/sw.hsf.org/key4hep/releases/2026-04-08/x86_64-almalinux9-gcc14.2.0-opt/whizard/3.1.5-nmagsz/share/whizard/models/SM_hadrons.mdl'
| Reading commands from file 'input.sin'
| Switching to model 'SM', scheme 'default'
| Process library 'default_lib': recorded process 'tt_prod'
| Process library 'default_lib': recorded process 't_decay'
| Process library 'default_lib': recorded process 'tbar_decay'
| Integrate: current process library needs compilation
| Process library 'default_lib': compiling ...
| Process library 'default_lib': writing makefile
| Process library 'default_lib': writing driver
| Process library 'default_lib': creating source code
  RM        tt_prod_i1.f90,.mod,.lo
  RM        t_decay_i1.f90,.mod,.lo
  RM        tbar_decay_i1.f90,.mod,.lo
  OMEGA     tt_prod_i1.f90
[1/1] mu- mu+ -> t tbar ... allowed. [time: 0.64 secs, total: 0.64 secs, remaining: 0.00 secs]
all processes done. [total time: 0.64 secs]
SUMMARY: 6 fusions, 2 propagators, 2 diagrams
SUMMARY: 4 vertices
  OMEGA     t_decay_i1.f90
[1/1] t -> b e+ nue ... allowed. [time: 0.61 secs, total: 0.61 secs, remaining: 0.00 secs]
all processes done. [total time: 0.61 secs]
SUMMARY: 3 fusions, 1 propagators, 1 diagrams
SUMMARY: 1 vertices
  OMEGA     tbar_decay_i1.f90
[1/1] tbar -> bbar mu- numubar ... allowed. [time: 0.61 secs, total: 0.61 secs, remaining: 0.00 secs]
all processes done. [total time: 0.61 secs]
SUMMARY: 3 fusions, 1 propagators, 1 diagrams
SUMMARY: 1 vertices
| Process library 'default_lib': compiling sources
  FC        default_lib.lo
| Process library 'default_lib': linking
  FCLD      default_lib.la
| Process library 'default_lib': loading
| Process library 'default_lib': ... success.
| Integrate: compilation done
| RNG: Initializing TAO random-number generator
| RNG: Setting seed for random-number generator to 20902
| Initializing integration for process t_decay:
| Beam structure: [any particles]
| Beam data (decay):
|   t  (mass = 1.7310000E+02 GeV)
| Phase space: generating configuration ...
| Phase space: ... success.
| Phase space: writing configuration file 't_decay.i1.phs'
| ------------------------------------------------------------------------
| Process [decay]: 't_decay'
|   Library name  = 'default_lib'
|   Process index = 2
|   Process components:
|     1: 't_decay_i1':   t => b, e+, nue [omega]
| ------------------------------------------------------------------------
| Phase space: 2 channels, 5 dimensions
| Phase space: found 2 channels, collected in 2 groves.
| Phase space: Using 2 equivalences between channels.
| Phase space: wood
Warning: No cuts have been defined.
| OpenMP: Using 1 thread
| Starting integration for process 't_decay'
| Integrate: iterations = 3:5000:"gw", 3:20000
| Integrator: 2 chains, 2 channels, 5 dimensions
| Integrator: Using VAMP channel equivalences
| Integrator: 5000 initial calls, 20 bins, stratified = T
| Integrator: VAMP
|=============================================================================|
| It      Calls  Integral[GeV] Error[GeV]  Err[%]    Acc  Eff[%]   Chi2 N[It] |
|=============================================================================|
   1       5000  1.6502355E-01  1.48E-03    0.90    0.64*  38.30
   2       4999  1.6428864E-01  8.60E-04    0.52    0.37*  61.76
   3       4998  1.6354456E-01  6.15E-04    0.38    0.27*  61.14
|-----------------------------------------------------------------------------|
   3      14997  1.6392159E-01  4.74E-04    0.29    0.35   61.14    0.56   3
|-----------------------------------------------------------------------------|
   4      19999  1.6371240E-01  3.06E-04    0.19    0.26*  59.07
   5      19999  1.6366374E-01  3.05E-04    0.19    0.26*  58.82
   6      19999  1.6332509E-01  3.06E-04    0.19    0.27   58.70
|-----------------------------------------------------------------------------|
   6      59997  1.6356761E-01  1.76E-04    0.11    0.26   58.70    0.48   3
|=============================================================================|
| Time estimate for generating 10000 events: 0d:00h:00m:01s
| RNG: Initializing TAO random-number generator
| RNG: Setting seed for random-number generator to 20903
| Initializing integration for process tbar_decay:
| Beam structure: [any particles]
| Beam data (decay):
|   tbar  (mass = 1.7310000E+02 GeV)
| Phase space: generating configuration ...
| Phase space: ... success.
| Phase space: writing configuration file 'tbar_decay.i1.phs'
| ------------------------------------------------------------------------
| Process [decay]: 'tbar_decay'
|   Library name  = 'default_lib'
|   Process index = 3
|   Process components:
|     1: 'tbar_decay_i1':   tbar => bbar, mu-, numubar [omega]
| ------------------------------------------------------------------------
| Phase space: 2 channels, 5 dimensions
| Phase space: found 2 channels, collected in 2 groves.
| Phase space: Using 2 equivalences between channels.
| Phase space: wood
Warning: No cuts have been defined.
| OpenMP: Using 1 thread
| Starting integration for process 'tbar_decay'
| Integrate: iterations = 3:5000:"gw", 3:20000
| Integrator: 2 chains, 2 channels, 5 dimensions
| Integrator: Using VAMP channel equivalences
| Integrator: 5000 initial calls, 20 bins, stratified = T
| Integrator: VAMP
|=============================================================================|
| It      Calls  Integral[GeV] Error[GeV]  Err[%]    Acc  Eff[%]   Chi2 N[It] |
|=============================================================================|
   1       5000  1.6325934E-01  1.47E-03    0.90    0.64*  38.10
   2       4999  1.6365207E-01  8.49E-04    0.52    0.37*  61.10
   3       4998  1.6455525E-01  5.98E-04    0.36    0.26*  64.90
|-----------------------------------------------------------------------------|
   3      14997  1.6415653E-01  4.64E-04    0.28    0.35   64.90    0.59   3
|-----------------------------------------------------------------------------|
   4      19999  1.6373935E-01  3.04E-04    0.19    0.26   60.25
   5      19999  1.6357100E-01  3.08E-04    0.19    0.27   59.42
   6      19999  1.6353997E-01  3.07E-04    0.19    0.27*  59.12
|-----------------------------------------------------------------------------|
   6      59997  1.6361748E-01  1.77E-04    0.11    0.26   59.12    0.12   3
|=============================================================================|
| Time estimate for generating 10000 events: 0d:00h:00m:01s
sqrts =  5.000000000000E+02
?isr_handler = true
$isr_handler_mode = "recoil"
?keep_beams = true
?keep_remnants = true
isr_mass =  1.056583890000E-01
isr_alpha =  7.297352569300E-03
?diagonal_decay = false
?isotropic_decay = false
?polarized_events = true
| RNG: Initializing TAO random-number generator
| RNG: Setting seed for random-number generator to 20904
| Initializing integration for process tt_prod:
| Beam structure: mu-, mu+ => isr
|   polarization (beam 1):
|     @(+1: +1: ( 1.000000000000E+00, 0.000000000000E+00))
|   polarization (beam 2):
|     @(-1: -1: ( 1.000000000000E+00, 0.000000000000E+00))
|   polarization degree = 1.0000000, 1.0000000
| Beam data (collision):
|   mu-  (mass = 1.0565839E-01 GeV)  polarized
|   mu+  (mass = 1.0565839E-01 GeV)  polarized
|   sqrts = 5.000000000000E+02 GeV
| Phase space: generating configuration ...
| Phase space: ... success.
| Phase space: writing configuration file 'tt_prod.i1.phs'
| ------------------------------------------------------------------------
| Process [scattering]: 'tt_prod'
|   Library name  = 'default_lib'
|   Process index = 1
|   Process components:
|     1: 'tt_prod_i1':   mu-, mu+ => t, tbar [omega]
| ------------------------------------------------------------------------
| Phase space: 1 channels, 2 dimensions
| Phase space: found 1 channel, collected in 1 grove.
| Phase space: Using 1 equivalence between channels.
| Phase space: wood
| Beam structure: isr, none => none, isr
| Beam structure: 1 channels, 2 dimensions
Warning: No cuts have been defined.
| OpenMP: Using 1 thread
| Starting integration for process 'tt_prod'
| Integrate: iterations = 5:20000:"gw", 5:50000
| Integrator: 1 chains, 1 channels, 4 dimensions
| Integrator: Using VAMP channel equivalences
| Integrator: 20000 initial calls, 20 bins, stratified = T
| Integrator: VAMP
|=============================================================================|
| It      Calls  Integral[fb]  Error[fb]   Err[%]    Acc  Eff[%]   Chi2 N[It] |
|=============================================================================|
   1      20000  6.4282972E+02  8.38E-01    0.13    0.18*  25.39
   2      20000  6.4287061E+02  4.80E-01    0.07    0.11*  40.56
   3      20000  6.4315817E+02  5.19E-01    0.08    0.11   40.53
   4      20000  6.4207126E+02  4.21E-01    0.07    0.09*  34.63
   5      20000  6.4248431E+02  4.22E-01    0.07    0.09   38.47
|-----------------------------------------------------------------------------|
   5     100000  6.4259756E+02  2.20E-01    0.03    0.11   38.47    0.80   5
|-----------------------------------------------------------------------------|
   6      48384  6.4233726E+02  2.40E-01    0.04    0.08*  39.64
   7      48384  6.4205933E+02  2.41E-01    0.04    0.08   39.60
   8      48384  6.4242921E+02  2.39E-01    0.04    0.08*  39.39
   9      48384  6.4270485E+02  2.41E-01    0.04    0.08   39.39
  10      48384  6.4222977E+02  2.40E-01    0.04    0.08*  39.36
|-----------------------------------------------------------------------------|
  10     241920  6.4235224E+02  1.07E-01    0.02    0.08   39.36    1.00   5
|=============================================================================|
| Time estimate for generating 10000 events: 0d:00h:00m:01s
| Unstable particle t: computed branching ratios:
|   t_decay: 1.0000000E+00   b, e+, nue
|   Total width = 1.6356761E-01 GeV (computed)
|               = 1.5230000E+00 GeV (preset)
|   Decay options: helicity treated exactly
| Unstable particle tbar: computed branching ratios:
|   tbar_decay: 1.0000000E+00   bbar, mu-, numubar
|   Total width = 1.6361748E-01 GeV (computed)
|               = 1.5230000E+00 GeV (preset)
|   Decay options: helicity treated exactly
seed = 4200007
n_events = 10000
$sample = "mumu_ttbar_epmum_RL100_sc_ISR_500GeV__shard_0007"
?polarized_events = true
| Starting simulation for process 'tt_prod'
| Simulate: using integration grids from file 'tt_prod.m1.vg'
| Simulate: activating decays
| Simulate: activating ISR handler
| Simulate: ISR/EPA handler mode: pair recoil
| Simulate: using integration grids from file 't_decay.m1.vg'
| Simulate: using integration grids from file 'tbar_decay.m1.vg'
| RNG: Initializing TAO random-number generator
| RNG: Setting seed for random-number generator to 5703
| OpenMP: Using 1 thread
| Simulation: requested number of events = 10000
|             corr. to luminosity [fb-1] =   1.5568E+01
| Events: writing to LHEF file 'mumu_ttbar_epmum_RL100_sc_ISR_500GeV__shard_0007.lhe'
| Events: writing to raw file 'mumu_ttbar_epmum_RL100_sc_ISR_500GeV__shard_0007.evx'
| Events: generating 10000 unweighted, polarized events ...
| Events: event normalization mode '1'
|         ... event sample complete.
| Events: actual unweighting efficiency =  39.77 %
| Events: closing LHEF file 'mumu_ttbar_epmum_RL100_sc_ISR_500GeV__shard_0007.lhe'
| Events: closing raw file 'mumu_ttbar_epmum_RL100_sc_ISR_500GeV__shard_0007.evx'
| There were no errors and    3 warning(s).
| WHIZARD run finished.
|=============================================================================|
Completed mumu_ttbar_epmum_RL100_sc_ISR_500GeV/shard_0007: events=10000 seed=4200007
Run metadata: /eos/user/c/cglenn/FCCWork/whizard/whizard_ttbar_spinpol/production/500GeV_ISR_sc_v1/runs/mumu_ttbar_epmum_RL100_sc_ISR_500GeV/shard_0007/run_metadata.json
Raw LHE: /eos/user/c/cglenn/FCCWork/whizard/whizard_ttbar_spinpol/production/500GeV_ISR_sc_v1/lhe_raw/mumu_ttbar_epmum_RL100_sc_ISR_500GeV/mumu_ttbar_epmum_RL100_sc_ISR_500GeV__shard_0007.lhe
