000 (6053650.000.000) 08/17 01:28:53 Job submitted from host: <188.185.133.2:9618?addrs=188.185.133.2-9618+[2001-1458-d03-2--100-208]-9618&alias=bigbird102.cern.ch&noUDP&sock=schedd_5723_1498>
    DAG Node: C_W15_LH_M0_A00_S1_F0
...
040 (6053650.000.000) 08/17 01:29:55 Started transferring input files
	Transferring to host: <128.142.162.94:9618?addrs=128.142.162.94-9618+[2001-1458-301-7d--100-17]-9618&alias=b9g42p2010.cern.ch&noUDP&sock=slot1_7_4606_17f4_23121>
...
040 (6053650.000.000) 08/17 01:29:55 Finished transferring input files
...
001 (6053650.000.000) 08/17 01:29:56 Job executing on host: <128.142.162.94:9618?addrs=128.142.162.94-9618+[2001-1458-301-7d--100-17]-9618&alias=b9g42p2010.cern.ch&noUDP&sock=startd_4553_8eca>
	SlotName: slot1_7@b9g42p2010.cern.ch
	CondorScratchDir = "/pool/condor/dir_2964311"
	Cpus = 1
	Disk = 6146626
	GPUs = 0
	Memory = 3000
...
006 (6053650.000.000) 08/17 01:30:04 Image size of job updated: 19368
	19  -  MemoryUsage of job (MB)
	19368  -  ResidentSetSize of job (KB)
...
006 (6053650.000.000) 08/17 01:35:04 Image size of job updated: 94784
	93  -  MemoryUsage of job (MB)
	94784  -  ResidentSetSize of job (KB)
...
006 (6053650.000.000) 08/17 01:40:05 Image size of job updated: 95284
	94  -  MemoryUsage of job (MB)
	95284  -  ResidentSetSize of job (KB)
...
006 (6053650.000.000) 08/17 01:45:05 Image size of job updated: 106876
	105  -  MemoryUsage of job (MB)
	106876  -  ResidentSetSize of job (KB)
...
006 (6053650.000.000) 08/17 01:50:06 Image size of job updated: 117716
	115  -  MemoryUsage of job (MB)
	117716  -  ResidentSetSize of job (KB)
...
006 (6053650.000.000) 08/17 01:55:07 Image size of job updated: 117720
	115  -  MemoryUsage of job (MB)
	117720  -  ResidentSetSize of job (KB)
...
006 (6053650.000.000) 08/17 01:57:25 Image size of job updated: 117724
	115  -  MemoryUsage of job (MB)
	117720  -  ResidentSetSize of job (KB)
...
040 (6053650.000.000) 08/17 01:57:25 Started transferring output files
...
040 (6053650.000.000) 08/17 01:57:25 Finished transferring output files
...
005 (6053650.000.000) 08/17 01:57:25 Job terminated.
	(1) Normal termination (return value 0)
		Usr 0 00:27:06, Sys 0 00:00:05  -  Run Remote Usage
		Usr 0 00:00:00, Sys 0 00:00:00  -  Run Local Usage
		Usr 0 00:27:06, Sys 0 00:00:05  -  Total Remote Usage
		Usr 0 00:00:00, Sys 0 00:00:00  -  Total Local Usage
	17366  -  Run Bytes Sent By Job
	1271  -  Run Bytes Received By Job
	17366  -  Total Bytes Sent By Job
	1271  -  Total Bytes Received By Job
	Partitionable Resources :    Usage  Request Allocated 
	   Cpus                 :     1.00        1         1 
	   Disk (KB)            : 39631     6144000   6146626 
	   GPUs                 :                           0 
	   Memory (MB)          :   115        3000      3000 
	   TimeExecute (s)      :  1649                       
	   TimeSlotBusy (s)     :  1651                       
...
