000 (6053256.000.000) 08/17 01:15:14 Job submitted from host: <188.185.133.2:9618?addrs=188.185.133.2-9618+[2001-1458-d03-2--100-208]-9618&alias=bigbird102.cern.ch&noUDP&sock=schedd_5723_1498>
    DAG Node: P_W15_IH_M0_A00_S4
...
040 (6053256.000.000) 08/17 01:17:58 Started transferring input files
	Transferring to host: <188.185.195.172:9618?addrs=188.185.195.172-9618+[2001-1458-303-22--100-a8]-9618&alias=b9p17p8603.cern.ch&noUDP&sock=slot1_18_6763_e52c_33108>
...
040 (6053256.000.000) 08/17 01:17:58 Finished transferring input files
...
001 (6053256.000.000) 08/17 01:17:59 Job executing on host: <188.185.195.172:9618?addrs=188.185.195.172-9618+[2001-1458-303-22--100-a8]-9618&alias=b9p17p8603.cern.ch&noUDP&sock=startd_6019_1ca1>
	SlotName: slot1_18@b9p17p8603.cern.ch
	CondorScratchDir = "/pool/condor/dir_1907515"
	Cpus = 1
	Disk = 6144640
	GPUs = 0
	Memory = 3000
...
006 (6053256.000.000) 08/17 01:18:08 Image size of job updated: 1252
	2  -  MemoryUsage of job (MB)
	1252  -  ResidentSetSize of job (KB)
...
006 (6053256.000.000) 08/17 01:23:09 Image size of job updated: 162148
	159  -  MemoryUsage of job (MB)
	162148  -  ResidentSetSize of job (KB)
...
006 (6053256.000.000) 08/17 01:25:18 Image size of job updated: 164376
	159  -  MemoryUsage of job (MB)
	162148  -  ResidentSetSize of job (KB)
...
040 (6053256.000.000) 08/17 01:25:18 Started transferring output files
...
040 (6053256.000.000) 08/17 01:25:18 Finished transferring output files
...
005 (6053256.000.000) 08/17 01:25:18 Job terminated.
	(1) Normal termination (return value 0)
		Usr 0 00:06:28, Sys 0 00:00:04  -  Run Remote Usage
		Usr 0 00:00:00, Sys 0 00:00:00  -  Run Local Usage
		Usr 0 00:06:28, Sys 0 00:00:04  -  Total Remote Usage
		Usr 0 00:00:00, Sys 0 00:00:00  -  Total Local Usage
	16871  -  Run Bytes Sent By Job
	1275  -  Run Bytes Received By Job
	16871  -  Total Bytes Sent By Job
	1275  -  Total Bytes Received By Job
	Partitionable Resources :    Usage  Request Allocated 
	   Cpus                 :        0        1         1 
	   Disk (KB)            :    39668  6144000   6144640 
	   GPUs                 :                           0 
	   Memory (MB)          :      159     3000      3000 
	   TimeExecute (s)      :      439                    
	   TimeSlotBusy (s)     :      441                    
...
