000 (6053911.000.000) 08/17 02:01:22 Job submitted from host: <188.185.133.2:9618?addrs=188.185.133.2-9618+[2001-1458-d03-2--100-208]-9618&alias=bigbird102.cern.ch&noUDP&sock=schedd_5723_1498>
    DAG Node: C_W15_LH_M1_A07_S0_F0
...
040 (6053911.000.000) 08/17 02:01:29 Started transferring input files
	Transferring to host: <188.185.193.133:9618?addrs=188.185.193.133-9618+[2001-1458-303-20--100-81]-9618&alias=b9p19p3628.cern.ch&noUDP&sock=slot1_27_3283204_faff_29903>
...
040 (6053911.000.000) 08/17 02:01:29 Finished transferring input files
...
001 (6053911.000.000) 08/17 02:01:30 Job executing on host: <188.185.193.133:9618?addrs=188.185.193.133-9618+[2001-1458-303-20--100-81]-9618&alias=b9p19p3628.cern.ch&noUDP&sock=startd_4156_3fb1>
	SlotName: slot1_27@b9p19p3628.cern.ch
	CondorScratchDir = "/pool/condor/dir_1248401"
	Cpus = 1
	Disk = 6157423
	GPUs = 0
	Memory = 3000
...
006 (6053911.000.000) 08/17 02:01:39 Image size of job updated: 57112
	56  -  MemoryUsage of job (MB)
	57112  -  ResidentSetSize of job (KB)
...
006 (6053911.000.000) 08/17 02:06:39 Image size of job updated: 94300
	89  -  MemoryUsage of job (MB)
	91104  -  ResidentSetSize of job (KB)
...
006 (6053911.000.000) 08/17 02:11:39 Image size of job updated: 94300
	90  -  MemoryUsage of job (MB)
	91436  -  ResidentSetSize of job (KB)
...
006 (6053911.000.000) 08/17 02:16:40 Image size of job updated: 103192
	101  -  MemoryUsage of job (MB)
	103192  -  ResidentSetSize of job (KB)
...
006 (6053911.000.000) 08/17 02:21:40 Image size of job updated: 103200
	101  -  MemoryUsage of job (MB)
	103200  -  ResidentSetSize of job (KB)
...
006 (6053911.000.000) 08/17 02:26:41 Image size of job updated: 114036
	112  -  MemoryUsage of job (MB)
	114036  -  ResidentSetSize of job (KB)
...
006 (6053911.000.000) 08/17 02:30:35 Image size of job updated: 114044
	112  -  MemoryUsage of job (MB)
	114036  -  ResidentSetSize of job (KB)
...
040 (6053911.000.000) 08/17 02:30:35 Started transferring output files
...
040 (6053911.000.000) 08/17 02:30:35 Finished transferring output files
...
005 (6053911.000.000) 08/17 02:30:35 Job terminated.
	(1) Normal termination (return value 0)
		Usr 0 00:28:37, Sys 0 00:00:06  -  Run Remote Usage
		Usr 0 00:00:00, Sys 0 00:00:00  -  Run Local Usage
		Usr 0 00:28:37, Sys 0 00:00:06  -  Total Remote Usage
		Usr 0 00:00:00, Sys 0 00:00:00  -  Total Local Usage
	17697  -  Run Bytes Sent By Job
	1271  -  Run Bytes Received By Job
	17697  -  Total Bytes Sent By Job
	1271  -  Total Bytes Received By Job
	Partitionable Resources :    Usage  Request Allocated 
	   Cpus                 :     0.99        1         1 
	   Disk (KB)            : 39673     6144000   6157423 
	   GPUs                 :                           0 
	   Memory (MB)          :   112        3000      3000 
	   TimeExecute (s)      :  1745                       
	   TimeSlotBusy (s)     :  1746                       
...
