000 (6053969.000.000) 08/17 02:13:39 Job submitted from host: <188.185.133.2:9618?addrs=188.185.133.2-9618+[2001-1458-d03-2--100-208]-9618&alias=bigbird102.cern.ch&noUDP&sock=schedd_5723_1498>
    DAG Node: C_W15_II_M1_A07_S2_F0
...
040 (6053969.000.000) 08/17 02:13:59 Started transferring input files
	Transferring to host: <188.185.194.23:9618?addrs=188.185.194.23-9618+[2001-1458-303-21--100-13]-9618&alias=b9p20p7526.cern.ch&noUDP&sock=slot1_13_3406_95c4_30597>
...
040 (6053969.000.000) 08/17 02:13:59 Finished transferring input files
...
001 (6053969.000.000) 08/17 02:14:00 Job executing on host: <188.185.194.23:9618?addrs=188.185.194.23-9618+[2001-1458-303-21--100-13]-9618&alias=b9p20p7526.cern.ch&noUDP&sock=startd_2712_c8ef>
	SlotName: slot1_13@b9p20p7526.cern.ch
	CondorScratchDir = "/pool/condor/dir_2201033"
	Cpus = 1
	Disk = 6223472
	GPUs = 0
	Memory = 3000
...
006 (6053969.000.000) 08/17 02:14:09 Image size of job updated: 53692
	42  -  MemoryUsage of job (MB)
	42664  -  ResidentSetSize of job (KB)
...
006 (6053969.000.000) 08/17 02:19:10 Image size of job updated: 96000
	94  -  MemoryUsage of job (MB)
	96000  -  ResidentSetSize of job (KB)
...
006 (6053969.000.000) 08/17 02:24:10 Image size of job updated: 108092
	106  -  MemoryUsage of job (MB)
	108092  -  ResidentSetSize of job (KB)
...
006 (6053969.000.000) 08/17 02:29:10 Image size of job updated: 108096
	106  -  MemoryUsage of job (MB)
	108096  -  ResidentSetSize of job (KB)
...
006 (6053969.000.000) 08/17 02:34:11 Image size of job updated: 118936
	117  -  MemoryUsage of job (MB)
	118936  -  ResidentSetSize of job (KB)
...
006 (6053969.000.000) 08/17 02:39:11 Image size of job updated: 118944
	117  -  MemoryUsage of job (MB)
	118944  -  ResidentSetSize of job (KB)
...
040 (6053969.000.000) 08/17 02:40:10 Started transferring output files
...
040 (6053969.000.000) 08/17 02:40:10 Finished transferring output files
...
005 (6053969.000.000) 08/17 02:40:10 Job terminated.
	(1) Normal termination (return value 0)
		Usr 0 00:25:50, Sys 0 00:00:04  -  Run Remote Usage
		Usr 0 00:00:00, Sys 0 00:00:00  -  Run Local Usage
		Usr 0 00:25:50, Sys 0 00:00:04  -  Total Remote Usage
		Usr 0 00:00:00, Sys 0 00:00:00  -  Total Local Usage
	17701  -  Run Bytes Sent By Job
	1271  -  Run Bytes Received By Job
	17701  -  Total Bytes Sent By Job
	1271  -  Total Bytes Received By Job
	Partitionable Resources :    Usage  Request Allocated 
	   Cpus                 :     0.99        1         1 
	   Disk (KB)            : 39673     6144000   6223472 
	   GPUs                 :                           0 
	   Memory (MB)          :   117        3000      3000 
	   TimeExecute (s)      :  1570                       
	   TimeSlotBusy (s)     :  1571                       
...
