000 (6053289.000.000) 08/17 01:15:15 Job submitted from host: <188.185.133.2:9618?addrs=188.185.133.2-9618+[2001-1458-d03-2--100-208]-9618&alias=bigbird102.cern.ch&noUDP&sock=schedd_5723_1498>
    DAG Node: P_W15_HL_M1_A07_S5
...
040 (6053289.000.000) 08/17 01:18:09 Started transferring input files
	Transferring to host: <188.185.196.84:9618?addrs=188.185.196.84-9618+[2001-1458-303-23--100-50]-9618&alias=b9p16p0283.cern.ch&noUDP&sock=slot1_16_510764_319b_40271>
...
040 (6053289.000.000) 08/17 01:18:09 Finished transferring input files
...
001 (6053289.000.000) 08/17 01:18:10 Job executing on host: <188.185.196.84:9618?addrs=188.185.196.84-9618+[2001-1458-303-23--100-50]-9618&alias=b9p16p0283.cern.ch&noUDP&sock=startd_3782_b745>
	SlotName: slot1_16@b9p16p0283.cern.ch
	CondorScratchDir = "/pool/condor/dir_2798292"
	Cpus = 1
	Disk = 6146171
	GPUs = 0
	Memory = 3000
...
006 (6053289.000.000) 08/17 01:18:19 Image size of job updated: 1772
	2  -  MemoryUsage of job (MB)
	1772  -  ResidentSetSize of job (KB)
...
006 (6053289.000.000) 08/17 01:23:20 Image size of job updated: 127400
	125  -  MemoryUsage of job (MB)
	127400  -  ResidentSetSize of job (KB)
...
006 (6053289.000.000) 08/17 01:28:20 Image size of job updated: 139116
	136  -  MemoryUsage of job (MB)
	139116  -  ResidentSetSize of job (KB)
...
006 (6053289.000.000) 08/17 01:33:20 Image size of job updated: 150720
	148  -  MemoryUsage of job (MB)
	150720  -  ResidentSetSize of job (KB)
...
006 (6053289.000.000) 08/17 01:38:21 Image size of job updated: 162116
	159  -  MemoryUsage of job (MB)
	162116  -  ResidentSetSize of job (KB)
...
006 (6053289.000.000) 08/17 01:43:21 Image size of job updated: 172968
	169  -  MemoryUsage of job (MB)
	172968  -  ResidentSetSize of job (KB)
...
006 (6053289.000.000) 08/17 01:48:22 Image size of job updated: 184416
	181  -  MemoryUsage of job (MB)
	184416  -  ResidentSetSize of job (KB)
...
006 (6053289.000.000) 08/17 01:53:23 Image size of job updated: 195352
	191  -  MemoryUsage of job (MB)
	195352  -  ResidentSetSize of job (KB)
...
006 (6053289.000.000) 08/17 01:58:23 Image size of job updated: 218000
	213  -  MemoryUsage of job (MB)
	218000  -  ResidentSetSize of job (KB)
...
006 (6053289.000.000) 08/17 02:02:10 Image size of job updated: 218008
	213  -  MemoryUsage of job (MB)
	218000  -  ResidentSetSize of job (KB)
...
040 (6053289.000.000) 08/17 02:02:10 Started transferring output files
...
040 (6053289.000.000) 08/17 02:02:10 Finished transferring output files
...
005 (6053289.000.000) 08/17 02:02:10 Job terminated.
	(1) Normal termination (return value 0)
		Usr 0 00:43:05, Sys 0 00:00:07  -  Run Remote Usage
		Usr 0 00:00:00, Sys 0 00:00:00  -  Run Local Usage
		Usr 0 00:43:05, Sys 0 00:00:07  -  Total Remote Usage
		Usr 0 00:00:00, Sys 0 00:00:00  -  Total Local Usage
	17204  -  Run Bytes Sent By Job
	1275  -  Run Bytes Received By Job
	17204  -  Total Bytes Sent By Job
	1275  -  Total Bytes Received By Job
	Partitionable Resources :    Usage  Request Allocated 
	   Cpus                 :     0.99        1         1 
	   Disk (KB)            : 39669     6144000   6146171 
	   GPUs                 :                           0 
	   Memory (MB)          :   213        3000      3000 
	   TimeExecute (s)      :  2640                       
	   TimeSlotBusy (s)     :  2642                       
...
