000 (6053177.000.000) 08/17 01:15:07 Job submitted from host: <188.185.133.2:9618?addrs=188.185.133.2-9618+[2001-1458-d03-2--100-208]-9618&alias=bigbird102.cern.ch&noUDP&sock=schedd_5723_1498>
    DAG Node: P_W15_LI_M2_A10_S5
...
040 (6053177.000.000) 08/17 01:17:30 Started transferring input files
	Transferring to host: <188.185.194.180:9618?addrs=188.185.194.180-9618+[2001-1458-303-21--100-b0]-9618&alias=b9p20p2473.cern.ch&noUDP&sock=slot1_27_3226_c23c_30430>
...
040 (6053177.000.000) 08/17 01:17:30 Finished transferring input files
...
001 (6053177.000.000) 08/17 01:17:31 Job executing on host: <188.185.194.180:9618?addrs=188.185.194.180-9618+[2001-1458-303-21--100-b0]-9618&alias=b9p20p2473.cern.ch&noUDP&sock=startd_2560_868a>
	SlotName: slot1_27@b9p20p2473.cern.ch
	CondorScratchDir = "/pool/condor/dir_887769"
	Cpus = 1
	Disk = 6146826
	GPUs = 0
	Memory = 3000
...
006 (6053177.000.000) 08/17 01:17:40 Image size of job updated: 55932
	55  -  MemoryUsage of job (MB)
	55932  -  ResidentSetSize of job (KB)
...
006 (6053177.000.000) 08/17 01:19:23 Image size of job updated: 115820
	55  -  MemoryUsage of job (MB)
	55932  -  ResidentSetSize of job (KB)
...
040 (6053177.000.000) 08/17 01:19:23 Started transferring output files
...
040 (6053177.000.000) 08/17 01:19:23 Finished transferring output files
...
005 (6053177.000.000) 08/17 01:19:23 Job terminated.
	(1) Normal termination (return value 0)
		Usr 0 00:01:37, Sys 0 00:00:03  -  Run Remote Usage
		Usr 0 00:00:00, Sys 0 00:00:00  -  Run Local Usage
		Usr 0 00:01:37, Sys 0 00:00:03  -  Total Remote Usage
		Usr 0 00:00:00, Sys 0 00:00:00  -  Total Local Usage
	16607  -  Run Bytes Sent By Job
	1275  -  Run Bytes Received By Job
	16607  -  Total Bytes Sent By Job
	1275  -  Total Bytes Received By Job
	Partitionable Resources :    Usage  Request Allocated 
	   Cpus                 :        0        1         1 
	   Disk (KB)            :     8715  6144000   6146826 
	   GPUs                 :                           0 
	   Memory (MB)          :       55     3000      3000 
	   TimeExecute (s)      :      112                    
	   TimeSlotBusy (s)     :      114                    
...
