000 (6053393.000.000) 08/17 01:19:49 Job submitted from host: <188.185.133.2:9618?addrs=188.185.133.2-9618+[2001-1458-d03-2--100-208]-9618&alias=bigbird102.cern.ch&noUDP&sock=schedd_5723_1498>
    DAG Node: C_W15_HH_M1_A07_S4_F0
...
040 (6053393.000.000) 08/17 01:19:52 Started transferring input files
	Transferring to host: <188.185.195.9:9618?addrs=188.185.195.9-9618+[2001-1458-303-22--100-5]-9618&alias=b9p17p4096.cern.ch&noUDP&sock=slot1_29_3279_1a1e_30563>
...
040 (6053393.000.000) 08/17 01:19:52 Finished transferring input files
...
001 (6053393.000.000) 08/17 01:19:53 Job executing on host: <188.185.195.9:9618?addrs=188.185.195.9-9618+[2001-1458-303-22--100-5]-9618&alias=b9p17p4096.cern.ch&noUDP&sock=startd_2575_d075>
	SlotName: slot1_29@b9p17p4096.cern.ch
	CondorScratchDir = "/pool/condor/dir_2642458"
	Cpus = 1
	Disk = 6144762
	GPUs = 0
	Memory = 3000
...
006 (6053393.000.000) 08/17 01:20:01 Image size of job updated: 39184
	39  -  MemoryUsage of job (MB)
	39184  -  ResidentSetSize of job (KB)
...
006 (6053393.000.000) 08/17 01:21:19 Image size of job updated: 222360
	39  -  MemoryUsage of job (MB)
	39184  -  ResidentSetSize of job (KB)
...
040 (6053393.000.000) 08/17 01:21:19 Started transferring output files
...
040 (6053393.000.000) 08/17 01:21:19 Finished transferring output files
...
005 (6053393.000.000) 08/17 01:21:19 Job terminated.
	(1) Normal termination (return value 0)
		Usr 0 00:01:17, Sys 0 00:00:05  -  Run Remote Usage
		Usr 0 00:00:00, Sys 0 00:00:00  -  Run Local Usage
		Usr 0 00:01:17, Sys 0 00:00:05  -  Total Remote Usage
		Usr 0 00:00:00, Sys 0 00:00:00  -  Total Local Usage
	17554  -  Run Bytes Sent By Job
	1271  -  Run Bytes Received By Job
	17554  -  Total Bytes Sent By Job
	1271  -  Total Bytes Received By Job
	Partitionable Resources :    Usage  Request Allocated 
	   Cpus                 :        0        1         1 
	   Disk (KB)            :    38892  6144000   6144762 
	   GPUs                 :                           0 
	   Memory (MB)          :       39     3000      3000 
	   TimeExecute (s)      :       86                    
	   TimeSlotBusy (s)     :       88                    
...
