000 (6053165.000.000) 08/17 01:15:07 Job submitted from host: <188.185.133.2:9618?addrs=188.185.133.2-9618+[2001-1458-d03-2--100-208]-9618&alias=bigbird102.cern.ch&noUDP&sock=schedd_5723_1498>
    DAG Node: P_W15_LI_M1_A07_S1
...
040 (6053165.000.000) 08/17 01:17:26 Started transferring input files
	Transferring to host: <188.185.194.36:9618?addrs=188.185.194.36-9618+[2001-1458-303-21--100-20]-9618&alias=b9p20p9229.cern.ch&noUDP&sock=slot1_10_6451_101f_32039>
...
040 (6053165.000.000) 08/17 01:17:26 Finished transferring input files
...
001 (6053165.000.000) 08/17 01:17:27 Job executing on host: <188.185.194.36:9618?addrs=188.185.194.36-9618+[2001-1458-303-21--100-20]-9618&alias=b9p20p9229.cern.ch&noUDP&sock=startd_5923_4389>
	SlotName: slot1_10@b9p20p9229.cern.ch
	CondorScratchDir = "/pool/condor/dir_3719035"
	Cpus = 1
	Disk = 6146958
	GPUs = 0
	Memory = 3000
...
006 (6053165.000.000) 08/17 01:17:35 Image size of job updated: 32808
	33  -  MemoryUsage of job (MB)
	32808  -  ResidentSetSize of job (KB)
...
006 (6053165.000.000) 08/17 01:22:35 Image size of job updated: 139140
	136  -  MemoryUsage of job (MB)
	139140  -  ResidentSetSize of job (KB)
...
006 (6053165.000.000) 08/17 01:27:36 Image size of job updated: 150744
	148  -  MemoryUsage of job (MB)
	150744  -  ResidentSetSize of job (KB)
...
006 (6053165.000.000) 08/17 01:32:36 Image size of job updated: 162144
	159  -  MemoryUsage of job (MB)
	162144  -  ResidentSetSize of job (KB)
...
006 (6053165.000.000) 08/17 01:37:37 Image size of job updated: 184440
	181  -  MemoryUsage of job (MB)
	184440  -  ResidentSetSize of job (KB)
...
006 (6053165.000.000) 08/17 01:42:38 Image size of job updated: 195372
	191  -  MemoryUsage of job (MB)
	195372  -  ResidentSetSize of job (KB)
...
006 (6053165.000.000) 08/17 01:47:38 Image size of job updated: 195380
	191  -  MemoryUsage of job (MB)
	195380  -  ResidentSetSize of job (KB)
...
006 (6053165.000.000) 08/17 01:52:39 Image size of job updated: 206812
	202  -  MemoryUsage of job (MB)
	206812  -  ResidentSetSize of job (KB)
...
006 (6053165.000.000) 08/17 01:57:06 Image size of job updated: 218032
	202  -  MemoryUsage of job (MB)
	206812  -  ResidentSetSize of job (KB)
...
040 (6053165.000.000) 08/17 01:57:06 Started transferring output files
...
040 (6053165.000.000) 08/17 01:57:06 Finished transferring output files
...
005 (6053165.000.000) 08/17 01:57:06 Job terminated.
	(1) Normal termination (return value 0)
		Usr 0 00:39:06, Sys 0 00:00:06  -  Run Remote Usage
		Usr 0 00:00:00, Sys 0 00:00:00  -  Run Local Usage
		Usr 0 00:39:06, Sys 0 00:00:06  -  Total Remote Usage
		Usr 0 00:00:00, Sys 0 00:00:00  -  Total Local Usage
	17207  -  Run Bytes Sent By Job
	1275  -  Run Bytes Received By Job
	17207  -  Total Bytes Sent By Job
	1275  -  Total Bytes Received By Job
	Partitionable Resources :    Usage  Request Allocated 
	   Cpus                 :     0.99        1         1 
	   Disk (KB)            : 39670     6144000   6146958 
	   GPUs                 :                           0 
	   Memory (MB)          :   202        3000      3000 
	   TimeExecute (s)      :  2379                       
	   TimeSlotBusy (s)     :  2380                       
...
