000 (6053356.000.000) 08/17 01:19:13 Job submitted from host: <188.185.133.2:9618?addrs=188.185.133.2-9618+[2001-1458-d03-2--100-208]-9618&alias=bigbird102.cern.ch&noUDP&sock=schedd_5723_1498>
    DAG Node: C_W15_HH_M0_A00_S1_F0
...
040 (6053356.000.000) 08/17 01:19:15 Started transferring input files
	Transferring to host: <128.142.161.79:9618?addrs=128.142.161.79-9618+[2001-1458-301-b8--100-d]-9618&alias=b9g03p3647.cern.ch&noUDP&sock=slot1_8_5234_938e_38805>
...
040 (6053356.000.000) 08/17 01:19:15 Finished transferring input files
...
001 (6053356.000.000) 08/17 01:19:16 Job executing on host: <128.142.161.79:9618?addrs=128.142.161.79-9618+[2001-1458-301-b8--100-d]-9618&alias=b9g03p3647.cern.ch&noUDP&sock=startd_4324_7b9a>
	SlotName: slot1_8@b9g03p3647.cern.ch
	CondorScratchDir = "/pool/condor/dir_3351569"
	Cpus = 1
	Disk = 6145770
	GPUs = 0
	Memory = 3000
...
006 (6053356.000.000) 08/17 01:19:24 Image size of job updated: 59824
	59  -  MemoryUsage of job (MB)
	59824  -  ResidentSetSize of job (KB)
...
006 (6053356.000.000) 08/17 01:19:53 Image size of job updated: 172308
	59  -  MemoryUsage of job (MB)
	59824  -  ResidentSetSize of job (KB)
...
040 (6053356.000.000) 08/17 01:19:53 Started transferring output files
...
040 (6053356.000.000) 08/17 01:19:53 Finished transferring output files
...
005 (6053356.000.000) 08/17 01:19:53 Job terminated.
	(1) Normal termination (return value 0)
		Usr 0 00:00:30, Sys 0 00:00:02  -  Run Remote Usage
		Usr 0 00:00:00, Sys 0 00:00:00  -  Run Local Usage
		Usr 0 00:00:30, Sys 0 00:00:02  -  Total Remote Usage
		Usr 0 00:00:00, Sys 0 00:00:00  -  Total Local Usage
	17222  -  Run Bytes Sent By Job
	1271  -  Run Bytes Received By Job
	17222  -  Total Bytes Sent By Job
	1271  -  Total Bytes Received By Job
	Partitionable Resources :    Usage  Request Allocated 
	   Cpus                 :        0        1         1 
	   Disk (KB)            :    39032  6144000   6145770 
	   GPUs                 :                           0 
	   Memory (MB)          :       59     3000      3000 
	   TimeExecute (s)      :       37                    
	   TimeSlotBusy (s)     :       39                    
...
