000 (6053144.000.000) 08/17 01:15:07 Job submitted from host: <188.185.133.2:9618?addrs=188.185.133.2-9618+[2001-1458-d03-2--100-208]-9618&alias=bigbird102.cern.ch&noUDP&sock=schedd_5723_1498>
    DAG Node: P_W15_LL_M1_A07_S4
...
040 (6053144.000.000) 08/17 01:17:20 Started transferring input files
	Transferring to host: <128.142.33.10:9618?addrs=128.142.33.10-9618+[2001-1458-301-53--100-7]-9618&alias=b9g34p5473.cern.ch&noUDP&sock=slot1_12_7890_f7fa_27662>
...
040 (6053144.000.000) 08/17 01:17:20 Finished transferring input files
...
001 (6053144.000.000) 08/17 01:17:21 Job executing on host: <128.142.33.10:9618?addrs=128.142.33.10-9618+[2001-1458-301-53--100-7]-9618&alias=b9g34p5473.cern.ch&noUDP&sock=startd_6746_c5fb>
	SlotName: slot1_12@b9g34p5473.cern.ch
	CondorScratchDir = "/pool/condor/dir_3875481"
	Cpus = 1
	Disk = 6146764
	GPUs = 0
	Memory = 3000
...
006 (6053144.000.000) 08/17 01:17:30 Image size of job updated: 27532
	27  -  MemoryUsage of job (MB)
	27532  -  ResidentSetSize of job (KB)
...
006 (6053144.000.000) 08/17 01:22:31 Image size of job updated: 138812
	136  -  MemoryUsage of job (MB)
	138812  -  ResidentSetSize of job (KB)
...
006 (6053144.000.000) 08/17 01:27:31 Image size of job updated: 150416
	147  -  MemoryUsage of job (MB)
	150416  -  ResidentSetSize of job (KB)
...
006 (6053144.000.000) 08/17 01:32:32 Image size of job updated: 161812
	159  -  MemoryUsage of job (MB)
	161812  -  ResidentSetSize of job (KB)
...
006 (6053144.000.000) 08/17 01:37:33 Image size of job updated: 172668
	169  -  MemoryUsage of job (MB)
	172668  -  ResidentSetSize of job (KB)
...
006 (6053144.000.000) 08/17 01:42:33 Image size of job updated: 184116
	180  -  MemoryUsage of job (MB)
	184116  -  ResidentSetSize of job (KB)
...
006 (6053144.000.000) 08/17 01:47:34 Image size of job updated: 206480
	202  -  MemoryUsage of job (MB)
	206480  -  ResidentSetSize of job (KB)
...
006 (6053144.000.000) 08/17 01:52:34 Image size of job updated: 217700
	213  -  MemoryUsage of job (MB)
	217700  -  ResidentSetSize of job (KB)
...
006 (6053144.000.000) 08/17 01:56:02 Image size of job updated: 217704
	213  -  MemoryUsage of job (MB)
	217700  -  ResidentSetSize of job (KB)
...
040 (6053144.000.000) 08/17 01:56:02 Started transferring output files
...
040 (6053144.000.000) 08/17 01:56:02 Finished transferring output files
...
005 (6053144.000.000) 08/17 01:56:02 Job terminated.
	(1) Normal termination (return value 0)
		Usr 0 00:38:09, Sys 0 00:00:06  -  Run Remote Usage
		Usr 0 00:00:00, Sys 0 00:00:00  -  Run Local Usage
		Usr 0 00:38:09, Sys 0 00:00:06  -  Total Remote Usage
		Usr 0 00:00:00, Sys 0 00:00:00  -  Total Local Usage
	17203  -  Run Bytes Sent By Job
	1275  -  Run Bytes Received By Job
	17203  -  Total Bytes Sent By Job
	1275  -  Total Bytes Received By Job
	Partitionable Resources :    Usage  Request Allocated 
	   Cpus                 :     1.00        1         1 
	   Disk (KB)            : 39633     6144000   6146764 
	   GPUs                 :                           0 
	   Memory (MB)          :   213        3000      3000 
	   TimeExecute (s)      :  2321                       
	   TimeSlotBusy (s)     :  2322                       
...
