000 (6053210.000.000) 08/17 01:15:08 Job submitted from host: <188.185.133.2:9618?addrs=188.185.133.2-9618+[2001-1458-d03-2--100-208]-9618&alias=bigbird102.cern.ch&noUDP&sock=schedd_5723_1498>
    DAG Node: P_W15_IL_M0_A00_S6
...
040 (6053210.000.000) 08/17 01:18:05 Started transferring input files
	Transferring to host: <188.185.194.63:9618?addrs=188.185.194.63-9618+[2001-1458-303-21--100-3b]-9618&alias=b9p20p9640.cern.ch&noUDP&sock=slot1_33_3775_9433_29335>
...
040 (6053210.000.000) 08/17 01:18:05 Finished transferring input files
...
001 (6053210.000.000) 08/17 01:18:06 Job executing on host: <188.185.194.63:9618?addrs=188.185.194.63-9618+[2001-1458-303-21--100-3b]-9618&alias=b9p20p9640.cern.ch&noUDP&sock=startd_2976_ddef>
	SlotName: slot1_33@b9p20p9640.cern.ch
	CondorScratchDir = "/pool/condor/dir_1376516"
	Cpus = 1
	Disk = 6147161
	GPUs = 0
	Memory = 3000
...
006 (6053210.000.000) 08/17 01:18:15 Image size of job updated: 12932
	13  -  MemoryUsage of job (MB)
	12932  -  ResidentSetSize of job (KB)
...
006 (6053210.000.000) 08/17 01:23:15 Image size of job updated: 150756
	148  -  MemoryUsage of job (MB)
	150756  -  ResidentSetSize of job (KB)
...
006 (6053210.000.000) 08/17 01:28:15 Image size of job updated: 162160
	148  -  MemoryUsage of job (MB)
	150756  -  ResidentSetSize of job (KB)
...
040 (6053210.000.000) 08/17 01:28:15 Started transferring output files
...
040 (6053210.000.000) 08/17 01:28:15 Finished transferring output files
...
005 (6053210.000.000) 08/17 01:28:16 Job terminated.
	(1) Normal termination (return value 0)
		Usr 0 00:09:33, Sys 0 00:00:05  -  Run Remote Usage
		Usr 0 00:00:00, Sys 0 00:00:00  -  Run Local Usage
		Usr 0 00:09:33, Sys 0 00:00:05  -  Total Remote Usage
		Usr 0 00:00:00, Sys 0 00:00:00  -  Total Local Usage
	16871  -  Run Bytes Sent By Job
	1275  -  Run Bytes Received By Job
	16871  -  Total Bytes Sent By Job
	1275  -  Total Bytes Received By Job
	Partitionable Resources :    Usage  Request Allocated 
	   Cpus                 :     0.04        1         1 
	   Disk (KB)            : 39668     6144000   6147161 
	   GPUs                 :                           0 
	   Memory (MB)          :   148        3000      3000 
	   TimeExecute (s)      :   609                       
	   TimeSlotBusy (s)     :   611                       
...
