000 (6053253.000.000) 08/17 01:15:14 Job submitted from host: <188.185.133.2:9618?addrs=188.185.133.2-9618+[2001-1458-d03-2--100-208]-9618&alias=bigbird102.cern.ch&noUDP&sock=schedd_5723_1498>
    DAG Node: P_W15_IH_M0_A00_S1
...
040 (6053253.000.000) 08/17 01:17:56 Started transferring input files
	Transferring to host: <188.185.196.138:9618?addrs=188.185.196.138-9618+[2001-1458-303-23--100-86]-9618&alias=b9p16p4018.cern.ch&noUDP&sock=slot1_31_3518007_ef6c_11278>
...
040 (6053253.000.000) 08/17 01:17:56 Finished transferring input files
...
001 (6053253.000.000) 08/17 01:17:57 Job executing on host: <188.185.196.138:9618?addrs=188.185.196.138-9618+[2001-1458-303-23--100-86]-9618&alias=b9p16p4018.cern.ch&noUDP&sock=startd_3229_6765>
	SlotName: slot1_31@b9p16p4018.cern.ch
	CondorScratchDir = "/pool/condor/dir_281308"
	Cpus = 1
	Disk = 6146811
	GPUs = 0
	Memory = 3000
...
006 (6053253.000.000) 08/17 01:18:05 Image size of job updated: 32796
	28  -  MemoryUsage of job (MB)
	28320  -  ResidentSetSize of job (KB)
...
006 (6053253.000.000) 08/17 01:22:02 Image size of job updated: 164180
	28  -  MemoryUsage of job (MB)
	28584  -  ResidentSetSize of job (KB)
...
040 (6053253.000.000) 08/17 01:22:02 Started transferring output files
...
040 (6053253.000.000) 08/17 01:22:02 Finished transferring output files
...
005 (6053253.000.000) 08/17 01:22:02 Job terminated.
	(1) Normal termination (return value 0)
		Usr 0 00:03:55, Sys 0 00:00:04  -  Run Remote Usage
		Usr 0 00:00:00, Sys 0 00:00:00  -  Run Local Usage
		Usr 0 00:03:55, Sys 0 00:00:04  -  Total Remote Usage
		Usr 0 00:00:00, Sys 0 00:00:00  -  Total Local Usage
	16873  -  Run Bytes Sent By Job
	1275  -  Run Bytes Received By Job
	16873  -  Total Bytes Sent By Job
	1275  -  Total Bytes Received By Job
	Partitionable Resources :    Usage  Request Allocated 
	   Cpus                 :     0.99        1         1 
	   Disk (KB)            :  8714     6144000   6146811 
	   GPUs                 :                           0 
	   Memory (MB)          :    28        3000      3000 
	   TimeExecute (s)      :   245                       
	   TimeSlotBusy (s)     :   246                       
...
