000 (6053316.000.000) 08/17 01:15:16 Job submitted from host: <188.185.133.2:9618?addrs=188.185.133.2-9618+[2001-1458-d03-2--100-208]-9618&alias=bigbird102.cern.ch&noUDP&sock=schedd_5723_1498>
    DAG Node: P_W15_HI_M2_A10_S0
...
040 (6053316.000.000) 08/17 01:18:17 Started transferring input files
	Transferring to host: <128.142.161.103:9618?addrs=128.142.161.103-9618+[2001-1458-301-b8--100-25]-9618&alias=b9g03p9337.cern.ch&noUDP&sock=slot1_11_3319_4920_31789>
...
040 (6053316.000.000) 08/17 01:18:17 Finished transferring input files
...
001 (6053316.000.000) 08/17 01:18:18 Job executing on host: <128.142.161.103:9618?addrs=128.142.161.103-9618+[2001-1458-301-b8--100-25]-9618&alias=b9g03p9337.cern.ch&noUDP&sock=startd_2641_15b5>
	SlotName: slot1_11@b9g03p9337.cern.ch
	CondorScratchDir = "/pool/condor/dir_2753460"
	Cpus = 1
	Disk = 6146090
	GPUs = 0
	Memory = 3000
...
006 (6053316.000.000) 08/17 01:18:27 Image size of job updated: 1144
	2  -  MemoryUsage of job (MB)
	1144  -  ResidentSetSize of job (KB)
...
006 (6053316.000.000) 08/17 01:19:42 Image size of job updated: 115812
	2  -  MemoryUsage of job (MB)
	1144  -  ResidentSetSize of job (KB)
...
040 (6053316.000.000) 08/17 01:19:42 Started transferring output files
...
040 (6053316.000.000) 08/17 01:19:42 Finished transferring output files
...
005 (6053316.000.000) 08/17 01:19:43 Job terminated.
	(1) Normal termination (return value 0)
		Usr 0 00:00:47, Sys 0 00:00:03  -  Run Remote Usage
		Usr 0 00:00:00, Sys 0 00:00:00  -  Run Local Usage
		Usr 0 00:00:47, Sys 0 00:00:03  -  Total Remote Usage
		Usr 0 00:00:00, Sys 0 00:00:00  -  Total Local Usage
	16610  -  Run Bytes Sent By Job
	1275  -  Run Bytes Received By Job
	16610  -  Total Bytes Sent By Job
	1275  -  Total Bytes Received By Job
	Partitionable Resources :    Usage  Request Allocated 
	   Cpus                 :        0        1         1 
	   Disk (KB)            :       45  6144000   6146090 
	   GPUs                 :                           0 
	   Memory (MB)          :        2     3000      3000 
	   TimeExecute (s)      :       84                    
	   TimeSlotBusy (s)     :       85                    
...
