000 (6053174.000.000) 08/17 01:15:07 Job submitted from host: <188.185.133.2:9618?addrs=188.185.133.2-9618+[2001-1458-d03-2--100-208]-9618&alias=bigbird102.cern.ch&noUDP&sock=schedd_5723_1498>
    DAG Node: P_W15_LI_M2_A10_S2
...
040 (6053174.000.000) 08/17 01:17:30 Started transferring input files
	Transferring to host: <188.185.197.166:9618?addrs=188.185.197.166-9618+[2001-1458-303-24--100-a2]-9618&alias=b9p14p2104.cern.ch&noUDP&sock=slot1_34_9153_ddcd_23636>
...
040 (6053174.000.000) 08/17 01:17:30 Finished transferring input files
...
001 (6053174.000.000) 08/17 01:17:31 Job executing on host: <188.185.197.166:9618?addrs=188.185.197.166-9618+[2001-1458-303-24--100-a2]-9618&alias=b9p14p2104.cern.ch&noUDP&sock=startd_7610_67cf>
	SlotName: slot1_34@b9p14p2104.cern.ch
	CondorScratchDir = "/pool/condor/dir_3776659"
	Cpus = 1
	Disk = 6146771
	GPUs = 0
	Memory = 3000
...
006 (6053174.000.000) 08/17 01:17:40 Image size of job updated: 24952
	25  -  MemoryUsage of job (MB)
	24952  -  ResidentSetSize of job (KB)
...
006 (6053174.000.000) 08/17 01:20:12 Image size of job updated: 111744
	25  -  MemoryUsage of job (MB)
	24952  -  ResidentSetSize of job (KB)
...
040 (6053174.000.000) 08/17 01:20:12 Started transferring output files
...
040 (6053174.000.000) 08/17 01:20:12 Finished transferring output files
...
005 (6053174.000.000) 08/17 01:20:12 Job terminated.
	(1) Normal termination (return value 0)
		Usr 0 00:02:27, Sys 0 00:00:03  -  Run Remote Usage
		Usr 0 00:00:00, Sys 0 00:00:00  -  Run Local Usage
		Usr 0 00:02:27, Sys 0 00:00:03  -  Total Remote Usage
		Usr 0 00:00:00, Sys 0 00:00:00  -  Total Local Usage
	16610  -  Run Bytes Sent By Job
	1275  -  Run Bytes Received By Job
	16610  -  Total Bytes Sent By Job
	1275  -  Total Bytes Received By Job
	Partitionable Resources :    Usage  Request Allocated 
	   Cpus                 :        0        1         1 
	   Disk (KB)            :     8461  6144000   6146771 
	   GPUs                 :                           0 
	   Memory (MB)          :       25     3000      3000 
	   TimeExecute (s)      :      161                    
	   TimeSlotBusy (s)     :      163                    
...
