000 (6053261.000.000) 08/17 01:15:14 Job submitted from host: <188.185.133.2:9618?addrs=188.185.133.2-9618+[2001-1458-d03-2--100-208]-9618&alias=bigbird102.cern.ch&noUDP&sock=schedd_5723_1498>
    DAG Node: P_W15_IH_M1_A07_S1
...
040 (6053261.000.000) 08/17 01:17:59 Started transferring input files
	Transferring to host: <188.185.196.127:9618?addrs=188.185.196.127-9618+[2001-1458-303-23--100-7b]-9618&alias=b9p16p6284.cern.ch&noUDP&sock=slot1_6_4412_672c_29471>
...
040 (6053261.000.000) 08/17 01:17:59 Finished transferring input files
...
001 (6053261.000.000) 08/17 01:18:00 Job executing on host: <188.185.196.127:9618?addrs=188.185.196.127-9618+[2001-1458-303-23--100-7b]-9618&alias=b9p16p6284.cern.ch&noUDP&sock=startd_3346_a7fa>
	SlotName: slot1_6@b9p16p6284.cern.ch
	CondorScratchDir = "/pool/condor/dir_1362215"
	Cpus = 1
	Disk = 6146676
	GPUs = 0
	Memory = 3000
...
006 (6053261.000.000) 08/17 01:18:09 Image size of job updated: 3960
	4  -  MemoryUsage of job (MB)
	3960  -  ResidentSetSize of job (KB)
...
006 (6053261.000.000) 08/17 01:23:11 Image size of job updated: 135088
	132  -  MemoryUsage of job (MB)
	135088  -  ResidentSetSize of job (KB)
...
006 (6053261.000.000) 08/17 01:28:11 Image size of job updated: 158088
	155  -  MemoryUsage of job (MB)
	158088  -  ResidentSetSize of job (KB)
...
006 (6053261.000.000) 08/17 01:33:11 Image size of job updated: 168940
	165  -  MemoryUsage of job (MB)
	168940  -  ResidentSetSize of job (KB)
...
006 (6053261.000.000) 08/17 01:38:12 Image size of job updated: 180388
	177  -  MemoryUsage of job (MB)
	180388  -  ResidentSetSize of job (KB)
...
006 (6053261.000.000) 08/17 01:43:12 Image size of job updated: 191320
	187  -  MemoryUsage of job (MB)
	191320  -  ResidentSetSize of job (KB)
...
006 (6053261.000.000) 08/17 01:48:12 Image size of job updated: 202756
	199  -  MemoryUsage of job (MB)
	202756  -  ResidentSetSize of job (KB)
...
006 (6053261.000.000) 08/17 01:53:13 Image size of job updated: 213972
	209  -  MemoryUsage of job (MB)
	213972  -  ResidentSetSize of job (KB)
...
006 (6053261.000.000) 08/17 01:57:09 Image size of job updated: 216204
	209  -  MemoryUsage of job (MB)
	213972  -  ResidentSetSize of job (KB)
...
040 (6053261.000.000) 08/17 01:57:09 Started transferring output files
...
040 (6053261.000.000) 08/17 01:57:09 Finished transferring output files
...
005 (6053261.000.000) 08/17 01:57:10 Job terminated.
	(1) Normal termination (return value 0)
		Usr 0 00:38:04, Sys 0 00:00:08  -  Run Remote Usage
		Usr 0 00:00:00, Sys 0 00:00:00  -  Run Local Usage
		Usr 0 00:38:04, Sys 0 00:00:08  -  Total Remote Usage
		Usr 0 00:00:00, Sys 0 00:00:00  -  Total Local Usage
	17206  -  Run Bytes Sent By Job
	1275  -  Run Bytes Received By Job
	17206  -  Total Bytes Sent By Job
	1275  -  Total Bytes Received By Job
	Partitionable Resources :    Usage  Request Allocated 
	   Cpus                 :     0.99        1         1 
	   Disk (KB)            : 39670     6144000   6146676 
	   GPUs                 :                           0 
	   Memory (MB)          :   209        3000      3000 
	   TimeExecute (s)      :  2349                       
	   TimeSlotBusy (s)     :  2351                       
...
