000 (6053671.000.000) 08/17 01:29:44 Job submitted from host: <188.185.133.2:9618?addrs=188.185.133.2-9618+[2001-1458-d03-2--100-208]-9618&alias=bigbird102.cern.ch&noUDP&sock=schedd_5723_1498>
    DAG Node: C_W15_II_M0_A00_S1_F0
...
040 (6053671.000.000) 08/17 01:30:02 Started transferring input files
	Transferring to host: <128.142.33.18:9618?addrs=128.142.33.18-9618+[2001-1458-301-53--100-3f]-9618&alias=b9g34p6562.cern.ch&noUDP&sock=slot1_16_6718_304a_27061>
...
040 (6053671.000.000) 08/17 01:30:02 Finished transferring input files
...
001 (6053671.000.000) 08/17 01:30:03 Job executing on host: <128.142.33.18:9618?addrs=128.142.33.18-9618+[2001-1458-301-53--100-3f]-9618&alias=b9g34p6562.cern.ch&noUDP&sock=startd_5740_bdb5>
	SlotName: slot1_16@b9g34p6562.cern.ch
	CondorScratchDir = "/pool/condor/dir_1477866"
	Cpus = 1
	Disk = 6146605
	GPUs = 0
	Memory = 3000
...
006 (6053671.000.000) 08/17 01:30:12 Image size of job updated: 54920
	54  -  MemoryUsage of job (MB)
	54920  -  ResidentSetSize of job (KB)
...
006 (6053671.000.000) 08/17 01:35:14 Image size of job updated: 98008
	94  -  MemoryUsage of job (MB)
	95660  -  ResidentSetSize of job (KB)
...
006 (6053671.000.000) 08/17 01:45:14 Image size of job updated: 98008
	95  -  MemoryUsage of job (MB)
	96336  -  ResidentSetSize of job (KB)
...
006 (6053671.000.000) 08/17 01:50:15 Image size of job updated: 107752
	106  -  MemoryUsage of job (MB)
	107752  -  ResidentSetSize of job (KB)
...
006 (6053671.000.000) 08/17 02:00:16 Image size of job updated: 118596
	116  -  MemoryUsage of job (MB)
	118596  -  ResidentSetSize of job (KB)
...
006 (6053671.000.000) 08/17 02:15:16 Image size of job updated: 118604
	116  -  MemoryUsage of job (MB)
	118596  -  ResidentSetSize of job (KB)
...
040 (6053671.000.000) 08/17 02:15:16 Started transferring output files
...
040 (6053671.000.000) 08/17 02:15:16 Finished transferring output files
...
005 (6053671.000.000) 08/17 02:15:16 Job terminated.
	(1) Normal termination (return value 0)
		Usr 0 00:44:40, Sys 0 00:00:07  -  Run Remote Usage
		Usr 0 00:00:00, Sys 0 00:00:00  -  Run Local Usage
		Usr 0 00:44:40, Sys 0 00:00:07  -  Total Remote Usage
		Usr 0 00:00:00, Sys 0 00:00:00  -  Total Local Usage
	17366  -  Run Bytes Sent By Job
	1271  -  Run Bytes Received By Job
	17366  -  Total Bytes Sent By Job
	1271  -  Total Bytes Received By Job
	Partitionable Resources :    Usage  Request Allocated 
	   Cpus                 :     0.99        1         1 
	   Disk (KB)            : 39634     6144000   6146605 
	   GPUs                 :                           0 
	   Memory (MB)          :   116        3000      3000 
	   TimeExecute (s)      :  2713                       
	   TimeSlotBusy (s)     :  2714                       
...
