000 (6053642.000.000) 08/17 01:28:21 Job submitted from host: <188.185.133.2:9618?addrs=188.185.133.2-9618+[2001-1458-d03-2--100-208]-9618&alias=bigbird102.cern.ch&noUDP&sock=schedd_5723_1498>
    DAG Node: C_W15_HL_M0_A00_S5_F0
...
040 (6053642.000.000) 08/17 01:29:53 Started transferring input files
	Transferring to host: <188.185.193.46:9618?addrs=188.185.193.46-9618+[2001-1458-303-20--100-2a]-9618&alias=b9p19p8632.cern.ch&noUDP&sock=slot1_30_5735_9382_30607>
...
040 (6053642.000.000) 08/17 01:29:53 Finished transferring input files
...
001 (6053642.000.000) 08/17 01:29:54 Job executing on host: <188.185.193.46:9618?addrs=188.185.193.46-9618+[2001-1458-303-20--100-2a]-9618&alias=b9p19p8632.cern.ch&noUDP&sock=startd_4662_529c>
	SlotName: slot1_30@b9p19p8632.cern.ch
	CondorScratchDir = "/pool/condor/dir_2754426"
	Cpus = 1
	Disk = 6146816
	GPUs = 0
	Memory = 3000
...
006 (6053642.000.000) 08/17 01:30:02 Image size of job updated: 28752
	29  -  MemoryUsage of job (MB)
	28752  -  ResidentSetSize of job (KB)
...
006 (6053642.000.000) 08/17 01:35:02 Image size of job updated: 91260
	90  -  MemoryUsage of job (MB)
	91260  -  ResidentSetSize of job (KB)
...
006 (6053642.000.000) 08/17 01:40:03 Image size of job updated: 103184
	101  -  MemoryUsage of job (MB)
	103184  -  ResidentSetSize of job (KB)
...
006 (6053642.000.000) 08/17 01:45:03 Image size of job updated: 103188
	101  -  MemoryUsage of job (MB)
	103188  -  ResidentSetSize of job (KB)
...
006 (6053642.000.000) 08/17 01:50:04 Image size of job updated: 114028
	112  -  MemoryUsage of job (MB)
	114028  -  ResidentSetSize of job (KB)
...
006 (6053642.000.000) 08/17 01:53:28 Image size of job updated: 114036
	112  -  MemoryUsage of job (MB)
	114028  -  ResidentSetSize of job (KB)
...
040 (6053642.000.000) 08/17 01:53:28 Started transferring output files
...
040 (6053642.000.000) 08/17 01:53:28 Finished transferring output files
...
005 (6053642.000.000) 08/17 01:53:28 Job terminated.
	(1) Normal termination (return value 0)
		Usr 0 00:23:12, Sys 0 00:00:05  -  Run Remote Usage
		Usr 0 00:00:00, Sys 0 00:00:00  -  Run Local Usage
		Usr 0 00:23:12, Sys 0 00:00:05  -  Total Remote Usage
		Usr 0 00:00:00, Sys 0 00:00:00  -  Total Local Usage
	17364  -  Run Bytes Sent By Job
	1271  -  Run Bytes Received By Job
	17364  -  Total Bytes Sent By Job
	1271  -  Total Bytes Received By Job
	Partitionable Resources :    Usage  Request Allocated 
	   Cpus                 :     0.99        1         1 
	   Disk (KB)            : 39671     6144000   6146816 
	   GPUs                 :                           0 
	   Memory (MB)          :   112        3000      3000 
	   TimeExecute (s)      :  1414                       
	   TimeSlotBusy (s)     :  1416                       
...
