000 (6053152.000.000) 08/17 01:15:07 Job submitted from host: <188.185.133.2:9618?addrs=188.185.133.2-9618+[2001-1458-d03-2--100-208]-9618&alias=bigbird102.cern.ch&noUDP&sock=schedd_5723_1498>
    DAG Node: P_W15_LL_M2_A10_S4
...
040 (6053152.000.000) 08/17 01:17:23 Started transferring input files
	Transferring to host: <128.142.248.83:9618?addrs=128.142.248.83-9618+[2001-1458-301-73--100-143]-9618&alias=b9g23p7463.cern.ch&noUDP&sock=slot1_33_3375_be22_23448>
...
040 (6053152.000.000) 08/17 01:17:23 Finished transferring input files
...
001 (6053152.000.000) 08/17 01:17:24 Job executing on host: <128.142.248.83:9618?addrs=128.142.248.83-9618+[2001-1458-301-73--100-143]-9618&alias=b9g23p7463.cern.ch&noUDP&sock=startd_2610_d246>
	SlotName: slot1_33@b9g23p7463.cern.ch
	CondorScratchDir = "/pool/condor/dir_2263913"
	Cpus = 1
	Disk = 6146809
	GPUs = 0
	Memory = 3000
...
006 (6053152.000.000) 08/17 01:17:33 Image size of job updated: 45508
	45  -  MemoryUsage of job (MB)
	45508  -  ResidentSetSize of job (KB)
...
006 (6053152.000.000) 08/17 01:21:23 Image size of job updated: 117860
	45  -  MemoryUsage of job (MB)
	45604  -  ResidentSetSize of job (KB)
...
040 (6053152.000.000) 08/17 01:21:23 Started transferring output files
...
040 (6053152.000.000) 08/17 01:21:23 Finished transferring output files
...
005 (6053152.000.000) 08/17 01:21:23 Job terminated.
	(1) Normal termination (return value 0)
		Usr 0 00:03:46, Sys 0 00:00:03  -  Run Remote Usage
		Usr 0 00:00:00, Sys 0 00:00:00  -  Run Local Usage
		Usr 0 00:03:46, Sys 0 00:00:03  -  Total Remote Usage
		Usr 0 00:00:00, Sys 0 00:00:00  -  Total Local Usage
	16607  -  Run Bytes Sent By Job
	1275  -  Run Bytes Received By Job
	16607  -  Total Bytes Sent By Job
	1275  -  Total Bytes Received By Job
	Partitionable Resources :    Usage  Request Allocated 
	   Cpus                 :     0.99        1         1 
	   Disk (KB)            :  8555     6144000   6146809 
	   GPUs                 :                           0 
	   Memory (MB)          :    45        3000      3000 
	   TimeExecute (s)      :   239                       
	   TimeSlotBusy (s)     :   241                       
...
