000 (6053307.000.000) 08/17 01:15:16 Job submitted from host: <188.185.133.2:9618?addrs=188.185.133.2-9618+[2001-1458-d03-2--100-208]-9618&alias=bigbird102.cern.ch&noUDP&sock=schedd_5723_1498>
    DAG Node: P_W15_HI_M0_A00_S7
...
040 (6053307.000.000) 08/17 01:18:15 Started transferring input files
	Transferring to host: <188.185.196.157:9618?addrs=188.185.196.157-9618+[2001-1458-303-23--100-99]-9618&alias=b9p16p4603.cern.ch&noUDP&sock=slot1_21_3329_54e0_32087>
...
040 (6053307.000.000) 08/17 01:18:15 Finished transferring input files
...
001 (6053307.000.000) 08/17 01:18:16 Job executing on host: <188.185.196.157:9618?addrs=188.185.196.157-9618+[2001-1458-303-23--100-99]-9618&alias=b9p16p4603.cern.ch&noUDP&sock=startd_2619_fea0>
	SlotName: slot1_21@b9p16p4603.cern.ch
	CondorScratchDir = "/pool/condor/dir_412850"
	Cpus = 1
	Disk = 6146553
	GPUs = 0
	Memory = 3000
...
006 (6053307.000.000) 08/17 01:18:25 Image size of job updated: 4528
	5  -  MemoryUsage of job (MB)
	4528  -  ResidentSetSize of job (KB)
...
006 (6053307.000.000) 08/17 01:23:26 Image size of job updated: 146696
	144  -  MemoryUsage of job (MB)
	146696  -  ResidentSetSize of job (KB)
...
006 (6053307.000.000) 08/17 01:26:12 Image size of job updated: 158096
	144  -  MemoryUsage of job (MB)
	146696  -  ResidentSetSize of job (KB)
...
040 (6053307.000.000) 08/17 01:26:12 Started transferring output files
...
040 (6053307.000.000) 08/17 01:26:12 Finished transferring output files
...
005 (6053307.000.000) 08/17 01:26:13 Job terminated.
	(1) Normal termination (return value 0)
		Usr 0 00:07:27, Sys 0 00:00:05  -  Run Remote Usage
		Usr 0 00:00:00, Sys 0 00:00:00  -  Run Local Usage
		Usr 0 00:07:27, Sys 0 00:00:05  -  Total Remote Usage
		Usr 0 00:00:00, Sys 0 00:00:00  -  Total Local Usage
	16874  -  Run Bytes Sent By Job
	1275  -  Run Bytes Received By Job
	16874  -  Total Bytes Sent By Job
	1275  -  Total Bytes Received By Job
	Partitionable Resources :    Usage  Request Allocated 
	   Cpus                 :     0.12        1         1 
	   Disk (KB)            : 39668     6144000   6146553 
	   GPUs                 :                           0 
	   Memory (MB)          :   144        3000      3000 
	   TimeExecute (s)      :   476                       
	   TimeSlotBusy (s)     :   478                       
...
