000 (6053302.000.000) 08/17 01:15:15 Job submitted from host: <188.185.133.2:9618?addrs=188.185.133.2-9618+[2001-1458-d03-2--100-208]-9618&alias=bigbird102.cern.ch&noUDP&sock=schedd_5723_1498>
    DAG Node: P_W15_HI_M0_A00_S2
...
040 (6053302.000.000) 08/17 01:18:14 Started transferring input files
	Transferring to host: <188.185.194.23:9618?addrs=188.185.194.23-9618+[2001-1458-303-21--100-13]-9618&alias=b9p20p7526.cern.ch&noUDP&sock=slot1_13_3406_95c4_30550>
...
040 (6053302.000.000) 08/17 01:18:14 Finished transferring input files
...
001 (6053302.000.000) 08/17 01:18:15 Job executing on host: <188.185.194.23:9618?addrs=188.185.194.23-9618+[2001-1458-303-21--100-13]-9618&alias=b9p20p7526.cern.ch&noUDP&sock=startd_2712_c8ef>
	SlotName: slot1_13@b9p20p7526.cern.ch
	CondorScratchDir = "/pool/condor/dir_1899698"
	Cpus = 1
	Disk = 6146515
	GPUs = 0
	Memory = 3000
...
006 (6053302.000.000) 08/17 01:18:23 Image size of job updated: 4308
	5  -  MemoryUsage of job (MB)
	4308  -  ResidentSetSize of job (KB)
...
006 (6053302.000.000) 08/17 01:20:43 Image size of job updated: 166536
	5  -  MemoryUsage of job (MB)
	4308  -  ResidentSetSize of job (KB)
...
040 (6053302.000.000) 08/17 01:20:43 Started transferring output files
...
040 (6053302.000.000) 08/17 01:20:43 Finished transferring output files
...
005 (6053302.000.000) 08/17 01:20:43 Job terminated.
	(1) Normal termination (return value 0)
		Usr 0 00:02:03, Sys 0 00:00:03  -  Run Remote Usage
		Usr 0 00:00:00, Sys 0 00:00:00  -  Run Local Usage
		Usr 0 00:02:03, Sys 0 00:00:03  -  Total Remote Usage
		Usr 0 00:00:00, Sys 0 00:00:00  -  Total Local Usage
	16874  -  Run Bytes Sent By Job
	1275  -  Run Bytes Received By Job
	16874  -  Total Bytes Sent By Job
	1275  -  Total Bytes Received By Job
	Partitionable Resources :    Usage  Request Allocated 
	   Cpus                 :     0.99        1         1 
	   Disk (KB)            :    46     6144000   6146515 
	   GPUs                 :                           0 
	   Memory (MB)          :     5        3000      3000 
	   TimeExecute (s)      :   148                       
	   TimeSlotBusy (s)     :   151                       
...
