000 (6053259.000.000) 08/17 01:15:14 Job submitted from host: <188.185.133.2:9618?addrs=188.185.133.2-9618+[2001-1458-d03-2--100-208]-9618&alias=bigbird102.cern.ch&noUDP&sock=schedd_5723_1498>
    DAG Node: P_W15_IH_M0_A00_S7
...
040 (6053259.000.000) 08/17 01:17:59 Started transferring input files
	Transferring to host: <188.185.193.166:9618?addrs=188.185.193.166-9618+[2001-1458-303-20--100-a2]-9618&alias=b9p19p1307.cern.ch&noUDP&sock=slot1_16_727797_9375_28547>
...
040 (6053259.000.000) 08/17 01:17:59 Finished transferring input files
...
001 (6053259.000.000) 08/17 01:18:00 Job executing on host: <188.185.193.166:9618?addrs=188.185.193.166-9618+[2001-1458-303-20--100-a2]-9618&alias=b9p19p1307.cern.ch&noUDP&sock=startd_3068_f8a6>
	SlotName: slot1_16@b9p19p1307.cern.ch
	CondorScratchDir = "/pool/condor/dir_1447633"
	Cpus = 1
	Disk = 6146687
	GPUs = 0
	Memory = 3000
...
006 (6053259.000.000) 08/17 01:18:09 Image size of job updated: 1144
	2  -  MemoryUsage of job (MB)
	1144  -  ResidentSetSize of job (KB)
...
006 (6053259.000.000) 08/17 01:23:10 Image size of job updated: 158092
	155  -  MemoryUsage of job (MB)
	158092  -  ResidentSetSize of job (KB)
...
006 (6053259.000.000) 08/17 01:24:41 Image size of job updated: 160320
	155  -  MemoryUsage of job (MB)
	158092  -  ResidentSetSize of job (KB)
...
040 (6053259.000.000) 08/17 01:24:41 Started transferring output files
...
040 (6053259.000.000) 08/17 01:24:41 Finished transferring output files
...
005 (6053259.000.000) 08/17 01:24:41 Job terminated.
	(1) Normal termination (return value 0)
		Usr 0 00:05:57, Sys 0 00:00:05  -  Run Remote Usage
		Usr 0 00:00:00, Sys 0 00:00:00  -  Run Local Usage
		Usr 0 00:05:57, Sys 0 00:00:05  -  Total Remote Usage
		Usr 0 00:00:00, Sys 0 00:00:00  -  Total Local Usage
	16875  -  Run Bytes Sent By Job
	1275  -  Run Bytes Received By Job
	16875  -  Total Bytes Sent By Job
	1275  -  Total Bytes Received By Job
	Partitionable Resources :    Usage  Request Allocated 
	   Cpus                 :        0        1         1 
	   Disk (KB)            :    39668  6144000   6146687 
	   GPUs                 :                           0 
	   Memory (MB)          :      155     3000      3000 
	   TimeExecute (s)      :      401                    
	   TimeSlotBusy (s)     :      403                    
...
