000 (6053138.000.000) 08/17 01:15:07 Job submitted from host: <188.185.133.2:9618?addrs=188.185.133.2-9618+[2001-1458-d03-2--100-208]-9618&alias=bigbird102.cern.ch&noUDP&sock=schedd_5723_1498>
    DAG Node: P_W15_LL_M0_A00_S6
...
040 (6053138.000.000) 08/17 01:17:19 Started transferring input files
	Transferring to host: <128.142.33.16:9618?addrs=128.142.33.16-9618+[2001-1458-301-53--100-d]-9618&alias=b9g34p3570.cern.ch&noUDP&sock=slot1_14_4347_9aca_27896>
...
040 (6053138.000.000) 08/17 01:17:19 Finished transferring input files
...
001 (6053138.000.000) 08/17 01:17:20 Job executing on host: <128.142.33.16:9618?addrs=128.142.33.16-9618+[2001-1458-301-53--100-d]-9618&alias=b9g34p3570.cern.ch&noUDP&sock=startd_3979_d76d>
	SlotName: slot1_14@b9g34p3570.cern.ch
	CondorScratchDir = "/pool/condor/dir_1535207"
	Cpus = 1
	Disk = 6146715
	GPUs = 0
	Memory = 3000
...
006 (6053138.000.000) 08/17 01:17:28 Image size of job updated: 33864
	29  -  MemoryUsage of job (MB)
	28708  -  ResidentSetSize of job (KB)
...
006 (6053138.000.000) 08/17 01:22:28 Image size of job updated: 150428
	147  -  MemoryUsage of job (MB)
	150428  -  ResidentSetSize of job (KB)
...
006 (6053138.000.000) 08/17 01:25:23 Image size of job updated: 161828
	147  -  MemoryUsage of job (MB)
	150428  -  ResidentSetSize of job (KB)
...
040 (6053138.000.000) 08/17 01:25:23 Started transferring output files
...
040 (6053138.000.000) 08/17 01:25:23 Finished transferring output files
...
005 (6053138.000.000) 08/17 01:25:23 Job terminated.
	(1) Normal termination (return value 0)
		Usr 0 00:07:53, Sys 0 00:00:04  -  Run Remote Usage
		Usr 0 00:00:00, Sys 0 00:00:00  -  Run Local Usage
		Usr 0 00:07:53, Sys 0 00:00:04  -  Total Remote Usage
		Usr 0 00:00:00, Sys 0 00:00:00  -  Total Local Usage
	16871  -  Run Bytes Sent By Job
	1275  -  Run Bytes Received By Job
	16871  -  Total Bytes Sent By Job
	1275  -  Total Bytes Received By Job
	Partitionable Resources :    Usage  Request Allocated 
	   Cpus                 :     1.00        1         1 
	   Disk (KB)            : 39632     6144000   6146715 
	   GPUs                 :                           0 
	   Memory (MB)          :   147        3000      3000 
	   TimeExecute (s)      :   483                       
	   TimeSlotBusy (s)     :   485                       
...
