000 (6053346.000.000) 08/17 01:15:26 Job submitted from host: <188.185.133.2:9618?addrs=188.185.133.2-9618+[2001-1458-d03-2--100-208]-9618&alias=bigbird102.cern.ch&noUDP&sock=schedd_5723_1498>
    DAG Node: P_W15_HH_M2_A10_S6
...
040 (6053346.000.000) 08/17 01:18:28 Started transferring input files
	Transferring to host: <188.185.195.31:9618?addrs=188.185.195.31-9618+[2001-1458-303-22--100-1b]-9618&alias=b9p17p1001.cern.ch&noUDP&sock=slot1_33_7758_f675_31555>
...
040 (6053346.000.000) 08/17 01:18:28 Finished transferring input files
...
001 (6053346.000.000) 08/17 01:18:29 Job executing on host: <188.185.195.31:9618?addrs=188.185.195.31-9618+[2001-1458-303-22--100-1b]-9618&alias=b9p17p1001.cern.ch&noUDP&sock=startd_6986_64b6>
	SlotName: slot1_33@b9p17p1001.cern.ch
	CondorScratchDir = "/pool/condor/dir_1242889"
	Cpus = 1
	Disk = 6146527
	GPUs = 0
	Memory = 3000
...
006 (6053346.000.000) 08/17 01:18:38 Image size of job updated: 60124
	59  -  MemoryUsage of job (MB)
	60124  -  ResidentSetSize of job (KB)
...
006 (6053346.000.000) 08/17 01:19:10 Image size of job updated: 115776
	59  -  MemoryUsage of job (MB)
	60124  -  ResidentSetSize of job (KB)
...
040 (6053346.000.000) 08/17 01:19:10 Started transferring output files
...
040 (6053346.000.000) 08/17 01:19:10 Finished transferring output files
...
005 (6053346.000.000) 08/17 01:19:10 Job terminated.
	(1) Normal termination (return value 0)
		Usr 0 00:00:32, Sys 0 00:00:03  -  Run Remote Usage
		Usr 0 00:00:00, Sys 0 00:00:00  -  Run Local Usage
		Usr 0 00:00:32, Sys 0 00:00:03  -  Total Remote Usage
		Usr 0 00:00:00, Sys 0 00:00:00  -  Total Local Usage
	16547  -  Run Bytes Sent By Job
	1275  -  Run Bytes Received By Job
	16547  -  Total Bytes Sent By Job
	1275  -  Total Bytes Received By Job
	Partitionable Resources :    Usage  Request Allocated 
	   Cpus                 :                 1         1 
	   Disk (KB)            :     8687  6144000   6146527 
	   GPUs                 :                           0 
	   Memory (MB)          :       59     3000      3000 
	   TimeExecute (s)      :       41                    
	   TimeSlotBusy (s)     :       43                    
...
