000 (6053599.000.000) 08/17 01:26:28 Job submitted from host: <188.185.133.2:9618?addrs=188.185.133.2-9618+[2001-1458-d03-2--100-208]-9618&alias=bigbird102.cern.ch&noUDP&sock=schedd_5723_1498>
    DAG Node: C_W15_HL_M0_A00_S4_F0
...
040 (6053599.000.000) 08/17 01:26:28 Started transferring input files
	Transferring to host: <128.142.162.86:9618?addrs=128.142.162.86-9618+[2001-1458-301-7d--100-f]-9618&alias=b9g42p2030.cern.ch&noUDP&sock=slot1_18_5184_58cc_1620>
...
040 (6053599.000.000) 08/17 01:26:28 Finished transferring input files
...
001 (6053599.000.000) 08/17 01:26:29 Job executing on host: <128.142.162.86:9618?addrs=128.142.162.86-9618+[2001-1458-301-7d--100-f]-9618&alias=b9g42p2030.cern.ch&noUDP&sock=startd_4328_39fb>
	SlotName: slot1_18@b9g42p2030.cern.ch
	CondorScratchDir = "/pool/condor/dir_1594221"
	Cpus = 1
	Disk = 6146627
	GPUs = 0
	Memory = 3000
...
006 (6053599.000.000) 08/17 01:26:38 Image size of job updated: 59756
	59  -  MemoryUsage of job (MB)
	59756  -  ResidentSetSize of job (KB)
...
006 (6053599.000.000) 08/17 01:31:39 Image size of job updated: 95132
	93  -  MemoryUsage of job (MB)
	95132  -  ResidentSetSize of job (KB)
...
006 (6053599.000.000) 08/17 01:36:40 Image size of job updated: 106888
	105  -  MemoryUsage of job (MB)
	106888  -  ResidentSetSize of job (KB)
...
006 (6053599.000.000) 08/17 01:41:40 Image size of job updated: 106892
	105  -  MemoryUsage of job (MB)
	106892  -  ResidentSetSize of job (KB)
...
006 (6053599.000.000) 08/17 01:46:41 Image size of job updated: 117736
	115  -  MemoryUsage of job (MB)
	117736  -  ResidentSetSize of job (KB)
...
006 (6053599.000.000) 08/17 01:48:30 Image size of job updated: 117740
	115  -  MemoryUsage of job (MB)
	117736  -  ResidentSetSize of job (KB)
...
040 (6053599.000.000) 08/17 01:48:30 Started transferring output files
...
040 (6053599.000.000) 08/17 01:48:30 Finished transferring output files
...
005 (6053599.000.000) 08/17 01:48:30 Job terminated.
	(1) Normal termination (return value 0)
		Usr 0 00:21:47, Sys 0 00:00:04  -  Run Remote Usage
		Usr 0 00:00:00, Sys 0 00:00:00  -  Run Local Usage
		Usr 0 00:21:47, Sys 0 00:00:04  -  Total Remote Usage
		Usr 0 00:00:00, Sys 0 00:00:00  -  Total Local Usage
	17364  -  Run Bytes Sent By Job
	1271  -  Run Bytes Received By Job
	17364  -  Total Bytes Sent By Job
	1271  -  Total Bytes Received By Job
	Partitionable Resources :    Usage  Request Allocated 
	   Cpus                 :     1.00        1         1 
	   Disk (KB)            : 39631     6144000   6146627 
	   GPUs                 :                           0 
	   Memory (MB)          :   115        3000      3000 
	   TimeExecute (s)      :  1321                       
	   TimeSlotBusy (s)     :  1322                       
...
