000 (6053343.000.000) 08/17 01:15:26 Job submitted from host: <188.185.133.2:9618?addrs=188.185.133.2-9618+[2001-1458-d03-2--100-208]-9618&alias=bigbird102.cern.ch&noUDP&sock=schedd_5723_1498>
    DAG Node: P_W15_HH_M2_A10_S3
...
040 (6053343.000.000) 08/17 01:18:26 Started transferring input files
	Transferring to host: <188.185.196.91:9618?addrs=188.185.196.91-9618+[2001-1458-303-23--100-57]-9618&alias=b9p16p1050.cern.ch&noUDP&sock=slot1_21_5272_59cf_30741>
...
040 (6053343.000.000) 08/17 01:18:26 Finished transferring input files
...
001 (6053343.000.000) 08/17 01:18:27 Job executing on host: <188.185.196.91:9618?addrs=188.185.196.91-9618+[2001-1458-303-23--100-57]-9618&alias=b9p16p1050.cern.ch&noUDP&sock=startd_4262_f4ba>
	SlotName: slot1_21@b9p16p1050.cern.ch
	CondorScratchDir = "/pool/condor/dir_3824408"
	Cpus = 1
	Disk = 6147172
	GPUs = 0
	Memory = 3000
...
006 (6053343.000.000) 08/17 01:18:36 Image size of job updated: 12900
	13  -  MemoryUsage of job (MB)
	12900  -  ResidentSetSize of job (KB)
...
006 (6053343.000.000) 08/17 01:19:29 Image size of job updated: 111596
	13  -  MemoryUsage of job (MB)
	12920  -  ResidentSetSize of job (KB)
...
040 (6053343.000.000) 08/17 01:19:29 Started transferring output files
...
040 (6053343.000.000) 08/17 01:19:29 Finished transferring output files
...
005 (6053343.000.000) 08/17 01:19:29 Job terminated.
	(1) Normal termination (return value 0)
		Usr 0 00:00:32, Sys 0 00:00:03  -  Run Remote Usage
		Usr 0 00:00:00, Sys 0 00:00:00  -  Run Local Usage
		Usr 0 00:00:32, Sys 0 00:00:03  -  Total Remote Usage
		Usr 0 00:00:00, Sys 0 00:00:00  -  Total Local Usage
	16548  -  Run Bytes Sent By Job
	1275  -  Run Bytes Received By Job
	16548  -  Total Bytes Sent By Job
	1275  -  Total Bytes Received By Job
	Partitionable Resources :    Usage  Request Allocated 
	   Cpus                 :                 1         1 
	   Disk (KB)            :       37  6144000   6147172 
	   GPUs                 :                           0 
	   Memory (MB)          :       13     3000      3000 
	   TimeExecute (s)      :       62                    
	   TimeSlotBusy (s)     :       63                    
...
