000 (6053260.000.000) 08/17 01:15:14 Job submitted from host: <188.185.133.2:9618?addrs=188.185.133.2-9618+[2001-1458-d03-2--100-208]-9618&alias=bigbird102.cern.ch&noUDP&sock=schedd_5723_1498>
    DAG Node: P_W15_IH_M1_A07_S0
...
040 (6053260.000.000) 08/17 01:17:59 Started transferring input files
	Transferring to host: <188.185.197.134:9618?addrs=188.185.197.134-9618+[2001-1458-303-24--100-82]-9618&alias=b9p14p8730.cern.ch&noUDP&sock=slot1_14_5130_4c8a_23498>
...
040 (6053260.000.000) 08/17 01:17:59 Finished transferring input files
...
001 (6053260.000.000) 08/17 01:18:00 Job executing on host: <188.185.197.134:9618?addrs=188.185.197.134-9618+[2001-1458-303-24--100-82]-9618&alias=b9p14p8730.cern.ch&noUDP&sock=startd_4145_b426>
	SlotName: slot1_14@b9p14p8730.cern.ch
	CondorScratchDir = "/pool/condor/dir_1033297"
	Cpus = 1
	Disk = 6148143
	GPUs = 0
	Memory = 3000
...
006 (6053260.000.000) 08/17 01:18:09 Image size of job updated: 17732
	18  -  MemoryUsage of job (MB)
	17732  -  ResidentSetSize of job (KB)
...
006 (6053260.000.000) 08/17 01:23:10 Image size of job updated: 150740
	148  -  MemoryUsage of job (MB)
	150740  -  ResidentSetSize of job (KB)
...
006 (6053260.000.000) 08/17 01:28:11 Image size of job updated: 172988
	169  -  MemoryUsage of job (MB)
	172988  -  ResidentSetSize of job (KB)
...
006 (6053260.000.000) 08/17 01:33:11 Image size of job updated: 184440
	181  -  MemoryUsage of job (MB)
	184440  -  ResidentSetSize of job (KB)
...
006 (6053260.000.000) 08/17 01:38:12 Image size of job updated: 218024
	213  -  MemoryUsage of job (MB)
	218024  -  ResidentSetSize of job (KB)
...
006 (6053260.000.000) 08/17 01:40:34 Image size of job updated: 218028
	213  -  MemoryUsage of job (MB)
	218024  -  ResidentSetSize of job (KB)
...
040 (6053260.000.000) 08/17 01:40:34 Started transferring output files
...
040 (6053260.000.000) 08/17 01:40:34 Finished transferring output files
...
005 (6053260.000.000) 08/17 01:40:35 Job terminated.
	(1) Normal termination (return value 0)
		Usr 0 00:22:01, Sys 0 00:00:05  -  Run Remote Usage
		Usr 0 00:00:00, Sys 0 00:00:00  -  Run Local Usage
		Usr 0 00:22:01, Sys 0 00:00:05  -  Total Remote Usage
		Usr 0 00:00:00, Sys 0 00:00:00  -  Total Local Usage
	17206  -  Run Bytes Sent By Job
	1275  -  Run Bytes Received By Job
	17206  -  Total Bytes Sent By Job
	1275  -  Total Bytes Received By Job
	Partitionable Resources :    Usage  Request Allocated 
	   Cpus                 :     1.00        1         1 
	   Disk (KB)            : 39670     6144000   6148143 
	   GPUs                 :                           0 
	   Memory (MB)          :   213        3000      3000 
	   TimeExecute (s)      :  1354                       
	   TimeSlotBusy (s)     :  1356                       
...
