000 (6053678.000.000) 08/17 01:30:16 Job submitted from host: <188.185.133.2:9618?addrs=188.185.133.2-9618+[2001-1458-d03-2--100-208]-9618&alias=bigbird102.cern.ch&noUDP&sock=schedd_5723_1498>
    DAG Node: C_W15_II_M0_A00_S6_F0
...
040 (6053678.000.000) 08/17 01:30:53 Started transferring input files
	Transferring to host: <128.142.33.16:9618?addrs=128.142.33.16-9618+[2001-1458-301-53--100-d]-9618&alias=b9g34p3570.cern.ch&noUDP&sock=slot1_17_4347_9aca_27904>
...
040 (6053678.000.000) 08/17 01:30:53 Finished transferring input files
...
001 (6053678.000.000) 08/17 01:30:54 Job executing on host: <128.142.33.16:9618?addrs=128.142.33.16-9618+[2001-1458-301-53--100-d]-9618&alias=b9g34p3570.cern.ch&noUDP&sock=startd_3979_d76d>
	SlotName: slot1_17@b9g34p3570.cern.ch
	CondorScratchDir = "/pool/condor/dir_1542461"
	Cpus = 1
	Disk = 6146718
	GPUs = 0
	Memory = 3000
...
006 (6053678.000.000) 08/17 01:31:03 Image size of job updated: 49664
	49  -  MemoryUsage of job (MB)
	49664  -  ResidentSetSize of job (KB)
...
006 (6053678.000.000) 08/17 01:36:04 Image size of job updated: 95672
	94  -  MemoryUsage of job (MB)
	95672  -  ResidentSetSize of job (KB)
...
006 (6053678.000.000) 08/17 01:41:04 Image size of job updated: 107760
	106  -  MemoryUsage of job (MB)
	107760  -  ResidentSetSize of job (KB)
...
006 (6053678.000.000) 08/17 01:51:06 Image size of job updated: 118604
	116  -  MemoryUsage of job (MB)
	118604  -  ResidentSetSize of job (KB)
...
006 (6053678.000.000) 08/17 02:00:42 Image size of job updated: 118612
	116  -  MemoryUsage of job (MB)
	118604  -  ResidentSetSize of job (KB)
...
040 (6053678.000.000) 08/17 02:00:42 Started transferring output files
...
040 (6053678.000.000) 08/17 02:00:42 Finished transferring output files
...
005 (6053678.000.000) 08/17 02:00:42 Job terminated.
	(1) Normal termination (return value 0)
		Usr 0 00:29:26, Sys 0 00:00:07  -  Run Remote Usage
		Usr 0 00:00:00, Sys 0 00:00:00  -  Run Local Usage
		Usr 0 00:29:26, Sys 0 00:00:07  -  Total Remote Usage
		Usr 0 00:00:00, Sys 0 00:00:00  -  Total Local Usage
	17364  -  Run Bytes Sent By Job
	1271  -  Run Bytes Received By Job
	17364  -  Total Bytes Sent By Job
	1271  -  Total Bytes Received By Job
	Partitionable Resources :    Usage  Request Allocated 
	   Cpus                 :     0.99        1         1 
	   Disk (KB)            : 39635     6144000   6146718 
	   GPUs                 :                           0 
	   Memory (MB)          :   116        3000      3000 
	   TimeExecute (s)      :  1788                       
	   TimeSlotBusy (s)     :  1789                       
...
