000 (6053402.000.000) 08/17 01:20:09 Job submitted from host: <188.185.133.2:9618?addrs=188.185.133.2-9618+[2001-1458-d03-2--100-208]-9618&alias=bigbird102.cern.ch&noUDP&sock=schedd_5723_1498>
    DAG Node: C_W15_II_M2_A10_S4_F2
...
040 (6053402.000.000) 08/17 01:20:10 Started transferring input files
	Transferring to host: <188.185.193.153:9618?addrs=188.185.193.153-9618+[2001-1458-303-20--100-95]-9618&alias=b9p19p1776.cern.ch&noUDP&sock=slot1_12_5686_0d20_32935>
...
040 (6053402.000.000) 08/17 01:20:10 Finished transferring input files
...
001 (6053402.000.000) 08/17 01:20:11 Job executing on host: <188.185.193.153:9618?addrs=188.185.193.153-9618+[2001-1458-303-20--100-95]-9618&alias=b9p19p1776.cern.ch&noUDP&sock=startd_4599_1c25>
	SlotName: slot1_12@b9p19p1776.cern.ch
	CondorScratchDir = "/pool/condor/dir_2310479"
	Cpus = 1
	Disk = 6145339
	GPUs = 0
	Memory = 3000
...
006 (6053402.000.000) 08/17 01:20:19 Image size of job updated: 53904
	53  -  MemoryUsage of job (MB)
	53904  -  ResidentSetSize of job (KB)
...
006 (6053402.000.000) 08/17 01:25:19 Image size of job updated: 91956
	90  -  MemoryUsage of job (MB)
	91956  -  ResidentSetSize of job (KB)
...
006 (6053402.000.000) 08/17 01:55:24 Image size of job updated: 92124
	90  -  MemoryUsage of job (MB)
	92124  -  ResidentSetSize of job (KB)
...
006 (6053402.000.000) 08/17 02:00:24 Image size of job updated: 92292
	91  -  MemoryUsage of job (MB)
	92292  -  ResidentSetSize of job (KB)
...
006 (6053402.000.000) 08/17 02:10:25 Image size of job updated: 92632
	91  -  MemoryUsage of job (MB)
	92632  -  ResidentSetSize of job (KB)
...
040 (6053402.000.000) 08/17 02:19:22 Started transferring output files
...
040 (6053402.000.000) 08/17 02:19:22 Finished transferring output files
...
005 (6053402.000.000) 08/17 02:19:22 Job terminated.
	(1) Normal termination (return value 0)
		Usr 0 00:58:38, Sys 0 00:00:07  -  Run Remote Usage
		Usr 0 00:00:00, Sys 0 00:00:00  -  Run Local Usage
		Usr 0 00:58:38, Sys 0 00:00:07  -  Total Remote Usage
		Usr 0 00:00:00, Sys 0 00:00:00  -  Total Local Usage
	16964  -  Run Bytes Sent By Job
	1271  -  Run Bytes Received By Job
	16964  -  Total Bytes Sent By Job
	1271  -  Total Bytes Received By Job
	Partitionable Resources :    Usage  Request Allocated 
	   Cpus                 :     0.99        1         1 
	   Disk (KB)            : 39669     6144000   6145339 
	   GPUs                 :                           0 
	   Memory (MB)          :    91        3000      3000 
	   TimeExecute (s)      :  3551                       
	   TimeSlotBusy (s)     :  3552                       
...
