000 (6053132.000.000) 08/17 01:15:07 Job submitted from host: <188.185.133.2:9618?addrs=188.185.133.2-9618+[2001-1458-d03-2--100-208]-9618&alias=bigbird102.cern.ch&noUDP&sock=schedd_5723_1498>
    DAG Node: P_W15_LL_M0_A00_S0
...
040 (6053132.000.000) 08/17 01:17:17 Started transferring input files
	Transferring to host: <128.142.162.86:9618?addrs=128.142.162.86-9618+[2001-1458-301-7d--100-f]-9618&alias=b9g42p2030.cern.ch&noUDP&sock=slot1_18_5184_58cc_1615>
...
040 (6053132.000.000) 08/17 01:17:17 Finished transferring input files
...
001 (6053132.000.000) 08/17 01:17:18 Job executing on host: <128.142.162.86:9618?addrs=128.142.162.86-9618+[2001-1458-301-7d--100-f]-9618&alias=b9g42p2030.cern.ch&noUDP&sock=startd_4328_39fb>
	SlotName: slot1_18@b9g42p2030.cern.ch
	CondorScratchDir = "/pool/condor/dir_1591335"
	Cpus = 1
	Disk = 6146787
	GPUs = 0
	Memory = 3000
...
006 (6053132.000.000) 08/17 01:17:26 Image size of job updated: 49808
	49  -  MemoryUsage of job (MB)
	49808  -  ResidentSetSize of job (KB)
...
006 (6053132.000.000) 08/17 01:22:26 Image size of job updated: 150348
	147  -  MemoryUsage of job (MB)
	150348  -  ResidentSetSize of job (KB)
...
006 (6053132.000.000) 08/17 01:26:26 Image size of job updated: 161752
	147  -  MemoryUsage of job (MB)
	150348  -  ResidentSetSize of job (KB)
...
040 (6053132.000.000) 08/17 01:26:26 Started transferring output files
...
040 (6053132.000.000) 08/17 01:26:26 Finished transferring output files
...
005 (6053132.000.000) 08/17 01:26:26 Job terminated.
	(1) Normal termination (return value 0)
		Usr 0 00:08:56, Sys 0 00:00:04  -  Run Remote Usage
		Usr 0 00:00:00, Sys 0 00:00:00  -  Run Local Usage
		Usr 0 00:08:56, Sys 0 00:00:04  -  Total Remote Usage
		Usr 0 00:00:00, Sys 0 00:00:00  -  Total Local Usage
	16874  -  Run Bytes Sent By Job
	1275  -  Run Bytes Received By Job
	16874  -  Total Bytes Sent By Job
	1275  -  Total Bytes Received By Job
	Partitionable Resources :    Usage  Request Allocated 
	   Cpus                 :     0.99        1         1 
	   Disk (KB)            : 39620     6144000   6146787 
	   GPUs                 :                           0 
	   Memory (MB)          :   147        3000      3000 
	   TimeExecute (s)      :   548                       
	   TimeSlotBusy (s)     :   549                       
...
