000 (6053654.000.000) 08/17 01:28:58 Job submitted from host: <188.185.133.2:9618?addrs=188.185.133.2-9618+[2001-1458-d03-2--100-208]-9618&alias=bigbird102.cern.ch&noUDP&sock=schedd_5723_1498>
    DAG Node: C_W15_LH_M0_A00_S7_F0
...
040 (6053654.000.000) 08/17 01:29:56 Started transferring input files
	Transferring to host: <128.142.33.60:9618?addrs=128.142.33.60-9618+[2001-1458-301-53--100-39]-9618&alias=b9g34p8084.cern.ch&noUDP&sock=slot1_16_8531_9c74_28635>
...
040 (6053654.000.000) 08/17 01:29:56 Finished transferring input files
...
001 (6053654.000.000) 08/17 01:29:57 Job executing on host: <128.142.33.60:9618?addrs=128.142.33.60-9618+[2001-1458-301-53--100-39]-9618&alias=b9g34p8084.cern.ch&noUDP&sock=startd_7503_032c>
	SlotName: slot1_16@b9g34p8084.cern.ch
	CondorScratchDir = "/pool/condor/dir_1814552"
	Cpus = 1
	Disk = 6146750
	GPUs = 0
	Memory = 3000
...
006 (6053654.000.000) 08/17 01:30:06 Image size of job updated: 32512
	32  -  MemoryUsage of job (MB)
	32512  -  ResidentSetSize of job (KB)
...
006 (6053654.000.000) 08/17 01:35:07 Image size of job updated: 94812
	93  -  MemoryUsage of job (MB)
	94812  -  ResidentSetSize of job (KB)
...
006 (6053654.000.000) 08/17 01:40:07 Image size of job updated: 106904
	105  -  MemoryUsage of job (MB)
	106904  -  ResidentSetSize of job (KB)
...
006 (6053654.000.000) 08/17 01:45:07 Image size of job updated: 106908
	105  -  MemoryUsage of job (MB)
	106908  -  ResidentSetSize of job (KB)
...
006 (6053654.000.000) 08/17 01:50:08 Image size of job updated: 117748
	115  -  MemoryUsage of job (MB)
	117748  -  ResidentSetSize of job (KB)
...
006 (6053654.000.000) 08/17 01:54:40 Image size of job updated: 117756
	115  -  MemoryUsage of job (MB)
	117748  -  ResidentSetSize of job (KB)
...
040 (6053654.000.000) 08/17 01:54:40 Started transferring output files
...
040 (6053654.000.000) 08/17 01:54:40 Finished transferring output files
...
005 (6053654.000.000) 08/17 01:54:41 Job terminated.
	(1) Normal termination (return value 0)
		Usr 0 00:24:16, Sys 0 00:00:05  -  Run Remote Usage
		Usr 0 00:00:00, Sys 0 00:00:00  -  Run Local Usage
		Usr 0 00:24:16, Sys 0 00:00:05  -  Total Remote Usage
		Usr 0 00:00:00, Sys 0 00:00:00  -  Total Local Usage
	17363  -  Run Bytes Sent By Job
	1271  -  Run Bytes Received By Job
	17363  -  Total Bytes Sent By Job
	1271  -  Total Bytes Received By Job
	Partitionable Resources :    Usage  Request Allocated 
	   Cpus                 :     0.99        1         1 
	   Disk (KB)            : 39635     6144000   6146750 
	   GPUs                 :                           0 
	   Memory (MB)          :   115        3000      3000 
	   TimeExecute (s)      :  1483                       
	   TimeSlotBusy (s)     :  1485                       
...
