000 (6053572.000.000) 08/17 01:22:59 Job submitted from host: <188.185.133.2:9618?addrs=188.185.133.2-9618+[2001-1458-d03-2--100-208]-9618&alias=bigbird102.cern.ch&noUDP&sock=schedd_5723_1498>
    DAG Node: C_W15_HI_M0_A00_S1_F0
...
040 (6053572.000.000) 08/17 01:24:13 Started transferring input files
	Transferring to host: <188.185.196.78:9618?addrs=188.185.196.78-9618+[2001-1458-303-23--100-4a]-9618&alias=b9p16p7600.cern.ch&noUDP&sock=slot1_15_4705_d918_31492>
...
040 (6053572.000.000) 08/17 01:24:13 Finished transferring input files
...
001 (6053572.000.000) 08/17 01:24:14 Job executing on host: <188.185.196.78:9618?addrs=188.185.196.78-9618+[2001-1458-303-23--100-4a]-9618&alias=b9p16p7600.cern.ch&noUDP&sock=startd_3564_2fa0>
	SlotName: slot1_15@b9p16p7600.cern.ch
	CondorScratchDir = "/pool/condor/dir_4103862"
	Cpus = 1
	Disk = 6146098
	GPUs = 0
	Memory = 3000
...
006 (6053572.000.000) 08/17 01:24:22 Image size of job updated: 62316
	61  -  MemoryUsage of job (MB)
	62316  -  ResidentSetSize of job (KB)
...
006 (6053572.000.000) 08/17 01:29:22 Image size of job updated: 108584
	107  -  MemoryUsage of job (MB)
	108584  -  ResidentSetSize of job (KB)
...
006 (6053572.000.000) 08/17 01:34:23 Image size of job updated: 119428
	117  -  MemoryUsage of job (MB)
	119428  -  ResidentSetSize of job (KB)
...
006 (6053572.000.000) 08/17 01:38:04 Image size of job updated: 119432
	117  -  MemoryUsage of job (MB)
	119428  -  ResidentSetSize of job (KB)
...
040 (6053572.000.000) 08/17 01:38:04 Started transferring output files
...
040 (6053572.000.000) 08/17 01:38:04 Finished transferring output files
...
005 (6053572.000.000) 08/17 01:38:05 Job terminated.
	(1) Normal termination (return value 0)
		Usr 0 00:13:32, Sys 0 00:00:05  -  Run Remote Usage
		Usr 0 00:00:00, Sys 0 00:00:00  -  Run Local Usage
		Usr 0 00:13:32, Sys 0 00:00:05  -  Total Remote Usage
		Usr 0 00:00:00, Sys 0 00:00:00  -  Total Local Usage
	17366  -  Run Bytes Sent By Job
	1271  -  Run Bytes Received By Job
	17366  -  Total Bytes Sent By Job
	1271  -  Total Bytes Received By Job
	Partitionable Resources :    Usage  Request Allocated 
	   Cpus                 :     0.99        1         1 
	   Disk (KB)            : 39671     6144000   6146098 
	   GPUs                 :                           0 
	   Memory (MB)          :   117        3000      3000 
	   TimeExecute (s)      :   830                       
	   TimeSlotBusy (s)     :   831                       
...
