000 (6053388.000.000) 08/17 01:19:43 Job submitted from host: <188.185.133.2:9618?addrs=188.185.133.2-9618+[2001-1458-d03-2--100-208]-9618&alias=bigbird102.cern.ch&noUDP&sock=schedd_5723_1498>
    DAG Node: C_W15_HH_M1_A07_S7_F0
...
040 (6053388.000.000) 08/17 01:19:46 Started transferring input files
	Transferring to host: <188.185.213.142:9618?addrs=188.185.213.142-9618+[2001-1458-303-1b--100-a]-9618&alias=b9p28p1864.cern.ch&noUDP&sock=slot1_18_4828_833d_44200>
...
040 (6053388.000.000) 08/17 01:19:46 Finished transferring input files
...
001 (6053388.000.000) 08/17 01:19:47 Job executing on host: <188.185.213.142:9618?addrs=188.185.213.142-9618+[2001-1458-303-1b--100-a]-9618&alias=b9p28p1864.cern.ch&noUDP&sock=startd_4120_8e48>
	SlotName: slot1_18@b9p28p1864.cern.ch
	CondorScratchDir = "/pool/condor/dir_2547206"
	Cpus = 1
	Disk = 6144944
	GPUs = 0
	Memory = 3000
...
006 (6053388.000.000) 08/17 01:19:55 Image size of job updated: 58040
	49  -  MemoryUsage of job (MB)
	49960  -  ResidentSetSize of job (KB)
...
006 (6053388.000.000) 08/17 01:20:51 Image size of job updated: 226480
	49  -  MemoryUsage of job (MB)
	49964  -  ResidentSetSize of job (KB)
...
040 (6053388.000.000) 08/17 01:20:51 Started transferring output files
...
040 (6053388.000.000) 08/17 01:20:51 Finished transferring output files
...
005 (6053388.000.000) 08/17 01:20:51 Job terminated.
	(1) Normal termination (return value 0)
		Usr 0 00:00:56, Sys 0 00:00:05  -  Run Remote Usage
		Usr 0 00:00:00, Sys 0 00:00:00  -  Run Local Usage
		Usr 0 00:00:56, Sys 0 00:00:05  -  Total Remote Usage
		Usr 0 00:00:00, Sys 0 00:00:00  -  Total Local Usage
	17553  -  Run Bytes Sent By Job
	1271  -  Run Bytes Received By Job
	17553  -  Total Bytes Sent By Job
	1271  -  Total Bytes Received By Job
	Partitionable Resources :    Usage  Request Allocated 
	   Cpus                 :        0        1         1 
	   Disk (KB)            :    39213  6144000   6144944 
	   GPUs                 :                           0 
	   Memory (MB)          :       49     3000      3000 
	   TimeExecute (s)      :       64                    
	   TimeSlotBusy (s)     :       65                    
...
