000 (6053345.000.000) 08/17 01:15:26 Job submitted from host: <188.185.133.2:9618?addrs=188.185.133.2-9618+[2001-1458-d03-2--100-208]-9618&alias=bigbird102.cern.ch&noUDP&sock=schedd_5723_1498>
    DAG Node: P_W15_HH_M2_A10_S5
...
040 (6053345.000.000) 08/17 01:18:28 Started transferring input files
	Transferring to host: <188.185.192.111:9618?addrs=188.185.192.111-9618+[2001-1458-303-1f--100-6b]-9618&alias=b9p13p6936.cern.ch&noUDP&sock=slot1_15_7458_95e8_30833>
...
040 (6053345.000.000) 08/17 01:18:28 Finished transferring input files
...
001 (6053345.000.000) 08/17 01:18:29 Job executing on host: <188.185.192.111:9618?addrs=188.185.192.111-9618+[2001-1458-303-1f--100-6b]-9618&alias=b9p13p6936.cern.ch&noUDP&sock=startd_6136_5d36>
	SlotName: slot1_15@b9p13p6936.cern.ch
	CondorScratchDir = "/pool/condor/dir_1333257"
	Cpus = 1
	Disk = 6146316
	GPUs = 0
	Memory = 3000
...
006 (6053345.000.000) 08/17 01:18:38 Image size of job updated: 36524
	36  -  MemoryUsage of job (MB)
	36524  -  ResidentSetSize of job (KB)
...
006 (6053345.000.000) 08/17 01:19:24 Image size of job updated: 111576
	36  -  MemoryUsage of job (MB)
	36772  -  ResidentSetSize of job (KB)
...
040 (6053345.000.000) 08/17 01:19:24 Started transferring output files
...
040 (6053345.000.000) 08/17 01:19:24 Finished transferring output files
...
005 (6053345.000.000) 08/17 01:19:24 Job terminated.
	(1) Normal termination (return value 0)
		Usr 0 00:00:43, Sys 0 00:00:03  -  Run Remote Usage
		Usr 0 00:00:00, Sys 0 00:00:00  -  Run Local Usage
		Usr 0 00:00:43, Sys 0 00:00:03  -  Total Remote Usage
		Usr 0 00:00:00, Sys 0 00:00:00  -  Total Local Usage
	16548  -  Run Bytes Sent By Job
	1275  -  Run Bytes Received By Job
	16548  -  Total Bytes Sent By Job
	1275  -  Total Bytes Received By Job
	Partitionable Resources :    Usage  Request Allocated 
	   Cpus                 :                 1         1 
	   Disk (KB)            :     8706  6144000   6146316 
	   GPUs                 :                           0 
	   Memory (MB)          :       36     3000      3000 
	   TimeExecute (s)      :       55                    
	   TimeSlotBusy (s)     :       57                    
...
