000 (6053614.000.000) 08/17 01:26:43 Job submitted from host: <188.185.133.2:9618?addrs=188.185.133.2-9618+[2001-1458-d03-2--100-208]-9618&alias=bigbird102.cern.ch&noUDP&sock=schedd_5723_1498>
    DAG Node: C_W15_LL_M0_A00_S4_F0
...
040 (6053614.000.000) 08/17 01:28:00 Started transferring input files
	Transferring to host: <188.185.196.107:9618?addrs=188.185.196.107-9618+[2001-1458-303-23--100-67]-9618&alias=b9p16p2482.cern.ch&noUDP&sock=slot1_23_5396_b855_32219>
...
040 (6053614.000.000) 08/17 01:28:00 Finished transferring input files
...
001 (6053614.000.000) 08/17 01:28:01 Job executing on host: <188.185.196.107:9618?addrs=188.185.196.107-9618+[2001-1458-303-23--100-67]-9618&alias=b9p16p2482.cern.ch&noUDP&sock=startd_4390_c0da>
	SlotName: slot1_23@b9p16p2482.cern.ch
	CondorScratchDir = "/pool/condor/dir_4072847"
	Cpus = 1
	Disk = 6147413
	GPUs = 0
	Memory = 3000
...
006 (6053614.000.000) 08/17 01:28:10 Image size of job updated: 55908
	37  -  MemoryUsage of job (MB)
	37028  -  ResidentSetSize of job (KB)
...
006 (6053614.000.000) 08/17 01:33:11 Image size of job updated: 95492
	94  -  MemoryUsage of job (MB)
	95492  -  ResidentSetSize of job (KB)
...
006 (6053614.000.000) 08/17 01:38:12 Image size of job updated: 107248
	105  -  MemoryUsage of job (MB)
	107248  -  ResidentSetSize of job (KB)
...
006 (6053614.000.000) 08/17 01:43:12 Image size of job updated: 118092
	116  -  MemoryUsage of job (MB)
	118092  -  ResidentSetSize of job (KB)
...
006 (6053614.000.000) 08/17 01:48:13 Image size of job updated: 118096
	116  -  MemoryUsage of job (MB)
	118096  -  ResidentSetSize of job (KB)
...
006 (6053614.000.000) 08/17 01:48:24 Image size of job updated: 118100
	116  -  MemoryUsage of job (MB)
	118096  -  ResidentSetSize of job (KB)
...
040 (6053614.000.000) 08/17 01:48:24 Started transferring output files
...
040 (6053614.000.000) 08/17 01:48:24 Finished transferring output files
...
005 (6053614.000.000) 08/17 01:48:24 Job terminated.
	(1) Normal termination (return value 0)
		Usr 0 00:20:08, Sys 0 00:00:04  -  Run Remote Usage
		Usr 0 00:00:00, Sys 0 00:00:00  -  Run Local Usage
		Usr 0 00:20:08, Sys 0 00:00:04  -  Total Remote Usage
		Usr 0 00:00:00, Sys 0 00:00:00  -  Total Local Usage
	17364  -  Run Bytes Sent By Job
	1271  -  Run Bytes Received By Job
	17364  -  Total Bytes Sent By Job
	1271  -  Total Bytes Received By Job
	Partitionable Resources :    Usage  Request Allocated 
	   Cpus                 :     0.99        1         1 
	   Disk (KB)            : 39672     6144000   6147413 
	   GPUs                 :                           0 
	   Memory (MB)          :   116        3000      3000 
	   TimeExecute (s)      :  1223                       
	   TimeSlotBusy (s)     :  1224                       
...
