000 (6053337.000.000) 08/17 01:15:26 Job submitted from host: <188.185.133.2:9618?addrs=188.185.133.2-9618+[2001-1458-d03-2--100-208]-9618&alias=bigbird102.cern.ch&noUDP&sock=schedd_5723_1498>
    DAG Node: P_W15_HH_M1_A07_S5
...
040 (6053337.000.000) 08/17 01:18:24 Started transferring input files
	Transferring to host: <128.142.161.111:9618?addrs=128.142.161.111-9618+[2001-1458-301-b8--100-2d]-9618&alias=b9g03p6039.cern.ch&noUDP&sock=slot1_19_3217_6adc_15595>
...
040 (6053337.000.000) 08/17 01:18:24 Finished transferring input files
...
001 (6053337.000.000) 08/17 01:18:25 Job executing on host: <128.142.161.111:9618?addrs=128.142.161.111-9618+[2001-1458-301-b8--100-2d]-9618&alias=b9g03p6039.cern.ch&noUDP&sock=startd_2644_247e>
	SlotName: slot1_19@b9g03p6039.cern.ch
	CondorScratchDir = "/pool/condor/dir_12006"
	Cpus = 1
	Disk = 6146185
	GPUs = 0
	Memory = 3000
...
006 (6053337.000.000) 08/17 01:18:34 Image size of job updated: 60976
	60  -  MemoryUsage of job (MB)
	60976  -  ResidentSetSize of job (KB)
...
006 (6053337.000.000) 08/17 01:19:23 Image size of job updated: 209004
	60  -  MemoryUsage of job (MB)
	60984  -  ResidentSetSize of job (KB)
...
040 (6053337.000.000) 08/17 01:19:23 Started transferring output files
...
040 (6053337.000.000) 08/17 01:19:23 Finished transferring output files
...
005 (6053337.000.000) 08/17 01:19:23 Job terminated.
	(1) Normal termination (return value 0)
		Usr 0 00:00:43, Sys 0 00:00:03  -  Run Remote Usage
		Usr 0 00:00:00, Sys 0 00:00:00  -  Run Local Usage
		Usr 0 00:00:43, Sys 0 00:00:03  -  Total Remote Usage
		Usr 0 00:00:00, Sys 0 00:00:00  -  Total Local Usage
	17142  -  Run Bytes Sent By Job
	1275  -  Run Bytes Received By Job
	17142  -  Total Bytes Sent By Job
	1275  -  Total Bytes Received By Job
	Partitionable Resources :    Usage  Request Allocated 
	   Cpus                 :                 1         1 
	   Disk (KB)            :     9002  6144000   6146185 
	   GPUs                 :                           0 
	   Memory (MB)          :       60     3000      3000 
	   TimeExecute (s)      :       58                    
	   TimeSlotBusy (s)     :       60                    
...
