000 (6053606.000.000) 08/17 01:26:33 Job submitted from host: <188.185.133.2:9618?addrs=188.185.133.2-9618+[2001-1458-d03-2--100-208]-9618&alias=bigbird102.cern.ch&noUDP&sock=schedd_5723_1498>
    DAG Node: C_W15_LL_M0_A00_S0_F0
...
040 (6053606.000.000) 08/17 01:26:48 Started transferring input files
	Transferring to host: <188.185.196.157:9618?addrs=188.185.196.157-9618+[2001-1458-303-23--100-99]-9618&alias=b9p16p4603.cern.ch&noUDP&sock=slot1_27_3329_54e0_32096>
...
040 (6053606.000.000) 08/17 01:26:48 Finished transferring input files
...
001 (6053606.000.000) 08/17 01:26:49 Job executing on host: <188.185.196.157:9618?addrs=188.185.196.157-9618+[2001-1458-303-23--100-99]-9618&alias=b9p16p4603.cern.ch&noUDP&sock=startd_2619_fea0>
	SlotName: slot1_27@b9p16p4603.cern.ch
	CondorScratchDir = "/pool/condor/dir_422395"
	Cpus = 1
	Disk = 6144313
	GPUs = 0
	Memory = 3000
...
006 (6053606.000.000) 08/17 01:26:58 Image size of job updated: 47128
	47  -  MemoryUsage of job (MB)
	47128  -  ResidentSetSize of job (KB)
...
006 (6053606.000.000) 08/17 01:31:59 Image size of job updated: 98360
	94  -  MemoryUsage of job (MB)
	95380  -  ResidentSetSize of job (KB)
...
006 (6053606.000.000) 08/17 01:36:59 Image size of job updated: 107252
	105  -  MemoryUsage of job (MB)
	107252  -  ResidentSetSize of job (KB)
...
006 (6053606.000.000) 08/17 01:42:00 Image size of job updated: 107256
	105  -  MemoryUsage of job (MB)
	107256  -  ResidentSetSize of job (KB)
...
006 (6053606.000.000) 08/17 01:47:00 Image size of job updated: 118096
	116  -  MemoryUsage of job (MB)
	118096  -  ResidentSetSize of job (KB)
...
006 (6053606.000.000) 08/17 01:51:10 Image size of job updated: 118104
	116  -  MemoryUsage of job (MB)
	118096  -  ResidentSetSize of job (KB)
...
040 (6053606.000.000) 08/17 01:51:11 Started transferring output files
...
040 (6053606.000.000) 08/17 01:51:11 Finished transferring output files
...
005 (6053606.000.000) 08/17 01:51:11 Job terminated.
	(1) Normal termination (return value 0)
		Usr 0 00:24:03, Sys 0 00:00:06  -  Run Remote Usage
		Usr 0 00:00:00, Sys 0 00:00:00  -  Run Local Usage
		Usr 0 00:24:03, Sys 0 00:00:06  -  Total Remote Usage
		Usr 0 00:00:00, Sys 0 00:00:00  -  Total Local Usage
	17362  -  Run Bytes Sent By Job
	1271  -  Run Bytes Received By Job
	17362  -  Total Bytes Sent By Job
	1271  -  Total Bytes Received By Job
	Partitionable Resources :    Usage  Request Allocated 
	   Cpus                 :     0.99        1         1 
	   Disk (KB)            : 39672     6144000   6144313 
	   GPUs                 :                           0 
	   Memory (MB)          :   116        3000      3000 
	   TimeExecute (s)      :  1461                       
	   TimeSlotBusy (s)     :  1463                       
...
