000 (6053173.000.000) 08/17 01:15:07 Job submitted from host: <188.185.133.2:9618?addrs=188.185.133.2-9618+[2001-1458-d03-2--100-208]-9618&alias=bigbird102.cern.ch&noUDP&sock=schedd_5723_1498>
    DAG Node: P_W15_LI_M2_A10_S1
...
040 (6053173.000.000) 08/17 01:17:29 Started transferring input files
	Transferring to host: <188.185.192.136:9618?addrs=188.185.192.136-9618+[2001-1458-303-1f--100-84]-9618&alias=b9p13p7065.cern.ch&noUDP&sock=slot1_42_6594_d1c5_30592>
...
040 (6053173.000.000) 08/17 01:17:29 Finished transferring input files
...
001 (6053173.000.000) 08/17 01:17:30 Job executing on host: <188.185.192.136:9618?addrs=188.185.192.136-9618+[2001-1458-303-1f--100-84]-9618&alias=b9p13p7065.cern.ch&noUDP&sock=startd_5955_3691>
	SlotName: slot1_42@b9p13p7065.cern.ch
	CondorScratchDir = "/pool/condor/dir_1742820"
	Cpus = 1
	Disk = 6146771
	GPUs = 0
	Memory = 3000
...
006 (6053173.000.000) 08/17 01:17:38 Image size of job updated: 28756
	29  -  MemoryUsage of job (MB)
	28756  -  ResidentSetSize of job (KB)
...
006 (6053173.000.000) 08/17 01:19:45 Image size of job updated: 116020
	29  -  MemoryUsage of job (MB)
	28756  -  ResidentSetSize of job (KB)
...
040 (6053173.000.000) 08/17 01:19:45 Started transferring output files
...
040 (6053173.000.000) 08/17 01:19:45 Finished transferring output files
...
005 (6053173.000.000) 08/17 01:19:46 Job terminated.
	(1) Normal termination (return value 0)
		Usr 0 00:02:01, Sys 0 00:00:04  -  Run Remote Usage
		Usr 0 00:00:00, Sys 0 00:00:00  -  Run Local Usage
		Usr 0 00:02:01, Sys 0 00:00:04  -  Total Remote Usage
		Usr 0 00:00:00, Sys 0 00:00:00  -  Total Local Usage
	16610  -  Run Bytes Sent By Job
	1275  -  Run Bytes Received By Job
	16610  -  Total Bytes Sent By Job
	1275  -  Total Bytes Received By Job
	Partitionable Resources :    Usage  Request Allocated 
	   Cpus                 :     0.99        1         1 
	   Disk (KB)            :  8406     6144000   6146771 
	   GPUs                 :                           0 
	   Memory (MB)          :    29        3000      3000 
	   TimeExecute (s)      :   135                       
	   TimeSlotBusy (s)     :   137                       
...
