000 (6053582.000.000) 08/17 01:25:15 Job submitted from host: <188.185.133.2:9618?addrs=188.185.133.2-9618+[2001-1458-d03-2--100-208]-9618&alias=bigbird102.cern.ch&noUDP&sock=schedd_5723_1498>
    DAG Node: C_W15_HL_M0_A00_S3_F0
...
040 (6053582.000.000) 08/17 01:25:21 Started transferring input files
	Transferring to host: <128.142.248.100:9618?addrs=128.142.248.100-9618+[2001-1458-301-73--100-154]-9618&alias=b9g23p4945.cern.ch&noUDP&sock=slot1_33_7869_2c19_23144>
...
040 (6053582.000.000) 08/17 01:25:21 Finished transferring input files
...
001 (6053582.000.000) 08/17 01:25:22 Job executing on host: <128.142.248.100:9618?addrs=128.142.248.100-9618+[2001-1458-301-73--100-154]-9618&alias=b9g23p4945.cern.ch&noUDP&sock=startd_6967_5c69>
	SlotName: slot1_33@b9g23p4945.cern.ch
	CondorScratchDir = "/pool/condor/dir_3727051"
	Cpus = 1
	Disk = 6147912
	GPUs = 0
	Memory = 3000
...
006 (6053582.000.000) 08/17 01:25:31 Image size of job updated: 57876
	57  -  MemoryUsage of job (MB)
	57876  -  ResidentSetSize of job (KB)
...
006 (6053582.000.000) 08/17 01:30:32 Image size of job updated: 94984
	93  -  MemoryUsage of job (MB)
	94984  -  ResidentSetSize of job (KB)
...
006 (6053582.000.000) 08/17 01:35:32 Image size of job updated: 95320
	94  -  MemoryUsage of job (MB)
	95320  -  ResidentSetSize of job (KB)
...
006 (6053582.000.000) 08/17 01:40:33 Image size of job updated: 107076
	105  -  MemoryUsage of job (MB)
	107076  -  ResidentSetSize of job (KB)
...
006 (6053582.000.000) 08/17 01:45:33 Image size of job updated: 107080
	105  -  MemoryUsage of job (MB)
	107080  -  ResidentSetSize of job (KB)
...
006 (6053582.000.000) 08/17 01:50:33 Image size of job updated: 117916
	116  -  MemoryUsage of job (MB)
	117916  -  ResidentSetSize of job (KB)
...
006 (6053582.000.000) 08/17 01:55:34 Image size of job updated: 117920
	116  -  MemoryUsage of job (MB)
	117920  -  ResidentSetSize of job (KB)
...
006 (6053582.000.000) 08/17 01:57:47 Image size of job updated: 117924
	116  -  MemoryUsage of job (MB)
	117920  -  ResidentSetSize of job (KB)
...
040 (6053582.000.000) 08/17 01:57:47 Started transferring output files
...
040 (6053582.000.000) 08/17 01:57:47 Finished transferring output files
...
005 (6053582.000.000) 08/17 01:57:47 Job terminated.
	(1) Normal termination (return value 0)
		Usr 0 00:32:02, Sys 0 00:00:05  -  Run Remote Usage
		Usr 0 00:00:00, Sys 0 00:00:00  -  Run Local Usage
		Usr 0 00:32:02, Sys 0 00:00:05  -  Total Remote Usage
		Usr 0 00:00:00, Sys 0 00:00:00  -  Total Local Usage
	17363  -  Run Bytes Sent By Job
	1271  -  Run Bytes Received By Job
	17363  -  Total Bytes Sent By Job
	1271  -  Total Bytes Received By Job
	Partitionable Resources :    Usage  Request Allocated 
	   Cpus                 :     0.99        1         1 
	   Disk (KB)            : 39672     6144000   6147912 
	   GPUs                 :                           0 
	   Memory (MB)          :   116        3000      3000 
	   TimeExecute (s)      :  1945                       
	   TimeSlotBusy (s)     :  1946                       
...
