000 (6053557.000.000) 08/17 01:22:02 Job submitted from host: <188.185.133.2:9618?addrs=188.185.133.2-9618+[2001-1458-d03-2--100-208]-9618&alias=bigbird102.cern.ch&noUDP&sock=schedd_5723_1498>
    DAG Node: C_W15_LL_M2_A10_S6_F2
...
040 (6053557.000.000) 08/17 01:24:01 Started transferring input files
	Transferring to host: <188.185.197.173:9618?addrs=188.185.197.173-9618+[2001-1458-303-24--100-a9]-9618&alias=b9p14p8403.cern.ch&noUDP&sock=slot1_37_3633_86ed_23233>
...
040 (6053557.000.000) 08/17 01:24:01 Finished transferring input files
...
001 (6053557.000.000) 08/17 01:24:02 Job executing on host: <188.185.197.173:9618?addrs=188.185.197.173-9618+[2001-1458-303-24--100-a9]-9618&alias=b9p14p8403.cern.ch&noUDP&sock=startd_2758_564a>
	SlotName: slot1_37@b9p14p8403.cern.ch
	CondorScratchDir = "/pool/condor/dir_162645"
	Cpus = 1
	Disk = 6146459
	GPUs = 0
	Memory = 3000
...
006 (6053557.000.000) 08/17 01:24:10 Image size of job updated: 16524
	17  -  MemoryUsage of job (MB)
	16524  -  ResidentSetSize of job (KB)
...
006 (6053557.000.000) 08/17 01:29:10 Image size of job updated: 95156
	93  -  MemoryUsage of job (MB)
	95156  -  ResidentSetSize of job (KB)
...
006 (6053557.000.000) 08/17 01:34:11 Image size of job updated: 95320
	94  -  MemoryUsage of job (MB)
	95320  -  ResidentSetSize of job (KB)
...
006 (6053557.000.000) 08/17 01:44:12 Image size of job updated: 95488
	94  -  MemoryUsage of job (MB)
	95488  -  ResidentSetSize of job (KB)
...
006 (6053557.000.000) 08/17 01:54:13 Image size of job updated: 95656
	94  -  MemoryUsage of job (MB)
	95656  -  ResidentSetSize of job (KB)
...
006 (6053557.000.000) 08/17 01:59:14 Image size of job updated: 95828
	94  -  MemoryUsage of job (MB)
	95828  -  ResidentSetSize of job (KB)
...
040 (6053557.000.000) 08/17 02:00:28 Started transferring output files
...
040 (6053557.000.000) 08/17 02:00:28 Finished transferring output files
...
005 (6053557.000.000) 08/17 02:00:28 Job terminated.
	(1) Normal termination (return value 0)
		Usr 0 00:35:51, Sys 0 00:00:05  -  Run Remote Usage
		Usr 0 00:00:00, Sys 0 00:00:00  -  Run Local Usage
		Usr 0 00:35:51, Sys 0 00:00:05  -  Total Remote Usage
		Usr 0 00:00:00, Sys 0 00:00:00  -  Total Local Usage
	16963  -  Run Bytes Sent By Job
	1271  -  Run Bytes Received By Job
	16963  -  Total Bytes Sent By Job
	1271  -  Total Bytes Received By Job
	Partitionable Resources :    Usage  Request Allocated 
	   Cpus                 :     0.99        1         1 
	   Disk (KB)            : 39669     6144000   6146459 
	   GPUs                 :                           0 
	   Memory (MB)          :    94        3000      3000 
	   TimeExecute (s)      :  2186                       
	   TimeSlotBusy (s)     :  2188                       
...
