000 (6053355.000.000) 08/17 01:19:07 Job submitted from host: <188.185.133.2:9618?addrs=188.185.133.2-9618+[2001-1458-d03-2--100-208]-9618&alias=bigbird102.cern.ch&noUDP&sock=schedd_5723_1498>
    DAG Node: C_W15_HH_M0_A00_S7_F0
...
040 (6053355.000.000) 08/17 01:19:09 Started transferring input files
	Transferring to host: <188.185.193.132:9618?addrs=188.185.193.132-9618+[2001-1458-303-20--100-80]-9618&alias=b9p19p8900.cern.ch&noUDP&sock=slot1_7_6417_1b5e_29364>
...
040 (6053355.000.000) 08/17 01:19:09 Finished transferring input files
...
001 (6053355.000.000) 08/17 01:19:10 Job executing on host: <188.185.193.132:9618?addrs=188.185.193.132-9618+[2001-1458-303-20--100-80]-9618&alias=b9p19p8900.cern.ch&noUDP&sock=startd_5538_2f93>
	SlotName: slot1_7@b9p19p8900.cern.ch
	CondorScratchDir = "/pool/condor/dir_1390820"
	Cpus = 1
	Disk = 6153301
	GPUs = 0
	Memory = 3000
...
006 (6053355.000.000) 08/17 01:19:18 Image size of job updated: 56088
	55  -  MemoryUsage of job (MB)
	56088  -  ResidentSetSize of job (KB)
...
006 (6053355.000.000) 08/17 01:20:02 Image size of job updated: 168244
	55  -  MemoryUsage of job (MB)
	56088  -  ResidentSetSize of job (KB)
...
040 (6053355.000.000) 08/17 01:20:02 Started transferring output files
...
040 (6053355.000.000) 08/17 01:20:02 Finished transferring output files
...
005 (6053355.000.000) 08/17 01:20:02 Job terminated.
	(1) Normal termination (return value 0)
		Usr 0 00:00:43, Sys 0 00:00:03  -  Run Remote Usage
		Usr 0 00:00:00, Sys 0 00:00:00  -  Run Local Usage
		Usr 0 00:00:43, Sys 0 00:00:03  -  Total Remote Usage
		Usr 0 00:00:00, Sys 0 00:00:00  -  Total Local Usage
	17219  -  Run Bytes Sent By Job
	1271  -  Run Bytes Received By Job
	17219  -  Total Bytes Sent By Job
	1271  -  Total Bytes Received By Job
	Partitionable Resources :    Usage  Request Allocated 
	   Cpus                 :        0        1         1 
	   Disk (KB)            :    39032  6144000   6153301 
	   GPUs                 :                           0 
	   Memory (MB)          :       55     3000      3000 
	   TimeExecute (s)      :       52                    
	   TimeSlotBusy (s)     :       53                    
...
