000 (6053322.000.000) 08/17 01:15:16 Job submitted from host: <188.185.133.2:9618?addrs=188.185.133.2-9618+[2001-1458-d03-2--100-208]-9618&alias=bigbird102.cern.ch&noUDP&sock=schedd_5723_1498>
    DAG Node: P_W15_HI_M2_A10_S6
...
040 (6053322.000.000) 08/17 01:18:20 Started transferring input files
	Transferring to host: <188.185.213.142:9618?addrs=188.185.213.142-9618+[2001-1458-303-1b--100-a]-9618&alias=b9p28p1864.cern.ch&noUDP&sock=slot1_18_4828_833d_44198>
...
040 (6053322.000.000) 08/17 01:18:20 Finished transferring input files
...
001 (6053322.000.000) 08/17 01:18:21 Job executing on host: <188.185.213.142:9618?addrs=188.185.213.142-9618+[2001-1458-303-1b--100-a]-9618&alias=b9p28p1864.cern.ch&noUDP&sock=startd_4120_8e48>
	SlotName: slot1_18@b9p28p1864.cern.ch
	CondorScratchDir = "/pool/condor/dir_2545412"
	Cpus = 1
	Disk = 6146845
	GPUs = 0
	Memory = 3000
...
006 (6053322.000.000) 08/17 01:18:30 Image size of job updated: 11720
	12  -  MemoryUsage of job (MB)
	11720  -  ResidentSetSize of job (KB)
...
006 (6053322.000.000) 08/17 01:19:19 Image size of job updated: 115888
	12  -  MemoryUsage of job (MB)
	11724  -  ResidentSetSize of job (KB)
...
040 (6053322.000.000) 08/17 01:19:19 Started transferring output files
...
040 (6053322.000.000) 08/17 01:19:19 Finished transferring output files
...
005 (6053322.000.000) 08/17 01:19:19 Job terminated.
	(1) Normal termination (return value 0)
		Usr 0 00:00:30, Sys 0 00:00:04  -  Run Remote Usage
		Usr 0 00:00:00, Sys 0 00:00:00  -  Run Local Usage
		Usr 0 00:00:30, Sys 0 00:00:04  -  Total Remote Usage
		Usr 0 00:00:00, Sys 0 00:00:00  -  Total Local Usage
	16607  -  Run Bytes Sent By Job
	1275  -  Run Bytes Received By Job
	16607  -  Total Bytes Sent By Job
	1275  -  Total Bytes Received By Job
	Partitionable Resources :    Usage  Request Allocated 
	   Cpus                 :        0        1         1 
	   Disk (KB)            :       45  6144000   6146845 
	   GPUs                 :                           0 
	   Memory (MB)          :       12     3000      3000 
	   TimeExecute (s)      :       58                    
	   TimeSlotBusy (s)     :       60                    
...
