000 (6053216.000.000) 08/17 01:15:08 Job submitted from host: <188.185.133.2:9618?addrs=188.185.133.2-9618+[2001-1458-d03-2--100-208]-9618&alias=bigbird102.cern.ch&noUDP&sock=schedd_5723_1498>
    DAG Node: P_W15_IL_M1_A07_S4
...
040 (6053216.000.000) 08/17 01:17:43 Started transferring input files
	Transferring to host: <188.185.194.11:9618?addrs=188.185.194.11-9618+[2001-1458-303-21--100-7]-9618&alias=b9p20p9066.cern.ch&noUDP&sock=slot1_45_5943_218b_29834>
...
040 (6053216.000.000) 08/17 01:17:43 Finished transferring input files
...
001 (6053216.000.000) 08/17 01:17:44 Job executing on host: <188.185.194.11:9618?addrs=188.185.194.11-9618+[2001-1458-303-21--100-7]-9618&alias=b9p20p9066.cern.ch&noUDP&sock=startd_4862_818d>
	SlotName: slot1_45@b9p20p9066.cern.ch
	CondorScratchDir = "/pool/condor/dir_2914528"
	Cpus = 1
	Disk = 6146943
	GPUs = 0
	Memory = 3000
...
006 (6053216.000.000) 08/17 01:17:53 Image size of job updated: 60152
	59  -  MemoryUsage of job (MB)
	60152  -  ResidentSetSize of job (KB)
...
006 (6053216.000.000) 08/17 01:22:54 Image size of job updated: 139152
	136  -  MemoryUsage of job (MB)
	139152  -  ResidentSetSize of job (KB)
...
006 (6053216.000.000) 08/17 01:27:54 Image size of job updated: 150756
	148  -  MemoryUsage of job (MB)
	150756  -  ResidentSetSize of job (KB)
...
006 (6053216.000.000) 08/17 01:32:55 Image size of job updated: 162156
	159  -  MemoryUsage of job (MB)
	162156  -  ResidentSetSize of job (KB)
...
006 (6053216.000.000) 08/17 01:37:55 Image size of job updated: 173008
	169  -  MemoryUsage of job (MB)
	173008  -  ResidentSetSize of job (KB)
...
006 (6053216.000.000) 08/17 01:42:56 Image size of job updated: 195388
	191  -  MemoryUsage of job (MB)
	195388  -  ResidentSetSize of job (KB)
...
006 (6053216.000.000) 08/17 01:47:57 Image size of job updated: 206824
	202  -  MemoryUsage of job (MB)
	206824  -  ResidentSetSize of job (KB)
...
006 (6053216.000.000) 08/17 01:52:57 Image size of job updated: 218040
	213  -  MemoryUsage of job (MB)
	218040  -  ResidentSetSize of job (KB)
...
006 (6053216.000.000) 08/17 01:55:26 Image size of job updated: 220272
	213  -  MemoryUsage of job (MB)
	218040  -  ResidentSetSize of job (KB)
...
040 (6053216.000.000) 08/17 01:55:26 Started transferring output files
...
040 (6053216.000.000) 08/17 01:55:26 Finished transferring output files
...
005 (6053216.000.000) 08/17 01:55:27 Job terminated.
	(1) Normal termination (return value 0)
		Usr 0 00:37:08, Sys 0 00:00:07  -  Run Remote Usage
		Usr 0 00:00:00, Sys 0 00:00:00  -  Run Local Usage
		Usr 0 00:37:08, Sys 0 00:00:07  -  Total Remote Usage
		Usr 0 00:00:00, Sys 0 00:00:00  -  Total Local Usage
	17203  -  Run Bytes Sent By Job
	1275  -  Run Bytes Received By Job
	17203  -  Total Bytes Sent By Job
	1275  -  Total Bytes Received By Job
	Partitionable Resources :    Usage  Request Allocated 
	   Cpus                 :     0.99        1         1 
	   Disk (KB)            : 39670     6144000   6146943 
	   GPUs                 :                           0 
	   Memory (MB)          :   213        3000      3000 
	   TimeExecute (s)      :  2262                       
	   TimeSlotBusy (s)     :  2263                       
...
