000 (6053578.000.000) 08/17 01:24:44 Job submitted from host: <188.185.133.2:9618?addrs=188.185.133.2-9618+[2001-1458-d03-2--100-208]-9618&alias=bigbird102.cern.ch&noUDP&sock=schedd_5723_1498>
    DAG Node: C_W15_IH_M0_A00_S3_F0
...
040 (6053578.000.000) 08/17 01:24:45 Started transferring input files
	Transferring to host: <188.185.192.90:9618?addrs=188.185.192.90-9618+[2001-1458-303-1f--100-56]-9618&alias=b9p13p5359.cern.ch&noUDP&sock=slot1_15_6090_b4b1_33297>
...
040 (6053578.000.000) 08/17 01:24:45 Finished transferring input files
...
001 (6053578.000.000) 08/17 01:24:46 Job executing on host: <188.185.192.90:9618?addrs=188.185.192.90-9618+[2001-1458-303-1f--100-56]-9618&alias=b9p13p5359.cern.ch&noUDP&sock=startd_4548_20d1>
	SlotName: slot1_15@b9p13p5359.cern.ch
	CondorScratchDir = "/pool/condor/dir_3098926"
	Cpus = 1
	Disk = 6144958
	GPUs = 0
	Memory = 3000
...
006 (6053578.000.000) 08/17 01:24:55 Image size of job updated: 46168
	45  -  MemoryUsage of job (MB)
	45348  -  ResidentSetSize of job (KB)
...
006 (6053578.000.000) 08/17 01:29:55 Image size of job updated: 96336
	95  -  MemoryUsage of job (MB)
	96336  -  ResidentSetSize of job (KB)
...
006 (6053578.000.000) 08/17 01:34:55 Image size of job updated: 108424
	106  -  MemoryUsage of job (MB)
	108424  -  ResidentSetSize of job (KB)
...
006 (6053578.000.000) 08/17 01:39:56 Image size of job updated: 108428
	106  -  MemoryUsage of job (MB)
	108428  -  ResidentSetSize of job (KB)
...
006 (6053578.000.000) 08/17 01:44:56 Image size of job updated: 119268
	117  -  MemoryUsage of job (MB)
	119268  -  ResidentSetSize of job (KB)
...
006 (6053578.000.000) 08/17 01:48:02 Image size of job updated: 119276
	117  -  MemoryUsage of job (MB)
	119268  -  ResidentSetSize of job (KB)
...
040 (6053578.000.000) 08/17 01:48:02 Started transferring output files
...
040 (6053578.000.000) 08/17 01:48:02 Finished transferring output files
...
005 (6053578.000.000) 08/17 01:48:02 Job terminated.
	(1) Normal termination (return value 0)
		Usr 0 00:22:57, Sys 0 00:00:05  -  Run Remote Usage
		Usr 0 00:00:00, Sys 0 00:00:00  -  Run Local Usage
		Usr 0 00:22:57, Sys 0 00:00:05  -  Total Remote Usage
		Usr 0 00:00:00, Sys 0 00:00:00  -  Total Local Usage
	17363  -  Run Bytes Sent By Job
	1271  -  Run Bytes Received By Job
	17363  -  Total Bytes Sent By Job
	1271  -  Total Bytes Received By Job
	Partitionable Resources :    Usage  Request Allocated 
	   Cpus                 :     0.99        1         1 
	   Disk (KB)            : 39671     6144000   6144958 
	   GPUs                 :                           0 
	   Memory (MB)          :   117        3000      3000 
	   TimeExecute (s)      :  1396                       
	   TimeSlotBusy (s)     :  1397                       
...
