000 (6053327.000.000) 08/17 01:15:16 Job submitted from host: <188.185.133.2:9618?addrs=188.185.133.2-9618+[2001-1458-d03-2--100-208]-9618&alias=bigbird102.cern.ch&noUDP&sock=schedd_5723_1498>
    DAG Node: P_W15_HH_M0_A00_S3
...
040 (6053327.000.000) 08/17 01:18:21 Started transferring input files
	Transferring to host: <188.185.213.220:9618?addrs=188.185.213.220-9618+[2001-1458-303-1b--100-58]-9618&alias=b9p28p0349.cern.ch&noUDP&sock=slot1_21_5884_8f68_33780>
...
040 (6053327.000.000) 08/17 01:18:21 Finished transferring input files
...
001 (6053327.000.000) 08/17 01:18:22 Job executing on host: <188.185.213.220:9618?addrs=188.185.213.220-9618+[2001-1458-303-1b--100-58]-9618&alias=b9p28p0349.cern.ch&noUDP&sock=startd_5012_64c2>
	SlotName: slot1_21@b9p28p0349.cern.ch
	CondorScratchDir = "/pool/condor/dir_771800"
	Cpus = 1
	Disk = 6149836
	GPUs = 0
	Memory = 3000
...
006 (6053327.000.000) 08/17 01:18:31 Image size of job updated: 4312
	5  -  MemoryUsage of job (MB)
	4312  -  ResidentSetSize of job (KB)
...
006 (6053327.000.000) 08/17 01:19:00 Image size of job updated: 164452
	5  -  MemoryUsage of job (MB)
	4312  -  ResidentSetSize of job (KB)
...
040 (6053327.000.000) 08/17 01:19:00 Started transferring output files
...
040 (6053327.000.000) 08/17 01:19:00 Finished transferring output files
...
005 (6053327.000.000) 08/17 01:19:00 Job terminated.
	(1) Normal termination (return value 0)
		Usr 0 00:00:15, Sys 0 00:00:04  -  Run Remote Usage
		Usr 0 00:00:00, Sys 0 00:00:00  -  Run Local Usage
		Usr 0 00:00:15, Sys 0 00:00:04  -  Total Remote Usage
		Usr 0 00:00:00, Sys 0 00:00:00  -  Total Local Usage
	16811  -  Run Bytes Sent By Job
	1275  -  Run Bytes Received By Job
	16811  -  Total Bytes Sent By Job
	1275  -  Total Bytes Received By Job
	Partitionable Resources :    Usage  Request Allocated 
	   Cpus                 :        0        1         1 
	   Disk (KB)            :       46  6144000   6149836 
	   GPUs                 :                           0 
	   Memory (MB)          :        5     3000      3000 
	   TimeExecute (s)      :       38                    
	   TimeSlotBusy (s)     :       40                    
...
