000 (6053190.000.000) 08/17 01:15:08 Job submitted from host: <188.185.133.2:9618?addrs=188.185.133.2-9618+[2001-1458-d03-2--100-208]-9618&alias=bigbird102.cern.ch&noUDP&sock=schedd_5723_1498>
    DAG Node: P_W15_LH_M1_A07_S2
...
040 (6053190.000.000) 08/17 01:17:36 Started transferring input files
	Transferring to host: <188.185.192.32:9618?addrs=188.185.192.32-9618+[2001-1458-303-1f--100-1c]-9618&alias=b9p13p8414.cern.ch&noUDP&sock=slot1_21_9102_eeab_31910>
...
040 (6053190.000.000) 08/17 01:17:36 Finished transferring input files
...
001 (6053190.000.000) 08/17 01:17:37 Job executing on host: <188.185.192.32:9618?addrs=188.185.192.32-9618+[2001-1458-303-1f--100-1c]-9618&alias=b9p13p8414.cern.ch&noUDP&sock=startd_7873_cd37>
	SlotName: slot1_21@b9p13p8414.cern.ch
	CondorScratchDir = "/pool/condor/dir_2713811"
	Cpus = 1
	Disk = 6149401
	GPUs = 0
	Memory = 3000
...
006 (6053190.000.000) 08/17 01:17:46 Image size of job updated: 27588
	27  -  MemoryUsage of job (MB)
	27588  -  ResidentSetSize of job (KB)
...
006 (6053190.000.000) 08/17 01:22:47 Image size of job updated: 138956
	136  -  MemoryUsage of job (MB)
	138956  -  ResidentSetSize of job (KB)
...
006 (6053190.000.000) 08/17 01:27:47 Image size of job updated: 150560
	148  -  MemoryUsage of job (MB)
	150560  -  ResidentSetSize of job (KB)
...
006 (6053190.000.000) 08/17 01:32:48 Image size of job updated: 161960
	159  -  MemoryUsage of job (MB)
	161960  -  ResidentSetSize of job (KB)
...
006 (6053190.000.000) 08/17 01:37:49 Image size of job updated: 172812
	169  -  MemoryUsage of job (MB)
	172812  -  ResidentSetSize of job (KB)
...
006 (6053190.000.000) 08/17 01:42:49 Image size of job updated: 184260
	180  -  MemoryUsage of job (MB)
	184260  -  ResidentSetSize of job (KB)
...
006 (6053190.000.000) 08/17 01:47:50 Image size of job updated: 195196
	191  -  MemoryUsage of job (MB)
	195196  -  ResidentSetSize of job (KB)
...
006 (6053190.000.000) 08/17 01:52:50 Image size of job updated: 206628
	202  -  MemoryUsage of job (MB)
	206628  -  ResidentSetSize of job (KB)
...
006 (6053190.000.000) 08/17 01:57:51 Image size of job updated: 217848
	213  -  MemoryUsage of job (MB)
	217848  -  ResidentSetSize of job (KB)
...
006 (6053190.000.000) 08/17 02:01:52 Image size of job updated: 217852
	213  -  MemoryUsage of job (MB)
	217848  -  ResidentSetSize of job (KB)
...
040 (6053190.000.000) 08/17 02:01:52 Started transferring output files
...
040 (6053190.000.000) 08/17 02:01:53 Finished transferring output files
...
005 (6053190.000.000) 08/17 02:01:53 Job terminated.
	(1) Normal termination (return value 0)
		Usr 0 00:43:38, Sys 0 00:00:06  -  Run Remote Usage
		Usr 0 00:00:00, Sys 0 00:00:00  -  Run Local Usage
		Usr 0 00:43:38, Sys 0 00:00:06  -  Total Remote Usage
		Usr 0 00:00:00, Sys 0 00:00:00  -  Total Local Usage
	17206  -  Run Bytes Sent By Job
	1275  -  Run Bytes Received By Job
	17206  -  Total Bytes Sent By Job
	1275  -  Total Bytes Received By Job
	Partitionable Resources :    Usage  Request Allocated 
	   Cpus                 :     0.99        1         1 
	   Disk (KB)            : 39670     6144000   6149401 
	   GPUs                 :                           0 
	   Memory (MB)          :   213        3000      3000 
	   TimeExecute (s)      :  2655                       
	   TimeSlotBusy (s)     :  2657                       
...
