000 (6053238.000.000) 08/17 01:15:14 Job submitted from host: <188.185.133.2:9618?addrs=188.185.133.2-9618+[2001-1458-d03-2--100-208]-9618&alias=bigbird102.cern.ch&noUDP&sock=schedd_5723_1498>
    DAG Node: P_W15_II_M1_A07_S2
...
040 (6053238.000.000) 08/17 01:17:52 Started transferring input files
	Transferring to host: <128.142.248.188:9618?addrs=128.142.248.188-9618+[2001-1458-301-73--100-bb]-9618&alias=b9g23p4337.cern.ch&noUDP&sock=slot1_14_17738_c68a_23409>
...
040 (6053238.000.000) 08/17 01:17:52 Finished transferring input files
...
001 (6053238.000.000) 08/17 01:17:53 Job executing on host: <128.142.248.188:9618?addrs=128.142.248.188-9618+[2001-1458-301-73--100-bb]-9618&alias=b9g23p4337.cern.ch&noUDP&sock=startd_17680_9681>
	SlotName: slot1_14@b9g23p4337.cern.ch
	CondorScratchDir = "/pool/condor/dir_821907"
	Cpus = 1
	Disk = 6146532
	GPUs = 0
	Memory = 3000
...
006 (6053238.000.000) 08/17 01:18:02 Image size of job updated: 17720
	18  -  MemoryUsage of job (MB)
	17720  -  ResidentSetSize of job (KB)
...
006 (6053238.000.000) 08/17 01:23:03 Image size of job updated: 127312
	125  -  MemoryUsage of job (MB)
	127312  -  ResidentSetSize of job (KB)
...
006 (6053238.000.000) 08/17 01:28:03 Image size of job updated: 139024
	136  -  MemoryUsage of job (MB)
	139024  -  ResidentSetSize of job (KB)
...
006 (6053238.000.000) 08/17 01:33:04 Image size of job updated: 150624
	148  -  MemoryUsage of job (MB)
	150624  -  ResidentSetSize of job (KB)
...
006 (6053238.000.000) 08/17 01:38:04 Image size of job updated: 162024
	159  -  MemoryUsage of job (MB)
	162024  -  ResidentSetSize of job (KB)
...
006 (6053238.000.000) 08/17 01:43:04 Image size of job updated: 172876
	169  -  MemoryUsage of job (MB)
	172876  -  ResidentSetSize of job (KB)
...
006 (6053238.000.000) 08/17 01:48:05 Image size of job updated: 184324
	181  -  MemoryUsage of job (MB)
	184324  -  ResidentSetSize of job (KB)
...
006 (6053238.000.000) 08/17 01:53:05 Image size of job updated: 184332
	181  -  MemoryUsage of job (MB)
	184332  -  ResidentSetSize of job (KB)
...
006 (6053238.000.000) 08/17 01:58:06 Image size of job updated: 195260
	191  -  MemoryUsage of job (MB)
	195260  -  ResidentSetSize of job (KB)
...
006 (6053238.000.000) 08/17 02:03:07 Image size of job updated: 206692
	202  -  MemoryUsage of job (MB)
	206692  -  ResidentSetSize of job (KB)
...
006 (6053238.000.000) 08/17 02:08:07 Image size of job updated: 217912
	213  -  MemoryUsage of job (MB)
	217912  -  ResidentSetSize of job (KB)
...
006 (6053238.000.000) 08/17 02:13:08 Image size of job updated: 217916
	213  -  MemoryUsage of job (MB)
	217916  -  ResidentSetSize of job (KB)
...
006 (6053238.000.000) 08/17 02:13:32 Image size of job updated: 220140
	213  -  MemoryUsage of job (MB)
	217916  -  ResidentSetSize of job (KB)
...
040 (6053238.000.000) 08/17 02:13:32 Started transferring output files
...
040 (6053238.000.000) 08/17 02:13:32 Finished transferring output files
...
005 (6053238.000.000) 08/17 02:13:32 Job terminated.
	(1) Normal termination (return value 0)
		Usr 0 00:54:46, Sys 0 00:00:07  -  Run Remote Usage
		Usr 0 00:00:00, Sys 0 00:00:00  -  Run Local Usage
		Usr 0 00:54:46, Sys 0 00:00:07  -  Total Remote Usage
		Usr 0 00:00:00, Sys 0 00:00:00  -  Total Local Usage
	17205  -  Run Bytes Sent By Job
	1275  -  Run Bytes Received By Job
	17205  -  Total Bytes Sent By Job
	1275  -  Total Bytes Received By Job
	Partitionable Resources :    Usage  Request Allocated 
	   Cpus                 :     0.99        1         1 
	   Disk (KB)            : 39670     6144000   6146532 
	   GPUs                 :                           0 
	   Memory (MB)          :   213        3000      3000 
	   TimeExecute (s)      :  3339                       
	   TimeSlotBusy (s)     :  3341                       
...
