000 (6053615.000.000) 08/17 01:26:43 Job submitted from host: <188.185.133.2:9618?addrs=188.185.133.2-9618+[2001-1458-d03-2--100-208]-9618&alias=bigbird102.cern.ch&noUDP&sock=schedd_5723_1498>
    DAG Node: C_W15_IL_M0_A00_S2_F0
...
040 (6053615.000.000) 08/17 01:28:08 Started transferring input files
	Transferring to host: <188.185.196.74:9618?addrs=188.185.196.74-9618+[2001-1458-303-23--100-46]-9618&alias=b9p16p8333.cern.ch&noUDP&sock=slot1_19_594015_0df5_14336>
...
040 (6053615.000.000) 08/17 01:28:08 Finished transferring input files
...
001 (6053615.000.000) 08/17 01:28:10 Job executing on host: <188.185.196.74:9618?addrs=188.185.196.74-9618+[2001-1458-303-23--100-46]-9618&alias=b9p16p8333.cern.ch&noUDP&sock=startd_2599_46bb>
	SlotName: slot1_19@b9p16p8333.cern.ch
	CondorScratchDir = "/pool/condor/dir_540230"
	Cpus = 1
	Disk = 6146924
	GPUs = 0
	Memory = 3000
...
006 (6053615.000.000) 08/17 01:28:18 Image size of job updated: 43804
	43  -  MemoryUsage of job (MB)
	43804  -  ResidentSetSize of job (KB)
...
006 (6053615.000.000) 08/17 01:33:18 Image size of job updated: 92764
	91  -  MemoryUsage of job (MB)
	92764  -  ResidentSetSize of job (KB)
...
006 (6053615.000.000) 08/17 01:38:18 Image size of job updated: 104516
	103  -  MemoryUsage of job (MB)
	104516  -  ResidentSetSize of job (KB)
...
006 (6053615.000.000) 08/17 01:43:19 Image size of job updated: 115360
	113  -  MemoryUsage of job (MB)
	115360  -  ResidentSetSize of job (KB)
...
006 (6053615.000.000) 08/17 01:48:19 Image size of job updated: 115368
	113  -  MemoryUsage of job (MB)
	115368  -  ResidentSetSize of job (KB)
...
040 (6053615.000.000) 08/17 01:49:30 Started transferring output files
...
040 (6053615.000.000) 08/17 01:49:30 Finished transferring output files
...
005 (6053615.000.000) 08/17 01:49:31 Job terminated.
	(1) Normal termination (return value 0)
		Usr 0 00:20:58, Sys 0 00:00:07  -  Run Remote Usage
		Usr 0 00:00:00, Sys 0 00:00:00  -  Run Local Usage
		Usr 0 00:20:58, Sys 0 00:00:07  -  Total Remote Usage
		Usr 0 00:00:00, Sys 0 00:00:00  -  Total Local Usage
	17366  -  Run Bytes Sent By Job
	1271  -  Run Bytes Received By Job
	17366  -  Total Bytes Sent By Job
	1271  -  Total Bytes Received By Job
	Partitionable Resources :    Usage  Request Allocated 
	   Cpus                 :     0.99        1         1 
	   Disk (KB)            : 39671     6144000   6146924 
	   GPUs                 :                           0 
	   Memory (MB)          :   113        3000      3000 
	   TimeExecute (s)      :  1281                       
	   TimeSlotBusy (s)     :  1282                       
...
