000 (6053218.000.000) 08/17 01:15:08 Job submitted from host: <188.185.133.2:9618?addrs=188.185.133.2-9618+[2001-1458-d03-2--100-208]-9618&alias=bigbird102.cern.ch&noUDP&sock=schedd_5723_1498>
    DAG Node: P_W15_IL_M1_A07_S6
...
040 (6053218.000.000) 08/17 01:17:44 Started transferring input files
	Transferring to host: <128.142.248.80:9618?addrs=128.142.248.80-9618+[2001-1458-301-73--100-140]-9618&alias=b9g23p6060.cern.ch&noUDP&sock=slot1_7_9341_5455_24175>
...
040 (6053218.000.000) 08/17 01:17:44 Finished transferring input files
...
001 (6053218.000.000) 08/17 01:17:45 Job executing on host: <128.142.248.80:9618?addrs=128.142.248.80-9618+[2001-1458-301-73--100-140]-9618&alias=b9g23p6060.cern.ch&noUDP&sock=startd_8526_b48f>
	SlotName: slot1_7@b9g23p6060.cern.ch
	CondorScratchDir = "/pool/condor/dir_2236093"
	Cpus = 1
	Disk = 6146517
	GPUs = 0
	Memory = 3000
...
006 (6053218.000.000) 08/17 01:17:54 Image size of job updated: 18480
	19  -  MemoryUsage of job (MB)
	18480  -  ResidentSetSize of job (KB)
...
006 (6053218.000.000) 08/17 01:22:55 Image size of job updated: 138996
	136  -  MemoryUsage of job (MB)
	138996  -  ResidentSetSize of job (KB)
...
006 (6053218.000.000) 08/17 01:27:55 Image size of job updated: 150600
	148  -  MemoryUsage of job (MB)
	150600  -  ResidentSetSize of job (KB)
...
006 (6053218.000.000) 08/17 01:32:56 Image size of job updated: 162000
	159  -  MemoryUsage of job (MB)
	162000  -  ResidentSetSize of job (KB)
...
006 (6053218.000.000) 08/17 01:37:56 Image size of job updated: 172852
	169  -  MemoryUsage of job (MB)
	172852  -  ResidentSetSize of job (KB)
...
006 (6053218.000.000) 08/17 01:42:56 Image size of job updated: 184304
	180  -  MemoryUsage of job (MB)
	184304  -  ResidentSetSize of job (KB)
...
006 (6053218.000.000) 08/17 01:47:57 Image size of job updated: 195236
	191  -  MemoryUsage of job (MB)
	195236  -  ResidentSetSize of job (KB)
...
006 (6053218.000.000) 08/17 01:52:57 Image size of job updated: 206672
	202  -  MemoryUsage of job (MB)
	206672  -  ResidentSetSize of job (KB)
...
006 (6053218.000.000) 08/17 01:57:09 Image size of job updated: 217892
	202  -  MemoryUsage of job (MB)
	206672  -  ResidentSetSize of job (KB)
...
040 (6053218.000.000) 08/17 01:57:09 Started transferring output files
...
040 (6053218.000.000) 08/17 01:57:09 Finished transferring output files
...
005 (6053218.000.000) 08/17 01:57:10 Job terminated.
	(1) Normal termination (return value 0)
		Usr 0 00:38:45, Sys 0 00:00:06  -  Run Remote Usage
		Usr 0 00:00:00, Sys 0 00:00:00  -  Run Local Usage
		Usr 0 00:38:45, Sys 0 00:00:06  -  Total Remote Usage
		Usr 0 00:00:00, Sys 0 00:00:00  -  Total Local Usage
	17203  -  Run Bytes Sent By Job
	1275  -  Run Bytes Received By Job
	17203  -  Total Bytes Sent By Job
	1275  -  Total Bytes Received By Job
	Partitionable Resources :    Usage  Request Allocated 
	   Cpus                 :     0.99        1         1 
	   Disk (KB)            : 39670     6144000   6146517 
	   GPUs                 :                           0 
	   Memory (MB)          :   202        3000      3000 
	   TimeExecute (s)      :  2364                       
	   TimeSlotBusy (s)     :  2365                       
...
