000 (6053200.000.000) 08/17 01:15:08 Job submitted from host: <188.185.133.2:9618?addrs=188.185.133.2-9618+[2001-1458-d03-2--100-208]-9618&alias=bigbird102.cern.ch&noUDP&sock=schedd_5723_1498>
    DAG Node: P_W15_LH_M2_A10_S4
...
040 (6053200.000.000) 08/17 01:17:40 Started transferring input files
	Transferring to host: <188.185.215.149:9618?addrs=188.185.215.149-9618+[2001-1458-303-26--100-11]-9618&alias=b9p18p4489.cern.ch&noUDP&sock=slot1_16_3377_26e2_32082>
...
040 (6053200.000.000) 08/17 01:17:40 Finished transferring input files
...
001 (6053200.000.000) 08/17 01:17:41 Job executing on host: <188.185.215.149:9618?addrs=188.185.215.149-9618+[2001-1458-303-26--100-11]-9618&alias=b9p18p4489.cern.ch&noUDP&sock=startd_2595_885a>
	SlotName: slot1_16@b9p18p4489.cern.ch
	CondorScratchDir = "/pool/condor/dir_3602953"
	Cpus = 1
	Disk = 6146803
	GPUs = 0
	Memory = 3000
...
006 (6053200.000.000) 08/17 01:17:49 Image size of job updated: 18628
	19  -  MemoryUsage of job (MB)
	18628  -  ResidentSetSize of job (KB)
...
006 (6053200.000.000) 08/17 01:21:13 Image size of job updated: 115792
	19  -  MemoryUsage of job (MB)
	18628  -  ResidentSetSize of job (KB)
...
040 (6053200.000.000) 08/17 01:21:13 Started transferring output files
...
040 (6053200.000.000) 08/17 01:21:13 Finished transferring output files
...
005 (6053200.000.000) 08/17 01:21:13 Job terminated.
	(1) Normal termination (return value 0)
		Usr 0 00:03:10, Sys 0 00:00:04  -  Run Remote Usage
		Usr 0 00:00:00, Sys 0 00:00:00  -  Run Local Usage
		Usr 0 00:03:10, Sys 0 00:00:04  -  Total Remote Usage
		Usr 0 00:00:00, Sys 0 00:00:00  -  Total Local Usage
	16607  -  Run Bytes Sent By Job
	1275  -  Run Bytes Received By Job
	16607  -  Total Bytes Sent By Job
	1275  -  Total Bytes Received By Job
	Partitionable Resources :    Usage  Request Allocated 
	   Cpus                 :        0        1         1 
	   Disk (KB)            :     8378  6144000   6146803 
	   GPUs                 :                           0 
	   Memory (MB)          :       19     3000      3000 
	   TimeExecute (s)      :      212                    
	   TimeSlotBusy (s)     :      214                    
...
