000 (6053141.000.000) 08/17 01:15:07 Job submitted from host: <188.185.133.2:9618?addrs=188.185.133.2-9618+[2001-1458-d03-2--100-208]-9618&alias=bigbird102.cern.ch&noUDP&sock=schedd_5723_1498>
    DAG Node: P_W15_LL_M1_A07_S1
...
040 (6053141.000.000) 08/17 01:17:19 Started transferring input files
	Transferring to host: <128.142.33.57:9618?addrs=128.142.33.57-9618+[2001-1458-301-53--100-36]-9618&alias=b9g34p9084.cern.ch&noUDP&sock=slot1_26_7793_9f96_28467>
...
040 (6053141.000.000) 08/17 01:17:19 Finished transferring input files
...
001 (6053141.000.000) 08/17 01:17:20 Job executing on host: <128.142.33.57:9618?addrs=128.142.33.57-9618+[2001-1458-301-53--100-36]-9618&alias=b9g34p9084.cern.ch&noUDP&sock=startd_6748_252b>
	SlotName: slot1_26@b9g34p9084.cern.ch
	CondorScratchDir = "/pool/condor/dir_1473790"
	Cpus = 1
	Disk = 6146775
	GPUs = 0
	Memory = 3000
...
006 (6053141.000.000) 08/17 01:17:29 Image size of job updated: 59776
	59  -  MemoryUsage of job (MB)
	59776  -  ResidentSetSize of job (KB)
...
006 (6053141.000.000) 08/17 01:22:30 Image size of job updated: 138776
	136  -  MemoryUsage of job (MB)
	138776  -  ResidentSetSize of job (KB)
...
006 (6053141.000.000) 08/17 01:27:30 Image size of job updated: 150380
	147  -  MemoryUsage of job (MB)
	150380  -  ResidentSetSize of job (KB)
...
006 (6053141.000.000) 08/17 01:32:31 Image size of job updated: 172632
	169  -  MemoryUsage of job (MB)
	172632  -  ResidentSetSize of job (KB)
...
006 (6053141.000.000) 08/17 01:37:32 Image size of job updated: 184080
	180  -  MemoryUsage of job (MB)
	184080  -  ResidentSetSize of job (KB)
...
006 (6053141.000.000) 08/17 01:42:32 Image size of job updated: 195016
	191  -  MemoryUsage of job (MB)
	195016  -  ResidentSetSize of job (KB)
...
006 (6053141.000.000) 08/17 01:47:33 Image size of job updated: 206448
	202  -  MemoryUsage of job (MB)
	206448  -  ResidentSetSize of job (KB)
...
006 (6053141.000.000) 08/17 01:52:07 Image size of job updated: 219896
	202  -  MemoryUsage of job (MB)
	206448  -  ResidentSetSize of job (KB)
...
040 (6053141.000.000) 08/17 01:52:07 Started transferring output files
...
040 (6053141.000.000) 08/17 01:52:07 Finished transferring output files
...
005 (6053141.000.000) 08/17 01:52:07 Job terminated.
	(1) Normal termination (return value 0)
		Usr 0 00:34:27, Sys 0 00:00:05  -  Run Remote Usage
		Usr 0 00:00:00, Sys 0 00:00:00  -  Run Local Usage
		Usr 0 00:34:27, Sys 0 00:00:05  -  Total Remote Usage
		Usr 0 00:00:00, Sys 0 00:00:00  -  Total Local Usage
	17206  -  Run Bytes Sent By Job
	1275  -  Run Bytes Received By Job
	17206  -  Total Bytes Sent By Job
	1275  -  Total Bytes Received By Job
	Partitionable Resources :    Usage  Request Allocated 
	   Cpus                 :     0.99        1         1 
	   Disk (KB)            : 39633     6144000   6146775 
	   GPUs                 :                           0 
	   Memory (MB)          :   202        3000      3000 
	   TimeExecute (s)      :  2087                       
	   TimeSlotBusy (s)     :  2088                       
...
