000 (6053335.000.000) 08/17 01:15:26 Job submitted from host: <188.185.133.2:9618?addrs=188.185.133.2-9618+[2001-1458-d03-2--100-208]-9618&alias=bigbird102.cern.ch&noUDP&sock=schedd_5723_1498>
    DAG Node: P_W15_HH_M1_A07_S3
...
040 (6053335.000.000) 08/17 01:18:24 Started transferring input files
	Transferring to host: <188.185.211.94:9618?addrs=188.185.211.94-9618+[2001-1458-303-16--100-5a]-9618&alias=b9p23p1890.cern.ch&noUDP&sock=slot1_35_3769_59f2_34914>
...
040 (6053335.000.000) 08/17 01:18:24 Finished transferring input files
...
001 (6053335.000.000) 08/17 01:18:25 Job executing on host: <188.185.211.94:9618?addrs=188.185.211.94-9618+[2001-1458-303-16--100-5a]-9618&alias=b9p23p1890.cern.ch&noUDP&sock=startd_3722_8f96>
	SlotName: slot1_35@b9p23p1890.cern.ch
	CondorScratchDir = "/pool/condor/dir_3032680"
	Cpus = 1
	Disk = 6146831
	GPUs = 0
	Memory = 3000
...
006 (6053335.000.000) 08/17 01:18:34 Image size of job updated: 14244
	14  -  MemoryUsage of job (MB)
	14244  -  ResidentSetSize of job (KB)
...
006 (6053335.000.000) 08/17 01:19:29 Image size of job updated: 218056
	14  -  MemoryUsage of job (MB)
	14244  -  ResidentSetSize of job (KB)
...
040 (6053335.000.000) 08/17 01:19:29 Started transferring output files
...
040 (6053335.000.000) 08/17 01:19:29 Finished transferring output files
...
005 (6053335.000.000) 08/17 01:19:29 Job terminated.
	(1) Normal termination (return value 0)
		Usr 0 00:00:36, Sys 0 00:00:04  -  Run Remote Usage
		Usr 0 00:00:00, Sys 0 00:00:00  -  Run Local Usage
		Usr 0 00:00:36, Sys 0 00:00:04  -  Total Remote Usage
		Usr 0 00:00:00, Sys 0 00:00:00  -  Total Local Usage
	17144  -  Run Bytes Sent By Job
	1275  -  Run Bytes Received By Job
	17144  -  Total Bytes Sent By Job
	1275  -  Total Bytes Received By Job
	Partitionable Resources :    Usage  Request Allocated 
	   Cpus                 :        0        1         1 
	   Disk (KB)            :       46  6144000   6146831 
	   GPUs                 :                           0 
	   Memory (MB)          :       14     3000      3000 
	   TimeExecute (s)      :       64                    
	   TimeSlotBusy (s)     :       66                    
...
