000 (6053167.000.000) 08/17 01:15:07 Job submitted from host: <188.185.133.2:9618?addrs=188.185.133.2-9618+[2001-1458-d03-2--100-208]-9618&alias=bigbird102.cern.ch&noUDP&sock=schedd_5723_1498>
    DAG Node: P_W15_LI_M1_A07_S3
...
040 (6053167.000.000) 08/17 01:17:27 Started transferring input files
	Transferring to host: <188.185.192.39:9618?addrs=188.185.192.39-9618+[2001-1458-303-1f--100-23]-9618&alias=b9p13p8738.cern.ch&noUDP&sock=slot1_25_10898_6074_30855>
...
040 (6053167.000.000) 08/17 01:17:27 Finished transferring input files
...
001 (6053167.000.000) 08/17 01:17:28 Job executing on host: <188.185.192.39:9618?addrs=188.185.192.39-9618+[2001-1458-303-1f--100-23]-9618&alias=b9p13p8738.cern.ch&noUDP&sock=startd_9202_6295>
	SlotName: slot1_25@b9p13p8738.cern.ch
	CondorScratchDir = "/pool/condor/dir_1466401"
	Cpus = 1
	Disk = 6146821
	GPUs = 0
	Memory = 3000
...
006 (6053167.000.000) 08/17 01:17:37 Image size of job updated: 59912
	59  -  MemoryUsage of job (MB)
	59912  -  ResidentSetSize of job (KB)
...
006 (6053167.000.000) 08/17 01:22:38 Image size of job updated: 138996
	136  -  MemoryUsage of job (MB)
	138996  -  ResidentSetSize of job (KB)
...
006 (6053167.000.000) 08/17 01:27:38 Image size of job updated: 150604
	148  -  MemoryUsage of job (MB)
	150604  -  ResidentSetSize of job (KB)
...
006 (6053167.000.000) 08/17 01:32:38 Image size of job updated: 172848
	169  -  MemoryUsage of job (MB)
	172848  -  ResidentSetSize of job (KB)
...
006 (6053167.000.000) 08/17 01:37:39 Image size of job updated: 184296
	180  -  MemoryUsage of job (MB)
	184296  -  ResidentSetSize of job (KB)
...
006 (6053167.000.000) 08/17 01:42:39 Image size of job updated: 206664
	202  -  MemoryUsage of job (MB)
	206664  -  ResidentSetSize of job (KB)
...
006 (6053167.000.000) 08/17 01:47:40 Image size of job updated: 217888
	202  -  MemoryUsage of job (MB)
	206664  -  ResidentSetSize of job (KB)
...
040 (6053167.000.000) 08/17 01:47:40 Started transferring output files
...
040 (6053167.000.000) 08/17 01:47:40 Finished transferring output files
...
005 (6053167.000.000) 08/17 01:47:40 Job terminated.
	(1) Normal termination (return value 0)
		Usr 0 00:29:52, Sys 0 00:00:05  -  Run Remote Usage
		Usr 0 00:00:00, Sys 0 00:00:00  -  Run Local Usage
		Usr 0 00:29:52, Sys 0 00:00:05  -  Total Remote Usage
		Usr 0 00:00:00, Sys 0 00:00:00  -  Total Local Usage
	17204  -  Run Bytes Sent By Job
	1275  -  Run Bytes Received By Job
	17204  -  Total Bytes Sent By Job
	1275  -  Total Bytes Received By Job
	Partitionable Resources :    Usage  Request Allocated 
	   Cpus                 :     1.00        1         1 
	   Disk (KB)            : 39670     6144000   6146821 
	   GPUs                 :                           0 
	   Memory (MB)          :   202        3000      3000 
	   TimeExecute (s)      :  1812                       
	   TimeSlotBusy (s)     :  1813                       
...
