000 (6053229.000.000) 08/17 01:15:08 Job submitted from host: <188.185.133.2:9618?addrs=188.185.133.2-9618+[2001-1458-d03-2--100-208]-9618&alias=bigbird102.cern.ch&noUDP&sock=schedd_5723_1498>
    DAG Node: P_W15_II_M0_A00_S1
...
040 (6053229.000.000) 08/17 01:17:48 Started transferring input files
	Transferring to host: <188.185.215.147:9618?addrs=188.185.215.147-9618+[2001-1458-303-26--100-f]-9618&alias=b9p18p6296.cern.ch&noUDP&sock=slot1_20_7826_dff7_23669>
...
040 (6053229.000.000) 08/17 01:17:48 Finished transferring input files
...
001 (6053229.000.000) 08/17 01:17:49 Job executing on host: <188.185.215.147:9618?addrs=188.185.215.147-9618+[2001-1458-303-26--100-f]-9618&alias=b9p18p6296.cern.ch&noUDP&sock=startd_6943_e623>
	SlotName: slot1_20@b9p18p6296.cern.ch
	CondorScratchDir = "/pool/condor/dir_3969835"
	Cpus = 1
	Disk = 6146761
	GPUs = 0
	Memory = 3000
...
006 (6053229.000.000) 08/17 01:17:58 Image size of job updated: 26060
	26  -  MemoryUsage of job (MB)
	26060  -  ResidentSetSize of job (KB)
...
006 (6053229.000.000) 08/17 01:22:59 Image size of job updated: 141208
	138  -  MemoryUsage of job (MB)
	141208  -  ResidentSetSize of job (KB)
...
006 (6053229.000.000) 08/17 01:27:59 Image size of job updated: 164208
	161  -  MemoryUsage of job (MB)
	164208  -  ResidentSetSize of job (KB)
...
006 (6053229.000.000) 08/17 01:29:37 Image size of job updated: 164212
	161  -  MemoryUsage of job (MB)
	164208  -  ResidentSetSize of job (KB)
...
040 (6053229.000.000) 08/17 01:29:37 Started transferring output files
...
040 (6053229.000.000) 08/17 01:29:37 Finished transferring output files
...
005 (6053229.000.000) 08/17 01:29:38 Job terminated.
	(1) Normal termination (return value 0)
		Usr 0 00:11:22, Sys 0 00:00:04  -  Run Remote Usage
		Usr 0 00:00:00, Sys 0 00:00:00  -  Run Local Usage
		Usr 0 00:11:22, Sys 0 00:00:04  -  Total Remote Usage
		Usr 0 00:00:00, Sys 0 00:00:00  -  Total Local Usage
	16874  -  Run Bytes Sent By Job
	1275  -  Run Bytes Received By Job
	16874  -  Total Bytes Sent By Job
	1275  -  Total Bytes Received By Job
	Partitionable Resources :    Usage  Request Allocated 
	   Cpus                 :     0.99        1         1 
	   Disk (KB)            : 39668     6144000   6146761 
	   GPUs                 :                           0 
	   Memory (MB)          :   161        3000      3000 
	   TimeExecute (s)      :   708                       
	   TimeSlotBusy (s)     :   709                       
...
