000 (6053647.000.000) 08/17 01:28:42 Job submitted from host: <188.185.133.2:9618?addrs=188.185.133.2-9618+[2001-1458-d03-2--100-208]-9618&alias=bigbird102.cern.ch&noUDP&sock=schedd_5723_1498>
    DAG Node: C_W15_II_M0_A00_S2_F0
...
040 (6053647.000.000) 08/17 01:29:47 Started transferring input files
	Transferring to host: <188.185.195.82:9618?addrs=188.185.195.82-9618+[2001-1458-303-22--100-4e]-9618&alias=b9p17p8232.cern.ch&noUDP&sock=slot1_13_3521_9ce8_31166>
...
040 (6053647.000.000) 08/17 01:29:47 Finished transferring input files
...
001 (6053647.000.000) 08/17 01:29:48 Job executing on host: <188.185.195.82:9618?addrs=188.185.195.82-9618+[2001-1458-303-22--100-4e]-9618&alias=b9p17p8232.cern.ch&noUDP&sock=startd_2837_8645>
	SlotName: slot1_13@b9p17p8232.cern.ch
	CondorScratchDir = "/pool/condor/dir_1258879"
	Cpus = 1
	Disk = 6146801
	GPUs = 0
	Memory = 3000
...
006 (6053647.000.000) 08/17 01:29:56 Image size of job updated: 60124
	59  -  MemoryUsage of job (MB)
	60124  -  ResidentSetSize of job (KB)
...
006 (6053647.000.000) 08/17 01:34:56 Image size of job updated: 96016
	94  -  MemoryUsage of job (MB)
	96016  -  ResidentSetSize of job (KB)
...
006 (6053647.000.000) 08/17 01:39:57 Image size of job updated: 108108
	106  -  MemoryUsage of job (MB)
	108108  -  ResidentSetSize of job (KB)
...
006 (6053647.000.000) 08/17 01:44:57 Image size of job updated: 108116
	106  -  MemoryUsage of job (MB)
	108116  -  ResidentSetSize of job (KB)
...
006 (6053647.000.000) 08/17 01:49:58 Image size of job updated: 118952
	117  -  MemoryUsage of job (MB)
	118952  -  ResidentSetSize of job (KB)
...
006 (6053647.000.000) 08/17 01:52:47 Image size of job updated: 118960
	117  -  MemoryUsage of job (MB)
	118952  -  ResidentSetSize of job (KB)
...
040 (6053647.000.000) 08/17 01:52:47 Started transferring output files
...
040 (6053647.000.000) 08/17 01:52:47 Finished transferring output files
...
005 (6053647.000.000) 08/17 01:52:47 Job terminated.
	(1) Normal termination (return value 0)
		Usr 0 00:22:43, Sys 0 00:00:04  -  Run Remote Usage
		Usr 0 00:00:00, Sys 0 00:00:00  -  Run Local Usage
		Usr 0 00:22:43, Sys 0 00:00:04  -  Total Remote Usage
		Usr 0 00:00:00, Sys 0 00:00:00  -  Total Local Usage
	17367  -  Run Bytes Sent By Job
	1271  -  Run Bytes Received By Job
	17367  -  Total Bytes Sent By Job
	1271  -  Total Bytes Received By Job
	Partitionable Resources :    Usage  Request Allocated 
	   Cpus                 :     0.99        1         1 
	   Disk (KB)            : 39671     6144000   6146801 
	   GPUs                 :                           0 
	   Memory (MB)          :   117        3000      3000 
	   TimeExecute (s)      :  1379                       
	   TimeSlotBusy (s)     :  1380                       
...
