000 (6053634.000.000) 08/17 01:28:00 Job submitted from host: <188.185.133.2:9618?addrs=188.185.133.2-9618+[2001-1458-d03-2--100-208]-9618&alias=bigbird102.cern.ch&noUDP&sock=schedd_5723_1498>
    DAG Node: C_W15_HL_M0_A00_S1_F0
...
040 (6053634.000.000) 08/17 01:29:51 Started transferring input files
	Transferring to host: <128.142.162.92:9618?addrs=128.142.162.92-9618+[2001-1458-301-7d--100-15]-9618&alias=b9g42p2017.cern.ch&noUDP&sock=slot1_11_3625_e3ec_22582>
...
040 (6053634.000.000) 08/17 01:29:51 Finished transferring input files
...
001 (6053634.000.000) 08/17 01:29:52 Job executing on host: <128.142.162.92:9618?addrs=128.142.162.92-9618+[2001-1458-301-7d--100-15]-9618&alias=b9g42p2017.cern.ch&noUDP&sock=startd_2776_aefe>
	SlotName: slot1_11@b9g42p2017.cern.ch
	CondorScratchDir = "/pool/condor/dir_707570"
	Cpus = 1
	Disk = 6146762
	GPUs = 0
	Memory = 3000
...
006 (6053634.000.000) 08/17 01:30:00 Image size of job updated: 32460
	32  -  MemoryUsage of job (MB)
	32460  -  ResidentSetSize of job (KB)
...
006 (6053634.000.000) 08/17 01:35:00 Image size of job updated: 94960
	93  -  MemoryUsage of job (MB)
	94960  -  ResidentSetSize of job (KB)
...
006 (6053634.000.000) 08/17 01:40:01 Image size of job updated: 106884
	105  -  MemoryUsage of job (MB)
	106884  -  ResidentSetSize of job (KB)
...
006 (6053634.000.000) 08/17 01:45:01 Image size of job updated: 117728
	115  -  MemoryUsage of job (MB)
	117728  -  ResidentSetSize of job (KB)
...
006 (6053634.000.000) 08/17 01:50:02 Image size of job updated: 117732
	115  -  MemoryUsage of job (MB)
	117732  -  ResidentSetSize of job (KB)
...
006 (6053634.000.000) 08/17 01:50:58 Image size of job updated: 117736
	115  -  MemoryUsage of job (MB)
	117732  -  ResidentSetSize of job (KB)
...
040 (6053634.000.000) 08/17 01:50:58 Started transferring output files
...
040 (6053634.000.000) 08/17 01:50:58 Finished transferring output files
...
005 (6053634.000.000) 08/17 01:50:58 Job terminated.
	(1) Normal termination (return value 0)
		Usr 0 00:20:47, Sys 0 00:00:04  -  Run Remote Usage
		Usr 0 00:00:00, Sys 0 00:00:00  -  Run Local Usage
		Usr 0 00:20:47, Sys 0 00:00:04  -  Total Remote Usage
		Usr 0 00:00:00, Sys 0 00:00:00  -  Total Local Usage
	17365  -  Run Bytes Sent By Job
	1271  -  Run Bytes Received By Job
	17365  -  Total Bytes Sent By Job
	1271  -  Total Bytes Received By Job
	Partitionable Resources :    Usage  Request Allocated 
	   Cpus                 :     1.00        1         1 
	   Disk (KB)            : 39631     6144000   6146762 
	   GPUs                 :                           0 
	   Memory (MB)          :   115        3000      3000 
	   TimeExecute (s)      :  1266                       
	   TimeSlotBusy (s)     :  1268                       
...
