000 (6053143.000.000) 08/17 01:15:07 Job submitted from host: <188.185.133.2:9618?addrs=188.185.133.2-9618+[2001-1458-d03-2--100-208]-9618&alias=bigbird102.cern.ch&noUDP&sock=schedd_5723_1498>
    DAG Node: P_W15_LL_M1_A07_S3
...
040 (6053143.000.000) 08/17 01:17:21 Started transferring input files
	Transferring to host: <128.142.161.82:9618?addrs=128.142.161.82-9618+[2001-1458-301-b8--100-10]-9618&alias=b9g03p3548.cern.ch&noUDP&sock=slot1_33_79517_ab7b_17008>
...
040 (6053143.000.000) 08/17 01:17:21 Finished transferring input files
...
001 (6053143.000.000) 08/17 01:17:22 Job executing on host: <128.142.161.82:9618?addrs=128.142.161.82-9618+[2001-1458-301-b8--100-10]-9618&alias=b9g03p3548.cern.ch&noUDP&sock=startd_79453_ba54>
	SlotName: slot1_33@b9g03p3548.cern.ch
	CondorScratchDir = "/pool/condor/dir_2663965"
	Cpus = 1
	Disk = 6146753
	GPUs = 0
	Memory = 3000
...
006 (6053143.000.000) 08/17 01:17:31 Image size of job updated: 42408
	42  -  MemoryUsage of job (MB)
	42408  -  ResidentSetSize of job (KB)
...
006 (6053143.000.000) 08/17 01:22:32 Image size of job updated: 139108
	136  -  MemoryUsage of job (MB)
	139108  -  ResidentSetSize of job (KB)
...
006 (6053143.000.000) 08/17 01:27:32 Image size of job updated: 150712
	148  -  MemoryUsage of job (MB)
	150712  -  ResidentSetSize of job (KB)
...
006 (6053143.000.000) 08/17 01:32:32 Image size of job updated: 172964
	169  -  MemoryUsage of job (MB)
	172964  -  ResidentSetSize of job (KB)
...
006 (6053143.000.000) 08/17 01:37:33 Image size of job updated: 184412
	181  -  MemoryUsage of job (MB)
	184412  -  ResidentSetSize of job (KB)
...
006 (6053143.000.000) 08/17 01:42:33 Image size of job updated: 206776
	202  -  MemoryUsage of job (MB)
	206776  -  ResidentSetSize of job (KB)
...
006 (6053143.000.000) 08/17 01:47:34 Image size of job updated: 218000
	213  -  MemoryUsage of job (MB)
	218000  -  ResidentSetSize of job (KB)
...
006 (6053143.000.000) 08/17 01:47:57 Image size of job updated: 220228
	213  -  MemoryUsage of job (MB)
	218000  -  ResidentSetSize of job (KB)
...
040 (6053143.000.000) 08/17 01:47:57 Started transferring output files
...
040 (6053143.000.000) 08/17 01:47:57 Finished transferring output files
...
005 (6053143.000.000) 08/17 01:47:58 Job terminated.
	(1) Normal termination (return value 0)
		Usr 0 00:30:09, Sys 0 00:00:05  -  Run Remote Usage
		Usr 0 00:00:00, Sys 0 00:00:00  -  Run Local Usage
		Usr 0 00:30:09, Sys 0 00:00:05  -  Total Remote Usage
		Usr 0 00:00:00, Sys 0 00:00:00  -  Total Local Usage
	17204  -  Run Bytes Sent By Job
	1275  -  Run Bytes Received By Job
	17204  -  Total Bytes Sent By Job
	1275  -  Total Bytes Received By Job
	Partitionable Resources :    Usage  Request Allocated 
	   Cpus                 :     0.99        1         1 
	   Disk (KB)            : 39670     6144000   6146753 
	   GPUs                 :                           0 
	   Memory (MB)          :   213        3000      3000 
	   TimeExecute (s)      :  1835                       
	   TimeSlotBusy (s)     :  1837                       
...
