000 (6053267.000.000) 08/17 01:15:14 Job submitted from host: <188.185.133.2:9618?addrs=188.185.133.2-9618+[2001-1458-d03-2--100-208]-9618&alias=bigbird102.cern.ch&noUDP&sock=schedd_5723_1498>
    DAG Node: P_W15_IH_M1_A07_S7
...
040 (6053267.000.000) 08/17 01:18:01 Started transferring input files
	Transferring to host: <188.185.196.140:9618?addrs=188.185.196.140-9618+[2001-1458-303-23--100-88]-9618&alias=b9p16p1181.cern.ch&noUDP&sock=slot1_32_3389_9b63_33380>
...
040 (6053267.000.000) 08/17 01:18:01 Finished transferring input files
...
001 (6053267.000.000) 08/17 01:18:02 Job executing on host: <188.185.196.140:9618?addrs=188.185.196.140-9618+[2001-1458-303-23--100-88]-9618&alias=b9p16p1181.cern.ch&noUDP&sock=startd_2713_7887>
	SlotName: slot1_32@b9p16p1181.cern.ch
	CondorScratchDir = "/pool/condor/dir_1638673"
	Cpus = 1
	Disk = 6146737
	GPUs = 0
	Memory = 3000
...
006 (6053267.000.000) 08/17 01:18:11 Image size of job updated: 12044
	12  -  MemoryUsage of job (MB)
	12044  -  ResidentSetSize of job (KB)
...
006 (6053267.000.000) 08/17 01:23:12 Image size of job updated: 152784
	150  -  MemoryUsage of job (MB)
	152784  -  ResidentSetSize of job (KB)
...
006 (6053267.000.000) 08/17 01:28:12 Image size of job updated: 164184
	161  -  MemoryUsage of job (MB)
	164184  -  ResidentSetSize of job (KB)
...
006 (6053267.000.000) 08/17 01:33:13 Image size of job updated: 175036
	171  -  MemoryUsage of job (MB)
	175036  -  ResidentSetSize of job (KB)
...
006 (6053267.000.000) 08/17 01:38:14 Image size of job updated: 197416
	193  -  MemoryUsage of job (MB)
	197416  -  ResidentSetSize of job (KB)
...
006 (6053267.000.000) 08/17 01:43:14 Image size of job updated: 208852
	204  -  MemoryUsage of job (MB)
	208852  -  ResidentSetSize of job (KB)
...
006 (6053267.000.000) 08/17 01:47:50 Image size of job updated: 220076
	204  -  MemoryUsage of job (MB)
	208852  -  ResidentSetSize of job (KB)
...
040 (6053267.000.000) 08/17 01:47:50 Started transferring output files
...
040 (6053267.000.000) 08/17 01:47:50 Finished transferring output files
...
005 (6053267.000.000) 08/17 01:47:50 Job terminated.
	(1) Normal termination (return value 0)
		Usr 0 00:29:05, Sys 0 00:00:06  -  Run Remote Usage
		Usr 0 00:00:00, Sys 0 00:00:00  -  Run Local Usage
		Usr 0 00:29:05, Sys 0 00:00:06  -  Total Remote Usage
		Usr 0 00:00:00, Sys 0 00:00:00  -  Total Local Usage
	17207  -  Run Bytes Sent By Job
	1275  -  Run Bytes Received By Job
	17207  -  Total Bytes Sent By Job
	1275  -  Total Bytes Received By Job
	Partitionable Resources :    Usage  Request Allocated 
	   Cpus                 :     0.99        1         1 
	   Disk (KB)            : 39670     6144000   6146737 
	   GPUs                 :                           0 
	   Memory (MB)          :   204        3000      3000 
	   TimeExecute (s)      :  1788                       
	   TimeSlotBusy (s)     :  1790                       
...
