000 (6053382.000.000) 08/17 01:19:42 Job submitted from host: <188.185.133.2:9618?addrs=188.185.133.2-9618+[2001-1458-d03-2--100-208]-9618&alias=bigbird102.cern.ch&noUDP&sock=schedd_5723_1498>
    DAG Node: C_W15_II_M2_A10_S7_F2
...
040 (6053382.000.000) 08/17 01:19:44 Started transferring input files
	Transferring to host: <188.185.192.131:9618?addrs=188.185.192.131-9618+[2001-1458-303-1f--100-7f]-9618&alias=b9p13p9186.cern.ch&noUDP&sock=slot1_28_4508_0b30_32304>
...
040 (6053382.000.000) 08/17 01:19:44 Finished transferring input files
...
001 (6053382.000.000) 08/17 01:19:45 Job executing on host: <188.185.192.131:9618?addrs=188.185.192.131-9618+[2001-1458-303-1f--100-7f]-9618&alias=b9p13p9186.cern.ch&noUDP&sock=startd_3448_9ea3>
	SlotName: slot1_28@b9p13p9186.cern.ch
	CondorScratchDir = "/pool/condor/dir_1654556"
	Cpus = 1
	Disk = 6146816
	GPUs = 0
	Memory = 3000
...
006 (6053382.000.000) 08/17 01:19:54 Image size of job updated: 40256
	37  -  MemoryUsage of job (MB)
	37384  -  ResidentSetSize of job (KB)
...
006 (6053382.000.000) 08/17 01:24:55 Image size of job updated: 91960
	90  -  MemoryUsage of job (MB)
	91960  -  ResidentSetSize of job (KB)
...
006 (6053382.000.000) 08/17 01:54:58 Image size of job updated: 92128
	90  -  MemoryUsage of job (MB)
	92128  -  ResidentSetSize of job (KB)
...
006 (6053382.000.000) 08/17 01:59:58 Image size of job updated: 92296
	91  -  MemoryUsage of job (MB)
	92296  -  ResidentSetSize of job (KB)
...
006 (6053382.000.000) 08/17 02:09:59 Image size of job updated: 92636
	91  -  MemoryUsage of job (MB)
	92636  -  ResidentSetSize of job (KB)
...
040 (6053382.000.000) 08/17 02:17:59 Started transferring output files
...
040 (6053382.000.000) 08/17 02:17:59 Finished transferring output files
...
005 (6053382.000.000) 08/17 02:17:59 Job terminated.
	(1) Normal termination (return value 0)
		Usr 0 00:57:27, Sys 0 00:00:12  -  Run Remote Usage
		Usr 0 00:00:00, Sys 0 00:00:00  -  Run Local Usage
		Usr 0 00:57:27, Sys 0 00:00:12  -  Total Remote Usage
		Usr 0 00:00:00, Sys 0 00:00:00  -  Total Local Usage
	16963  -  Run Bytes Sent By Job
	1271  -  Run Bytes Received By Job
	16963  -  Total Bytes Sent By Job
	1271  -  Total Bytes Received By Job
	Partitionable Resources :    Usage  Request Allocated 
	   Cpus                 :     0.99        1         1 
	   Disk (KB)            : 39669     6144000   6146816 
	   GPUs                 :                           0 
	   Memory (MB)          :    91        3000      3000 
	   TimeExecute (s)      :  3494                       
	   TimeSlotBusy (s)     :  3495                       
...
