000 (6053722.000.000) 08/17 01:34:08 Job submitted from host: <188.185.133.2:9618?addrs=188.185.133.2-9618+[2001-1458-d03-2--100-208]-9618&alias=bigbird102.cern.ch&noUDP&sock=schedd_5723_1498>
    DAG Node: C_W15_HI_M1_A07_S6_F0
...
040 (6053722.000.000) 08/17 01:34:08 Started transferring input files
	Transferring to host: <188.185.211.94:9618?addrs=188.185.211.94-9618+[2001-1458-303-16--100-5a]-9618&alias=b9p23p1890.cern.ch&noUDP&sock=slot1_35_3769_59f2_34927>
...
040 (6053722.000.000) 08/17 01:34:08 Finished transferring input files
...
001 (6053722.000.000) 08/17 01:34:09 Job executing on host: <188.185.211.94:9618?addrs=188.185.211.94-9618+[2001-1458-303-16--100-5a]-9618&alias=b9p23p1890.cern.ch&noUDP&sock=startd_3722_8f96>
	SlotName: slot1_35@b9p23p1890.cern.ch
	CondorScratchDir = "/pool/condor/dir_3050432"
	Cpus = 1
	Disk = 6147785
	GPUs = 0
	Memory = 3000
...
006 (6053722.000.000) 08/17 01:34:18 Image size of job updated: 93936
	92  -  MemoryUsage of job (MB)
	93936  -  ResidentSetSize of job (KB)
...
006 (6053722.000.000) 08/17 01:39:19 Image size of job updated: 108640
	107  -  MemoryUsage of job (MB)
	108640  -  ResidentSetSize of job (KB)
...
006 (6053722.000.000) 08/17 01:44:19 Image size of job updated: 119492
	117  -  MemoryUsage of job (MB)
	119492  -  ResidentSetSize of job (KB)
...
040 (6053722.000.000) 08/17 01:45:00 Started transferring output files
...
040 (6053722.000.000) 08/17 01:45:00 Finished transferring output files
...
005 (6053722.000.000) 08/17 01:45:01 Job terminated.
	(1) Normal termination (return value 0)
		Usr 0 00:10:39, Sys 0 00:00:04  -  Run Remote Usage
		Usr 0 00:00:00, Sys 0 00:00:00  -  Run Local Usage
		Usr 0 00:10:39, Sys 0 00:00:04  -  Total Remote Usage
		Usr 0 00:00:00, Sys 0 00:00:00  -  Total Local Usage
	17698  -  Run Bytes Sent By Job
	1271  -  Run Bytes Received By Job
	17698  -  Total Bytes Sent By Job
	1271  -  Total Bytes Received By Job
	Partitionable Resources :    Usage  Request Allocated 
	   Cpus                 :     0.99        1         1 
	   Disk (KB)            : 39694     6144000   6147785 
	   GPUs                 :                           0 
	   Memory (MB)          :   117        3000      3000 
	   TimeExecute (s)      :   651                       
	   TimeSlotBusy (s)     :   652                       
...
