000 (6053824.000.000) 08/17 01:47:57 Job submitted from host: <188.185.133.2:9618?addrs=188.185.133.2-9618+[2001-1458-d03-2--100-208]-9618&alias=bigbird102.cern.ch&noUDP&sock=schedd_5723_1498>
    DAG Node: C_W15_LL_M1_A07_S7_F0
...
040 (6053824.000.000) 08/17 01:48:00 Started transferring input files
	Transferring to host: <188.185.192.10:9618?addrs=188.185.192.10-9618+[2001-1458-303-1f--100-6]-9618&alias=b9p13p3697.cern.ch&noUDP&sock=slot1_24_9004_e1e7_30817>
...
040 (6053824.000.000) 08/17 01:48:00 Finished transferring input files
...
001 (6053824.000.000) 08/17 01:48:01 Job executing on host: <188.185.192.10:9618?addrs=188.185.192.10-9618+[2001-1458-303-1f--100-6]-9618&alias=b9p13p3697.cern.ch&noUDP&sock=startd_7881_49f9>
	SlotName: slot1_24@b9p13p3697.cern.ch
	CondorScratchDir = "/pool/condor/dir_3825791"
	Cpus = 1
	Disk = 6160941
	GPUs = 0
	Memory = 3000
...
006 (6053824.000.000) 08/17 01:48:10 Image size of job updated: 58064
	57  -  MemoryUsage of job (MB)
	58064  -  ResidentSetSize of job (KB)
...
006 (6053824.000.000) 08/17 01:53:11 Image size of job updated: 91272
	90  -  MemoryUsage of job (MB)
	91272  -  ResidentSetSize of job (KB)
...
006 (6053824.000.000) 08/17 01:58:11 Image size of job updated: 103032
	101  -  MemoryUsage of job (MB)
	103032  -  ResidentSetSize of job (KB)
...
006 (6053824.000.000) 08/17 02:03:11 Image size of job updated: 113876
	112  -  MemoryUsage of job (MB)
	113876  -  ResidentSetSize of job (KB)
...
006 (6053824.000.000) 08/17 02:05:08 Image size of job updated: 113880
	112  -  MemoryUsage of job (MB)
	113876  -  ResidentSetSize of job (KB)
...
040 (6053824.000.000) 08/17 02:05:08 Started transferring output files
...
040 (6053824.000.000) 08/17 02:05:08 Finished transferring output files
...
005 (6053824.000.000) 08/17 02:05:08 Job terminated.
	(1) Normal termination (return value 0)
		Usr 0 00:16:52, Sys 0 00:00:04  -  Run Remote Usage
		Usr 0 00:00:00, Sys 0 00:00:00  -  Run Local Usage
		Usr 0 00:16:52, Sys 0 00:00:04  -  Total Remote Usage
		Usr 0 00:00:00, Sys 0 00:00:00  -  Total Local Usage
	17697  -  Run Bytes Sent By Job
	1271  -  Run Bytes Received By Job
	17697  -  Total Bytes Sent By Job
	1271  -  Total Bytes Received By Job
	Partitionable Resources :    Usage  Request Allocated 
	   Cpus                 :     0.99        1         1 
	   Disk (KB)            : 39674     6144000   6160941 
	   GPUs                 :                           0 
	   Memory (MB)          :   112        3000      3000 
	   TimeExecute (s)      :  1027                       
	   TimeSlotBusy (s)     :  1028                       
...
