000 (6053628.000.000) 08/17 01:27:30 Job submitted from host: <188.185.133.2:9618?addrs=188.185.133.2-9618+[2001-1458-d03-2--100-208]-9618&alias=bigbird102.cern.ch&noUDP&sock=schedd_5723_1498>
    DAG Node: C_W15_HL_M0_A00_S7_F0
...
040 (6053628.000.000) 08/17 01:29:49 Started transferring input files
	Transferring to host: <188.185.195.151:9618?addrs=188.185.195.151-9618+[2001-1458-303-22--100-93]-9618&alias=b9p17p6289.cern.ch&noUDP&sock=slot1_32_3947_c4ba_29624>
...
040 (6053628.000.000) 08/17 01:29:49 Finished transferring input files
...
001 (6053628.000.000) 08/17 01:29:50 Job executing on host: <188.185.195.151:9618?addrs=188.185.195.151-9618+[2001-1458-303-22--100-93]-9618&alias=b9p17p6289.cern.ch&noUDP&sock=startd_3901_570a>
	SlotName: slot1_32@b9p17p6289.cern.ch
	CondorScratchDir = "/pool/condor/dir_3385270"
	Cpus = 1
	Disk = 6146823
	GPUs = 0
	Memory = 3000
...
006 (6053628.000.000) 08/17 01:29:59 Image size of job updated: 46884
	46  -  MemoryUsage of job (MB)
	46884  -  ResidentSetSize of job (KB)
...
006 (6053628.000.000) 08/17 01:35:00 Image size of job updated: 91432
	90  -  MemoryUsage of job (MB)
	91432  -  ResidentSetSize of job (KB)
...
006 (6053628.000.000) 08/17 01:40:00 Image size of job updated: 103188
	101  -  MemoryUsage of job (MB)
	103188  -  ResidentSetSize of job (KB)
...
006 (6053628.000.000) 08/17 01:45:00 Image size of job updated: 103196
	101  -  MemoryUsage of job (MB)
	103196  -  ResidentSetSize of job (KB)
...
006 (6053628.000.000) 08/17 01:50:00 Image size of job updated: 114036
	112  -  MemoryUsage of job (MB)
	114036  -  ResidentSetSize of job (KB)
...
006 (6053628.000.000) 08/17 01:52:04 Image size of job updated: 114040
	112  -  MemoryUsage of job (MB)
	114036  -  ResidentSetSize of job (KB)
...
040 (6053628.000.000) 08/17 01:52:04 Started transferring output files
...
040 (6053628.000.000) 08/17 01:52:04 Finished transferring output files
...
005 (6053628.000.000) 08/17 01:52:04 Job terminated.
	(1) Normal termination (return value 0)
		Usr 0 00:21:47, Sys 0 00:00:08  -  Run Remote Usage
		Usr 0 00:00:00, Sys 0 00:00:00  -  Run Local Usage
		Usr 0 00:21:47, Sys 0 00:00:08  -  Total Remote Usage
		Usr 0 00:00:00, Sys 0 00:00:00  -  Total Local Usage
	17363  -  Run Bytes Sent By Job
	1271  -  Run Bytes Received By Job
	17363  -  Total Bytes Sent By Job
	1271  -  Total Bytes Received By Job
	Partitionable Resources :    Usage  Request Allocated 
	   Cpus                 :     0.99        1         1 
	   Disk (KB)            : 39672     6144000   6146823 
	   GPUs                 :                           0 
	   Memory (MB)          :   112        3000      3000 
	   TimeExecute (s)      :  1334                       
	   TimeSlotBusy (s)     :  1336                       
...
