000 (6053207.000.000) 08/17 01:15:08 Job submitted from host: <188.185.133.2:9618?addrs=188.185.133.2-9618+[2001-1458-d03-2--100-208]-9618&alias=bigbird102.cern.ch&noUDP&sock=schedd_5723_1498>
    DAG Node: P_W15_IL_M0_A00_S3
...
040 (6053207.000.000) 08/17 01:18:28 Started transferring input files
	Transferring to host: <188.185.196.157:9618?addrs=188.185.196.157-9618+[2001-1458-303-23--100-99]-9618&alias=b9p16p4603.cern.ch&noUDP&sock=slot1_27_3329_54e0_32088>
...
040 (6053207.000.000) 08/17 01:18:28 Finished transferring input files
...
001 (6053207.000.000) 08/17 01:18:29 Job executing on host: <188.185.196.157:9618?addrs=188.185.196.157-9618+[2001-1458-303-23--100-99]-9618&alias=b9p16p4603.cern.ch&noUDP&sock=startd_2619_fea0>
	SlotName: slot1_27@b9p16p4603.cern.ch
	CondorScratchDir = "/pool/condor/dir_413297"
	Cpus = 1
	Disk = 6145988
	GPUs = 0
	Memory = 3000
...
006 (6053207.000.000) 08/17 01:18:38 Image size of job updated: 28588
	28  -  MemoryUsage of job (MB)
	28588  -  ResidentSetSize of job (KB)
...
006 (6053207.000.000) 08/17 01:23:38 Image size of job updated: 146696
	144  -  MemoryUsage of job (MB)
	146696  -  ResidentSetSize of job (KB)
...
006 (6053207.000.000) 08/17 01:26:48 Image size of job updated: 158096
	144  -  MemoryUsage of job (MB)
	146696  -  ResidentSetSize of job (KB)
...
040 (6053207.000.000) 08/17 01:26:48 Started transferring output files
...
040 (6053207.000.000) 08/17 01:26:48 Finished transferring output files
...
005 (6053207.000.000) 08/17 01:26:48 Job terminated.
	(1) Normal termination (return value 0)
		Usr 0 00:08:04, Sys 0 00:00:04  -  Run Remote Usage
		Usr 0 00:00:00, Sys 0 00:00:00  -  Run Local Usage
		Usr 0 00:08:04, Sys 0 00:00:04  -  Total Remote Usage
		Usr 0 00:00:00, Sys 0 00:00:00  -  Total Local Usage
	16871  -  Run Bytes Sent By Job
	1275  -  Run Bytes Received By Job
	16871  -  Total Bytes Sent By Job
	1275  -  Total Bytes Received By Job
	Partitionable Resources :    Usage  Request Allocated 
	   Cpus                 :     0.05        1         1 
	   Disk (KB)            : 39668     6144000   6145988 
	   GPUs                 :                           0 
	   Memory (MB)          :   144        3000      3000 
	   TimeExecute (s)      :   499                       
	   TimeSlotBusy (s)     :   500                       
...
