000 (6053283.000.000) 08/17 01:15:15 Job submitted from host: <188.185.133.2:9618?addrs=188.185.133.2-9618+[2001-1458-d03-2--100-208]-9618&alias=bigbird102.cern.ch&noUDP&sock=schedd_5723_1498>
    DAG Node: P_W15_HL_M0_A00_S7
...
040 (6053283.000.000) 08/17 01:18:06 Started transferring input files
	Transferring to host: <188.185.195.126:9618?addrs=188.185.195.126-9618+[2001-1458-303-22--100-7a]-9618&alias=b9p17p6301.cern.ch&noUDP&sock=slot1_27_4996_e244_31512>
...
040 (6053283.000.000) 08/17 01:18:06 Finished transferring input files
...
001 (6053283.000.000) 08/17 01:18:07 Job executing on host: <188.185.195.126:9618?addrs=188.185.195.126-9618+[2001-1458-303-22--100-7a]-9618&alias=b9p17p6301.cern.ch&noUDP&sock=startd_3971_5aab>
	SlotName: slot1_27@b9p17p6301.cern.ch
	CondorScratchDir = "/pool/condor/dir_2766673"
	Cpus = 1
	Disk = 6146808
	GPUs = 0
	Memory = 3000
...
006 (6053283.000.000) 08/17 01:18:15 Image size of job updated: 1020
	1  -  MemoryUsage of job (MB)
	1020  -  ResidentSetSize of job (KB)
...
006 (6053283.000.000) 08/17 01:23:15 Image size of job updated: 150720
	148  -  MemoryUsage of job (MB)
	150720  -  ResidentSetSize of job (KB)
...
006 (6053283.000.000) 08/17 01:27:22 Image size of job updated: 164348
	148  -  MemoryUsage of job (MB)
	150720  -  ResidentSetSize of job (KB)
...
040 (6053283.000.000) 08/17 01:27:22 Started transferring output files
...
040 (6053283.000.000) 08/17 01:27:22 Finished transferring output files
...
005 (6053283.000.000) 08/17 01:27:22 Job terminated.
	(1) Normal termination (return value 0)
		Usr 0 00:08:22, Sys 0 00:00:04  -  Run Remote Usage
		Usr 0 00:00:00, Sys 0 00:00:00  -  Run Local Usage
		Usr 0 00:08:22, Sys 0 00:00:04  -  Total Remote Usage
		Usr 0 00:00:00, Sys 0 00:00:00  -  Total Local Usage
	16875  -  Run Bytes Sent By Job
	1275  -  Run Bytes Received By Job
	16875  -  Total Bytes Sent By Job
	1275  -  Total Bytes Received By Job
	Partitionable Resources :    Usage  Request Allocated 
	   Cpus                 :     0.99        1         1 
	   Disk (KB)            : 39668     6144000   6146808 
	   GPUs                 :                           0 
	   Memory (MB)          :   148        3000      3000 
	   TimeExecute (s)      :   555                       
	   TimeSlotBusy (s)     :   559                       
...
