000 (6053854.000.000) 08/17 01:52:15 Job submitted from host: <188.185.133.2:9618?addrs=188.185.133.2-9618+[2001-1458-d03-2--100-208]-9618&alias=bigbird102.cern.ch&noUDP&sock=schedd_5723_1498>
    DAG Node: C_W15_HL_M1_A07_S6_F0
...
040 (6053854.000.000) 08/17 01:52:19 Started transferring input files
	Transferring to host: <188.185.195.116:9618?addrs=188.185.195.116-9618+[2001-1458-303-22--100-70]-9618&alias=b9p17p7861.cern.ch&noUDP&sock=slot1_22_3990_10db_30425>
...
040 (6053854.000.000) 08/17 01:52:19 Finished transferring input files
...
001 (6053854.000.000) 08/17 01:52:20 Job executing on host: <188.185.195.116:9618?addrs=188.185.195.116-9618+[2001-1458-303-22--100-70]-9618&alias=b9p17p7861.cern.ch&noUDP&sock=startd_3072_b707>
	SlotName: slot1_22@b9p17p7861.cern.ch
	CondorScratchDir = "/pool/condor/dir_2145533"
	Cpus = 1
	Disk = 6145391
	GPUs = 0
	Memory = 3000
...
006 (6053854.000.000) 08/17 01:52:28 Image size of job updated: 45504
	45  -  MemoryUsage of job (MB)
	45504  -  ResidentSetSize of job (KB)
...
006 (6053854.000.000) 08/17 01:57:28 Image size of job updated: 95316
	94  -  MemoryUsage of job (MB)
	95316  -  ResidentSetSize of job (KB)
...
006 (6053854.000.000) 08/17 02:02:29 Image size of job updated: 107240
	105  -  MemoryUsage of job (MB)
	107240  -  ResidentSetSize of job (KB)
...
006 (6053854.000.000) 08/17 02:07:29 Image size of job updated: 107244
	105  -  MemoryUsage of job (MB)
	107244  -  ResidentSetSize of job (KB)
...
006 (6053854.000.000) 08/17 02:12:30 Image size of job updated: 118084
	116  -  MemoryUsage of job (MB)
	118084  -  ResidentSetSize of job (KB)
...
006 (6053854.000.000) 08/17 02:20:57 Image size of job updated: 118092
	116  -  MemoryUsage of job (MB)
	118084  -  ResidentSetSize of job (KB)
...
040 (6053854.000.000) 08/17 02:20:57 Started transferring output files
...
040 (6053854.000.000) 08/17 02:20:57 Finished transferring output files
...
005 (6053854.000.000) 08/17 02:20:58 Job terminated.
	(1) Normal termination (return value 0)
		Usr 0 00:28:14, Sys 0 00:00:06  -  Run Remote Usage
		Usr 0 00:00:00, Sys 0 00:00:00  -  Run Local Usage
		Usr 0 00:28:14, Sys 0 00:00:06  -  Total Remote Usage
		Usr 0 00:00:00, Sys 0 00:00:00  -  Total Local Usage
	17698  -  Run Bytes Sent By Job
	1271  -  Run Bytes Received By Job
	17698  -  Total Bytes Sent By Job
	1271  -  Total Bytes Received By Job
	Partitionable Resources :    Usage  Request Allocated 
	   Cpus                 :     0.99        1         1 
	   Disk (KB)            : 39674     6144000   6145391 
	   GPUs                 :                           0 
	   Memory (MB)          :   116        3000      3000 
	   TimeExecute (s)      :  1717                       
	   TimeSlotBusy (s)     :  1718                       
...
