000 (6053915.000.000) 08/17 02:01:47 Job submitted from host: <188.185.133.2:9618?addrs=188.185.133.2-9618+[2001-1458-d03-2--100-208]-9618&alias=bigbird102.cern.ch&noUDP&sock=schedd_5723_1498>
    DAG Node: C_W15_II_M1_A07_S3_F0
...
040 (6053915.000.000) 08/17 02:02:04 Started transferring input files
	Transferring to host: <128.142.162.41:9618?addrs=128.142.162.41-9618+[2001-1458-301-7b--100-22]-9618&alias=b9g42p1031.cern.ch&noUDP&sock=slot1_22_4413_1b8d_22611>
...
040 (6053915.000.000) 08/17 02:02:04 Finished transferring input files
...
001 (6053915.000.000) 08/17 02:02:05 Job executing on host: <128.142.162.41:9618?addrs=128.142.162.41-9618+[2001-1458-301-7b--100-22]-9618&alias=b9g42p1031.cern.ch&noUDP&sock=startd_4095_686a>
	SlotName: slot1_22@b9g42p1031.cern.ch
	CondorScratchDir = "/pool/condor/dir_2520519"
	Cpus = 1
	Disk = 6146006
	GPUs = 0
	Memory = 3000
...
006 (6053915.000.000) 08/17 02:02:14 Image size of job updated: 55612
	55  -  MemoryUsage of job (MB)
	55612  -  ResidentSetSize of job (KB)
...
006 (6053915.000.000) 08/17 02:07:15 Image size of job updated: 98008
	94  -  MemoryUsage of job (MB)
	95652  -  ResidentSetSize of job (KB)
...
006 (6053915.000.000) 08/17 02:12:16 Image size of job updated: 98008
	94  -  MemoryUsage of job (MB)
	95820  -  ResidentSetSize of job (KB)
...
006 (6053915.000.000) 08/17 02:17:16 Image size of job updated: 107744
	106  -  MemoryUsage of job (MB)
	107744  -  ResidentSetSize of job (KB)
...
006 (6053915.000.000) 08/17 02:27:17 Image size of job updated: 118588
	116  -  MemoryUsage of job (MB)
	118588  -  ResidentSetSize of job (KB)
...
006 (6053915.000.000) 08/17 02:37:19 Image size of job updated: 118592
	116  -  MemoryUsage of job (MB)
	118592  -  ResidentSetSize of job (KB)
...
006 (6053915.000.000) 08/17 02:38:34 Image size of job updated: 118596
	116  -  MemoryUsage of job (MB)
	118592  -  ResidentSetSize of job (KB)
...
040 (6053915.000.000) 08/17 02:38:34 Started transferring output files
...
040 (6053915.000.000) 08/17 02:38:34 Finished transferring output files
...
005 (6053915.000.000) 08/17 02:38:34 Job terminated.
	(1) Normal termination (return value 0)
		Usr 0 00:36:06, Sys 0 00:00:05  -  Run Remote Usage
		Usr 0 00:00:00, Sys 0 00:00:00  -  Run Local Usage
		Usr 0 00:36:06, Sys 0 00:00:05  -  Total Remote Usage
		Usr 0 00:00:00, Sys 0 00:00:00  -  Total Local Usage
	17697  -  Run Bytes Sent By Job
	1271  -  Run Bytes Received By Job
	17697  -  Total Bytes Sent By Job
	1271  -  Total Bytes Received By Job
	Partitionable Resources :    Usage  Request Allocated 
	   Cpus                 :     1.00        1         1 
	   Disk (KB)            : 39633     6144000   6146006 
	   GPUs                 :                           0 
	   Memory (MB)          :   116        3000      3000 
	   TimeExecute (s)      :  2189                       
	   TimeSlotBusy (s)     :  2190                       
...
