000 (6053236.000.000) 08/17 01:15:14 Job submitted from host: <188.185.133.2:9618?addrs=188.185.133.2-9618+[2001-1458-d03-2--100-208]-9618&alias=bigbird102.cern.ch&noUDP&sock=schedd_5723_1498>
    DAG Node: P_W15_II_M1_A07_S0
...
040 (6053236.000.000) 08/17 01:17:51 Started transferring input files
	Transferring to host: <188.185.194.129:9618?addrs=188.185.194.129-9618+[2001-1458-303-21--100-7d]-9618&alias=b9p20p9608.cern.ch&noUDP&sock=slot1_40_5353_6c33_33047>
...
040 (6053236.000.000) 08/17 01:17:51 Finished transferring input files
...
001 (6053236.000.000) 08/17 01:17:52 Job executing on host: <188.185.194.129:9618?addrs=188.185.194.129-9618+[2001-1458-303-21--100-7d]-9618&alias=b9p20p9608.cern.ch&noUDP&sock=startd_4384_a348>
	SlotName: slot1_40@b9p20p9608.cern.ch
	CondorScratchDir = "/pool/condor/dir_3329345"
	Cpus = 1
	Disk = 6146562
	GPUs = 0
	Memory = 3000
...
006 (6053236.000.000) 08/17 01:18:00 Image size of job updated: 17676
	18  -  MemoryUsage of job (MB)
	17676  -  ResidentSetSize of job (KB)
...
006 (6053236.000.000) 08/17 01:23:00 Image size of job updated: 139176
	136  -  MemoryUsage of job (MB)
	139176  -  ResidentSetSize of job (KB)
...
006 (6053236.000.000) 08/17 01:28:00 Image size of job updated: 139180
	136  -  MemoryUsage of job (MB)
	139180  -  ResidentSetSize of job (KB)
...
006 (6053236.000.000) 08/17 01:33:01 Image size of job updated: 150780
	148  -  MemoryUsage of job (MB)
	150780  -  ResidentSetSize of job (KB)
...
006 (6053236.000.000) 08/17 01:38:01 Image size of job updated: 162180
	159  -  MemoryUsage of job (MB)
	162180  -  ResidentSetSize of job (KB)
...
006 (6053236.000.000) 08/17 01:43:02 Image size of job updated: 173032
	169  -  MemoryUsage of job (MB)
	173032  -  ResidentSetSize of job (KB)
...
006 (6053236.000.000) 08/17 01:48:02 Image size of job updated: 184480
	181  -  MemoryUsage of job (MB)
	184480  -  ResidentSetSize of job (KB)
...
006 (6053236.000.000) 08/17 01:53:02 Image size of job updated: 195412
	191  -  MemoryUsage of job (MB)
	195412  -  ResidentSetSize of job (KB)
...
006 (6053236.000.000) 08/17 01:58:03 Image size of job updated: 206848
	202  -  MemoryUsage of job (MB)
	206848  -  ResidentSetSize of job (KB)
...
006 (6053236.000.000) 08/17 02:03:03 Image size of job updated: 218064
	213  -  MemoryUsage of job (MB)
	218064  -  ResidentSetSize of job (KB)
...
006 (6053236.000.000) 08/17 02:07:05 Image size of job updated: 218072
	213  -  MemoryUsage of job (MB)
	218064  -  ResidentSetSize of job (KB)
...
040 (6053236.000.000) 08/17 02:07:05 Started transferring output files
...
040 (6053236.000.000) 08/17 02:07:05 Finished transferring output files
...
005 (6053236.000.000) 08/17 02:07:06 Job terminated.
	(1) Normal termination (return value 0)
		Usr 0 00:48:17, Sys 0 00:00:11  -  Run Remote Usage
		Usr 0 00:00:00, Sys 0 00:00:00  -  Run Local Usage
		Usr 0 00:48:17, Sys 0 00:00:11  -  Total Remote Usage
		Usr 0 00:00:00, Sys 0 00:00:00  -  Total Local Usage
	17206  -  Run Bytes Sent By Job
	1275  -  Run Bytes Received By Job
	17206  -  Total Bytes Sent By Job
	1275  -  Total Bytes Received By Job
	Partitionable Resources :    Usage  Request Allocated 
	   Cpus                 :     0.99        1         1 
	   Disk (KB)            : 39670     6144000   6146562 
	   GPUs                 :                           0 
	   Memory (MB)          :   213        3000      3000 
	   TimeExecute (s)      :  2953                       
	   TimeSlotBusy (s)     :  2955                       
...
