000 (6053304.000.000) 08/17 01:15:16 Job submitted from host: <188.185.133.2:9618?addrs=188.185.133.2-9618+[2001-1458-d03-2--100-208]-9618&alias=bigbird102.cern.ch&noUDP&sock=schedd_5723_1498>
    DAG Node: P_W15_HI_M0_A00_S4
...
040 (6053304.000.000) 08/17 01:18:14 Started transferring input files
	Transferring to host: <128.142.248.178:9618?addrs=128.142.248.178-9618+[2001-1458-301-73--100-b1]-9618&alias=b9g23p0666.cern.ch&noUDP&sock=slot1_10_4349_038a_23232>
...
040 (6053304.000.000) 08/17 01:18:14 Finished transferring input files
...
001 (6053304.000.000) 08/17 01:18:15 Job executing on host: <128.142.248.178:9618?addrs=128.142.248.178-9618+[2001-1458-301-73--100-b1]-9618&alias=b9g23p0666.cern.ch&noUDP&sock=startd_3230_16fe>
	SlotName: slot1_10@b9g23p0666.cern.ch
	CondorScratchDir = "/pool/condor/dir_3624480"
	Cpus = 1
	Disk = 6145498
	GPUs = 0
	Memory = 3000
...
006 (6053304.000.000) 08/17 01:18:24 Image size of job updated: 4312
	5  -  MemoryUsage of job (MB)
	4312  -  ResidentSetSize of job (KB)
...
006 (6053304.000.000) 08/17 01:23:26 Image size of job updated: 161992
	159  -  MemoryUsage of job (MB)
	161992  -  ResidentSetSize of job (KB)
...
006 (6053304.000.000) 08/17 01:24:08 Image size of job updated: 161996
	159  -  MemoryUsage of job (MB)
	161992  -  ResidentSetSize of job (KB)
...
040 (6053304.000.000) 08/17 01:24:08 Started transferring output files
...
040 (6053304.000.000) 08/17 01:24:08 Finished transferring output files
...
005 (6053304.000.000) 08/17 01:24:08 Job terminated.
	(1) Normal termination (return value 0)
		Usr 0 00:05:24, Sys 0 00:00:04  -  Run Remote Usage
		Usr 0 00:00:00, Sys 0 00:00:00  -  Run Local Usage
		Usr 0 00:05:24, Sys 0 00:00:04  -  Total Remote Usage
		Usr 0 00:00:00, Sys 0 00:00:00  -  Total Local Usage
	16871  -  Run Bytes Sent By Job
	1275  -  Run Bytes Received By Job
	16871  -  Total Bytes Sent By Job
	1275  -  Total Bytes Received By Job
	Partitionable Resources :    Usage  Request Allocated 
	   Cpus                 :     0.99        1         1 
	   Disk (KB)            : 39669     6144000   6145498 
	   GPUs                 :                           0 
	   Memory (MB)          :   159        3000      3000 
	   TimeExecute (s)      :   353                       
	   TimeSlotBusy (s)     :   355                       
...
