000 (6053164.000.000) 08/17 01:15:07 Job submitted from host: <188.185.133.2:9618?addrs=188.185.133.2-9618+[2001-1458-d03-2--100-208]-9618&alias=bigbird102.cern.ch&noUDP&sock=schedd_5723_1498>
    DAG Node: P_W15_LI_M1_A07_S0
...
040 (6053164.000.000) 08/17 01:17:27 Started transferring input files
	Transferring to host: <128.142.248.14:9618?addrs=128.142.248.14-9618+[2001-1458-301-73--100-fe]-9618&alias=b9g23p9605.cern.ch&noUDP&sock=slot1_41_9167_bb0e_23580>
...
040 (6053164.000.000) 08/17 01:17:27 Finished transferring input files
...
001 (6053164.000.000) 08/17 01:17:28 Job executing on host: <128.142.248.14:9618?addrs=128.142.248.14-9618+[2001-1458-301-73--100-fe]-9618&alias=b9g23p9605.cern.ch&noUDP&sock=startd_7896_93e5>
	SlotName: slot1_41@b9g23p9605.cern.ch
	CondorScratchDir = "/pool/condor/dir_2494041"
	Cpus = 1
	Disk = 6147060
	GPUs = 0
	Memory = 3000
...
006 (6053164.000.000) 08/17 01:17:36 Image size of job updated: 55768
	55  -  MemoryUsage of job (MB)
	55768  -  ResidentSetSize of job (KB)
...
006 (6053164.000.000) 08/17 01:22:36 Image size of job updated: 139004
	136  -  MemoryUsage of job (MB)
	139004  -  ResidentSetSize of job (KB)
...
006 (6053164.000.000) 08/17 01:27:37 Image size of job updated: 162004
	159  -  MemoryUsage of job (MB)
	162004  -  ResidentSetSize of job (KB)
...
006 (6053164.000.000) 08/17 01:32:37 Image size of job updated: 172856
	169  -  MemoryUsage of job (MB)
	172856  -  ResidentSetSize of job (KB)
...
006 (6053164.000.000) 08/17 01:37:37 Image size of job updated: 184304
	180  -  MemoryUsage of job (MB)
	184304  -  ResidentSetSize of job (KB)
...
006 (6053164.000.000) 08/17 01:42:38 Image size of job updated: 195240
	191  -  MemoryUsage of job (MB)
	195240  -  ResidentSetSize of job (KB)
...
006 (6053164.000.000) 08/17 01:47:38 Image size of job updated: 206672
	202  -  MemoryUsage of job (MB)
	206672  -  ResidentSetSize of job (KB)
...
006 (6053164.000.000) 08/17 01:52:25 Image size of job updated: 217896
	202  -  MemoryUsage of job (MB)
	206672  -  ResidentSetSize of job (KB)
...
040 (6053164.000.000) 08/17 01:52:25 Started transferring output files
...
040 (6053164.000.000) 08/17 01:52:26 Finished transferring output files
...
005 (6053164.000.000) 08/17 01:52:26 Job terminated.
	(1) Normal termination (return value 0)
		Usr 0 00:34:32, Sys 0 00:00:06  -  Run Remote Usage
		Usr 0 00:00:00, Sys 0 00:00:00  -  Run Local Usage
		Usr 0 00:34:32, Sys 0 00:00:06  -  Total Remote Usage
		Usr 0 00:00:00, Sys 0 00:00:00  -  Total Local Usage
	17206  -  Run Bytes Sent By Job
	1275  -  Run Bytes Received By Job
	17206  -  Total Bytes Sent By Job
	1275  -  Total Bytes Received By Job
	Partitionable Resources :    Usage  Request Allocated 
	   Cpus                 :     0.99        1         1 
	   Disk (KB)            : 39670     6144000   6147060 
	   GPUs                 :                           0 
	   Memory (MB)          :   202        3000      3000 
	   TimeExecute (s)      :  2097                       
	   TimeSlotBusy (s)     :  2100                       
...
