000 (6053829.000.000) 08/17 01:48:37 Job submitted from host: <188.185.133.2:9618?addrs=188.185.133.2-9618+[2001-1458-d03-2--100-208]-9618&alias=bigbird102.cern.ch&noUDP&sock=schedd_5723_1498>
    DAG Node: C_W15_LI_M1_A07_S5_F0
...
040 (6053829.000.000) 08/17 01:49:19 Started transferring input files
	Transferring to host: <188.185.197.151:9618?addrs=188.185.197.151-9618+[2001-1458-303-24--100-93]-9618&alias=b9p14p2991.cern.ch&noUDP&sock=slot1_28_5630_981e_23739>
...
040 (6053829.000.000) 08/17 01:49:19 Finished transferring input files
...
001 (6053829.000.000) 08/17 01:49:20 Job executing on host: <188.185.197.151:9618?addrs=188.185.197.151-9618+[2001-1458-303-24--100-93]-9618&alias=b9p14p2991.cern.ch&noUDP&sock=startd_4489_a8ba>
	SlotName: slot1_28@b9p14p2991.cern.ch
	CondorScratchDir = "/pool/condor/dir_2891289"
	Cpus = 1
	Disk = 6146781
	GPUs = 0
	Memory = 3000
...
006 (6053829.000.000) 08/17 01:49:28 Image size of job updated: 28744
	29  -  MemoryUsage of job (MB)
	28744  -  ResidentSetSize of job (KB)
...
006 (6053829.000.000) 08/17 01:54:28 Image size of job updated: 108584
	107  -  MemoryUsage of job (MB)
	108584  -  ResidentSetSize of job (KB)
...
006 (6053829.000.000) 08/17 01:59:29 Image size of job updated: 119424
	117  -  MemoryUsage of job (MB)
	119424  -  ResidentSetSize of job (KB)
...
006 (6053829.000.000) 08/17 02:04:03 Image size of job updated: 119428
	117  -  MemoryUsage of job (MB)
	119424  -  ResidentSetSize of job (KB)
...
040 (6053829.000.000) 08/17 02:04:03 Started transferring output files
...
040 (6053829.000.000) 08/17 02:04:03 Finished transferring output files
...
005 (6053829.000.000) 08/17 02:04:03 Job terminated.
	(1) Normal termination (return value 0)
		Usr 0 00:14:27, Sys 0 00:00:04  -  Run Remote Usage
		Usr 0 00:00:00, Sys 0 00:00:00  -  Run Local Usage
		Usr 0 00:14:27, Sys 0 00:00:04  -  Total Remote Usage
		Usr 0 00:00:00, Sys 0 00:00:00  -  Total Local Usage
	17698  -  Run Bytes Sent By Job
	1271  -  Run Bytes Received By Job
	17698  -  Total Bytes Sent By Job
	1271  -  Total Bytes Received By Job
	Partitionable Resources :    Usage  Request Allocated 
	   Cpus                 :     0.99        1         1 
	   Disk (KB)            : 39673     6144000   6146781 
	   GPUs                 :                           0 
	   Memory (MB)          :   117        3000      3000 
	   TimeExecute (s)      :   883                       
	   TimeSlotBusy (s)     :   886                       
...
