000 (6053339.000.000) 08/17 01:15:26 Job submitted from host: <188.185.133.2:9618?addrs=188.185.133.2-9618+[2001-1458-d03-2--100-208]-9618&alias=bigbird102.cern.ch&noUDP&sock=schedd_5723_1498>
    DAG Node: P_W15_HH_M1_A07_S7
...
040 (6053339.000.000) 08/17 01:18:25 Started transferring input files
	Transferring to host: <188.185.195.9:9618?addrs=188.185.195.9-9618+[2001-1458-303-22--100-5]-9618&alias=b9p17p4096.cern.ch&noUDP&sock=slot1_29_3279_1a1e_30561>
...
040 (6053339.000.000) 08/17 01:18:25 Finished transferring input files
...
001 (6053339.000.000) 08/17 01:18:26 Job executing on host: <188.185.195.9:9618?addrs=188.185.195.9-9618+[2001-1458-303-22--100-5]-9618&alias=b9p17p4096.cern.ch&noUDP&sock=startd_2575_d075>
	SlotName: slot1_29@b9p17p4096.cern.ch
	CondorScratchDir = "/pool/condor/dir_2640718"
	Cpus = 1
	Disk = 6146048
	GPUs = 0
	Memory = 3000
...
006 (6053339.000.000) 08/17 01:18:35 Image size of job updated: 42168
	42  -  MemoryUsage of job (MB)
	42168  -  ResidentSetSize of job (KB)
...
006 (6053339.000.000) 08/17 01:19:36 Image size of job updated: 220224
	42  -  MemoryUsage of job (MB)
	42372  -  ResidentSetSize of job (KB)
...
040 (6053339.000.000) 08/17 01:19:36 Started transferring output files
...
040 (6053339.000.000) 08/17 01:19:36 Finished transferring output files
...
005 (6053339.000.000) 08/17 01:19:36 Job terminated.
	(1) Normal termination (return value 0)
		Usr 0 00:00:56, Sys 0 00:00:04  -  Run Remote Usage
		Usr 0 00:00:00, Sys 0 00:00:00  -  Run Local Usage
		Usr 0 00:00:56, Sys 0 00:00:04  -  Total Remote Usage
		Usr 0 00:00:00, Sys 0 00:00:00  -  Total Local Usage
	17147  -  Run Bytes Sent By Job
	1275  -  Run Bytes Received By Job
	17147  -  Total Bytes Sent By Job
	1275  -  Total Bytes Received By Job
	Partitionable Resources :    Usage  Request Allocated 
	   Cpus                 :        0        1         1 
	   Disk (KB)            :     8521  6144000   6146048 
	   GPUs                 :                           0 
	   Memory (MB)          :       42     3000      3000 
	   TimeExecute (s)      :       70                    
	   TimeSlotBusy (s)     :       72                    
...
