000 (6054008.000.000) 08/17 02:21:48 Job submitted from host: <188.185.133.2:9618?addrs=188.185.133.2-9618+[2001-1458-d03-2--100-208]-9618&alias=bigbird102.cern.ch&noUDP&sock=schedd_5723_1498>
    DAG Node: C_W15_II_M1_A07_S7_F0
...
040 (6054008.000.000) 08/17 02:21:50 Started transferring input files
	Transferring to host: <188.185.196.185:9618?addrs=188.185.196.185-9618+[2001-1458-303-23--100-b5]-9618&alias=b9p16p8521.cern.ch&noUDP&sock=slot1_9_6846_604f_30681>
...
040 (6054008.000.000) 08/17 02:21:50 Finished transferring input files
...
001 (6054008.000.000) 08/17 02:21:51 Job executing on host: <188.185.196.185:9618?addrs=188.185.196.185-9618+[2001-1458-303-23--100-b5]-9618&alias=b9p16p8521.cern.ch&noUDP&sock=startd_6152_56b9>
	SlotName: slot1_9@b9p16p8521.cern.ch
	CondorScratchDir = "/pool/condor/dir_3875527"
	Cpus = 1
	Disk = 6165013
	GPUs = 0
	Memory = 3000
...
006 (6054008.000.000) 08/17 02:22:00 Image size of job updated: 57772
	57  -  MemoryUsage of job (MB)
	57772  -  ResidentSetSize of job (KB)
...
006 (6054008.000.000) 08/17 02:27:01 Image size of job updated: 96012
	94  -  MemoryUsage of job (MB)
	96012  -  ResidentSetSize of job (KB)
...
006 (6054008.000.000) 08/17 02:32:01 Image size of job updated: 96688
	95  -  MemoryUsage of job (MB)
	96688  -  ResidentSetSize of job (KB)
...
006 (6054008.000.000) 08/17 02:37:02 Image size of job updated: 108104
	106  -  MemoryUsage of job (MB)
	108104  -  ResidentSetSize of job (KB)
...
006 (6054008.000.000) 08/17 02:47:02 Image size of job updated: 118948
	117  -  MemoryUsage of job (MB)
	118948  -  ResidentSetSize of job (KB)
...
006 (6054008.000.000) 08/17 02:57:03 Image size of job updated: 118956
	117  -  MemoryUsage of job (MB)
	118956  -  ResidentSetSize of job (KB)
...
040 (6054008.000.000) 08/17 02:57:53 Started transferring output files
...
040 (6054008.000.000) 08/17 02:57:53 Finished transferring output files
...
005 (6054008.000.000) 08/17 02:57:53 Job terminated.
	(1) Normal termination (return value 0)
		Usr 0 00:35:26, Sys 0 00:00:06  -  Run Remote Usage
		Usr 0 00:00:00, Sys 0 00:00:00  -  Run Local Usage
		Usr 0 00:35:26, Sys 0 00:00:06  -  Total Remote Usage
		Usr 0 00:00:00, Sys 0 00:00:00  -  Total Local Usage
	17697  -  Run Bytes Sent By Job
	1271  -  Run Bytes Received By Job
	17697  -  Total Bytes Sent By Job
	1271  -  Total Bytes Received By Job
	Partitionable Resources :    Usage  Request Allocated 
	   Cpus                 :     0.99        1         1 
	   Disk (KB)            : 39674     6144000   6165013 
	   GPUs                 :                           0 
	   Memory (MB)          :   117        3000      3000 
	   TimeExecute (s)      :  2162                       
	   TimeSlotBusy (s)     :  2163                       
...
