000 (6053222.000.000) 08/17 01:15:08 Job submitted from host: <188.185.133.2:9618?addrs=188.185.133.2-9618+[2001-1458-d03-2--100-208]-9618&alias=bigbird102.cern.ch&noUDP&sock=schedd_5723_1498>
    DAG Node: P_W15_IL_M2_A10_S2
...
040 (6053222.000.000) 08/17 01:17:46 Started transferring input files
	Transferring to host: <188.185.194.42:9618?addrs=188.185.194.42-9618+[2001-1458-303-21--100-26]-9618&alias=b9p20p1111.cern.ch&noUDP&sock=slot1_41_1561662_e74a_28898>
...
040 (6053222.000.000) 08/17 01:17:46 Finished transferring input files
...
001 (6053222.000.000) 08/17 01:17:47 Job executing on host: <188.185.194.42:9618?addrs=188.185.194.42-9618+[2001-1458-303-21--100-26]-9618&alias=b9p20p1111.cern.ch&noUDP&sock=startd_3721_dffe>
	SlotName: slot1_41@b9p20p1111.cern.ch
	CondorScratchDir = "/pool/condor/dir_2805971"
	Cpus = 1
	Disk = 6164192
	GPUs = 0
	Memory = 3000
...
006 (6053222.000.000) 08/17 01:17:55 Image size of job updated: 17912
	18  -  MemoryUsage of job (MB)
	17912  -  ResidentSetSize of job (KB)
...
006 (6053222.000.000) 08/17 01:19:47 Image size of job updated: 115824
	18  -  MemoryUsage of job (MB)
	17912  -  ResidentSetSize of job (KB)
...
040 (6053222.000.000) 08/17 01:19:47 Started transferring output files
...
040 (6053222.000.000) 08/17 01:19:47 Finished transferring output files
...
005 (6053222.000.000) 08/17 01:19:47 Job terminated.
	(1) Normal termination (return value 0)
		Usr 0 00:01:41, Sys 0 00:00:03  -  Run Remote Usage
		Usr 0 00:00:00, Sys 0 00:00:00  -  Run Local Usage
		Usr 0 00:01:41, Sys 0 00:00:03  -  Total Remote Usage
		Usr 0 00:00:00, Sys 0 00:00:00  -  Total Local Usage
	16610  -  Run Bytes Sent By Job
	1275  -  Run Bytes Received By Job
	16610  -  Total Bytes Sent By Job
	1275  -  Total Bytes Received By Job
	Partitionable Resources :    Usage  Request Allocated 
	   Cpus                 :        0        1         1 
	   Disk (KB)            :     8378  6144000   6164192 
	   GPUs                 :                           0 
	   Memory (MB)          :       18     3000      3000 
	   TimeExecute (s)      :      120                    
	   TimeSlotBusy (s)     :      122                    
...
