000 (6053869.000.000) 08/17 01:53:48 Job submitted from host: <188.185.133.2:9618?addrs=188.185.133.2-9618+[2001-1458-d03-2--100-208]-9618&alias=bigbird102.cern.ch&noUDP&sock=schedd_5723_1498>
    DAG Node: C_W15_LI_M1_A07_S7_F0
...
040 (6053869.000.000) 08/17 01:54:05 Started transferring input files
	Transferring to host: <188.185.195.135:9618?addrs=188.185.195.135-9618+[2001-1458-303-22--100-83]-9618&alias=b9p17p6149.cern.ch&noUDP&sock=slot1_7_3284_9fff_32496>
...
040 (6053869.000.000) 08/17 01:54:05 Finished transferring input files
...
001 (6053869.000.000) 08/17 01:54:06 Job executing on host: <188.185.195.135:9618?addrs=188.185.195.135-9618+[2001-1458-303-22--100-83]-9618&alias=b9p17p6149.cern.ch&noUDP&sock=startd_2572_c1ad>
	SlotName: slot1_7@b9p17p6149.cern.ch
	CondorScratchDir = "/pool/condor/dir_1123241"
	Cpus = 1
	Disk = 6156830
	GPUs = 0
	Memory = 3000
...
006 (6053869.000.000) 08/17 01:54:14 Image size of job updated: 69164
	68  -  MemoryUsage of job (MB)
	69164  -  ResidentSetSize of job (KB)
...
006 (6053869.000.000) 08/17 01:59:14 Image size of job updated: 96672
	95  -  MemoryUsage of job (MB)
	96672  -  ResidentSetSize of job (KB)
...
006 (6053869.000.000) 08/17 02:04:15 Image size of job updated: 108596
	107  -  MemoryUsage of job (MB)
	108596  -  ResidentSetSize of job (KB)
...
006 (6053869.000.000) 08/17 02:09:16 Image size of job updated: 119436
	117  -  MemoryUsage of job (MB)
	119436  -  ResidentSetSize of job (KB)
...
006 (6053869.000.000) 08/17 02:10:55 Image size of job updated: 119444
	117  -  MemoryUsage of job (MB)
	119436  -  ResidentSetSize of job (KB)
...
040 (6053869.000.000) 08/17 02:10:55 Started transferring output files
...
040 (6053869.000.000) 08/17 02:10:55 Finished transferring output files
...
005 (6053869.000.000) 08/17 02:10:55 Job terminated.
	(1) Normal termination (return value 0)
		Usr 0 00:16:39, Sys 0 00:00:03  -  Run Remote Usage
		Usr 0 00:00:00, Sys 0 00:00:00  -  Run Local Usage
		Usr 0 00:16:39, Sys 0 00:00:03  -  Total Remote Usage
		Usr 0 00:00:00, Sys 0 00:00:00  -  Total Local Usage
	17697  -  Run Bytes Sent By Job
	1271  -  Run Bytes Received By Job
	17697  -  Total Bytes Sent By Job
	1271  -  Total Bytes Received By Job
	Partitionable Resources :    Usage  Request Allocated 
	   Cpus                 :     1.00        1         1 
	   Disk (KB)            : 39673     6144000   6156830 
	   GPUs                 :                           0 
	   Memory (MB)          :   117        3000      3000 
	   TimeExecute (s)      :  1009                       
	   TimeSlotBusy (s)     :  1010                       
...
