000 (6053420.000.000) 08/17 01:21:01 Job submitted from host: <188.185.133.2:9618?addrs=188.185.133.2-9618+[2001-1458-d03-2--100-208]-9618&alias=bigbird102.cern.ch&noUDP&sock=schedd_5723_1498>
    DAG Node: C_W15_LH_M2_A10_S7_F2
...
040 (6053420.000.000) 08/17 01:21:04 Started transferring input files
	Transferring to host: <128.142.248.117:9618?addrs=128.142.248.117-9618+[2001-1458-301-73--100-165]-9618&alias=b9g23p5831.cern.ch&noUDP&sock=slot1_33_4943_8a62_23898>
...
040 (6053420.000.000) 08/17 01:21:04 Finished transferring input files
...
001 (6053420.000.000) 08/17 01:21:05 Job executing on host: <128.142.248.117:9618?addrs=128.142.248.117-9618+[2001-1458-301-73--100-165]-9618&alias=b9g23p5831.cern.ch&noUDP&sock=startd_4051_3a3f>
	SlotName: slot1_33@b9g23p5831.cern.ch
	CondorScratchDir = "/pool/condor/dir_924706"
	Cpus = 1
	Disk = 6144985
	GPUs = 0
	Memory = 3000
...
006 (6053420.000.000) 08/17 01:21:14 Image size of job updated: 46216
	28  -  MemoryUsage of job (MB)
	28096  -  ResidentSetSize of job (KB)
...
006 (6053420.000.000) 08/17 01:26:15 Image size of job updated: 95004
	93  -  MemoryUsage of job (MB)
	95004  -  ResidentSetSize of job (KB)
...
006 (6053420.000.000) 08/17 01:36:15 Image size of job updated: 95172
	93  -  MemoryUsage of job (MB)
	95172  -  ResidentSetSize of job (KB)
...
006 (6053420.000.000) 08/17 01:46:16 Image size of job updated: 95336
	94  -  MemoryUsage of job (MB)
	95336  -  ResidentSetSize of job (KB)
...
006 (6053420.000.000) 08/17 01:51:17 Image size of job updated: 95340
	94  -  MemoryUsage of job (MB)
	95340  -  ResidentSetSize of job (KB)
...
006 (6053420.000.000) 08/17 02:01:18 Image size of job updated: 95508
	94  -  MemoryUsage of job (MB)
	95508  -  ResidentSetSize of job (KB)
...
006 (6053420.000.000) 08/17 02:06:19 Image size of job updated: 95680
	94  -  MemoryUsage of job (MB)
	95680  -  ResidentSetSize of job (KB)
...
040 (6053420.000.000) 08/17 02:10:08 Started transferring output files
...
040 (6053420.000.000) 08/17 02:10:08 Finished transferring output files
...
005 (6053420.000.000) 08/17 02:10:08 Job terminated.
	(1) Normal termination (return value 0)
		Usr 0 00:48:37, Sys 0 00:00:06  -  Run Remote Usage
		Usr 0 00:00:00, Sys 0 00:00:00  -  Run Local Usage
		Usr 0 00:48:37, Sys 0 00:00:06  -  Total Remote Usage
		Usr 0 00:00:00, Sys 0 00:00:00  -  Total Local Usage
	16963  -  Run Bytes Sent By Job
	1271  -  Run Bytes Received By Job
	16963  -  Total Bytes Sent By Job
	1271  -  Total Bytes Received By Job
	Partitionable Resources :    Usage  Request Allocated 
	   Cpus                 :     1.00        1         1 
	   Disk (KB)            : 39670     6144000   6144985 
	   GPUs                 :                           0 
	   Memory (MB)          :    94        3000      3000 
	   TimeExecute (s)      :  2943                       
	   TimeSlotBusy (s)     :  2944                       
...
