000 (6053145.000.000) 08/17 01:15:07 Job submitted from host: <188.185.133.2:9618?addrs=188.185.133.2-9618+[2001-1458-d03-2--100-208]-9618&alias=bigbird102.cern.ch&noUDP&sock=schedd_5723_1498>
    DAG Node: P_W15_LL_M1_A07_S5
...
040 (6053145.000.000) 08/17 01:17:20 Started transferring input files
	Transferring to host: <128.142.33.11:9618?addrs=128.142.33.11-9618+[2001-1458-301-53--100-8]-9618&alias=b9g34p4862.cern.ch&noUDP&sock=slot1_19_5890_c9a9_29975>
...
040 (6053145.000.000) 08/17 01:17:20 Finished transferring input files
...
001 (6053145.000.000) 08/17 01:17:21 Job executing on host: <128.142.33.11:9618?addrs=128.142.33.11-9618+[2001-1458-301-53--100-8]-9618&alias=b9g34p4862.cern.ch&noUDP&sock=startd_4802_59df>
	SlotName: slot1_19@b9g34p4862.cern.ch
	CondorScratchDir = "/pool/condor/dir_3748226"
	Cpus = 1
	Disk = 6146716
	GPUs = 0
	Memory = 3000
...
006 (6053145.000.000) 08/17 01:17:30 Image size of job updated: 32496
	30  -  MemoryUsage of job (MB)
	30604  -  ResidentSetSize of job (KB)
...
006 (6053145.000.000) 08/17 01:22:31 Image size of job updated: 138808
	136  -  MemoryUsage of job (MB)
	138808  -  ResidentSetSize of job (KB)
...
006 (6053145.000.000) 08/17 01:27:31 Image size of job updated: 150412
	147  -  MemoryUsage of job (MB)
	150412  -  ResidentSetSize of job (KB)
...
006 (6053145.000.000) 08/17 01:32:31 Image size of job updated: 161812
	159  -  MemoryUsage of job (MB)
	161812  -  ResidentSetSize of job (KB)
...
006 (6053145.000.000) 08/17 01:37:32 Image size of job updated: 172664
	169  -  MemoryUsage of job (MB)
	172664  -  ResidentSetSize of job (KB)
...
006 (6053145.000.000) 08/17 01:42:32 Image size of job updated: 184112
	180  -  MemoryUsage of job (MB)
	184112  -  ResidentSetSize of job (KB)
...
006 (6053145.000.000) 08/17 01:47:33 Image size of job updated: 206476
	202  -  MemoryUsage of job (MB)
	206476  -  ResidentSetSize of job (KB)
...
006 (6053145.000.000) 08/17 01:52:34 Image size of job updated: 217696
	213  -  MemoryUsage of job (MB)
	217696  -  ResidentSetSize of job (KB)
...
006 (6053145.000.000) 08/17 01:55:37 Image size of job updated: 219928
	213  -  MemoryUsage of job (MB)
	217696  -  ResidentSetSize of job (KB)
...
040 (6053145.000.000) 08/17 01:55:37 Started transferring output files
...
040 (6053145.000.000) 08/17 01:55:37 Finished transferring output files
...
005 (6053145.000.000) 08/17 01:55:37 Job terminated.
	(1) Normal termination (return value 0)
		Usr 0 00:37:51, Sys 0 00:00:06  -  Run Remote Usage
		Usr 0 00:00:00, Sys 0 00:00:00  -  Run Local Usage
		Usr 0 00:37:51, Sys 0 00:00:06  -  Total Remote Usage
		Usr 0 00:00:00, Sys 0 00:00:00  -  Total Local Usage
	17204  -  Run Bytes Sent By Job
	1275  -  Run Bytes Received By Job
	17204  -  Total Bytes Sent By Job
	1275  -  Total Bytes Received By Job
	Partitionable Resources :    Usage  Request Allocated 
	   Cpus                 :     0.99        1         1 
	   Disk (KB)            : 39633     6144000   6146716 
	   GPUs                 :                           0 
	   Memory (MB)          :   213        3000      3000 
	   TimeExecute (s)      :  2296                       
	   TimeSlotBusy (s)     :  2297                       
...
