000 (6053680.000.000) 08/17 01:30:26 Job submitted from host: <188.185.133.2:9618?addrs=188.185.133.2-9618+[2001-1458-d03-2--100-208]-9618&alias=bigbird102.cern.ch&noUDP&sock=schedd_5723_1498>
    DAG Node: C_W15_II_M0_A00_S0_F0
...
040 (6053680.000.000) 08/17 01:30:55 Started transferring input files
	Transferring to host: <188.185.196.159:9618?addrs=188.185.196.159-9618+[2001-1458-303-23--100-9b]-9618&alias=b9p16p2049.cern.ch&noUDP&sock=slot1_21_3322_6640_30704>
...
040 (6053680.000.000) 08/17 01:30:55 Finished transferring input files
...
001 (6053680.000.000) 08/17 01:30:56 Job executing on host: <188.185.196.159:9618?addrs=188.185.196.159-9618+[2001-1458-303-23--100-9b]-9618&alias=b9p16p2049.cern.ch&noUDP&sock=startd_2554_68f8>
	SlotName: slot1_21@b9p16p2049.cern.ch
	CondorScratchDir = "/pool/condor/dir_2795252"
	Cpus = 1
	Disk = 6146758
	GPUs = 0
	Memory = 3000
...
006 (6053680.000.000) 08/17 01:31:04 Image size of job updated: 32836
	33  -  MemoryUsage of job (MB)
	32836  -  ResidentSetSize of job (KB)
...
006 (6053680.000.000) 08/17 01:36:04 Image size of job updated: 96000
	94  -  MemoryUsage of job (MB)
	96000  -  ResidentSetSize of job (KB)
...
006 (6053680.000.000) 08/17 01:41:05 Image size of job updated: 96676
	95  -  MemoryUsage of job (MB)
	96676  -  ResidentSetSize of job (KB)
...
006 (6053680.000.000) 08/17 01:46:05 Image size of job updated: 108092
	106  -  MemoryUsage of job (MB)
	108092  -  ResidentSetSize of job (KB)
...
006 (6053680.000.000) 08/17 01:51:06 Image size of job updated: 118936
	117  -  MemoryUsage of job (MB)
	118936  -  ResidentSetSize of job (KB)
...
006 (6053680.000.000) 08/17 02:00:04 Image size of job updated: 118944
	117  -  MemoryUsage of job (MB)
	118936  -  ResidentSetSize of job (KB)
...
040 (6053680.000.000) 08/17 02:00:04 Started transferring output files
...
040 (6053680.000.000) 08/17 02:00:04 Finished transferring output files
...
005 (6053680.000.000) 08/17 02:00:04 Job terminated.
	(1) Normal termination (return value 0)
		Usr 0 00:28:42, Sys 0 00:00:06  -  Run Remote Usage
		Usr 0 00:00:00, Sys 0 00:00:00  -  Run Local Usage
		Usr 0 00:28:42, Sys 0 00:00:06  -  Total Remote Usage
		Usr 0 00:00:00, Sys 0 00:00:00  -  Total Local Usage
	17363  -  Run Bytes Sent By Job
	1271  -  Run Bytes Received By Job
	17363  -  Total Bytes Sent By Job
	1271  -  Total Bytes Received By Job
	Partitionable Resources :    Usage  Request Allocated 
	   Cpus                 :     0.99        1         1 
	   Disk (KB)            : 39671     6144000   6146758 
	   GPUs                 :                           0 
	   Memory (MB)          :   117        3000      3000 
	   TimeExecute (s)      :  1748                       
	   TimeSlotBusy (s)     :  1749                       
...
