000 (6053149.000.000) 08/17 01:15:07 Job submitted from host: <188.185.133.2:9618?addrs=188.185.133.2-9618+[2001-1458-d03-2--100-208]-9618&alias=bigbird102.cern.ch&noUDP&sock=schedd_5723_1498>
    DAG Node: P_W15_LL_M2_A10_S1
...
040 (6053149.000.000) 08/17 01:17:22 Started transferring input files
	Transferring to host: <188.185.192.85:9618?addrs=188.185.192.85-9618+[2001-1458-303-1f--100-51]-9618&alias=b9p13p6636.cern.ch&noUDP&sock=slot1_16_5840_8ee7_31098>
...
040 (6053149.000.000) 08/17 01:17:22 Finished transferring input files
...
001 (6053149.000.000) 08/17 01:17:23 Job executing on host: <188.185.192.85:9618?addrs=188.185.192.85-9618+[2001-1458-303-1f--100-51]-9618&alias=b9p13p6636.cern.ch&noUDP&sock=startd_4459_14e3>
	SlotName: slot1_16@b9p13p6636.cern.ch
	CondorScratchDir = "/pool/condor/dir_3695518"
	Cpus = 1
	Disk = 6146856
	GPUs = 0
	Memory = 3000
...
006 (6053149.000.000) 08/17 01:17:32 Image size of job updated: 33212
	33  -  MemoryUsage of job (MB)
	33212  -  ResidentSetSize of job (KB)
...
006 (6053149.000.000) 08/17 01:22:22 Image size of job updated: 117860
	33  -  MemoryUsage of job (MB)
	33232  -  ResidentSetSize of job (KB)
...
040 (6053149.000.000) 08/17 01:22:23 Started transferring output files
...
040 (6053149.000.000) 08/17 01:22:23 Finished transferring output files
...
005 (6053149.000.000) 08/17 01:22:23 Job terminated.
	(1) Normal termination (return value 0)
		Usr 0 00:04:44, Sys 0 00:00:04  -  Run Remote Usage
		Usr 0 00:00:00, Sys 0 00:00:00  -  Run Local Usage
		Usr 0 00:04:44, Sys 0 00:00:04  -  Total Remote Usage
		Usr 0 00:00:00, Sys 0 00:00:00  -  Total Local Usage
	16610  -  Run Bytes Sent By Job
	1275  -  Run Bytes Received By Job
	16610  -  Total Bytes Sent By Job
	1275  -  Total Bytes Received By Job
	Partitionable Resources :    Usage  Request Allocated 
	   Cpus                 :     0.99        1         1 
	   Disk (KB)            :  8406     6144000   6146856 
	   GPUs                 :                           0 
	   Memory (MB)          :    33        3000      3000 
	   TimeExecute (s)      :   299                       
	   TimeSlotBusy (s)     :   302                       
...
