000 (6053394.000.000) 08/17 01:19:49 Job submitted from host: <188.185.133.2:9618?addrs=188.185.133.2-9618+[2001-1458-d03-2--100-208]-9618&alias=bigbird102.cern.ch&noUDP&sock=schedd_5723_1498>
    DAG Node: C_W15_HH_M1_A07_S2_F0
...
040 (6053394.000.000) 08/17 01:19:52 Started transferring input files
	Transferring to host: <188.185.194.42:9618?addrs=188.185.194.42-9618+[2001-1458-303-21--100-26]-9618&alias=b9p20p1111.cern.ch&noUDP&sock=slot1_41_1561662_e74a_28899>
...
040 (6053394.000.000) 08/17 01:19:52 Finished transferring input files
...
001 (6053394.000.000) 08/17 01:19:53 Job executing on host: <188.185.194.42:9618?addrs=188.185.194.42-9618+[2001-1458-303-21--100-26]-9618&alias=b9p20p1111.cern.ch&noUDP&sock=startd_3721_dffe>
	SlotName: slot1_41@b9p20p1111.cern.ch
	CondorScratchDir = "/pool/condor/dir_2808693"
	Cpus = 1
	Disk = 6164332
	GPUs = 0
	Memory = 3000
...
006 (6053394.000.000) 08/17 01:20:01 Image size of job updated: 27912
	28  -  MemoryUsage of job (MB)
	27912  -  ResidentSetSize of job (KB)
...
006 (6053394.000.000) 08/17 01:21:27 Image size of job updated: 226424
	28  -  MemoryUsage of job (MB)
	28164  -  ResidentSetSize of job (KB)
...
040 (6053394.000.000) 08/17 01:21:27 Started transferring output files
...
040 (6053394.000.000) 08/17 01:21:27 Finished transferring output files
...
005 (6053394.000.000) 08/17 01:21:27 Job terminated.
	(1) Normal termination (return value 0)
		Usr 0 00:01:27, Sys 0 00:00:04  -  Run Remote Usage
		Usr 0 00:00:00, Sys 0 00:00:00  -  Run Local Usage
		Usr 0 00:01:27, Sys 0 00:00:04  -  Total Remote Usage
		Usr 0 00:00:00, Sys 0 00:00:00  -  Total Local Usage
	17557  -  Run Bytes Sent By Job
	1271  -  Run Bytes Received By Job
	17557  -  Total Bytes Sent By Job
	1271  -  Total Bytes Received By Job
	Partitionable Resources :    Usage  Request Allocated 
	   Cpus                 :     0.43        1         1 
	   Disk (KB)            : 39051     6144000   6164332 
	   GPUs                 :                           0 
	   Memory (MB)          :    28        3000      3000 
	   TimeExecute (s)      :    94                       
	   TimeSlotBusy (s)     :    96                       
...
