000 (6053858.000.000) 08/17 01:53:01 Job submitted from host: <188.185.133.2:9618?addrs=188.185.133.2-9618+[2001-1458-d03-2--100-208]-9618&alias=bigbird102.cern.ch&noUDP&sock=schedd_5723_1498>
    DAG Node: C_W15_IH_M1_A07_S5_F0
...
040 (6053858.000.000) 08/17 01:53:02 Started transferring input files
	Transferring to host: <188.185.195.26:9618?addrs=188.185.195.26-9618+[2001-1458-303-22--100-16]-9618&alias=b9p17p1611.cern.ch&noUDP&sock=slot1_23_4714_3079_31293>
...
040 (6053858.000.000) 08/17 01:53:02 Finished transferring input files
...
001 (6053858.000.000) 08/17 01:53:03 Job executing on host: <188.185.195.26:9618?addrs=188.185.195.26-9618+[2001-1458-303-22--100-16]-9618&alias=b9p17p1611.cern.ch&noUDP&sock=startd_3729_5cc0>
	SlotName: slot1_23@b9p17p1611.cern.ch
	CondorScratchDir = "/pool/condor/dir_3927722"
	Cpus = 1
	Disk = 6144602
	GPUs = 0
	Memory = 3000
...
006 (6053858.000.000) 08/17 01:53:11 Image size of job updated: 58024
	57  -  MemoryUsage of job (MB)
	58024  -  ResidentSetSize of job (KB)
...
006 (6053858.000.000) 08/17 01:58:11 Image size of job updated: 96500
	95  -  MemoryUsage of job (MB)
	96500  -  ResidentSetSize of job (KB)
...
006 (6053858.000.000) 08/17 02:03:12 Image size of job updated: 108588
	107  -  MemoryUsage of job (MB)
	108588  -  ResidentSetSize of job (KB)
...
006 (6053858.000.000) 08/17 02:08:12 Image size of job updated: 108596
	107  -  MemoryUsage of job (MB)
	108596  -  ResidentSetSize of job (KB)
...
006 (6053858.000.000) 08/17 02:13:13 Image size of job updated: 119436
	117  -  MemoryUsage of job (MB)
	119436  -  ResidentSetSize of job (KB)
...
006 (6053858.000.000) 08/17 02:14:11 Image size of job updated: 119440
	117  -  MemoryUsage of job (MB)
	119436  -  ResidentSetSize of job (KB)
...
040 (6053858.000.000) 08/17 02:14:11 Started transferring output files
...
040 (6053858.000.000) 08/17 02:14:11 Finished transferring output files
...
005 (6053858.000.000) 08/17 02:14:12 Job terminated.
	(1) Normal termination (return value 0)
		Usr 0 00:20:50, Sys 0 00:00:05  -  Run Remote Usage
		Usr 0 00:00:00, Sys 0 00:00:00  -  Run Local Usage
		Usr 0 00:20:50, Sys 0 00:00:05  -  Total Remote Usage
		Usr 0 00:00:00, Sys 0 00:00:00  -  Total Local Usage
	17698  -  Run Bytes Sent By Job
	1271  -  Run Bytes Received By Job
	17698  -  Total Bytes Sent By Job
	1271  -  Total Bytes Received By Job
	Partitionable Resources :    Usage  Request Allocated 
	   Cpus                 :     0.99        1         1 
	   Disk (KB)            : 39673     6144000   6144602 
	   GPUs                 :                           0 
	   Memory (MB)          :   117        3000      3000 
	   TimeExecute (s)      :  1268                       
	   TimeSlotBusy (s)     :  1269                       
...
