000 (6053391.000.000) 08/17 01:19:49 Job submitted from host: <188.185.133.2:9618?addrs=188.185.133.2-9618+[2001-1458-d03-2--100-208]-9618&alias=bigbird102.cern.ch&noUDP&sock=schedd_5723_1498>
    DAG Node: C_W15_II_M2_A10_S5_F2
...
040 (6053391.000.000) 08/17 01:19:50 Started transferring input files
	Transferring to host: <188.185.192.136:9618?addrs=188.185.192.136-9618+[2001-1458-303-1f--100-84]-9618&alias=b9p13p7065.cern.ch&noUDP&sock=slot1_42_6594_d1c5_30593>
...
040 (6053391.000.000) 08/17 01:19:50 Finished transferring input files
...
001 (6053391.000.000) 08/17 01:19:51 Job executing on host: <188.185.192.136:9618?addrs=188.185.192.136-9618+[2001-1458-303-1f--100-84]-9618&alias=b9p13p7065.cern.ch&noUDP&sock=startd_5955_3691>
	SlotName: slot1_42@b9p13p7065.cern.ch
	CondorScratchDir = "/pool/condor/dir_1745034"
	Cpus = 1
	Disk = 6145091
	GPUs = 0
	Memory = 3000
...
006 (6053391.000.000) 08/17 01:20:00 Image size of job updated: 49744
	49  -  MemoryUsage of job (MB)
	49744  -  ResidentSetSize of job (KB)
...
006 (6053391.000.000) 08/17 01:25:01 Image size of job updated: 96012
	94  -  MemoryUsage of job (MB)
	96012  -  ResidentSetSize of job (KB)
...
006 (6053391.000.000) 08/17 01:55:03 Image size of job updated: 96180
	94  -  MemoryUsage of job (MB)
	96180  -  ResidentSetSize of job (KB)
...
006 (6053391.000.000) 08/17 02:00:04 Image size of job updated: 96348
	95  -  MemoryUsage of job (MB)
	96348  -  ResidentSetSize of job (KB)
...
006 (6053391.000.000) 08/17 02:10:05 Image size of job updated: 96688
	95  -  MemoryUsage of job (MB)
	96688  -  ResidentSetSize of job (KB)
...
040 (6053391.000.000) 08/17 02:20:36 Started transferring output files
...
040 (6053391.000.000) 08/17 02:20:36 Finished transferring output files
...
005 (6053391.000.000) 08/17 02:20:36 Job terminated.
	(1) Normal termination (return value 0)
		Usr 0 01:00:09, Sys 0 00:00:07  -  Run Remote Usage
		Usr 0 00:00:00, Sys 0 00:00:00  -  Run Local Usage
		Usr 0 01:00:09, Sys 0 00:00:07  -  Total Remote Usage
		Usr 0 00:00:00, Sys 0 00:00:00  -  Total Local Usage
	16964  -  Run Bytes Sent By Job
	1271  -  Run Bytes Received By Job
	16964  -  Total Bytes Sent By Job
	1271  -  Total Bytes Received By Job
	Partitionable Resources :    Usage  Request Allocated 
	   Cpus                 :     0.99        1         1 
	   Disk (KB)            : 39669     6144000   6145091 
	   GPUs                 :                           0 
	   Memory (MB)          :    95        3000      3000 
	   TimeExecute (s)      :  3645                       
	   TimeSlotBusy (s)     :  3646                       
...
