000 (6053247.000.000) 08/17 01:15:14 Job submitted from host: <188.185.133.2:9618?addrs=188.185.133.2-9618+[2001-1458-d03-2--100-208]-9618&alias=bigbird102.cern.ch&noUDP&sock=schedd_5723_1498>
    DAG Node: P_W15_II_M2_A10_S3
...
040 (6053247.000.000) 08/17 01:17:54 Started transferring input files
	Transferring to host: <188.185.196.99:9618?addrs=188.185.196.99-9618+[2001-1458-303-23--100-5f]-9618&alias=b9p16p0159.cern.ch&noUDP&sock=slot1_11_3864_4996_40707>
...
040 (6053247.000.000) 08/17 01:17:54 Finished transferring input files
...
001 (6053247.000.000) 08/17 01:17:55 Job executing on host: <188.185.196.99:9618?addrs=188.185.196.99-9618+[2001-1458-303-23--100-5f]-9618&alias=b9p16p0159.cern.ch&noUDP&sock=startd_3016_4db9>
	SlotName: slot1_11@b9p16p0159.cern.ch
	CondorScratchDir = "/pool/condor/dir_1330969"
	Cpus = 1
	Disk = 6146902
	GPUs = 0
	Memory = 3000
...
006 (6053247.000.000) 08/17 01:18:03 Image size of job updated: 45672
	45  -  MemoryUsage of job (MB)
	45672  -  ResidentSetSize of job (KB)
...
006 (6053247.000.000) 08/17 01:19:00 Image size of job updated: 111788
	45  -  MemoryUsage of job (MB)
	45672  -  ResidentSetSize of job (KB)
...
040 (6053247.000.000) 08/17 01:19:00 Started transferring output files
...
040 (6053247.000.000) 08/17 01:19:00 Finished transferring output files
...
005 (6053247.000.000) 08/17 01:19:00 Job terminated.
	(1) Normal termination (return value 0)
		Usr 0 00:00:59, Sys 0 00:00:02  -  Run Remote Usage
		Usr 0 00:00:00, Sys 0 00:00:00  -  Run Local Usage
		Usr 0 00:00:59, Sys 0 00:00:02  -  Total Remote Usage
		Usr 0 00:00:00, Sys 0 00:00:00  -  Total Local Usage
	16608  -  Run Bytes Sent By Job
	1275  -  Run Bytes Received By Job
	16608  -  Total Bytes Sent By Job
	1275  -  Total Bytes Received By Job
	Partitionable Resources :    Usage  Request Allocated 
	   Cpus                 :     0.26        1         1 
	   Disk (KB)            :  8972     6144000   6146902 
	   GPUs                 :                           0 
	   Memory (MB)          :    45        3000      3000 
	   TimeExecute (s)      :    65                       
	   TimeSlotBusy (s)     :    66                       
...
