000 (6053134.000.000) 08/17 01:15:07 Job submitted from host: <188.185.133.2:9618?addrs=188.185.133.2-9618+[2001-1458-d03-2--100-208]-9618&alias=bigbird102.cern.ch&noUDP&sock=schedd_5723_1498>
    DAG Node: P_W15_LL_M0_A00_S2
...
040 (6053134.000.000) 08/17 01:17:17 Started transferring input files
	Transferring to host: <128.142.162.99:9618?addrs=128.142.162.99-9618+[2001-1458-301-7d--100-1c]-9618&alias=b9g42p2003.cern.ch&noUDP&sock=slot1_16_4355_3dca_22049>
...
040 (6053134.000.000) 08/17 01:17:17 Finished transferring input files
...
001 (6053134.000.000) 08/17 01:17:18 Job executing on host: <128.142.162.99:9618?addrs=128.142.162.99-9618+[2001-1458-301-7d--100-1c]-9618&alias=b9g42p2003.cern.ch&noUDP&sock=startd_4004_fd4b>
	SlotName: slot1_16@b9g42p2003.cern.ch
	CondorScratchDir = "/pool/condor/dir_1481240"
	Cpus = 1
	Disk = 6146769
	GPUs = 0
	Memory = 3000
...
006 (6053134.000.000) 08/17 01:17:26 Image size of job updated: 45116
	45  -  MemoryUsage of job (MB)
	45116  -  ResidentSetSize of job (KB)
...
006 (6053134.000.000) 08/17 01:22:26 Image size of job updated: 150360
	147  -  MemoryUsage of job (MB)
	150360  -  ResidentSetSize of job (KB)
...
006 (6053134.000.000) 08/17 01:24:49 Image size of job updated: 163984
	147  -  MemoryUsage of job (MB)
	150360  -  ResidentSetSize of job (KB)
...
040 (6053134.000.000) 08/17 01:24:49 Started transferring output files
...
040 (6053134.000.000) 08/17 01:24:49 Finished transferring output files
...
005 (6053134.000.000) 08/17 01:24:50 Job terminated.
	(1) Normal termination (return value 0)
		Usr 0 00:07:21, Sys 0 00:00:04  -  Run Remote Usage
		Usr 0 00:00:00, Sys 0 00:00:00  -  Run Local Usage
		Usr 0 00:07:21, Sys 0 00:00:04  -  Total Remote Usage
		Usr 0 00:00:00, Sys 0 00:00:00  -  Total Local Usage
	16874  -  Run Bytes Sent By Job
	1275  -  Run Bytes Received By Job
	16874  -  Total Bytes Sent By Job
	1275  -  Total Bytes Received By Job
	Partitionable Resources :    Usage  Request Allocated 
	   Cpus                 :     0.99        1         1 
	   Disk (KB)            : 39628     6144000   6146769 
	   GPUs                 :                           0 
	   Memory (MB)          :   147        3000      3000 
	   TimeExecute (s)      :   451                       
	   TimeSlotBusy (s)     :   452                       
...
