000 (6053137.000.000) 08/17 01:15:07 Job submitted from host: <188.185.133.2:9618?addrs=188.185.133.2-9618+[2001-1458-d03-2--100-208]-9618&alias=bigbird102.cern.ch&noUDP&sock=schedd_5723_1498>
    DAG Node: P_W15_LL_M0_A00_S5
...
040 (6053137.000.000) 08/17 01:17:17 Started transferring input files
	Transferring to host: <128.142.162.109:9618?addrs=128.142.162.109-9618+[2001-1458-301-7d--100-26]-9618&alias=b9g42p2009.cern.ch&noUDP&sock=slot1_20_3790_25d3_22286>
...
040 (6053137.000.000) 08/17 01:17:17 Finished transferring input files
...
001 (6053137.000.000) 08/17 01:17:18 Job executing on host: <128.142.162.109:9618?addrs=128.142.162.109-9618+[2001-1458-301-7d--100-26]-9618&alias=b9g42p2009.cern.ch&noUDP&sock=startd_3467_a6f0>
	SlotName: slot1_20@b9g42p2009.cern.ch
	CondorScratchDir = "/pool/condor/dir_537851"
	Cpus = 1
	Disk = 6146811
	GPUs = 0
	Memory = 3000
...
006 (6053137.000.000) 08/17 01:17:26 Image size of job updated: 51480
	51  -  MemoryUsage of job (MB)
	51480  -  ResidentSetSize of job (KB)
...
006 (6053137.000.000) 08/17 01:22:26 Image size of job updated: 146300
	143  -  MemoryUsage of job (MB)
	146300  -  ResidentSetSize of job (KB)
...
006 (6053137.000.000) 08/17 01:25:32 Image size of job updated: 159928
	143  -  MemoryUsage of job (MB)
	146300  -  ResidentSetSize of job (KB)
...
040 (6053137.000.000) 08/17 01:25:32 Started transferring output files
...
040 (6053137.000.000) 08/17 01:25:32 Finished transferring output files
...
005 (6053137.000.000) 08/17 01:25:32 Job terminated.
	(1) Normal termination (return value 0)
		Usr 0 00:08:04, Sys 0 00:00:04  -  Run Remote Usage
		Usr 0 00:00:00, Sys 0 00:00:00  -  Run Local Usage
		Usr 0 00:08:04, Sys 0 00:00:04  -  Total Remote Usage
		Usr 0 00:00:00, Sys 0 00:00:00  -  Total Local Usage
	16871  -  Run Bytes Sent By Job
	1275  -  Run Bytes Received By Job
	16871  -  Total Bytes Sent By Job
	1275  -  Total Bytes Received By Job
	Partitionable Resources :    Usage  Request Allocated 
	   Cpus                 :        0        1         1 
	   Disk (KB)            :    39627  6144000   6146811 
	   GPUs                 :                           0 
	   Memory (MB)          :      143     3000      3000 
	   TimeExecute (s)      :      494                    
	   TimeSlotBusy (s)     :      496                    
...
