000 (6053336.000.000) 08/17 01:15:26 Job submitted from host: <188.185.133.2:9618?addrs=188.185.133.2-9618+[2001-1458-d03-2--100-208]-9618&alias=bigbird102.cern.ch&noUDP&sock=schedd_5723_1498>
    DAG Node: P_W15_HH_M1_A07_S4
...
040 (6053336.000.000) 08/17 01:18:24 Started transferring input files
	Transferring to host: <128.142.248.244:9618?addrs=128.142.248.244-9618+[2001-1458-301-73--100-f3]-9618&alias=b9g23p9220.cern.ch&noUDP&sock=slot1_24_5234_938e_23555>
...
040 (6053336.000.000) 08/17 01:18:24 Finished transferring input files
...
001 (6053336.000.000) 08/17 01:18:25 Job executing on host: <128.142.248.244:9618?addrs=128.142.248.244-9618+[2001-1458-301-73--100-f3]-9618&alias=b9g23p9220.cern.ch&noUDP&sock=startd_4057_57d0>
	SlotName: slot1_24@b9g23p9220.cern.ch
	CondorScratchDir = "/pool/condor/dir_2516747"
	Cpus = 1
	Disk = 6147037
	GPUs = 0
	Memory = 3000
...
006 (6053336.000.000) 08/17 01:18:34 Image size of job updated: 11620
	12  -  MemoryUsage of job (MB)
	11620  -  ResidentSetSize of job (KB)
...
006 (6053336.000.000) 08/17 01:19:39 Image size of job updated: 208860
	12  -  MemoryUsage of job (MB)
	11664  -  ResidentSetSize of job (KB)
...
040 (6053336.000.000) 08/17 01:19:39 Started transferring output files
...
040 (6053336.000.000) 08/17 01:19:39 Finished transferring output files
...
005 (6053336.000.000) 08/17 01:19:39 Job terminated.
	(1) Normal termination (return value 0)
		Usr 0 00:00:50, Sys 0 00:00:04  -  Run Remote Usage
		Usr 0 00:00:00, Sys 0 00:00:00  -  Run Local Usage
		Usr 0 00:00:50, Sys 0 00:00:04  -  Total Remote Usage
		Usr 0 00:00:00, Sys 0 00:00:00  -  Total Local Usage
	17143  -  Run Bytes Sent By Job
	1275  -  Run Bytes Received By Job
	17143  -  Total Bytes Sent By Job
	1275  -  Total Bytes Received By Job
	Partitionable Resources :    Usage  Request Allocated 
	   Cpus                 :                 1         1 
	   Disk (KB)            :       37  6144000   6147037 
	   GPUs                 :                           0 
	   Memory (MB)          :       12     3000      3000 
	   TimeExecute (s)      :       74                    
	   TimeSlotBusy (s)     :       76                    
...
