000 (6053567.000.000) 08/17 01:22:38 Job submitted from host: <188.185.133.2:9618?addrs=188.185.133.2-9618+[2001-1458-d03-2--100-208]-9618&alias=bigbird102.cern.ch&noUDP&sock=schedd_5723_1498>
    DAG Node: C_W15_HL_M2_A10_S4_F2
...
040 (6053567.000.000) 08/17 01:24:13 Started transferring input files
	Transferring to host: <188.185.193.184:9618?addrs=188.185.193.184-9618+[2001-1458-303-20--100-b4]-9618&alias=b9p19p7953.cern.ch&noUDP&sock=slot1_30_6426_72be_31047>
...
040 (6053567.000.000) 08/17 01:24:13 Finished transferring input files
...
001 (6053567.000.000) 08/17 01:24:14 Job executing on host: <188.185.193.184:9618?addrs=188.185.193.184-9618+[2001-1458-303-20--100-b4]-9618&alias=b9p19p7953.cern.ch&noUDP&sock=startd_5686_b397>
	SlotName: slot1_30@b9p19p7953.cern.ch
	CondorScratchDir = "/pool/condor/dir_252764"
	Cpus = 1
	Disk = 6146608
	GPUs = 0
	Memory = 3000
...
006 (6053567.000.000) 08/17 01:24:22 Image size of job updated: 13280
	13  -  MemoryUsage of job (MB)
	13280  -  ResidentSetSize of job (KB)
...
006 (6053567.000.000) 08/17 01:29:22 Image size of job updated: 95144
	93  -  MemoryUsage of job (MB)
	95144  -  ResidentSetSize of job (KB)
...
006 (6053567.000.000) 08/17 01:44:24 Image size of job updated: 95308
	94  -  MemoryUsage of job (MB)
	95308  -  ResidentSetSize of job (KB)
...
006 (6053567.000.000) 08/17 01:54:25 Image size of job updated: 95360
	94  -  MemoryUsage of job (MB)
	95360  -  ResidentSetSize of job (KB)
...
006 (6053567.000.000) 08/17 01:59:26 Image size of job updated: 95476
	94  -  MemoryUsage of job (MB)
	95476  -  ResidentSetSize of job (KB)
...
006 (6053567.000.000) 08/17 02:14:28 Image size of job updated: 95528
	94  -  MemoryUsage of job (MB)
	95528  -  ResidentSetSize of job (KB)
...
006 (6053567.000.000) 08/17 02:19:28 Image size of job updated: 95644
	94  -  MemoryUsage of job (MB)
	95644  -  ResidentSetSize of job (KB)
...
006 (6053567.000.000) 08/17 02:24:29 Image size of job updated: 95700
	94  -  MemoryUsage of job (MB)
	95700  -  ResidentSetSize of job (KB)
...
006 (6053567.000.000) 08/17 02:29:17 Image size of job updated: 95816
	94  -  MemoryUsage of job (MB)
	95700  -  ResidentSetSize of job (KB)
...
040 (6053567.000.000) 08/17 02:29:17 Started transferring output files
...
040 (6053567.000.000) 08/17 02:29:17 Finished transferring output files
...
005 (6053567.000.000) 08/17 02:29:18 Job terminated.
	(1) Normal termination (return value 0)
		Usr 0 01:04:10, Sys 0 00:00:08  -  Run Remote Usage
		Usr 0 00:00:00, Sys 0 00:00:00  -  Run Local Usage
		Usr 0 01:04:10, Sys 0 00:00:08  -  Total Remote Usage
		Usr 0 00:00:00, Sys 0 00:00:00  -  Total Local Usage
	16963  -  Run Bytes Sent By Job
	1271  -  Run Bytes Received By Job
	16963  -  Total Bytes Sent By Job
	1271  -  Total Bytes Received By Job
	Partitionable Resources :    Usage  Request Allocated 
	   Cpus                 :     0.99        1         1 
	   Disk (KB)            : 39669     6144000   6146608 
	   GPUs                 :                           0 
	   Memory (MB)          :    94        3000      3000 
	   TimeExecute (s)      :  3903                       
	   TimeSlotBusy (s)     :  3905                       
...
