000 (6053857.000.000) 08/17 01:52:36 Job submitted from host: <188.185.133.2:9618?addrs=188.185.133.2-9618+[2001-1458-d03-2--100-208]-9618&alias=bigbird102.cern.ch&noUDP&sock=schedd_5723_1498>
    DAG Node: C_W15_LI_M1_A07_S0_F0
...
040 (6053857.000.000) 08/17 01:52:46 Started transferring input files
	Transferring to host: <188.185.192.39:9618?addrs=188.185.192.39-9618+[2001-1458-303-1f--100-23]-9618&alias=b9p13p8738.cern.ch&noUDP&sock=slot1_20_10898_6074_30882>
...
040 (6053857.000.000) 08/17 01:52:46 Finished transferring input files
...
001 (6053857.000.000) 08/17 01:52:47 Job executing on host: <188.185.192.39:9618?addrs=188.185.192.39-9618+[2001-1458-303-1f--100-23]-9618&alias=b9p13p8738.cern.ch&noUDP&sock=startd_9202_6295>
	SlotName: slot1_20@b9p13p8738.cern.ch
	CondorScratchDir = "/pool/condor/dir_1520806"
	Cpus = 1
	Disk = 6146869
	GPUs = 0
	Memory = 3000
...
006 (6053857.000.000) 08/17 01:52:55 Image size of job updated: 59676
	59  -  MemoryUsage of job (MB)
	59676  -  ResidentSetSize of job (KB)
...
006 (6053857.000.000) 08/17 01:57:55 Image size of job updated: 108428
	106  -  MemoryUsage of job (MB)
	108428  -  ResidentSetSize of job (KB)
...
006 (6053857.000.000) 08/17 02:02:56 Image size of job updated: 119268
	117  -  MemoryUsage of job (MB)
	119268  -  ResidentSetSize of job (KB)
...
006 (6053857.000.000) 08/17 02:06:01 Image size of job updated: 119276
	117  -  MemoryUsage of job (MB)
	119268  -  ResidentSetSize of job (KB)
...
040 (6053857.000.000) 08/17 02:06:01 Started transferring output files
...
040 (6053857.000.000) 08/17 02:06:01 Finished transferring output files
...
005 (6053857.000.000) 08/17 02:06:01 Job terminated.
	(1) Normal termination (return value 0)
		Usr 0 00:13:03, Sys 0 00:00:04  -  Run Remote Usage
		Usr 0 00:00:00, Sys 0 00:00:00  -  Run Local Usage
		Usr 0 00:13:03, Sys 0 00:00:04  -  Total Remote Usage
		Usr 0 00:00:00, Sys 0 00:00:00  -  Total Local Usage
	17697  -  Run Bytes Sent By Job
	1271  -  Run Bytes Received By Job
	17697  -  Total Bytes Sent By Job
	1271  -  Total Bytes Received By Job
	Partitionable Resources :    Usage  Request Allocated 
	   Cpus                 :     0.99        1         1 
	   Disk (KB)            : 39672     6144000   6146869 
	   GPUs                 :                           0 
	   Memory (MB)          :   117        3000      3000 
	   TimeExecute (s)      :   794                       
	   TimeSlotBusy (s)     :   795                       
...
