000 (6053841.000.000) 08/17 01:49:48 Job submitted from host: <188.185.133.2:9618?addrs=188.185.133.2-9618+[2001-1458-d03-2--100-208]-9618&alias=bigbird102.cern.ch&noUDP&sock=schedd_5723_1498>
    DAG Node: C_W15_IL_M1_A07_S7_F0
...
040 (6053841.000.000) 08/17 01:51:23 Started transferring input files
	Transferring to host: <128.142.162.99:9618?addrs=128.142.162.99-9618+[2001-1458-301-7d--100-1c]-9618&alias=b9g42p2003.cern.ch&noUDP&sock=slot1_16_4355_3dca_22077>
...
040 (6053841.000.000) 08/17 01:51:23 Finished transferring input files
...
001 (6053841.000.000) 08/17 01:51:24 Job executing on host: <128.142.162.99:9618?addrs=128.142.162.99-9618+[2001-1458-301-7d--100-1c]-9618&alias=b9g42p2003.cern.ch&noUDP&sock=startd_4004_fd4b>
	SlotName: slot1_16@b9g42p2003.cern.ch
	CondorScratchDir = "/pool/condor/dir_1492746"
	Cpus = 1
	Disk = 6146781
	GPUs = 0
	Memory = 3000
...
006 (6053841.000.000) 08/17 01:51:33 Image size of job updated: 55572
	55  -  MemoryUsage of job (MB)
	55572  -  ResidentSetSize of job (KB)
...
006 (6053841.000.000) 08/17 01:56:34 Image size of job updated: 96308
	95  -  MemoryUsage of job (MB)
	96308  -  ResidentSetSize of job (KB)
...
006 (6053841.000.000) 08/17 02:01:35 Image size of job updated: 108232
	106  -  MemoryUsage of job (MB)
	108232  -  ResidentSetSize of job (KB)
...
006 (6053841.000.000) 08/17 02:06:35 Image size of job updated: 108236
	106  -  MemoryUsage of job (MB)
	108236  -  ResidentSetSize of job (KB)
...
006 (6053841.000.000) 08/17 02:11:36 Image size of job updated: 119076
	117  -  MemoryUsage of job (MB)
	119076  -  ResidentSetSize of job (KB)
...
006 (6053841.000.000) 08/17 02:16:36 Image size of job updated: 119080
	117  -  MemoryUsage of job (MB)
	119080  -  ResidentSetSize of job (KB)
...
006 (6053841.000.000) 08/17 02:20:27 Image size of job updated: 119084
	117  -  MemoryUsage of job (MB)
	119080  -  ResidentSetSize of job (KB)
...
040 (6053841.000.000) 08/17 02:20:27 Started transferring output files
...
040 (6053841.000.000) 08/17 02:20:27 Finished transferring output files
...
005 (6053841.000.000) 08/17 02:20:27 Job terminated.
	(1) Normal termination (return value 0)
		Usr 0 00:28:37, Sys 0 00:00:06  -  Run Remote Usage
		Usr 0 00:00:00, Sys 0 00:00:00  -  Run Local Usage
		Usr 0 00:28:37, Sys 0 00:00:06  -  Total Remote Usage
		Usr 0 00:00:00, Sys 0 00:00:00  -  Total Local Usage
	17697  -  Run Bytes Sent By Job
	1271  -  Run Bytes Received By Job
	17697  -  Total Bytes Sent By Job
	1271  -  Total Bytes Received By Job
	Partitionable Resources :    Usage  Request Allocated 
	   Cpus                 :     0.99        1         1 
	   Disk (KB)            : 39632     6144000   6146781 
	   GPUs                 :                           0 
	   Memory (MB)          :   117        3000      3000 
	   TimeExecute (s)      :  1743                       
	   TimeSlotBusy (s)     :  1744                       
...
