000 (6053856.000.000) 08/17 01:52:25 Job submitted from host: <188.185.133.2:9618?addrs=188.185.133.2-9618+[2001-1458-d03-2--100-208]-9618&alias=bigbird102.cern.ch&noUDP&sock=schedd_5723_1498>
    DAG Node: C_W15_IL_M1_A07_S3_F0
...
040 (6053856.000.000) 08/17 01:52:47 Started transferring input files
	Transferring to host: <188.185.193.119:9618?addrs=188.185.193.119-9618+[2001-1458-303-20--100-73]-9618&alias=b9p19p8142.cern.ch&noUDP&sock=slot1_5_5132_b54a_30715>
...
040 (6053856.000.000) 08/17 01:52:47 Finished transferring input files
...
001 (6053856.000.000) 08/17 01:52:48 Job executing on host: <188.185.193.119:9618?addrs=188.185.193.119-9618+[2001-1458-303-20--100-73]-9618&alias=b9p19p8142.cern.ch&noUDP&sock=startd_4174_9865>
	SlotName: slot1_5@b9p19p8142.cern.ch
	CondorScratchDir = "/pool/condor/dir_1037712"
	Cpus = 1
	Disk = 6146808
	GPUs = 0
	Memory = 3000
...
006 (6053856.000.000) 08/17 01:52:56 Image size of job updated: 32820
	33  -  MemoryUsage of job (MB)
	32820  -  ResidentSetSize of job (KB)
...
006 (6053856.000.000) 08/17 01:57:56 Image size of job updated: 96488
	95  -  MemoryUsage of job (MB)
	96488  -  ResidentSetSize of job (KB)
...
006 (6053856.000.000) 08/17 02:02:57 Image size of job updated: 108576
	107  -  MemoryUsage of job (MB)
	108576  -  ResidentSetSize of job (KB)
...
006 (6053856.000.000) 08/17 02:12:58 Image size of job updated: 119420
	117  -  MemoryUsage of job (MB)
	119420  -  ResidentSetSize of job (KB)
...
006 (6053856.000.000) 08/17 02:17:58 Image size of job updated: 119424
	117  -  MemoryUsage of job (MB)
	119424  -  ResidentSetSize of job (KB)
...
006 (6053856.000.000) 08/17 02:18:52 Image size of job updated: 119428
	117  -  MemoryUsage of job (MB)
	119424  -  ResidentSetSize of job (KB)
...
040 (6053856.000.000) 08/17 02:18:52 Started transferring output files
...
040 (6053856.000.000) 08/17 02:18:52 Finished transferring output files
...
005 (6053856.000.000) 08/17 02:18:52 Job terminated.
	(1) Normal termination (return value 0)
		Usr 0 00:25:41, Sys 0 00:00:05  -  Run Remote Usage
		Usr 0 00:00:00, Sys 0 00:00:00  -  Run Local Usage
		Usr 0 00:25:41, Sys 0 00:00:05  -  Total Remote Usage
		Usr 0 00:00:00, Sys 0 00:00:00  -  Total Local Usage
	17697  -  Run Bytes Sent By Job
	1271  -  Run Bytes Received By Job
	17697  -  Total Bytes Sent By Job
	1271  -  Total Bytes Received By Job
	Partitionable Resources :    Usage  Request Allocated 
	   Cpus                 :     0.99        1         1 
	   Disk (KB)            : 39673     6144000   6146808 
	   GPUs                 :                           0 
	   Memory (MB)          :   117        3000      3000 
	   TimeExecute (s)      :  1564                       
	   TimeSlotBusy (s)     :  1566                       
...
