000 (6053319.000.000) 08/17 01:15:16 Job submitted from host: <188.185.133.2:9618?addrs=188.185.133.2-9618+[2001-1458-d03-2--100-208]-9618&alias=bigbird102.cern.ch&noUDP&sock=schedd_5723_1498>
    DAG Node: P_W15_HI_M2_A10_S3
...
040 (6053319.000.000) 08/17 01:18:18 Started transferring input files
	Transferring to host: <188.185.197.127:9618?addrs=188.185.197.127-9618+[2001-1458-303-24--100-7b]-9618&alias=b9p14p8815.cern.ch&noUDP&sock=slot1_2_7005_67f6_23931>
...
040 (6053319.000.000) 08/17 01:18:18 Finished transferring input files
...
001 (6053319.000.000) 08/17 01:18:19 Job executing on host: <188.185.197.127:9618?addrs=188.185.197.127-9618+[2001-1458-303-24--100-7b]-9618&alias=b9p14p8815.cern.ch&noUDP&sock=startd_6227_c854>
	SlotName: slot1_2@b9p14p8815.cern.ch
	CondorScratchDir = "/pool/condor/dir_298010"
	Cpus = 1
	Disk = 6146445
	GPUs = 0
	Memory = 3000
...
006 (6053319.000.000) 08/17 01:18:28 Image size of job updated: 12908
	13  -  MemoryUsage of job (MB)
	12908  -  ResidentSetSize of job (KB)
...
006 (6053319.000.000) 08/17 01:19:15 Image size of job updated: 111748
	13  -  MemoryUsage of job (MB)
	12908  -  ResidentSetSize of job (KB)
...
040 (6053319.000.000) 08/17 01:19:15 Started transferring output files
...
040 (6053319.000.000) 08/17 01:19:15 Finished transferring output files
...
005 (6053319.000.000) 08/17 01:19:15 Job terminated.
	(1) Normal termination (return value 0)
		Usr 0 00:00:31, Sys 0 00:00:02  -  Run Remote Usage
		Usr 0 00:00:00, Sys 0 00:00:00  -  Run Local Usage
		Usr 0 00:00:31, Sys 0 00:00:02  -  Total Remote Usage
		Usr 0 00:00:00, Sys 0 00:00:00  -  Total Local Usage
	16607  -  Run Bytes Sent By Job
	1275  -  Run Bytes Received By Job
	16607  -  Total Bytes Sent By Job
	1275  -  Total Bytes Received By Job
	Partitionable Resources :    Usage  Request Allocated 
	   Cpus                 :        0        1         1 
	   Disk (KB)            :       45  6144000   6146445 
	   GPUs                 :                           0 
	   Memory (MB)          :       13     3000      3000 
	   TimeExecute (s)      :       56                    
	   TimeSlotBusy (s)     :       57                    
...
