000 (6053577.000.000) 08/17 01:24:44 Job submitted from host: <188.185.133.2:9618?addrs=188.185.133.2-9618+[2001-1458-d03-2--100-208]-9618&alias=bigbird102.cern.ch&noUDP&sock=schedd_5723_1498>
    DAG Node: C_W15_HI_M0_A00_S0_F0
...
040 (6053577.000.000) 08/17 01:24:44 Started transferring input files
	Transferring to host: <188.185.193.166:9618?addrs=188.185.193.166-9618+[2001-1458-303-20--100-a2]-9618&alias=b9p19p1307.cern.ch&noUDP&sock=slot1_16_727797_9375_28549>
...
040 (6053577.000.000) 08/17 01:24:44 Finished transferring input files
...
001 (6053577.000.000) 08/17 01:24:45 Job executing on host: <188.185.193.166:9618?addrs=188.185.193.166-9618+[2001-1458-303-20--100-a2]-9618&alias=b9p19p1307.cern.ch&noUDP&sock=startd_3068_f8a6>
	SlotName: slot1_16@b9p19p1307.cern.ch
	CondorScratchDir = "/pool/condor/dir_1452490"
	Cpus = 1
	Disk = 6154179
	GPUs = 0
	Memory = 3000
...
006 (6053577.000.000) 08/17 01:24:54 Image size of job updated: 60244
	59  -  MemoryUsage of job (MB)
	60244  -  ResidentSetSize of job (KB)
...
006 (6053577.000.000) 08/17 01:29:55 Image size of job updated: 92432
	91  -  MemoryUsage of job (MB)
	92432  -  ResidentSetSize of job (KB)
...
006 (6053577.000.000) 08/17 01:34:55 Image size of job updated: 104520
	103  -  MemoryUsage of job (MB)
	104520  -  ResidentSetSize of job (KB)
...
006 (6053577.000.000) 08/17 01:44:56 Image size of job updated: 115364
	113  -  MemoryUsage of job (MB)
	115364  -  ResidentSetSize of job (KB)
...
006 (6053577.000.000) 08/17 01:49:08 Image size of job updated: 115372
	113  -  MemoryUsage of job (MB)
	115364  -  ResidentSetSize of job (KB)
...
040 (6053577.000.000) 08/17 01:49:08 Started transferring output files
...
040 (6053577.000.000) 08/17 01:49:08 Finished transferring output files
...
005 (6053577.000.000) 08/17 01:49:08 Job terminated.
	(1) Normal termination (return value 0)
		Usr 0 00:23:50, Sys 0 00:00:06  -  Run Remote Usage
		Usr 0 00:00:00, Sys 0 00:00:00  -  Run Local Usage
		Usr 0 00:23:50, Sys 0 00:00:06  -  Total Remote Usage
		Usr 0 00:00:00, Sys 0 00:00:00  -  Total Local Usage
	17363  -  Run Bytes Sent By Job
	1271  -  Run Bytes Received By Job
	17363  -  Total Bytes Sent By Job
	1271  -  Total Bytes Received By Job
	Partitionable Resources :    Usage  Request Allocated 
	   Cpus                 :     0.99        1         1 
	   Disk (KB)            : 39671     6144000   6154179 
	   GPUs                 :                           0 
	   Memory (MB)          :   113        3000      3000 
	   TimeExecute (s)      :  1463                       
	   TimeSlotBusy (s)     :  1464                       
...
