000 (6053150.000.000) 08/17 01:15:07 Job submitted from host: <188.185.133.2:9618?addrs=188.185.133.2-9618+[2001-1458-d03-2--100-208]-9618&alias=bigbird102.cern.ch&noUDP&sock=schedd_5723_1498>
    DAG Node: P_W15_LL_M2_A10_S2
...
040 (6053150.000.000) 08/17 01:17:32 Started transferring input files
	Transferring to host: <188.185.192.96:9618?addrs=188.185.192.96-9618+[2001-1458-303-1f--100-5c]-9618&alias=b9p13p7489.cern.ch&noUDP&sock=slot1_27_6258_13b8_30789>
...
040 (6053150.000.000) 08/17 01:17:32 Finished transferring input files
...
001 (6053150.000.000) 08/17 01:17:33 Job executing on host: <188.185.192.96:9618?addrs=188.185.192.96-9618+[2001-1458-303-1f--100-5c]-9618&alias=b9p13p7489.cern.ch&noUDP&sock=startd_4689_d7ab>
	SlotName: slot1_27@b9p13p7489.cern.ch
	CondorScratchDir = "/pool/condor/dir_2145503"
	Cpus = 1
	Disk = 6146642
	GPUs = 0
	Memory = 3000
...
006 (6053150.000.000) 08/17 01:17:42 Image size of job updated: 28600
	28  -  MemoryUsage of job (MB)
	28600  -  ResidentSetSize of job (KB)
...
006 (6053150.000.000) 08/17 01:22:43 Image size of job updated: 113620
	111  -  MemoryUsage of job (MB)
	113620  -  ResidentSetSize of job (KB)
...
040 (6053150.000.000) 08/17 01:22:55 Started transferring output files
...
040 (6053150.000.000) 08/17 01:22:55 Finished transferring output files
...
005 (6053150.000.000) 08/17 01:22:56 Job terminated.
	(1) Normal termination (return value 0)
		Usr 0 00:05:01, Sys 0 00:00:05  -  Run Remote Usage
		Usr 0 00:00:00, Sys 0 00:00:00  -  Run Local Usage
		Usr 0 00:05:01, Sys 0 00:00:05  -  Total Remote Usage
		Usr 0 00:00:00, Sys 0 00:00:00  -  Total Local Usage
	16610  -  Run Bytes Sent By Job
	1275  -  Run Bytes Received By Job
	16610  -  Total Bytes Sent By Job
	1275  -  Total Bytes Received By Job
	Partitionable Resources :    Usage  Request Allocated 
	   Cpus                 :     0.83        1         1 
	   Disk (KB)            :  9650     6144000   6146642 
	   GPUs                 :                           0 
	   Memory (MB)          :   111        3000      3000 
	   TimeExecute (s)      :   322                       
	   TimeSlotBusy (s)     :   323                       
...
