000 (6053244.000.000) 08/17 01:15:14 Job submitted from host: <188.185.133.2:9618?addrs=188.185.133.2-9618+[2001-1458-d03-2--100-208]-9618&alias=bigbird102.cern.ch&noUDP&sock=schedd_5723_1498>
    DAG Node: P_W15_II_M2_A10_S0
...
040 (6053244.000.000) 08/17 01:17:54 Started transferring input files
	Transferring to host: <128.142.161.79:9618?addrs=128.142.161.79-9618+[2001-1458-301-b8--100-d]-9618&alias=b9g03p3647.cern.ch&noUDP&sock=slot1_8_5234_938e_38802>
...
040 (6053244.000.000) 08/17 01:17:54 Finished transferring input files
...
001 (6053244.000.000) 08/17 01:17:55 Job executing on host: <128.142.161.79:9618?addrs=128.142.161.79-9618+[2001-1458-301-b8--100-d]-9618&alias=b9g03p3647.cern.ch&noUDP&sock=startd_4324_7b9a>
	SlotName: slot1_8@b9g03p3647.cern.ch
	CondorScratchDir = "/pool/condor/dir_3349903"
	Cpus = 1
	Disk = 6144746
	GPUs = 0
	Memory = 3000
...
006 (6053244.000.000) 08/17 01:18:03 Image size of job updated: 18448
	19  -  MemoryUsage of job (MB)
	18448  -  ResidentSetSize of job (KB)
...
006 (6053244.000.000) 08/17 01:19:07 Image size of job updated: 115836
	19  -  MemoryUsage of job (MB)
	18612  -  ResidentSetSize of job (KB)
...
040 (6053244.000.000) 08/17 01:19:07 Started transferring output files
...
040 (6053244.000.000) 08/17 01:19:07 Finished transferring output files
...
005 (6053244.000.000) 08/17 01:19:07 Job terminated.
	(1) Normal termination (return value 0)
		Usr 0 00:00:53, Sys 0 00:00:02  -  Run Remote Usage
		Usr 0 00:00:00, Sys 0 00:00:00  -  Run Local Usage
		Usr 0 00:00:53, Sys 0 00:00:02  -  Total Remote Usage
		Usr 0 00:00:00, Sys 0 00:00:00  -  Total Local Usage
	16610  -  Run Bytes Sent By Job
	1275  -  Run Bytes Received By Job
	16610  -  Total Bytes Sent By Job
	1275  -  Total Bytes Received By Job
	Partitionable Resources :    Usage  Request Allocated 
	   Cpus                 :        0        1         1 
	   Disk (KB)            :     8378  6144000   6144746 
	   GPUs                 :                           0 
	   Memory (MB)          :       19     3000      3000 
	   TimeExecute (s)      :       72                    
	   TimeSlotBusy (s)     :       74                    
...
