000 (6053180.000.000) 08/17 01:15:07 Job submitted from host: <188.185.133.2:9618?addrs=188.185.133.2-9618+[2001-1458-d03-2--100-208]-9618&alias=bigbird102.cern.ch&noUDP&sock=schedd_5723_1498>
    DAG Node: P_W15_LH_M0_A00_S0
...
040 (6053180.000.000) 08/17 01:17:31 Started transferring input files
	Transferring to host: <188.185.193.186:9618?addrs=188.185.193.186-9618+[2001-1458-303-20--100-b6]-9618&alias=b9p19p6126.cern.ch&noUDP&sock=slot1_39_4252_ab26_30456>
...
040 (6053180.000.000) 08/17 01:17:31 Finished transferring input files
...
001 (6053180.000.000) 08/17 01:17:32 Job executing on host: <188.185.193.186:9618?addrs=188.185.193.186-9618+[2001-1458-303-20--100-b6]-9618&alias=b9p19p6126.cern.ch&noUDP&sock=startd_3145_c971>
	SlotName: slot1_39@b9p19p6126.cern.ch
	CondorScratchDir = "/pool/condor/dir_1156433"
	Cpus = 1
	Disk = 6146843
	GPUs = 0
	Memory = 3000
...
006 (6053180.000.000) 08/17 01:17:40 Image size of job updated: 32812
	33  -  MemoryUsage of job (MB)
	32812  -  ResidentSetSize of job (KB)
...
006 (6053180.000.000) 08/17 01:22:40 Image size of job updated: 150724
	148  -  MemoryUsage of job (MB)
	150724  -  ResidentSetSize of job (KB)
...
006 (6053180.000.000) 08/17 01:26:42 Image size of job updated: 164352
	148  -  MemoryUsage of job (MB)
	150724  -  ResidentSetSize of job (KB)
...
040 (6053180.000.000) 08/17 01:26:42 Started transferring output files
...
040 (6053180.000.000) 08/17 01:26:42 Finished transferring output files
...
005 (6053180.000.000) 08/17 01:26:42 Job terminated.
	(1) Normal termination (return value 0)
		Usr 0 00:08:49, Sys 0 00:00:05  -  Run Remote Usage
		Usr 0 00:00:00, Sys 0 00:00:00  -  Run Local Usage
		Usr 0 00:08:49, Sys 0 00:00:05  -  Total Remote Usage
		Usr 0 00:00:00, Sys 0 00:00:00  -  Total Local Usage
	16874  -  Run Bytes Sent By Job
	1275  -  Run Bytes Received By Job
	16874  -  Total Bytes Sent By Job
	1275  -  Total Bytes Received By Job
	Partitionable Resources :    Usage  Request Allocated 
	   Cpus                 :     0.99        1         1 
	   Disk (KB)            : 39668     6144000   6146843 
	   GPUs                 :                           0 
	   Memory (MB)          :   148        3000      3000 
	   TimeExecute (s)      :   550                       
	   TimeSlotBusy (s)     :   552                       
...
