000 (6053182.000.000) 08/17 01:15:08 Job submitted from host: <188.185.133.2:9618?addrs=188.185.133.2-9618+[2001-1458-d03-2--100-208]-9618&alias=bigbird102.cern.ch&noUDP&sock=schedd_5723_1498>
    DAG Node: P_W15_LH_M0_A00_S2
...
040 (6053182.000.000) 08/17 01:17:32 Started transferring input files
	Transferring to host: <188.185.195.36:9618?addrs=188.185.195.36-9618+[2001-1458-303-22--100-20]-9618&alias=b9p17p8636.cern.ch&noUDP&sock=slot1_3_109670_2fa5_16654>
...
040 (6053182.000.000) 08/17 01:17:32 Finished transferring input files
...
001 (6053182.000.000) 08/17 01:17:33 Job executing on host: <188.185.195.36:9618?addrs=188.185.195.36-9618+[2001-1458-303-22--100-20]-9618&alias=b9p17p8636.cern.ch&noUDP&sock=startd_109630_a3cc>
	SlotName: slot1_3@b9p17p8636.cern.ch
	CondorScratchDir = "/pool/condor/dir_2488094"
	Cpus = 1
	Disk = 6147178
	GPUs = 0
	Memory = 3000
...
006 (6053182.000.000) 08/17 01:17:42 Image size of job updated: 31672
	31  -  MemoryUsage of job (MB)
	31672  -  ResidentSetSize of job (KB)
...
006 (6053182.000.000) 08/17 01:22:43 Image size of job updated: 135060
	132  -  MemoryUsage of job (MB)
	135060  -  ResidentSetSize of job (KB)
...
006 (6053182.000.000) 08/17 01:27:43 Image size of job updated: 158056
	155  -  MemoryUsage of job (MB)
	158056  -  ResidentSetSize of job (KB)
...
006 (6053182.000.000) 08/17 01:28:23 Image size of job updated: 158060
	155  -  MemoryUsage of job (MB)
	158056  -  ResidentSetSize of job (KB)
...
040 (6053182.000.000) 08/17 01:28:23 Started transferring output files
...
040 (6053182.000.000) 08/17 01:28:23 Finished transferring output files
...
005 (6053182.000.000) 08/17 01:28:23 Job terminated.
	(1) Normal termination (return value 0)
		Usr 0 00:10:34, Sys 0 00:00:05  -  Run Remote Usage
		Usr 0 00:00:00, Sys 0 00:00:00  -  Run Local Usage
		Usr 0 00:10:34, Sys 0 00:00:05  -  Total Remote Usage
		Usr 0 00:00:00, Sys 0 00:00:00  -  Total Local Usage
	16874  -  Run Bytes Sent By Job
	1275  -  Run Bytes Received By Job
	16874  -  Total Bytes Sent By Job
	1275  -  Total Bytes Received By Job
	Partitionable Resources :    Usage  Request Allocated 
	   Cpus                 :     0.99        1         1 
	   Disk (KB)            : 39668     6144000   6147178 
	   GPUs                 :                           0 
	   Memory (MB)          :   155        3000      3000 
	   TimeExecute (s)      :   650                       
	   TimeSlotBusy (s)     :   652                       
...
