000 (6053179.000.000) 08/17 01:15:07 Job submitted from host: <188.185.133.2:9618?addrs=188.185.133.2-9618+[2001-1458-d03-2--100-208]-9618&alias=bigbird102.cern.ch&noUDP&sock=schedd_5723_1498>
    DAG Node: P_W15_LI_M2_A10_S7
...
040 (6053179.000.000) 08/17 01:17:31 Started transferring input files
	Transferring to host: <188.185.197.121:9618?addrs=188.185.197.121-9618+[2001-1458-303-24--100-75]-9618&alias=b9p14p7506.cern.ch&noUDP&sock=slot1_29_6551_85a3_23138>
...
040 (6053179.000.000) 08/17 01:17:31 Finished transferring input files
...
001 (6053179.000.000) 08/17 01:17:32 Job executing on host: <188.185.197.121:9618?addrs=188.185.197.121-9618+[2001-1458-303-24--100-75]-9618&alias=b9p14p7506.cern.ch&noUDP&sock=startd_5554_2917>
	SlotName: slot1_29@b9p14p7506.cern.ch
	CondorScratchDir = "/pool/condor/dir_3193283"
	Cpus = 1
	Disk = 6146782
	GPUs = 0
	Memory = 3000
...
006 (6053179.000.000) 08/17 01:17:40 Image size of job updated: 62244
	61  -  MemoryUsage of job (MB)
	62244  -  ResidentSetSize of job (KB)
...
006 (6053179.000.000) 08/17 01:20:03 Image size of job updated: 115804
	61  -  MemoryUsage of job (MB)
	62244  -  ResidentSetSize of job (KB)
...
040 (6053179.000.000) 08/17 01:20:03 Started transferring output files
...
040 (6053179.000.000) 08/17 01:20:03 Finished transferring output files
...
005 (6053179.000.000) 08/17 01:20:03 Job terminated.
	(1) Normal termination (return value 0)
		Usr 0 00:02:19, Sys 0 00:00:03  -  Run Remote Usage
		Usr 0 00:00:00, Sys 0 00:00:00  -  Run Local Usage
		Usr 0 00:02:19, Sys 0 00:00:03  -  Total Remote Usage
		Usr 0 00:00:00, Sys 0 00:00:00  -  Total Local Usage
	16611  -  Run Bytes Sent By Job
	1275  -  Run Bytes Received By Job
	16611  -  Total Bytes Sent By Job
	1275  -  Total Bytes Received By Job
	Partitionable Resources :    Usage  Request Allocated 
	   Cpus                 :        0        1         1 
	   Disk (KB)            :     8851  6144000   6146782 
	   GPUs                 :                           0 
	   Memory (MB)          :       61     3000      3000 
	   TimeExecute (s)      :      151                    
	   TimeSlotBusy (s)     :      153                    
...
