000 (6053332.000.000) 08/17 01:15:26 Job submitted from host: <188.185.133.2:9618?addrs=188.185.133.2-9618+[2001-1458-d03-2--100-208]-9618&alias=bigbird102.cern.ch&noUDP&sock=schedd_5723_1498>
    DAG Node: P_W15_HH_M1_A07_S0
...
040 (6053332.000.000) 08/17 01:18:23 Started transferring input files
	Transferring to host: <188.185.215.80:9618?addrs=188.185.215.80-9618+[2001-1458-303-1e--100-4c]-9618&alias=b9p31p8919.cern.ch&noUDP&sock=slot1_35_9322_f134_25435>
...
040 (6053332.000.000) 08/17 01:18:23 Finished transferring input files
...
001 (6053332.000.000) 08/17 01:18:24 Job executing on host: <188.185.215.80:9618?addrs=188.185.215.80-9618+[2001-1458-303-1e--100-4c]-9618&alias=b9p31p8919.cern.ch&noUDP&sock=startd_8819_adcf>
	SlotName: slot1_35@b9p31p8919.cern.ch
	CondorScratchDir = "/pool/condor/dir_1464159"
	Cpus = 1
	Disk = 6146576
	GPUs = 0
	Memory = 3000
...
006 (6053332.000.000) 08/17 01:18:32 Image size of job updated: 10376
	11  -  MemoryUsage of job (MB)
	10376  -  ResidentSetSize of job (KB)
...
006 (6053332.000.000) 08/17 01:19:25 Image size of job updated: 206852
	11  -  MemoryUsage of job (MB)
	10524  -  ResidentSetSize of job (KB)
...
040 (6053332.000.000) 08/17 01:19:25 Started transferring output files
...
040 (6053332.000.000) 08/17 01:19:25 Finished transferring output files
...
005 (6053332.000.000) 08/17 01:19:25 Job terminated.
	(1) Normal termination (return value 0)
		Usr 0 00:00:34, Sys 0 00:00:04  -  Run Remote Usage
		Usr 0 00:00:00, Sys 0 00:00:00  -  Run Local Usage
		Usr 0 00:00:34, Sys 0 00:00:04  -  Total Remote Usage
		Usr 0 00:00:00, Sys 0 00:00:00  -  Total Local Usage
	17146  -  Run Bytes Sent By Job
	1275  -  Run Bytes Received By Job
	17146  -  Total Bytes Sent By Job
	1275  -  Total Bytes Received By Job
	Partitionable Resources :    Usage  Request Allocated 
	   Cpus                 :        0        1         1 
	   Disk (KB)            :       46  6144000   6146576 
	   GPUs                 :                           0 
	   Memory (MB)          :       11     3000      3000 
	   TimeExecute (s)      :       61                    
	   TimeSlotBusy (s)     :       63                    
...
