000 (6053184.000.000) 08/17 01:15:08 Job submitted from host: <188.185.133.2:9618?addrs=188.185.133.2-9618+[2001-1458-d03-2--100-208]-9618&alias=bigbird102.cern.ch&noUDP&sock=schedd_5723_1498>
    DAG Node: P_W15_LH_M0_A00_S4
...
040 (6053184.000.000) 08/17 01:17:34 Started transferring input files
	Transferring to host: <188.185.192.33:9618?addrs=188.185.192.33-9618+[2001-1458-303-1f--100-1d]-9618&alias=b9p13p1334.cern.ch&noUDP&sock=slot1_32_9644_d201_32011>
...
040 (6053184.000.000) 08/17 01:17:34 Finished transferring input files
...
001 (6053184.000.000) 08/17 01:17:35 Job executing on host: <188.185.192.33:9618?addrs=188.185.192.33-9618+[2001-1458-303-1f--100-1d]-9618&alias=b9p13p1334.cern.ch&noUDP&sock=startd_8674_3893>
	SlotName: slot1_32@b9p13p1334.cern.ch
	CondorScratchDir = "/pool/condor/dir_2813853"
	Cpus = 1
	Disk = 6146420
	GPUs = 0
	Memory = 3000
...
006 (6053184.000.000) 08/17 01:17:44 Image size of job updated: 57736
	57  -  MemoryUsage of job (MB)
	57736  -  ResidentSetSize of job (KB)
...
006 (6053184.000.000) 08/17 01:22:45 Image size of job updated: 134904
	132  -  MemoryUsage of job (MB)
	134904  -  ResidentSetSize of job (KB)
...
006 (6053184.000.000) 08/17 01:27:45 Image size of job updated: 157904
	155  -  MemoryUsage of job (MB)
	157904  -  ResidentSetSize of job (KB)
...
006 (6053184.000.000) 08/17 01:29:16 Image size of job updated: 157908
	155  -  MemoryUsage of job (MB)
	157904  -  ResidentSetSize of job (KB)
...
040 (6053184.000.000) 08/17 01:29:16 Started transferring output files
...
040 (6053184.000.000) 08/17 01:29:16 Finished transferring output files
...
005 (6053184.000.000) 08/17 01:29:16 Job terminated.
	(1) Normal termination (return value 0)
		Usr 0 00:11:28, Sys 0 00:00:04  -  Run Remote Usage
		Usr 0 00:00:00, Sys 0 00:00:00  -  Run Local Usage
		Usr 0 00:11:28, Sys 0 00:00:04  -  Total Remote Usage
		Usr 0 00:00:00, Sys 0 00:00:00  -  Total Local Usage
	16871  -  Run Bytes Sent By Job
	1275  -  Run Bytes Received By Job
	16871  -  Total Bytes Sent By Job
	1275  -  Total Bytes Received By Job
	Partitionable Resources :    Usage  Request Allocated 
	   Cpus                 :     0.99        1         1 
	   Disk (KB)            : 39668     6144000   6146420 
	   GPUs                 :                           0 
	   Memory (MB)          :   155        3000      3000 
	   TimeExecute (s)      :   701                       
	   TimeSlotBusy (s)     :   702                       
...
