000 (6053354.000.000) 08/17 01:19:07 Job submitted from host: <188.185.133.2:9618?addrs=188.185.133.2-9618+[2001-1458-d03-2--100-208]-9618&alias=bigbird102.cern.ch&noUDP&sock=schedd_5723_1498>
    DAG Node: C_W15_II_M2_A10_S3_F2
...
040 (6053354.000.000) 08/17 01:19:09 Started transferring input files
	Transferring to host: <188.185.213.220:9618?addrs=188.185.213.220-9618+[2001-1458-303-1b--100-58]-9618&alias=b9p28p0349.cern.ch&noUDP&sock=slot1_21_5884_8f68_33781>
...
040 (6053354.000.000) 08/17 01:19:09 Finished transferring input files
...
001 (6053354.000.000) 08/17 01:19:10 Job executing on host: <188.185.213.220:9618?addrs=188.185.213.220-9618+[2001-1458-303-1b--100-58]-9618&alias=b9p28p0349.cern.ch&noUDP&sock=startd_5012_64c2>
	SlotName: slot1_21@b9p28p0349.cern.ch
	CondorScratchDir = "/pool/condor/dir_772793"
	Cpus = 1
	Disk = 6149206
	GPUs = 0
	Memory = 3000
...
006 (6053354.000.000) 08/17 01:19:18 Image size of job updated: 42264
	32  -  MemoryUsage of job (MB)
	32028  -  ResidentSetSize of job (KB)
...
006 (6053354.000.000) 08/17 01:24:18 Image size of job updated: 96068
	94  -  MemoryUsage of job (MB)
	96068  -  ResidentSetSize of job (KB)
...
006 (6053354.000.000) 08/17 01:39:20 Image size of job updated: 96232
	94  -  MemoryUsage of job (MB)
	96232  -  ResidentSetSize of job (KB)
...
006 (6053354.000.000) 08/17 01:44:21 Image size of job updated: 96400
	95  -  MemoryUsage of job (MB)
	96400  -  ResidentSetSize of job (KB)
...
006 (6053354.000.000) 08/17 01:49:21 Image size of job updated: 96740
	95  -  MemoryUsage of job (MB)
	96740  -  ResidentSetSize of job (KB)
...
040 (6053354.000.000) 08/17 01:54:27 Started transferring output files
...
040 (6053354.000.000) 08/17 01:54:27 Finished transferring output files
...
005 (6053354.000.000) 08/17 01:54:27 Job terminated.
	(1) Normal termination (return value 0)
		Usr 0 00:34:52, Sys 0 00:00:07  -  Run Remote Usage
		Usr 0 00:00:00, Sys 0 00:00:00  -  Run Local Usage
		Usr 0 00:34:52, Sys 0 00:00:07  -  Total Remote Usage
		Usr 0 00:00:00, Sys 0 00:00:00  -  Total Local Usage
	16962  -  Run Bytes Sent By Job
	1271  -  Run Bytes Received By Job
	16962  -  Total Bytes Sent By Job
	1271  -  Total Bytes Received By Job
	Partitionable Resources :    Usage  Request Allocated 
	   Cpus                 :     0.99        1         1 
	   Disk (KB)            : 39689     6144000   6149206 
	   GPUs                 :                           0 
	   Memory (MB)          :    95        3000      3000 
	   TimeExecute (s)      :  2117                       
	   TimeSlotBusy (s)     :  2118                       
...
