000 (6053175.000.000) 08/17 01:15:07 Job submitted from host: <188.185.133.2:9618?addrs=188.185.133.2-9618+[2001-1458-d03-2--100-208]-9618&alias=bigbird102.cern.ch&noUDP&sock=schedd_5723_1498>
    DAG Node: P_W15_LI_M2_A10_S3
...
040 (6053175.000.000) 08/17 01:17:34 Started transferring input files
	Transferring to host: <188.185.193.153:9618?addrs=188.185.193.153-9618+[2001-1458-303-20--100-95]-9618&alias=b9p19p1776.cern.ch&noUDP&sock=slot1_12_5686_0d20_32934>
...
040 (6053175.000.000) 08/17 01:17:34 Finished transferring input files
...
001 (6053175.000.000) 08/17 01:17:35 Job executing on host: <188.185.193.153:9618?addrs=188.185.193.153-9618+[2001-1458-303-20--100-95]-9618&alias=b9p19p1776.cern.ch&noUDP&sock=startd_4599_1c25>
	SlotName: slot1_12@b9p19p1776.cern.ch
	CondorScratchDir = "/pool/condor/dir_2308014"
	Cpus = 1
	Disk = 6146841
	GPUs = 0
	Memory = 3000
...
006 (6053175.000.000) 08/17 01:17:44 Image size of job updated: 28804
	29  -  MemoryUsage of job (MB)
	28804  -  ResidentSetSize of job (KB)
...
006 (6053175.000.000) 08/17 01:20:02 Image size of job updated: 113980
	29  -  MemoryUsage of job (MB)
	28808  -  ResidentSetSize of job (KB)
...
040 (6053175.000.000) 08/17 01:20:02 Started transferring output files
...
040 (6053175.000.000) 08/17 01:20:02 Finished transferring output files
...
005 (6053175.000.000) 08/17 01:20:02 Job terminated.
	(1) Normal termination (return value 0)
		Usr 0 00:02:09, Sys 0 00:00:03  -  Run Remote Usage
		Usr 0 00:00:00, Sys 0 00:00:00  -  Run Local Usage
		Usr 0 00:02:09, Sys 0 00:00:03  -  Total Remote Usage
		Usr 0 00:00:00, Sys 0 00:00:00  -  Total Local Usage
	16608  -  Run Bytes Sent By Job
	1275  -  Run Bytes Received By Job
	16608  -  Total Bytes Sent By Job
	1275  -  Total Bytes Received By Job
	Partitionable Resources :    Usage  Request Allocated 
	   Cpus                 :     0.99        1         1 
	   Disk (KB)            :  8406     6144000   6146841 
	   GPUs                 :                           0 
	   Memory (MB)          :    29        3000      3000 
	   TimeExecute (s)      :   147                       
	   TimeSlotBusy (s)     :   149                       
...
