000 (6053934.000.000) 08/17 02:06:36 Job submitted from host: <188.185.133.2:9618?addrs=188.185.133.2-9618+[2001-1458-d03-2--100-208]-9618&alias=bigbird102.cern.ch&noUDP&sock=schedd_5723_1498>
    DAG Node: C_W15_LH_M1_A07_S1_F0
...
040 (6053934.000.000) 08/17 02:06:46 Started transferring input files
	Transferring to host: <188.185.194.154:9618?addrs=188.185.194.154-9618+[2001-1458-303-21--100-96]-9618&alias=b9p20p3034.cern.ch&noUDP&sock=slot1_5_4241_eb06_30837>
...
040 (6053934.000.000) 08/17 02:06:46 Finished transferring input files
...
001 (6053934.000.000) 08/17 02:06:47 Job executing on host: <188.185.194.154:9618?addrs=188.185.194.154-9618+[2001-1458-303-21--100-96]-9618&alias=b9p20p3034.cern.ch&noUDP&sock=startd_3180_cb41>
	SlotName: slot1_5@b9p20p3034.cern.ch
	CondorScratchDir = "/pool/condor/dir_3870100"
	Cpus = 1
	Disk = 6257666
	GPUs = 0
	Memory = 3000
...
006 (6053934.000.000) 08/17 02:06:55 Image size of job updated: 101072
	99  -  MemoryUsage of job (MB)
	101072  -  ResidentSetSize of job (KB)
...
006 (6053934.000.000) 08/17 02:11:55 Image size of job updated: 109264
	107  -  MemoryUsage of job (MB)
	109264  -  ResidentSetSize of job (KB)
...
006 (6053934.000.000) 08/17 02:21:56 Image size of job updated: 118092
	116  -  MemoryUsage of job (MB)
	118092  -  ResidentSetSize of job (KB)
...
006 (6053934.000.000) 08/17 02:22:39 Image size of job updated: 118100
	116  -  MemoryUsage of job (MB)
	118092  -  ResidentSetSize of job (KB)
...
040 (6053934.000.000) 08/17 02:22:39 Started transferring output files
...
040 (6053934.000.000) 08/17 02:22:39 Finished transferring output files
...
005 (6053934.000.000) 08/17 02:22:39 Job terminated.
	(1) Normal termination (return value 0)
		Usr 0 00:15:42, Sys 0 00:00:03  -  Run Remote Usage
		Usr 0 00:00:00, Sys 0 00:00:00  -  Run Local Usage
		Usr 0 00:15:42, Sys 0 00:00:03  -  Total Remote Usage
		Usr 0 00:00:00, Sys 0 00:00:00  -  Total Local Usage
	17701  -  Run Bytes Sent By Job
	1271  -  Run Bytes Received By Job
	17701  -  Total Bytes Sent By Job
	1271  -  Total Bytes Received By Job
	Partitionable Resources :    Usage  Request Allocated 
	   Cpus                 :     0.99        1         1 
	   Disk (KB)            : 39674     6144000   6257666 
	   GPUs                 :                           0 
	   Memory (MB)          :   116        3000      3000 
	   TimeExecute (s)      :   952                       
	   TimeSlotBusy (s)     :   954                       
...
