000 (6053329.000.000) 08/17 01:15:16 Job submitted from host: <188.185.133.2:9618?addrs=188.185.133.2-9618+[2001-1458-d03-2--100-208]-9618&alias=bigbird102.cern.ch&noUDP&sock=schedd_5723_1498>
    DAG Node: P_W15_HH_M0_A00_S5
...
040 (6053329.000.000) 08/17 01:18:22 Started transferring input files
	Transferring to host: <188.185.209.73:9618?addrs=188.185.209.73-9618+[2001-1458-303-11--100-46]-9618&alias=b9p11p7021.cern.ch&noUDP&sock=slot1_16_4189_4783_30248>
...
040 (6053329.000.000) 08/17 01:18:22 Finished transferring input files
...
001 (6053329.000.000) 08/17 01:18:23 Job executing on host: <188.185.209.73:9618?addrs=188.185.209.73-9618+[2001-1458-303-11--100-46]-9618&alias=b9p11p7021.cern.ch&noUDP&sock=startd_3809_3c54>
	SlotName: slot1_16@b9p11p7021.cern.ch
	CondorScratchDir = "/pool/condor/dir_3888770"
	Cpus = 1
	Disk = 6145591
	GPUs = 0
	Memory = 3000
...
006 (6053329.000.000) 08/17 01:18:32 Image size of job updated: 1512
	2  -  MemoryUsage of job (MB)
	1512  -  ResidentSetSize of job (KB)
...
006 (6053329.000.000) 08/17 01:19:04 Image size of job updated: 151104
	2  -  MemoryUsage of job (MB)
	1512  -  ResidentSetSize of job (KB)
...
040 (6053329.000.000) 08/17 01:19:04 Started transferring output files
...
040 (6053329.000.000) 08/17 01:19:04 Finished transferring output files
...
005 (6053329.000.000) 08/17 01:19:04 Job terminated.
	(1) Normal termination (return value 0)
		Usr 0 00:00:17, Sys 0 00:00:04  -  Run Remote Usage
		Usr 0 00:00:00, Sys 0 00:00:00  -  Run Local Usage
		Usr 0 00:00:17, Sys 0 00:00:04  -  Total Remote Usage
		Usr 0 00:00:00, Sys 0 00:00:00  -  Total Local Usage
	16812  -  Run Bytes Sent By Job
	1275  -  Run Bytes Received By Job
	16812  -  Total Bytes Sent By Job
	1275  -  Total Bytes Received By Job
	Partitionable Resources :    Usage  Request Allocated 
	   Cpus                 :     0.82        1         1 
	   Disk (KB)            :    49     6144000   6145591 
	   GPUs                 :                           0 
	   Memory (MB)          :     2        3000      3000 
	   TimeExecute (s)      :    41                       
	   TimeSlotBusy (s)     :    43                       
...
