000 (6053644.000.000) 08/17 01:28:26 Job submitted from host: <188.185.133.2:9618?addrs=188.185.133.2-9618+[2001-1458-d03-2--100-208]-9618&alias=bigbird102.cern.ch&noUDP&sock=schedd_5723_1498>
    DAG Node: C_W15_LH_M0_A00_S6_F0
...
040 (6053644.000.000) 08/17 01:29:54 Started transferring input files
	Transferring to host: <128.142.161.101:9618?addrs=128.142.161.101-9618&alias=b9g03p0845.cern.ch&noUDP&sock=slot1_19_4171_98c3_37425>
...
040 (6053644.000.000) 08/17 01:29:54 Finished transferring input files
...
001 (6053644.000.000) 08/17 01:29:55 Job executing on host: <128.142.161.101:9618?addrs=128.142.161.101-9618&alias=b9g03p0845.cern.ch&noUDP&sock=startd_4001_ee83>
	SlotName: slot1_19@b9g03p0845.cern.ch
	CondorScratchDir = "/pool/condor/dir_2067210"
	Cpus = 1
	Disk = 6146830
	GPUs = 0
	Memory = 3000
...
006 (6053644.000.000) 08/17 01:30:03 Image size of job updated: 58000
	57  -  MemoryUsage of job (MB)
	58000  -  ResidentSetSize of job (KB)
...
006 (6053644.000.000) 08/17 01:35:03 Image size of job updated: 95484
	94  -  MemoryUsage of job (MB)
	95484  -  ResidentSetSize of job (KB)
...
006 (6053644.000.000) 08/17 01:40:04 Image size of job updated: 107240
	105  -  MemoryUsage of job (MB)
	107240  -  ResidentSetSize of job (KB)
...
006 (6053644.000.000) 08/17 01:45:04 Image size of job updated: 118084
	116  -  MemoryUsage of job (MB)
	118084  -  ResidentSetSize of job (KB)
...
006 (6053644.000.000) 08/17 01:50:04 Image size of job updated: 118088
	116  -  MemoryUsage of job (MB)
	118088  -  ResidentSetSize of job (KB)
...
006 (6053644.000.000) 08/17 01:50:18 Image size of job updated: 118092
	116  -  MemoryUsage of job (MB)
	118088  -  ResidentSetSize of job (KB)
...
040 (6053644.000.000) 08/17 01:50:18 Started transferring output files
...
040 (6053644.000.000) 08/17 01:50:18 Finished transferring output files
...
005 (6053644.000.000) 08/17 01:50:18 Job terminated.
	(1) Normal termination (return value 0)
		Usr 0 00:20:06, Sys 0 00:00:03  -  Run Remote Usage
		Usr 0 00:00:00, Sys 0 00:00:00  -  Run Local Usage
		Usr 0 00:20:06, Sys 0 00:00:03  -  Total Remote Usage
		Usr 0 00:00:00, Sys 0 00:00:00  -  Total Local Usage
	17364  -  Run Bytes Sent By Job
	1271  -  Run Bytes Received By Job
	17364  -  Total Bytes Sent By Job
	1271  -  Total Bytes Received By Job
	Partitionable Resources :    Usage  Request Allocated 
	   Cpus                 :     1.00        1         1 
	   Disk (KB)            : 39670     6144000   6146830 
	   GPUs                 :                           0 
	   Memory (MB)          :   116        3000      3000 
	   TimeExecute (s)      :  1223                       
	   TimeSlotBusy (s)     :  1225                       
...
