000 (6053169.000.000) 08/17 01:15:07 Job submitted from host: <188.185.133.2:9618?addrs=188.185.133.2-9618+[2001-1458-d03-2--100-208]-9618&alias=bigbird102.cern.ch&noUDP&sock=schedd_5723_1498>
    DAG Node: P_W15_LI_M1_A07_S5
...
040 (6053169.000.000) 08/17 01:17:34 Started transferring input files
	Transferring to host: <188.185.196.87:9618?addrs=188.185.196.87-9618+[2001-1458-303-23--100-53]-9618&alias=b9p16p3622.cern.ch&noUDP&sock=slot1_24_5197_81ac_30640>
...
040 (6053169.000.000) 08/17 01:17:34 Finished transferring input files
...
001 (6053169.000.000) 08/17 01:17:35 Job executing on host: <188.185.196.87:9618?addrs=188.185.196.87-9618+[2001-1458-303-23--100-53]-9618&alias=b9p16p3622.cern.ch&noUDP&sock=startd_4184_7457>
	SlotName: slot1_24@b9p16p3622.cern.ch
	CondorScratchDir = "/pool/condor/dir_2669824"
	Cpus = 1
	Disk = 6146644
	GPUs = 0
	Memory = 3000
...
006 (6053169.000.000) 08/17 01:17:44 Image size of job updated: 57992
	57  -  MemoryUsage of job (MB)
	57992  -  ResidentSetSize of job (KB)
...
006 (6053169.000.000) 08/17 01:22:45 Image size of job updated: 139152
	136  -  MemoryUsage of job (MB)
	139152  -  ResidentSetSize of job (KB)
...
006 (6053169.000.000) 08/17 01:27:45 Image size of job updated: 162148
	159  -  MemoryUsage of job (MB)
	162148  -  ResidentSetSize of job (KB)
...
006 (6053169.000.000) 08/17 01:32:46 Image size of job updated: 173004
	169  -  MemoryUsage of job (MB)
	173004  -  ResidentSetSize of job (KB)
...
006 (6053169.000.000) 08/17 01:37:47 Image size of job updated: 195384
	191  -  MemoryUsage of job (MB)
	195384  -  ResidentSetSize of job (KB)
...
006 (6053169.000.000) 08/17 01:42:47 Image size of job updated: 206820
	202  -  MemoryUsage of job (MB)
	206820  -  ResidentSetSize of job (KB)
...
006 (6053169.000.000) 08/17 01:47:48 Image size of job updated: 218036
	213  -  MemoryUsage of job (MB)
	218036  -  ResidentSetSize of job (KB)
...
006 (6053169.000.000) 08/17 01:48:31 Image size of job updated: 218040
	213  -  MemoryUsage of job (MB)
	218036  -  ResidentSetSize of job (KB)
...
040 (6053169.000.000) 08/17 01:48:31 Started transferring output files
...
040 (6053169.000.000) 08/17 01:48:31 Finished transferring output files
...
005 (6053169.000.000) 08/17 01:48:31 Job terminated.
	(1) Normal termination (return value 0)
		Usr 0 00:30:36, Sys 0 00:00:04  -  Run Remote Usage
		Usr 0 00:00:00, Sys 0 00:00:00  -  Run Local Usage
		Usr 0 00:30:36, Sys 0 00:00:04  -  Total Remote Usage
		Usr 0 00:00:00, Sys 0 00:00:00  -  Total Local Usage
	17205  -  Run Bytes Sent By Job
	1275  -  Run Bytes Received By Job
	17205  -  Total Bytes Sent By Job
	1275  -  Total Bytes Received By Job
	Partitionable Resources :    Usage  Request Allocated 
	   Cpus                 :     1.00        1         1 
	   Disk (KB)            : 39670     6144000   6146644 
	   GPUs                 :                           0 
	   Memory (MB)          :   213        3000      3000 
	   TimeExecute (s)      :  1856                       
	   TimeSlotBusy (s)     :  1858                       
...
