000 (6053245.000.000) 08/17 01:15:14 Job submitted from host: <188.185.133.2:9618?addrs=188.185.133.2-9618+[2001-1458-d03-2--100-208]-9618&alias=bigbird102.cern.ch&noUDP&sock=schedd_5723_1498>
    DAG Node: P_W15_II_M2_A10_S1
...
040 (6053245.000.000) 08/17 01:17:54 Started transferring input files
	Transferring to host: <188.185.196.20:9618?addrs=188.185.196.20-9618+[2001-1458-303-23--100-10]-9618&alias=b9p16p0131.cern.ch&noUDP&sock=slot1_16_3836_8f15_40764>
...
040 (6053245.000.000) 08/17 01:17:54 Finished transferring input files
...
001 (6053245.000.000) 08/17 01:17:55 Job executing on host: <188.185.196.20:9618?addrs=188.185.196.20-9618+[2001-1458-303-23--100-10]-9618&alias=b9p16p0131.cern.ch&noUDP&sock=startd_3254_8d44>
	SlotName: slot1_16@b9p16p0131.cern.ch
	CondorScratchDir = "/pool/condor/dir_1085563"
	Cpus = 1
	Disk = 6146900
	GPUs = 0
	Memory = 3000
...
006 (6053245.000.000) 08/17 01:18:03 Image size of job updated: 18612
	19  -  MemoryUsage of job (MB)
	18612  -  ResidentSetSize of job (KB)
...
006 (6053245.000.000) 08/17 01:19:19 Image size of job updated: 115832
	19  -  MemoryUsage of job (MB)
	18612  -  ResidentSetSize of job (KB)
...
040 (6053245.000.000) 08/17 01:19:19 Started transferring output files
...
040 (6053245.000.000) 08/17 01:19:19 Finished transferring output files
...
005 (6053245.000.000) 08/17 01:19:19 Job terminated.
	(1) Normal termination (return value 0)
		Usr 0 00:00:59, Sys 0 00:00:02  -  Run Remote Usage
		Usr 0 00:00:00, Sys 0 00:00:00  -  Run Local Usage
		Usr 0 00:00:59, Sys 0 00:00:02  -  Total Remote Usage
		Usr 0 00:00:00, Sys 0 00:00:00  -  Total Local Usage
	16610  -  Run Bytes Sent By Job
	1275  -  Run Bytes Received By Job
	16610  -  Total Bytes Sent By Job
	1275  -  Total Bytes Received By Job
	Partitionable Resources :    Usage  Request Allocated 
	   Cpus                 :     0.02        1         1 
	   Disk (KB)            :  8378     6144000   6146900 
	   GPUs                 :                           0 
	   Memory (MB)          :    19        3000      3000 
	   TimeExecute (s)      :    84                       
	   TimeSlotBusy (s)     :    86                       
...
