000 (6053369.000.000) 08/17 01:19:30 Job submitted from host: <188.185.133.2:9618?addrs=188.185.133.2-9618+[2001-1458-d03-2--100-208]-9618&alias=bigbird102.cern.ch&noUDP&sock=schedd_5723_1498>
    DAG Node: C_W15_HH_M1_A07_S5_F0
...
040 (6053369.000.000) 08/17 01:19:32 Started transferring input files
	Transferring to host: <188.185.196.21:9618?addrs=188.185.196.21-9618+[2001-1458-303-23--100-11]-9618&alias=b9p16p7886.cern.ch&noUDP&sock=slot1_20_5244_9f4e_30724>
...
040 (6053369.000.000) 08/17 01:19:32 Finished transferring input files
...
001 (6053369.000.000) 08/17 01:19:33 Job executing on host: <188.185.196.21:9618?addrs=188.185.196.21-9618+[2001-1458-303-23--100-11]-9618&alias=b9p16p7886.cern.ch&noUDP&sock=startd_4256_d729>
	SlotName: slot1_20@b9p16p7886.cern.ch
	CondorScratchDir = "/pool/condor/dir_400062"
	Cpus = 1
	Disk = 6145599
	GPUs = 0
	Memory = 3000
...
006 (6053369.000.000) 08/17 01:19:41 Image size of job updated: 60128
	59  -  MemoryUsage of job (MB)
	60128  -  ResidentSetSize of job (KB)
...
006 (6053369.000.000) 08/17 01:20:47 Image size of job updated: 226420
	59  -  MemoryUsage of job (MB)
	60128  -  ResidentSetSize of job (KB)
...
040 (6053369.000.000) 08/17 01:20:47 Started transferring output files
...
040 (6053369.000.000) 08/17 01:20:47 Finished transferring output files
...
005 (6053369.000.000) 08/17 01:20:47 Job terminated.
	(1) Normal termination (return value 0)
		Usr 0 00:01:07, Sys 0 00:00:03  -  Run Remote Usage
		Usr 0 00:00:00, Sys 0 00:00:00  -  Run Local Usage
		Usr 0 00:01:07, Sys 0 00:00:03  -  Total Remote Usage
		Usr 0 00:00:00, Sys 0 00:00:00  -  Total Local Usage
	17553  -  Run Bytes Sent By Job
	1271  -  Run Bytes Received By Job
	17553  -  Total Bytes Sent By Job
	1271  -  Total Bytes Received By Job
	Partitionable Resources :    Usage  Request Allocated 
	   Cpus                 :        0        1         1 
	   Disk (KB)            :    39032  6144000   6145599 
	   GPUs                 :                           0 
	   Memory (MB)          :       59     3000      3000 
	   TimeExecute (s)      :       74                    
	   TimeSlotBusy (s)     :       75                    
...
