000 (6053290.000.000) 08/17 01:15:15 Job submitted from host: <188.185.133.2:9618?addrs=188.185.133.2-9618+[2001-1458-d03-2--100-208]-9618&alias=bigbird102.cern.ch&noUDP&sock=schedd_5723_1498>
    DAG Node: P_W15_HL_M1_A07_S6
...
040 (6053290.000.000) 08/17 01:18:09 Started transferring input files
	Transferring to host: <188.185.192.42:9618?addrs=188.185.192.42-9618+[2001-1458-303-1f--100-26]-9618&alias=b9p13p8723.cern.ch&noUDP&sock=slot1_23_9073_7fca_29824>
...
040 (6053290.000.000) 08/17 01:18:09 Finished transferring input files
...
001 (6053290.000.000) 08/17 01:18:10 Job executing on host: <188.185.192.42:9618?addrs=188.185.192.42-9618+[2001-1458-303-1f--100-26]-9618&alias=b9p13p8723.cern.ch&noUDP&sock=startd_8061_c105>
	SlotName: slot1_23@b9p13p8723.cern.ch
	CondorScratchDir = "/pool/condor/dir_1077096"
	Cpus = 1
	Disk = 6146772
	GPUs = 0
	Memory = 3000
...
006 (6053290.000.000) 08/17 01:18:19 Image size of job updated: 15576
	16  -  MemoryUsage of job (MB)
	15576  -  ResidentSetSize of job (KB)
...
006 (6053290.000.000) 08/17 01:23:20 Image size of job updated: 138968
	136  -  MemoryUsage of job (MB)
	138968  -  ResidentSetSize of job (KB)
...
006 (6053290.000.000) 08/17 01:28:20 Image size of job updated: 150572
	148  -  MemoryUsage of job (MB)
	150572  -  ResidentSetSize of job (KB)
...
006 (6053290.000.000) 08/17 01:33:20 Image size of job updated: 161968
	159  -  MemoryUsage of job (MB)
	161968  -  ResidentSetSize of job (KB)
...
006 (6053290.000.000) 08/17 01:38:21 Image size of job updated: 172824
	169  -  MemoryUsage of job (MB)
	172824  -  ResidentSetSize of job (KB)
...
006 (6053290.000.000) 08/17 01:43:21 Image size of job updated: 195204
	191  -  MemoryUsage of job (MB)
	195204  -  ResidentSetSize of job (KB)
...
006 (6053290.000.000) 08/17 01:48:22 Image size of job updated: 206640
	202  -  MemoryUsage of job (MB)
	206640  -  ResidentSetSize of job (KB)
...
006 (6053290.000.000) 08/17 01:52:07 Image size of job updated: 220088
	202  -  MemoryUsage of job (MB)
	206640  -  ResidentSetSize of job (KB)
...
040 (6053290.000.000) 08/17 01:52:07 Started transferring output files
...
040 (6053290.000.000) 08/17 01:52:07 Finished transferring output files
...
005 (6053290.000.000) 08/17 01:52:07 Job terminated.
	(1) Normal termination (return value 0)
		Usr 0 00:33:13, Sys 0 00:00:06  -  Run Remote Usage
		Usr 0 00:00:00, Sys 0 00:00:00  -  Run Local Usage
		Usr 0 00:33:13, Sys 0 00:00:06  -  Total Remote Usage
		Usr 0 00:00:00, Sys 0 00:00:00  -  Total Local Usage
	17203  -  Run Bytes Sent By Job
	1275  -  Run Bytes Received By Job
	17203  -  Total Bytes Sent By Job
	1275  -  Total Bytes Received By Job
	Partitionable Resources :    Usage  Request Allocated 
	   Cpus                 :     1.00        1         1 
	   Disk (KB)            : 39670     6144000   6146772 
	   GPUs                 :                           0 
	   Memory (MB)          :   202        3000      3000 
	   TimeExecute (s)      :  2037                       
	   TimeSlotBusy (s)     :  2039                       
...
