000 (6053194.000.000) 08/17 01:15:08 Job submitted from host: <188.185.133.2:9618?addrs=188.185.133.2-9618+[2001-1458-d03-2--100-208]-9618&alias=bigbird102.cern.ch&noUDP&sock=schedd_5723_1498>
    DAG Node: P_W15_LH_M1_A07_S6
...
040 (6053194.000.000) 08/17 01:17:39 Started transferring input files
	Transferring to host: <188.185.192.143:9618?addrs=188.185.192.143-9618+[2001-1458-303-1f--100-8b]-9618&alias=b9p13p9436.cern.ch&noUDP&sock=slot1_37_6405_a6de_31054>
...
040 (6053194.000.000) 08/17 01:17:39 Finished transferring input files
...
001 (6053194.000.000) 08/17 01:17:40 Job executing on host: <188.185.192.143:9618?addrs=188.185.192.143-9618+[2001-1458-303-1f--100-8b]-9618&alias=b9p13p9436.cern.ch&noUDP&sock=startd_5663_ecea>
	SlotName: slot1_37@b9p13p9436.cern.ch
	CondorScratchDir = "/pool/condor/dir_2193298"
	Cpus = 1
	Disk = 6145906
	GPUs = 0
	Memory = 3000
...
006 (6053194.000.000) 08/17 01:17:48 Image size of job updated: 26616
	26  -  MemoryUsage of job (MB)
	26616  -  ResidentSetSize of job (KB)
...
006 (6053194.000.000) 08/17 01:22:48 Image size of job updated: 127404
	125  -  MemoryUsage of job (MB)
	127404  -  ResidentSetSize of job (KB)
...
006 (6053194.000.000) 08/17 01:27:49 Image size of job updated: 150720
	148  -  MemoryUsage of job (MB)
	150720  -  ResidentSetSize of job (KB)
...
006 (6053194.000.000) 08/17 01:32:50 Image size of job updated: 162116
	159  -  MemoryUsage of job (MB)
	162116  -  ResidentSetSize of job (KB)
...
006 (6053194.000.000) 08/17 01:37:50 Image size of job updated: 172972
	169  -  MemoryUsage of job (MB)
	172972  -  ResidentSetSize of job (KB)
...
006 (6053194.000.000) 08/17 01:42:51 Image size of job updated: 184420
	181  -  MemoryUsage of job (MB)
	184420  -  ResidentSetSize of job (KB)
...
006 (6053194.000.000) 08/17 01:47:51 Image size of job updated: 195356
	191  -  MemoryUsage of job (MB)
	195356  -  ResidentSetSize of job (KB)
...
006 (6053194.000.000) 08/17 01:52:52 Image size of job updated: 206788
	202  -  MemoryUsage of job (MB)
	206788  -  ResidentSetSize of job (KB)
...
006 (6053194.000.000) 08/17 01:57:53 Image size of job updated: 220236
	216  -  MemoryUsage of job (MB)
	220236  -  ResidentSetSize of job (KB)
...
040 (6053194.000.000) 08/17 01:57:57 Started transferring output files
...
040 (6053194.000.000) 08/17 01:57:57 Finished transferring output files
...
005 (6053194.000.000) 08/17 01:57:57 Job terminated.
	(1) Normal termination (return value 0)
		Usr 0 00:39:43, Sys 0 00:00:06  -  Run Remote Usage
		Usr 0 00:00:00, Sys 0 00:00:00  -  Run Local Usage
		Usr 0 00:39:43, Sys 0 00:00:06  -  Total Remote Usage
		Usr 0 00:00:00, Sys 0 00:00:00  -  Total Local Usage
	17203  -  Run Bytes Sent By Job
	1275  -  Run Bytes Received By Job
	17203  -  Total Bytes Sent By Job
	1275  -  Total Bytes Received By Job
	Partitionable Resources :    Usage  Request Allocated 
	   Cpus                 :     0.99        1         1 
	   Disk (KB)            : 39669     6144000   6145906 
	   GPUs                 :                           0 
	   Memory (MB)          :   216        3000      3000 
	   TimeExecute (s)      :  2417                       
	   TimeSlotBusy (s)     :  2420                       
...
