000 (6053221.000.000) 08/17 01:15:08 Job submitted from host: <188.185.133.2:9618?addrs=188.185.133.2-9618+[2001-1458-d03-2--100-208]-9618&alias=bigbird102.cern.ch&noUDP&sock=schedd_5723_1498>
    DAG Node: P_W15_IL_M2_A10_S1
...
040 (6053221.000.000) 08/17 01:17:45 Started transferring input files
	Transferring to host: <188.185.194.70:9618?addrs=188.185.194.70-9618+[2001-1458-303-21--100-42]-9618&alias=b9p20p0149.cern.ch&noUDP&sock=slot1_45_3945_5bf9_29822>
...
040 (6053221.000.000) 08/17 01:17:45 Finished transferring input files
...
001 (6053221.000.000) 08/17 01:17:46 Job executing on host: <188.185.194.70:9618?addrs=188.185.194.70-9618+[2001-1458-303-21--100-42]-9618&alias=b9p20p0149.cern.ch&noUDP&sock=startd_3894_89e0>
	SlotName: slot1_45@b9p20p0149.cern.ch
	CondorScratchDir = "/pool/condor/dir_27025"
	Cpus = 1
	Disk = 6146935
	GPUs = 0
	Memory = 3000
...
006 (6053221.000.000) 08/17 01:17:54 Image size of job updated: 16836
	17  -  MemoryUsage of job (MB)
	16836  -  ResidentSetSize of job (KB)
...
006 (6053221.000.000) 08/17 01:20:14 Image size of job updated: 115816
	17  -  MemoryUsage of job (MB)
	16836  -  ResidentSetSize of job (KB)
...
040 (6053221.000.000) 08/17 01:20:14 Started transferring output files
...
040 (6053221.000.000) 08/17 01:20:14 Finished transferring output files
...
005 (6053221.000.000) 08/17 01:20:14 Job terminated.
	(1) Normal termination (return value 0)
		Usr 0 00:02:08, Sys 0 00:00:04  -  Run Remote Usage
		Usr 0 00:00:00, Sys 0 00:00:00  -  Run Local Usage
		Usr 0 00:02:08, Sys 0 00:00:04  -  Total Remote Usage
		Usr 0 00:00:00, Sys 0 00:00:00  -  Total Local Usage
	16608  -  Run Bytes Sent By Job
	1275  -  Run Bytes Received By Job
	16608  -  Total Bytes Sent By Job
	1275  -  Total Bytes Received By Job
	Partitionable Resources :    Usage  Request Allocated 
	   Cpus                 :        0        1         1 
	   Disk (KB)            :     8366  6144000   6146935 
	   GPUs                 :                           0 
	   Memory (MB)          :       17     3000      3000 
	   TimeExecute (s)      :      148                    
	   TimeSlotBusy (s)     :      149                    
...
