000 (6053347.000.000) 08/17 01:15:26 Job submitted from host: <188.185.133.2:9618?addrs=188.185.133.2-9618+[2001-1458-d03-2--100-208]-9618&alias=bigbird102.cern.ch&noUDP&sock=schedd_5723_1498>
    DAG Node: P_W15_HH_M2_A10_S7
...
040 (6053347.000.000) 08/17 01:18:20 Started transferring input files
	Transferring to host: <128.142.248.117:9618?addrs=128.142.248.117-9618+[2001-1458-301-73--100-165]-9618&alias=b9g23p5831.cern.ch&noUDP&sock=slot1_33_4943_8a62_23893>
...
040 (6053347.000.000) 08/17 01:18:20 Finished transferring input files
...
001 (6053347.000.000) 08/17 01:18:21 Job executing on host: <128.142.248.117:9618?addrs=128.142.248.117-9618+[2001-1458-301-73--100-165]-9618&alias=b9g23p5831.cern.ch&noUDP&sock=startd_4051_3a3f>
	SlotName: slot1_33@b9g23p5831.cern.ch
	CondorScratchDir = "/pool/condor/dir_922314"
	Cpus = 1
	Disk = 6146119
	GPUs = 0
	Memory = 3000
...
006 (6053347.000.000) 08/17 01:18:30 Image size of job updated: 4532
	5  -  MemoryUsage of job (MB)
	4532  -  ResidentSetSize of job (KB)
...
006 (6053347.000.000) 08/17 01:19:32 Image size of job updated: 115616
	5  -  MemoryUsage of job (MB)
	4532  -  ResidentSetSize of job (KB)
...
040 (6053347.000.000) 08/17 01:19:32 Started transferring output files
...
040 (6053347.000.000) 08/17 01:19:32 Finished transferring output files
...
005 (6053347.000.000) 08/17 01:19:32 Job terminated.
	(1) Normal termination (return value 0)
		Usr 0 00:00:43, Sys 0 00:00:03  -  Run Remote Usage
		Usr 0 00:00:00, Sys 0 00:00:00  -  Run Local Usage
		Usr 0 00:00:43, Sys 0 00:00:03  -  Total Remote Usage
		Usr 0 00:00:00, Sys 0 00:00:00  -  Total Local Usage
	16550  -  Run Bytes Sent By Job
	1275  -  Run Bytes Received By Job
	16550  -  Total Bytes Sent By Job
	1275  -  Total Bytes Received By Job
	Partitionable Resources :    Usage  Request Allocated 
	   Cpus                 :        0        1         1 
	   Disk (KB)            :       46  6144000   6146119 
	   GPUs                 :                           0 
	   Memory (MB)          :        5     3000      3000 
	   TimeExecute (s)      :       71                    
	   TimeSlotBusy (s)     :       73                    
...
