000 (6053398.000.000) 08/17 01:19:54 Job submitted from host: <188.185.133.2:9618?addrs=188.185.133.2-9618+[2001-1458-d03-2--100-208]-9618&alias=bigbird102.cern.ch&noUDP&sock=schedd_5723_1498>
    DAG Node: C_W15_IL_M2_A10_S2_F2
...
040 (6053398.000.000) 08/17 01:20:02 Started transferring input files
	Transferring to host: <188.185.195.138:9618?addrs=188.185.195.138-9618+[2001-1458-303-22--100-86]-9618&alias=b9p17p4362.cern.ch&noUDP&sock=slot1_25_5678_6a20_27940>
...
040 (6053398.000.000) 08/17 01:20:02 Finished transferring input files
...
001 (6053398.000.000) 08/17 01:20:03 Job executing on host: <188.185.195.138:9618?addrs=188.185.195.138-9618+[2001-1458-303-22--100-86]-9618&alias=b9p17p4362.cern.ch&noUDP&sock=startd_4583_22a1>
	SlotName: slot1_25@b9p17p4362.cern.ch
	CondorScratchDir = "/pool/condor/dir_2124516"
	Cpus = 1
	Disk = 6146032
	GPUs = 0
	Memory = 3000
...
006 (6053398.000.000) 08/17 01:20:11 Image size of job updated: 44860
	44  -  MemoryUsage of job (MB)
	44860  -  ResidentSetSize of job (KB)
...
006 (6053398.000.000) 08/17 01:25:11 Image size of job updated: 96508
	95  -  MemoryUsage of job (MB)
	96508  -  ResidentSetSize of job (KB)
...
006 (6053398.000.000) 08/17 01:35:13 Image size of job updated: 96672
	95  -  MemoryUsage of job (MB)
	96672  -  ResidentSetSize of job (KB)
...
006 (6053398.000.000) 08/17 01:40:13 Image size of job updated: 96840
	95  -  MemoryUsage of job (MB)
	96840  -  ResidentSetSize of job (KB)
...
006 (6053398.000.000) 08/17 01:45:14 Image size of job updated: 96844
	95  -  MemoryUsage of job (MB)
	96844  -  ResidentSetSize of job (KB)
...
006 (6053398.000.000) 08/17 01:50:14 Image size of job updated: 97012
	95  -  MemoryUsage of job (MB)
	97012  -  ResidentSetSize of job (KB)
...
006 (6053398.000.000) 08/17 01:55:14 Image size of job updated: 97184
	95  -  MemoryUsage of job (MB)
	97184  -  ResidentSetSize of job (KB)
...
040 (6053398.000.000) 08/17 01:56:40 Started transferring output files
...
040 (6053398.000.000) 08/17 01:56:40 Finished transferring output files
...
005 (6053398.000.000) 08/17 01:56:40 Job terminated.
	(1) Normal termination (return value 0)
		Usr 0 00:36:12, Sys 0 00:00:06  -  Run Remote Usage
		Usr 0 00:00:00, Sys 0 00:00:00  -  Run Local Usage
		Usr 0 00:36:12, Sys 0 00:00:06  -  Total Remote Usage
		Usr 0 00:00:00, Sys 0 00:00:00  -  Total Local Usage
	16967  -  Run Bytes Sent By Job
	1271  -  Run Bytes Received By Job
	16967  -  Total Bytes Sent By Job
	1271  -  Total Bytes Received By Job
	Partitionable Resources :    Usage  Request Allocated 
	   Cpus                 :     0.99        1         1 
	   Disk (KB)            : 39670     6144000   6146032 
	   GPUs                 :                           0 
	   Memory (MB)          :    95        3000      3000 
	   TimeExecute (s)      :  2197                       
	   TimeSlotBusy (s)     :  2199                       
...
