000 (6053338.000.000) 08/17 01:15:26 Job submitted from host: <188.185.133.2:9618?addrs=188.185.133.2-9618+[2001-1458-d03-2--100-208]-9618&alias=bigbird102.cern.ch&noUDP&sock=schedd_5723_1498>
    DAG Node: P_W15_HH_M1_A07_S6
...
040 (6053338.000.000) 08/17 01:18:25 Started transferring input files
	Transferring to host: <188.185.195.135:9618?addrs=188.185.195.135-9618+[2001-1458-303-22--100-83]-9618&alias=b9p17p6149.cern.ch&noUDP&sock=slot1_19_3284_9fff_32467>
...
040 (6053338.000.000) 08/17 01:18:25 Finished transferring input files
...
001 (6053338.000.000) 08/17 01:18:26 Job executing on host: <188.185.195.135:9618?addrs=188.185.195.135-9618+[2001-1458-303-22--100-83]-9618&alias=b9p17p6149.cern.ch&noUDP&sock=startd_2572_c1ad>
	SlotName: slot1_19@b9p17p6149.cern.ch
	CondorScratchDir = "/pool/condor/dir_1105772"
	Cpus = 1
	Disk = 6145816
	GPUs = 0
	Memory = 3000
...
006 (6053338.000.000) 08/17 01:18:35 Image size of job updated: 4312
	5  -  MemoryUsage of job (MB)
	4312  -  ResidentSetSize of job (KB)
...
006 (6053338.000.000) 08/17 01:19:30 Image size of job updated: 220224
	5  -  MemoryUsage of job (MB)
	4312  -  ResidentSetSize of job (KB)
...
040 (6053338.000.000) 08/17 01:19:30 Started transferring output files
...
040 (6053338.000.000) 08/17 01:19:30 Finished transferring output files
...
005 (6053338.000.000) 08/17 01:19:30 Job terminated.
	(1) Normal termination (return value 0)
		Usr 0 00:00:33, Sys 0 00:00:02  -  Run Remote Usage
		Usr 0 00:00:00, Sys 0 00:00:00  -  Run Local Usage
		Usr 0 00:00:33, Sys 0 00:00:02  -  Total Remote Usage
		Usr 0 00:00:00, Sys 0 00:00:00  -  Total Local Usage
	17143  -  Run Bytes Sent By Job
	1275  -  Run Bytes Received By Job
	17143  -  Total Bytes Sent By Job
	1275  -  Total Bytes Received By Job
	Partitionable Resources :    Usage  Request Allocated 
	   Cpus                 :        0        1         1 
	   Disk (KB)            :       46  6144000   6145816 
	   GPUs                 :                           0 
	   Memory (MB)          :        5     3000      3000 
	   TimeExecute (s)      :       64                    
	   TimeSlotBusy (s)     :       66                    
...
