000 (6053579.000.000) 08/17 01:24:49 Job submitted from host: <188.185.133.2:9618?addrs=188.185.133.2-9618+[2001-1458-d03-2--100-208]-9618&alias=bigbird102.cern.ch&noUDP&sock=schedd_5723_1498>
    DAG Node: C_W15_IH_M0_A00_S7_F0
...
040 (6053579.000.000) 08/17 01:24:50 Started transferring input files
	Transferring to host: <128.142.162.99:9618?addrs=128.142.162.99-9618+[2001-1458-301-7d--100-1c]-9618&alias=b9g42p2003.cern.ch&noUDP&sock=slot1_16_4355_3dca_22053>
...
040 (6053579.000.000) 08/17 01:24:50 Finished transferring input files
...
001 (6053579.000.000) 08/17 01:24:51 Job executing on host: <128.142.162.99:9618?addrs=128.142.162.99-9618+[2001-1458-301-7d--100-1c]-9618&alias=b9g42p2003.cern.ch&noUDP&sock=startd_4004_fd4b>
	SlotName: slot1_16@b9g42p2003.cern.ch
	CondorScratchDir = "/pool/condor/dir_1483390"
	Cpus = 1
	Disk = 6147450
	GPUs = 0
	Memory = 3000
...
006 (6053579.000.000) 08/17 01:25:00 Image size of job updated: 55564
	55  -  MemoryUsage of job (MB)
	55564  -  ResidentSetSize of job (KB)
...
006 (6053579.000.000) 08/17 01:30:01 Image size of job updated: 96140
	94  -  MemoryUsage of job (MB)
	96140  -  ResidentSetSize of job (KB)
...
006 (6053579.000.000) 08/17 01:35:01 Image size of job updated: 108228
	106  -  MemoryUsage of job (MB)
	108228  -  ResidentSetSize of job (KB)
...
006 (6053579.000.000) 08/17 01:40:02 Image size of job updated: 119072
	117  -  MemoryUsage of job (MB)
	119072  -  ResidentSetSize of job (KB)
...
006 (6053579.000.000) 08/17 01:46:39 Image size of job updated: 119080
	117  -  MemoryUsage of job (MB)
	119072  -  ResidentSetSize of job (KB)
...
040 (6053579.000.000) 08/17 01:46:39 Started transferring output files
...
040 (6053579.000.000) 08/17 01:46:39 Finished transferring output files
...
005 (6053579.000.000) 08/17 01:46:39 Job terminated.
	(1) Normal termination (return value 0)
		Usr 0 00:21:27, Sys 0 00:00:05  -  Run Remote Usage
		Usr 0 00:00:00, Sys 0 00:00:00  -  Run Local Usage
		Usr 0 00:21:27, Sys 0 00:00:05  -  Total Remote Usage
		Usr 0 00:00:00, Sys 0 00:00:00  -  Total Local Usage
	17363  -  Run Bytes Sent By Job
	1271  -  Run Bytes Received By Job
	17363  -  Total Bytes Sent By Job
	1271  -  Total Bytes Received By Job
	Partitionable Resources :    Usage  Request Allocated 
	   Cpus                 :     1.00        1         1 
	   Disk (KB)            : 39632     6144000   6147450 
	   GPUs                 :                           0 
	   Memory (MB)          :   117        3000      3000 
	   TimeExecute (s)      :  1308                       
	   TimeSlotBusy (s)     :  1309                       
...
