000 (6053181.000.000) 08/17 01:15:07 Job submitted from host: <188.185.133.2:9618?addrs=188.185.133.2-9618+[2001-1458-d03-2--100-208]-9618&alias=bigbird102.cern.ch&noUDP&sock=schedd_5723_1498>
    DAG Node: P_W15_LH_M0_A00_S1
...
040 (6053181.000.000) 08/17 01:17:32 Started transferring input files
	Transferring to host: <188.185.196.26:9618?addrs=188.185.196.26-9618+[2001-1458-303-23--100-16]-9618&alias=b9p16p3793.cern.ch&noUDP&sock=slot1_35_3293_f75f_30588>
...
040 (6053181.000.000) 08/17 01:17:32 Finished transferring input files
...
001 (6053181.000.000) 08/17 01:17:33 Job executing on host: <188.185.196.26:9618?addrs=188.185.196.26-9618+[2001-1458-303-23--100-16]-9618&alias=b9p16p3793.cern.ch&noUDP&sock=startd_2607_c37d>
	SlotName: slot1_35@b9p16p3793.cern.ch
	CondorScratchDir = "/pool/condor/dir_1150390"
	Cpus = 1
	Disk = 6146758
	GPUs = 0
	Memory = 3000
...
006 (6053181.000.000) 08/17 01:17:42 Image size of job updated: 32816
	33  -  MemoryUsage of job (MB)
	32816  -  ResidentSetSize of job (KB)
...
006 (6053181.000.000) 08/17 01:22:43 Image size of job updated: 139136
	136  -  MemoryUsage of job (MB)
	139136  -  ResidentSetSize of job (KB)
...
006 (6053181.000.000) 08/17 01:27:43 Image size of job updated: 162136
	159  -  MemoryUsage of job (MB)
	162136  -  ResidentSetSize of job (KB)
...
006 (6053181.000.000) 08/17 01:28:47 Image size of job updated: 162140
	159  -  MemoryUsage of job (MB)
	162136  -  ResidentSetSize of job (KB)
...
040 (6053181.000.000) 08/17 01:28:47 Started transferring output files
...
040 (6053181.000.000) 08/17 01:28:47 Finished transferring output files
...
005 (6053181.000.000) 08/17 01:28:47 Job terminated.
	(1) Normal termination (return value 0)
		Usr 0 00:10:46, Sys 0 00:00:07  -  Run Remote Usage
		Usr 0 00:00:00, Sys 0 00:00:00  -  Run Local Usage
		Usr 0 00:10:46, Sys 0 00:00:07  -  Total Remote Usage
		Usr 0 00:00:00, Sys 0 00:00:00  -  Total Local Usage
	16874  -  Run Bytes Sent By Job
	1275  -  Run Bytes Received By Job
	16874  -  Total Bytes Sent By Job
	1275  -  Total Bytes Received By Job
	Partitionable Resources :    Usage  Request Allocated 
	   Cpus                 :     0.99        1         1 
	   Disk (KB)            : 39668     6144000   6146758 
	   GPUs                 :                           0 
	   Memory (MB)          :   159        3000      3000 
	   TimeExecute (s)      :   674                       
	   TimeSlotBusy (s)     :   676                       
...
