000 (6053140.000.000) 08/17 01:15:07 Job submitted from host: <188.185.133.2:9618?addrs=188.185.133.2-9618+[2001-1458-d03-2--100-208]-9618&alias=bigbird102.cern.ch&noUDP&sock=schedd_5723_1498>
    DAG Node: P_W15_LL_M1_A07_S0
...
040 (6053140.000.000) 08/17 01:17:33 Started transferring input files
	Transferring to host: <128.142.162.103:9618?addrs=128.142.162.103-9618+[2001-1458-301-7d--100-20]-9618&alias=b9g42p2036.cern.ch&noUDP&sock=slot1_15_3831_0935_22709>
...
040 (6053140.000.000) 08/17 01:17:33 Finished transferring input files
...
001 (6053140.000.000) 08/17 01:17:34 Job executing on host: <128.142.162.103:9618?addrs=128.142.162.103-9618+[2001-1458-301-7d--100-20]-9618&alias=b9g42p2036.cern.ch&noUDP&sock=startd_3478_327a>
	SlotName: slot1_15@b9g42p2036.cern.ch
	CondorScratchDir = "/pool/condor/dir_2839510"
	Cpus = 1
	Disk = 6146887
	GPUs = 0
	Memory = 3000
...
006 (6053140.000.000) 08/17 01:17:43 Image size of job updated: 32444
	29  -  MemoryUsage of job (MB)
	28760  -  ResidentSetSize of job (KB)
...
006 (6053140.000.000) 08/17 01:22:44 Image size of job updated: 138756
	136  -  MemoryUsage of job (MB)
	138756  -  ResidentSetSize of job (KB)
...
006 (6053140.000.000) 08/17 01:27:44 Image size of job updated: 150360
	147  -  MemoryUsage of job (MB)
	150360  -  ResidentSetSize of job (KB)
...
006 (6053140.000.000) 08/17 01:32:45 Image size of job updated: 150368
	147  -  MemoryUsage of job (MB)
	150368  -  ResidentSetSize of job (KB)
...
006 (6053140.000.000) 08/17 01:37:46 Image size of job updated: 161760
	158  -  MemoryUsage of job (MB)
	161760  -  ResidentSetSize of job (KB)
...
006 (6053140.000.000) 08/17 01:42:46 Image size of job updated: 184056
	180  -  MemoryUsage of job (MB)
	184056  -  ResidentSetSize of job (KB)
...
006 (6053140.000.000) 08/17 01:47:46 Image size of job updated: 194992
	191  -  MemoryUsage of job (MB)
	194992  -  ResidentSetSize of job (KB)
...
006 (6053140.000.000) 08/17 01:52:47 Image size of job updated: 206428
	202  -  MemoryUsage of job (MB)
	206428  -  ResidentSetSize of job (KB)
...
006 (6053140.000.000) 08/17 01:57:47 Image size of job updated: 217648
	213  -  MemoryUsage of job (MB)
	217648  -  ResidentSetSize of job (KB)
...
006 (6053140.000.000) 08/17 01:59:34 Image size of job updated: 217652
	213  -  MemoryUsage of job (MB)
	217648  -  ResidentSetSize of job (KB)
...
040 (6053140.000.000) 08/17 01:59:34 Started transferring output files
...
040 (6053140.000.000) 08/17 01:59:35 Finished transferring output files
...
005 (6053140.000.000) 08/17 01:59:35 Job terminated.
	(1) Normal termination (return value 0)
		Usr 0 00:41:30, Sys 0 00:00:08  -  Run Remote Usage
		Usr 0 00:00:00, Sys 0 00:00:00  -  Run Local Usage
		Usr 0 00:41:30, Sys 0 00:00:08  -  Total Remote Usage
		Usr 0 00:00:00, Sys 0 00:00:00  -  Total Local Usage
	17206  -  Run Bytes Sent By Job
	1275  -  Run Bytes Received By Job
	17206  -  Total Bytes Sent By Job
	1275  -  Total Bytes Received By Job
	Partitionable Resources :    Usage  Request Allocated 
	   Cpus                 :     1.00        1         1 
	   Disk (KB)            : 39629     6144000   6146887 
	   GPUs                 :                           0 
	   Memory (MB)          :   213        3000      3000 
	   TimeExecute (s)      :  2520                       
	   TimeSlotBusy (s)     :  2522                       
...
