000 (6053254.000.000) 08/17 01:15:14 Job submitted from host: <188.185.133.2:9618?addrs=188.185.133.2-9618+[2001-1458-d03-2--100-208]-9618&alias=bigbird102.cern.ch&noUDP&sock=schedd_5723_1498>
    DAG Node: P_W15_IH_M0_A00_S2
...
040 (6053254.000.000) 08/17 01:17:57 Started transferring input files
	Transferring to host: <188.185.192.81:9618?addrs=188.185.192.81-9618+[2001-1458-303-1f--100-4d]-9618&alias=b9p13p6807.cern.ch&noUDP&sock=slot1_11_3870_83d6_31339>
...
040 (6053254.000.000) 08/17 01:17:57 Finished transferring input files
...
001 (6053254.000.000) 08/17 01:17:58 Job executing on host: <188.185.192.81:9618?addrs=188.185.192.81-9618+[2001-1458-303-1f--100-4d]-9618&alias=b9p13p6807.cern.ch&noUDP&sock=startd_2890_e0ca>
	SlotName: slot1_11@b9p13p6807.cern.ch
	CondorScratchDir = "/pool/condor/dir_280142"
	Cpus = 1
	Disk = 6146818
	GPUs = 0
	Memory = 3000
...
006 (6053254.000.000) 08/17 01:18:07 Image size of job updated: 55572
	55  -  MemoryUsage of job (MB)
	55572  -  ResidentSetSize of job (KB)
...
006 (6053254.000.000) 08/17 01:20:43 Image size of job updated: 162004
	55  -  MemoryUsage of job (MB)
	55572  -  ResidentSetSize of job (KB)
...
040 (6053254.000.000) 08/17 01:20:43 Started transferring output files
...
040 (6053254.000.000) 08/17 01:20:43 Finished transferring output files
...
005 (6053254.000.000) 08/17 01:20:43 Job terminated.
	(1) Normal termination (return value 0)
		Usr 0 00:02:33, Sys 0 00:00:03  -  Run Remote Usage
		Usr 0 00:00:00, Sys 0 00:00:00  -  Run Local Usage
		Usr 0 00:02:33, Sys 0 00:00:03  -  Total Remote Usage
		Usr 0 00:00:00, Sys 0 00:00:00  -  Total Local Usage
	16873  -  Run Bytes Sent By Job
	1275  -  Run Bytes Received By Job
	16873  -  Total Bytes Sent By Job
	1275  -  Total Bytes Received By Job
	Partitionable Resources :    Usage  Request Allocated 
	   Cpus                 :        0        1         1 
	   Disk (KB)            :     8555  6144000   6146818 
	   GPUs                 :                           0 
	   Memory (MB)          :       55     3000      3000 
	   TimeExecute (s)      :      165                    
	   TimeSlotBusy (s)     :      167                    
...
