000 (6053591.000.000) 08/17 01:25:51 Job submitted from host: <188.185.133.2:9618?addrs=188.185.133.2-9618+[2001-1458-d03-2--100-208]-9618&alias=bigbird102.cern.ch&noUDP&sock=schedd_5723_1498>
    DAG Node: C_W15_IL_M0_A00_S5_F0
...
040 (6053591.000.000) 08/17 01:25:53 Started transferring input files
	Transferring to host: <188.185.193.177:9618?addrs=188.185.193.177-9618+[2001-1458-303-20--100-ad]-9618&alias=b9p19p2243.cern.ch&noUDP&sock=slot1_32_3316_2c00_30762>
...
040 (6053591.000.000) 08/17 01:25:53 Finished transferring input files
...
001 (6053591.000.000) 08/17 01:25:54 Job executing on host: <188.185.193.177:9618?addrs=188.185.193.177-9618+[2001-1458-303-20--100-ad]-9618&alias=b9p19p2243.cern.ch&noUDP&sock=startd_2584_fccf>
	SlotName: slot1_32@b9p19p2243.cern.ch
	CondorScratchDir = "/pool/condor/dir_4085873"
	Cpus = 1
	Disk = 6148735
	GPUs = 0
	Memory = 3000
...
006 (6053591.000.000) 08/17 01:26:02 Image size of job updated: 53896
	53  -  MemoryUsage of job (MB)
	53896  -  ResidentSetSize of job (KB)
...
006 (6053591.000.000) 08/17 01:31:02 Image size of job updated: 94464
	93  -  MemoryUsage of job (MB)
	94464  -  ResidentSetSize of job (KB)
...
006 (6053591.000.000) 08/17 01:36:03 Image size of job updated: 106552
	105  -  MemoryUsage of job (MB)
	106552  -  ResidentSetSize of job (KB)
...
006 (6053591.000.000) 08/17 01:41:03 Image size of job updated: 117396
	115  -  MemoryUsage of job (MB)
	117396  -  ResidentSetSize of job (KB)
...
006 (6053591.000.000) 08/17 01:46:03 Image size of job updated: 117404
	115  -  MemoryUsage of job (MB)
	117404  -  ResidentSetSize of job (KB)
...
040 (6053591.000.000) 08/17 01:46:31 Started transferring output files
...
040 (6053591.000.000) 08/17 01:46:31 Finished transferring output files
...
005 (6053591.000.000) 08/17 01:46:32 Job terminated.
	(1) Normal termination (return value 0)
		Usr 0 00:20:20, Sys 0 00:00:05  -  Run Remote Usage
		Usr 0 00:00:00, Sys 0 00:00:00  -  Run Local Usage
		Usr 0 00:20:20, Sys 0 00:00:05  -  Total Remote Usage
		Usr 0 00:00:00, Sys 0 00:00:00  -  Total Local Usage
	17364  -  Run Bytes Sent By Job
	1271  -  Run Bytes Received By Job
	17364  -  Total Bytes Sent By Job
	1271  -  Total Bytes Received By Job
	Partitionable Resources :    Usage  Request Allocated 
	   Cpus                 :     0.99        1         1 
	   Disk (KB)            : 39671     6144000   6148735 
	   GPUs                 :                           0 
	   Memory (MB)          :   115        3000      3000 
	   TimeExecute (s)      :  1237                       
	   TimeSlotBusy (s)     :  1239                       
...
