000 (6053163.000.000) 08/17 01:15:07 Job submitted from host: <188.185.133.2:9618?addrs=188.185.133.2-9618+[2001-1458-d03-2--100-208]-9618&alias=bigbird102.cern.ch&noUDP&sock=schedd_5723_1498>
    DAG Node: P_W15_LI_M0_A00_S7
...
040 (6053163.000.000) 08/17 01:17:26 Started transferring input files
	Transferring to host: <128.142.248.53:9618?addrs=128.142.248.53-9618+[2001-1458-301-73--100-125]-9618&alias=b9g23p6822.cern.ch&noUDP&sock=slot1_22_7963_675d_23419>
...
040 (6053163.000.000) 08/17 01:17:26 Finished transferring input files
...
001 (6053163.000.000) 08/17 01:17:27 Job executing on host: <128.142.248.53:9618?addrs=128.142.248.53-9618+[2001-1458-301-73--100-125]-9618&alias=b9g23p6822.cern.ch&noUDP&sock=startd_7270_319b>
	SlotName: slot1_22@b9g23p6822.cern.ch
	CondorScratchDir = "/pool/condor/dir_1719417"
	Cpus = 1
	Disk = 6146852
	GPUs = 0
	Memory = 3000
...
006 (6053163.000.000) 08/17 01:17:35 Image size of job updated: 28280
	28  -  MemoryUsage of job (MB)
	28280  -  ResidentSetSize of job (KB)
...
006 (6053163.000.000) 08/17 01:22:35 Image size of job updated: 148568
	146  -  MemoryUsage of job (MB)
	148568  -  ResidentSetSize of job (KB)
...
006 (6053163.000.000) 08/17 01:25:56 Image size of job updated: 159972
	146  -  MemoryUsage of job (MB)
	148568  -  ResidentSetSize of job (KB)
...
040 (6053163.000.000) 08/17 01:25:56 Started transferring output files
...
040 (6053163.000.000) 08/17 01:25:56 Finished transferring output files
...
005 (6053163.000.000) 08/17 01:25:56 Job terminated.
	(1) Normal termination (return value 0)
		Usr 0 00:08:10, Sys 0 00:00:05  -  Run Remote Usage
		Usr 0 00:00:00, Sys 0 00:00:00  -  Run Local Usage
		Usr 0 00:08:10, Sys 0 00:00:05  -  Total Remote Usage
		Usr 0 00:00:00, Sys 0 00:00:00  -  Total Local Usage
	16875  -  Run Bytes Sent By Job
	1275  -  Run Bytes Received By Job
	16875  -  Total Bytes Sent By Job
	1275  -  Total Bytes Received By Job
	Partitionable Resources :    Usage  Request Allocated 
	   Cpus                 :        0        1         1 
	   Disk (KB)            :    39668  6144000   6146852 
	   GPUs                 :                           0 
	   Memory (MB)          :      146     3000      3000 
	   TimeExecute (s)      :      509                    
	   TimeSlotBusy (s)     :      511                    
...
