000 (6053403.000.000) 08/17 01:20:09 Job submitted from host: <188.185.133.2:9618?addrs=188.185.133.2-9618+[2001-1458-d03-2--100-208]-9618&alias=bigbird102.cern.ch&noUDP&sock=schedd_5723_1498>
    DAG Node: C_W15_LI_M2_A10_S3_F2
...
040 (6053403.000.000) 08/17 01:20:10 Started transferring input files
	Transferring to host: <188.185.197.121:9618?addrs=188.185.197.121-9618+[2001-1458-303-24--100-75]-9618&alias=b9p14p7506.cern.ch&noUDP&sock=slot1_29_6551_85a3_23140>
...
040 (6053403.000.000) 08/17 01:20:10 Finished transferring input files
...
001 (6053403.000.000) 08/17 01:20:11 Job executing on host: <188.185.197.121:9618?addrs=188.185.197.121-9618+[2001-1458-303-24--100-75]-9618&alias=b9p14p7506.cern.ch&noUDP&sock=startd_5554_2917>
	SlotName: slot1_29@b9p14p7506.cern.ch
	CondorScratchDir = "/pool/condor/dir_3196407"
	Cpus = 1
	Disk = 6146994
	GPUs = 0
	Memory = 3000
...
006 (6053403.000.000) 08/17 01:20:19 Image size of job updated: 59832
	59  -  MemoryUsage of job (MB)
	59832  -  ResidentSetSize of job (KB)
...
006 (6053403.000.000) 08/17 01:25:19 Image size of job updated: 96476
	95  -  MemoryUsage of job (MB)
	96476  -  ResidentSetSize of job (KB)
...
006 (6053403.000.000) 08/17 01:35:20 Image size of job updated: 96644
	95  -  MemoryUsage of job (MB)
	96644  -  ResidentSetSize of job (KB)
...
006 (6053403.000.000) 08/17 01:40:21 Image size of job updated: 96696
	95  -  MemoryUsage of job (MB)
	96696  -  ResidentSetSize of job (KB)
...
006 (6053403.000.000) 08/17 01:45:21 Image size of job updated: 96812
	95  -  MemoryUsage of job (MB)
	96812  -  ResidentSetSize of job (KB)
...
006 (6053403.000.000) 08/17 01:50:21 Image size of job updated: 96980
	95  -  MemoryUsage of job (MB)
	96980  -  ResidentSetSize of job (KB)
...
006 (6053403.000.000) 08/17 01:55:22 Image size of job updated: 97032
	95  -  MemoryUsage of job (MB)
	97032  -  ResidentSetSize of job (KB)
...
006 (6053403.000.000) 08/17 02:00:22 Image size of job updated: 97152
	95  -  MemoryUsage of job (MB)
	97152  -  ResidentSetSize of job (KB)
...
040 (6053403.000.000) 08/17 02:03:47 Started transferring output files
...
040 (6053403.000.000) 08/17 02:03:47 Finished transferring output files
...
005 (6053403.000.000) 08/17 02:03:47 Job terminated.
	(1) Normal termination (return value 0)
		Usr 0 00:43:07, Sys 0 00:00:06  -  Run Remote Usage
		Usr 0 00:00:00, Sys 0 00:00:00  -  Run Local Usage
		Usr 0 00:43:07, Sys 0 00:00:06  -  Total Remote Usage
		Usr 0 00:00:00, Sys 0 00:00:00  -  Total Local Usage
	16963  -  Run Bytes Sent By Job
	1271  -  Run Bytes Received By Job
	16963  -  Total Bytes Sent By Job
	1271  -  Total Bytes Received By Job
	Partitionable Resources :    Usage  Request Allocated 
	   Cpus                 :     0.99        1         1 
	   Disk (KB)            : 39669     6144000   6146994 
	   GPUs                 :                           0 
	   Memory (MB)          :    95        3000      3000 
	   TimeExecute (s)      :  2616                       
	   TimeSlotBusy (s)     :  2617                       
...
