000 (6053271.000.000) 08/17 01:15:15 Job submitted from host: <188.185.133.2:9618?addrs=188.185.133.2-9618+[2001-1458-d03-2--100-208]-9618&alias=bigbird102.cern.ch&noUDP&sock=schedd_5723_1498>
    DAG Node: P_W15_IH_M2_A10_S3
...
040 (6053271.000.000) 08/17 01:18:03 Started transferring input files
	Transferring to host: <188.185.197.31:9618?addrs=188.185.197.31-9618+[2001-1458-303-24--100-1b]-9618&alias=b9p14p9969.cern.ch&noUDP&sock=slot1_12_8732_3bdc_23653>
...
040 (6053271.000.000) 08/17 01:18:03 Finished transferring input files
...
001 (6053271.000.000) 08/17 01:18:04 Job executing on host: <188.185.197.31:9618?addrs=188.185.197.31-9618+[2001-1458-303-24--100-1b]-9618&alias=b9p14p9969.cern.ch&noUDP&sock=startd_7553_4ee9>
	SlotName: slot1_12@b9p14p9969.cern.ch
	CondorScratchDir = "/pool/condor/dir_2804843"
	Cpus = 1
	Disk = 6146421
	GPUs = 0
	Memory = 3000
...
006 (6053271.000.000) 08/17 01:18:13 Image size of job updated: 12236
	12  -  MemoryUsage of job (MB)
	12236  -  ResidentSetSize of job (KB)
...
006 (6053271.000.000) 08/17 01:19:21 Image size of job updated: 115796
	12  -  MemoryUsage of job (MB)
	12248  -  ResidentSetSize of job (KB)
...
040 (6053271.000.000) 08/17 01:19:21 Started transferring output files
...
040 (6053271.000.000) 08/17 01:19:21 Finished transferring output files
...
005 (6053271.000.000) 08/17 01:19:21 Job terminated.
	(1) Normal termination (return value 0)
		Usr 0 00:00:45, Sys 0 00:00:04  -  Run Remote Usage
		Usr 0 00:00:00, Sys 0 00:00:00  -  Run Local Usage
		Usr 0 00:00:45, Sys 0 00:00:04  -  Total Remote Usage
		Usr 0 00:00:00, Sys 0 00:00:00  -  Total Local Usage
	16608  -  Run Bytes Sent By Job
	1275  -  Run Bytes Received By Job
	16608  -  Total Bytes Sent By Job
	1275  -  Total Bytes Received By Job
	Partitionable Resources :    Usage  Request Allocated 
	   Cpus                 :        0        1         1 
	   Disk (KB)            :       45  6144000   6146421 
	   GPUs                 :                           0 
	   Memory (MB)          :       12     3000      3000 
	   TimeExecute (s)      :       77                    
	   TimeSlotBusy (s)     :       79                    
...
