000 (6053368.000.000) 08/17 01:19:30 Job submitted from host: <188.185.133.2:9618?addrs=188.185.133.2-9618+[2001-1458-d03-2--100-208]-9618&alias=bigbird102.cern.ch&noUDP&sock=schedd_5723_1498>
    DAG Node: C_W15_IH_M2_A10_S3_F2
...
040 (6053368.000.000) 08/17 01:19:32 Started transferring input files
	Transferring to host: <188.185.196.91:9618?addrs=188.185.196.91-9618+[2001-1458-303-23--100-57]-9618&alias=b9p16p1050.cern.ch&noUDP&sock=slot1_21_5272_59cf_30744>
...
040 (6053368.000.000) 08/17 01:19:32 Finished transferring input files
...
001 (6053368.000.000) 08/17 01:19:33 Job executing on host: <188.185.196.91:9618?addrs=188.185.196.91-9618+[2001-1458-303-23--100-57]-9618&alias=b9p16p1050.cern.ch&noUDP&sock=startd_4262_f4ba>
	SlotName: slot1_21@b9p16p1050.cern.ch
	CondorScratchDir = "/pool/condor/dir_3826485"
	Cpus = 1
	Disk = 6146892
	GPUs = 0
	Memory = 3000
...
006 (6053368.000.000) 08/17 01:19:41 Image size of job updated: 32832
	29  -  MemoryUsage of job (MB)
	28960  -  ResidentSetSize of job (KB)
...
006 (6053368.000.000) 08/17 01:24:41 Image size of job updated: 96496
	95  -  MemoryUsage of job (MB)
	96496  -  ResidentSetSize of job (KB)
...
006 (6053368.000.000) 08/17 01:29:42 Image size of job updated: 96832
	95  -  MemoryUsage of job (MB)
	96832  -  ResidentSetSize of job (KB)
...
006 (6053368.000.000) 08/17 01:34:42 Image size of job updated: 97172
	95  -  MemoryUsage of job (MB)
	97172  -  ResidentSetSize of job (KB)
...
040 (6053368.000.000) 08/17 01:37:57 Started transferring output files
...
040 (6053368.000.000) 08/17 01:37:57 Finished transferring output files
...
005 (6053368.000.000) 08/17 01:37:58 Job terminated.
	(1) Normal termination (return value 0)
		Usr 0 00:18:09, Sys 0 00:00:04  -  Run Remote Usage
		Usr 0 00:00:00, Sys 0 00:00:00  -  Run Local Usage
		Usr 0 00:18:09, Sys 0 00:00:04  -  Total Remote Usage
		Usr 0 00:00:00, Sys 0 00:00:00  -  Total Local Usage
	16963  -  Run Bytes Sent By Job
	1271  -  Run Bytes Received By Job
	16963  -  Total Bytes Sent By Job
	1271  -  Total Bytes Received By Job
	Partitionable Resources :    Usage  Request Allocated 
	   Cpus                 :     0.99        1         1 
	   Disk (KB)            : 39669     6144000   6146892 
	   GPUs                 :                           0 
	   Memory (MB)          :    95        3000      3000 
	   TimeExecute (s)      :  1104                       
	   TimeSlotBusy (s)     :  1105                       
...
