000 (6053296.000.000) 08/17 01:15:15 Job submitted from host: <188.185.133.2:9618?addrs=188.185.133.2-9618+[2001-1458-d03-2--100-208]-9618&alias=bigbird102.cern.ch&noUDP&sock=schedd_5723_1498>
    DAG Node: P_W15_HL_M2_A10_S4
...
040 (6053296.000.000) 08/17 01:18:30 Started transferring input files
	Transferring to host: <188.185.192.145:9618?addrs=188.185.192.145-9618+[2001-1458-303-1f--100-8d]-9618&alias=b9p13p9370.cern.ch&noUDP&sock=slot1_29_6223_6a96_30028>
...
040 (6053296.000.000) 08/17 01:18:31 Finished transferring input files
...
001 (6053296.000.000) 08/17 01:18:31 Job executing on host: <188.185.192.145:9618?addrs=188.185.192.145-9618+[2001-1458-303-1f--100-8d]-9618&alias=b9p13p9370.cern.ch&noUDP&sock=startd_5277_295b>
	SlotName: slot1_29@b9p13p9370.cern.ch
	CondorScratchDir = "/pool/condor/dir_3768787"
	Cpus = 1
	Disk = 6146860
	GPUs = 0
	Memory = 3000
...
006 (6053296.000.000) 08/17 01:18:40 Image size of job updated: 4316
	5  -  MemoryUsage of job (MB)
	4316  -  ResidentSetSize of job (KB)
...
006 (6053296.000.000) 08/17 01:22:31 Image size of job updated: 118008
	5  -  MemoryUsage of job (MB)
	4532  -  ResidentSetSize of job (KB)
...
040 (6053296.000.000) 08/17 01:22:31 Started transferring output files
...
040 (6053296.000.000) 08/17 01:22:31 Finished transferring output files
...
005 (6053296.000.000) 08/17 01:22:32 Job terminated.
	(1) Normal termination (return value 0)
		Usr 0 00:03:40, Sys 0 00:00:04  -  Run Remote Usage
		Usr 0 00:00:00, Sys 0 00:00:00  -  Run Local Usage
		Usr 0 00:03:40, Sys 0 00:00:04  -  Total Remote Usage
		Usr 0 00:00:00, Sys 0 00:00:00  -  Total Local Usage
	16607  -  Run Bytes Sent By Job
	1275  -  Run Bytes Received By Job
	16607  -  Total Bytes Sent By Job
	1275  -  Total Bytes Received By Job
	Partitionable Resources :    Usage  Request Allocated 
	   Cpus                 :        0        1         1 
	   Disk (KB)            :       46  6144000   6146860 
	   GPUs                 :                           0 
	   Memory (MB)          :        5     3000      3000 
	   TimeExecute (s)      :      240                    
	   TimeSlotBusy (s)     :      242                    
...
