000 (6053392.000.000) 08/17 01:19:49 Job submitted from host: <188.185.133.2:9618?addrs=188.185.133.2-9618+[2001-1458-d03-2--100-208]-9618&alias=bigbird102.cern.ch&noUDP&sock=schedd_5723_1498>
    DAG Node: C_W15_IH_M2_A10_S6_F2
...
040 (6053392.000.000) 08/17 01:19:50 Started transferring input files
	Transferring to host: <188.185.196.133:9618?addrs=188.185.196.133-9618+[2001-1458-303-23--100-81]-9618&alias=b9p16p2227.cern.ch&noUDP&sock=slot1_25_3233_b0dd_32422>
...
040 (6053392.000.000) 08/17 01:19:50 Finished transferring input files
...
001 (6053392.000.000) 08/17 01:19:51 Job executing on host: <188.185.196.133:9618?addrs=188.185.196.133-9618+[2001-1458-303-23--100-81]-9618&alias=b9p16p2227.cern.ch&noUDP&sock=startd_2644_247e>
	SlotName: slot1_25@b9p16p2227.cern.ch
	CondorScratchDir = "/pool/condor/dir_826420"
	Cpus = 1
	Disk = 6146202
	GPUs = 0
	Memory = 3000
...
006 (6053392.000.000) 08/17 01:20:00 Image size of job updated: 55336
	55  -  MemoryUsage of job (MB)
	55336  -  ResidentSetSize of job (KB)
...
006 (6053392.000.000) 08/17 01:25:01 Image size of job updated: 92436
	91  -  MemoryUsage of job (MB)
	92436  -  ResidentSetSize of job (KB)
...
006 (6053392.000.000) 08/17 01:35:02 Image size of job updated: 92768
	91  -  MemoryUsage of job (MB)
	92768  -  ResidentSetSize of job (KB)
...
006 (6053392.000.000) 08/17 01:40:02 Image size of job updated: 93112
	91  -  MemoryUsage of job (MB)
	93112  -  ResidentSetSize of job (KB)
...
040 (6053392.000.000) 08/17 01:42:26 Started transferring output files
...
040 (6053392.000.000) 08/17 01:42:26 Finished transferring output files
...
005 (6053392.000.000) 08/17 01:42:26 Job terminated.
	(1) Normal termination (return value 0)
		Usr 0 00:22:18, Sys 0 00:00:05  -  Run Remote Usage
		Usr 0 00:00:00, Sys 0 00:00:00  -  Run Local Usage
		Usr 0 00:22:18, Sys 0 00:00:05  -  Total Remote Usage
		Usr 0 00:00:00, Sys 0 00:00:00  -  Total Local Usage
	16963  -  Run Bytes Sent By Job
	1271  -  Run Bytes Received By Job
	16963  -  Total Bytes Sent By Job
	1271  -  Total Bytes Received By Job
	Partitionable Resources :    Usage  Request Allocated 
	   Cpus                 :     0.99        1         1 
	   Disk (KB)            : 39669     6144000   6146202 
	   GPUs                 :                           0 
	   Memory (MB)          :    91        3000      3000 
	   TimeExecute (s)      :  1355                       
	   TimeSlotBusy (s)     :  1356                       
...
