000 (6053272.000.000) 08/17 01:15:15 Job submitted from host: <188.185.133.2:9618?addrs=188.185.133.2-9618+[2001-1458-d03-2--100-208]-9618&alias=bigbird102.cern.ch&noUDP&sock=schedd_5723_1498>
    DAG Node: P_W15_IH_M2_A10_S4
...
040 (6053272.000.000) 08/17 01:18:03 Started transferring input files
	Transferring to host: <188.185.193.107:9618?addrs=188.185.193.107-9618+[2001-1458-303-20--100-67]-9618&alias=b9p19p7223.cern.ch&noUDP&sock=slot1_37_3272_2b7e_30903>
...
040 (6053272.000.000) 08/17 01:18:03 Finished transferring input files
...
001 (6053272.000.000) 08/17 01:18:04 Job executing on host: <188.185.193.107:9618?addrs=188.185.193.107-9618+[2001-1458-303-20--100-67]-9618&alias=b9p19p7223.cern.ch&noUDP&sock=startd_2693_c0a2>
	SlotName: slot1_37@b9p19p7223.cern.ch
	CondorScratchDir = "/pool/condor/dir_2767702"
	Cpus = 1
	Disk = 6146637
	GPUs = 0
	Memory = 3000
...
006 (6053272.000.000) 08/17 01:18:13 Image size of job updated: 1588
	2  -  MemoryUsage of job (MB)
	1588  -  ResidentSetSize of job (KB)
...
006 (6053272.000.000) 08/17 01:19:34 Image size of job updated: 111764
	2  -  MemoryUsage of job (MB)
	1588  -  ResidentSetSize of job (KB)
...
040 (6053272.000.000) 08/17 01:19:34 Started transferring output files
...
040 (6053272.000.000) 08/17 01:19:34 Finished transferring output files
...
005 (6053272.000.000) 08/17 01:19:34 Job terminated.
	(1) Normal termination (return value 0)
		Usr 0 00:00:44, Sys 0 00:00:04  -  Run Remote Usage
		Usr 0 00:00:00, Sys 0 00:00:00  -  Run Local Usage
		Usr 0 00:00:44, Sys 0 00:00:04  -  Total Remote Usage
		Usr 0 00:00:00, Sys 0 00:00:00  -  Total Local Usage
	16607  -  Run Bytes Sent By Job
	1275  -  Run Bytes Received By Job
	16607  -  Total Bytes Sent By Job
	1275  -  Total Bytes Received By Job
	Partitionable Resources :    Usage  Request Allocated 
	   Cpus                 :        0        1         1 
	   Disk (KB)            :       46  6144000   6146637 
	   GPUs                 :                           0 
	   Memory (MB)          :        2     3000      3000 
	   TimeExecute (s)      :       90                    
	   TimeSlotBusy (s)     :       92                    
...
