000 (6053315.000.000) 08/17 01:15:16 Job submitted from host: <188.185.133.2:9618?addrs=188.185.133.2-9618+[2001-1458-d03-2--100-208]-9618&alias=bigbird102.cern.ch&noUDP&sock=schedd_5723_1498>
    DAG Node: P_W15_HI_M1_A07_S7
...
040 (6053315.000.000) 08/17 01:18:17 Started transferring input files
	Transferring to host: <188.185.197.112:9618?addrs=188.185.197.112-9618+[2001-1458-303-24--100-6c]-9618&alias=b9p14p2897.cern.ch&noUDP&sock=slot1_19_9834_b149_22994>
...
040 (6053315.000.000) 08/17 01:18:17 Finished transferring input files
...
001 (6053315.000.000) 08/17 01:18:18 Job executing on host: <188.185.197.112:9618?addrs=188.185.197.112-9618+[2001-1458-303-24--100-6c]-9618&alias=b9p14p2897.cern.ch&noUDP&sock=startd_9245_e127>
	SlotName: slot1_19@b9p14p2897.cern.ch
	CondorScratchDir = "/pool/condor/dir_196257"
	Cpus = 1
	Disk = 6145891
	GPUs = 0
	Memory = 3000
...
006 (6053315.000.000) 08/17 01:18:27 Image size of job updated: 10372
	11  -  MemoryUsage of job (MB)
	10372  -  ResidentSetSize of job (KB)
...
006 (6053315.000.000) 08/17 01:23:28 Image size of job updated: 150744
	148  -  MemoryUsage of job (MB)
	150744  -  ResidentSetSize of job (KB)
...
006 (6053315.000.000) 08/17 01:28:28 Image size of job updated: 172996
	169  -  MemoryUsage of job (MB)
	172996  -  ResidentSetSize of job (KB)
...
006 (6053315.000.000) 08/17 01:33:28 Image size of job updated: 184444
	181  -  MemoryUsage of job (MB)
	184444  -  ResidentSetSize of job (KB)
...
006 (6053315.000.000) 08/17 01:38:29 Image size of job updated: 206812
	202  -  MemoryUsage of job (MB)
	206812  -  ResidentSetSize of job (KB)
...
006 (6053315.000.000) 08/17 01:42:25 Image size of job updated: 218036
	202  -  MemoryUsage of job (MB)
	206812  -  ResidentSetSize of job (KB)
...
040 (6053315.000.000) 08/17 01:42:25 Started transferring output files
...
040 (6053315.000.000) 08/17 01:42:25 Finished transferring output files
...
005 (6053315.000.000) 08/17 01:42:25 Job terminated.
	(1) Normal termination (return value 0)
		Usr 0 00:23:35, Sys 0 00:00:04  -  Run Remote Usage
		Usr 0 00:00:00, Sys 0 00:00:00  -  Run Local Usage
		Usr 0 00:23:35, Sys 0 00:00:04  -  Total Remote Usage
		Usr 0 00:00:00, Sys 0 00:00:00  -  Total Local Usage
	17206  -  Run Bytes Sent By Job
	1275  -  Run Bytes Received By Job
	17206  -  Total Bytes Sent By Job
	1275  -  Total Bytes Received By Job
	Partitionable Resources :    Usage  Request Allocated 
	   Cpus                 :     0.99        1         1 
	   Disk (KB)            : 39670     6144000   6145891 
	   GPUs                 :                           0 
	   Memory (MB)          :   202        3000      3000 
	   TimeExecute (s)      :  1447                       
	   TimeSlotBusy (s)     :  1449                       
...
