000 (6053870.000.000) 08/17 01:53:48 Job submitted from host: <188.185.133.2:9618?addrs=188.185.133.2-9618+[2001-1458-d03-2--100-208]-9618&alias=bigbird102.cern.ch&noUDP&sock=schedd_5723_1498>
    DAG Node: C_W15_LL_M1_A07_S2_F0
...
040 (6053870.000.000) 08/17 01:54:41 Started transferring input files
	Transferring to host: <128.142.33.60:9618?addrs=128.142.33.60-9618+[2001-1458-301-53--100-39]-9618&alias=b9g34p8084.cern.ch&noUDP&sock=slot1_16_8531_9c74_28650>
...
040 (6053870.000.000) 08/17 01:54:41 Finished transferring input files
...
001 (6053870.000.000) 08/17 01:54:42 Job executing on host: <128.142.33.60:9618?addrs=128.142.33.60-9618+[2001-1458-301-53--100-39]-9618&alias=b9g34p8084.cern.ch&noUDP&sock=startd_7503_032c>
	SlotName: slot1_16@b9g34p8084.cern.ch
	CondorScratchDir = "/pool/condor/dir_1844944"
	Cpus = 1
	Disk = 6204894
	GPUs = 0
	Memory = 3000
...
006 (6053870.000.000) 08/17 01:54:50 Image size of job updated: 61964
	31  -  MemoryUsage of job (MB)
	31480  -  ResidentSetSize of job (KB)
...
006 (6053870.000.000) 08/17 01:59:50 Image size of job updated: 95184
	93  -  MemoryUsage of job (MB)
	95184  -  ResidentSetSize of job (KB)
...
006 (6053870.000.000) 08/17 02:04:51 Image size of job updated: 106944
	105  -  MemoryUsage of job (MB)
	106944  -  ResidentSetSize of job (KB)
...
006 (6053870.000.000) 08/17 02:09:51 Image size of job updated: 117784
	116  -  MemoryUsage of job (MB)
	117784  -  ResidentSetSize of job (KB)
...
006 (6053870.000.000) 08/17 02:14:52 Image size of job updated: 117788
	116  -  MemoryUsage of job (MB)
	117788  -  ResidentSetSize of job (KB)
...
006 (6053870.000.000) 08/17 02:15:26 Image size of job updated: 117792
	116  -  MemoryUsage of job (MB)
	117788  -  ResidentSetSize of job (KB)
...
040 (6053870.000.000) 08/17 02:15:26 Started transferring output files
...
040 (6053870.000.000) 08/17 02:15:26 Finished transferring output files
...
005 (6053870.000.000) 08/17 02:15:26 Job terminated.
	(1) Normal termination (return value 0)
		Usr 0 00:20:30, Sys 0 00:00:03  -  Run Remote Usage
		Usr 0 00:00:00, Sys 0 00:00:00  -  Run Local Usage
		Usr 0 00:20:30, Sys 0 00:00:03  -  Total Remote Usage
		Usr 0 00:00:00, Sys 0 00:00:00  -  Total Local Usage
	17701  -  Run Bytes Sent By Job
	1271  -  Run Bytes Received By Job
	17701  -  Total Bytes Sent By Job
	1271  -  Total Bytes Received By Job
	Partitionable Resources :    Usage  Request Allocated 
	   Cpus                 :     0.99        1         1 
	   Disk (KB)            : 39637     6144000   6204894 
	   GPUs                 :                           0 
	   Memory (MB)          :   116        3000      3000 
	   TimeExecute (s)      :  1244                       
	   TimeSlotBusy (s)     :  1245                       
...
