000 (6053225.000.000) 08/17 01:15:08 Job submitted from host: <188.185.133.2:9618?addrs=188.185.133.2-9618+[2001-1458-d03-2--100-208]-9618&alias=bigbird102.cern.ch&noUDP&sock=schedd_5723_1498>
    DAG Node: P_W15_IL_M2_A10_S5
...
040 (6053225.000.000) 08/17 01:17:46 Started transferring input files
	Transferring to host: <188.185.193.99:9618?addrs=188.185.193.99-9618+[2001-1458-303-20--100-5f]-9618&alias=b9p19p2598.cern.ch&noUDP&sock=slot1_38_5491_a7f8_29692>
...
040 (6053225.000.000) 08/17 01:17:46 Finished transferring input files
...
001 (6053225.000.000) 08/17 01:17:47 Job executing on host: <188.185.193.99:9618?addrs=188.185.193.99-9618+[2001-1458-303-20--100-5f]-9618&alias=b9p19p2598.cern.ch&noUDP&sock=startd_4395_2ed3>
	SlotName: slot1_38@b9p19p2598.cern.ch
	CondorScratchDir = "/pool/condor/dir_3318348"
	Cpus = 1
	Disk = 6146899
	GPUs = 0
	Memory = 3000
...
006 (6053225.000.000) 08/17 01:17:55 Image size of job updated: 18624
	19  -  MemoryUsage of job (MB)
	18624  -  ResidentSetSize of job (KB)
...
006 (6053225.000.000) 08/17 01:19:57 Image size of job updated: 118036
	19  -  MemoryUsage of job (MB)
	18624  -  ResidentSetSize of job (KB)
...
040 (6053225.000.000) 08/17 01:19:57 Started transferring output files
...
040 (6053225.000.000) 08/17 01:19:57 Finished transferring output files
...
005 (6053225.000.000) 08/17 01:19:57 Job terminated.
	(1) Normal termination (return value 0)
		Usr 0 00:01:52, Sys 0 00:00:03  -  Run Remote Usage
		Usr 0 00:00:00, Sys 0 00:00:00  -  Run Local Usage
		Usr 0 00:01:52, Sys 0 00:00:03  -  Total Remote Usage
		Usr 0 00:00:00, Sys 0 00:00:00  -  Total Local Usage
	16608  -  Run Bytes Sent By Job
	1275  -  Run Bytes Received By Job
	16608  -  Total Bytes Sent By Job
	1275  -  Total Bytes Received By Job
	Partitionable Resources :    Usage  Request Allocated 
	   Cpus                 :     0.99        1         1 
	   Disk (KB)            :  8378     6144000   6146899 
	   GPUs                 :                           0 
	   Memory (MB)          :    19        3000      3000 
	   TimeExecute (s)      :   130                       
	   TimeSlotBusy (s)     :   131                       
...
