000 (6053340.000.000) 08/17 01:15:26 Job submitted from host: <188.185.133.2:9618?addrs=188.185.133.2-9618+[2001-1458-d03-2--100-208]-9618&alias=bigbird102.cern.ch&noUDP&sock=schedd_5723_1498>
    DAG Node: P_W15_HH_M2_A10_S0
...
040 (6053340.000.000) 08/17 01:18:25 Started transferring input files
	Transferring to host: <188.185.192.57:9618?addrs=188.185.192.57-9618+[2001-1458-303-1f--100-35]-9618&alias=b9p13p8290.cern.ch&noUDP&sock=slot1_23_219091_2de6_31684>
...
040 (6053340.000.000) 08/17 01:18:25 Finished transferring input files
...
001 (6053340.000.000) 08/17 01:18:26 Job executing on host: <188.185.192.57:9618?addrs=188.185.192.57-9618+[2001-1458-303-1f--100-35]-9618&alias=b9p13p8290.cern.ch&noUDP&sock=startd_3703_874a>
	SlotName: slot1_23@b9p13p8290.cern.ch
	CondorScratchDir = "/pool/condor/dir_1225598"
	Cpus = 1
	Disk = 6146890
	GPUs = 0
	Memory = 3000
...
006 (6053340.000.000) 08/17 01:18:35 Image size of job updated: 4532
	5  -  MemoryUsage of job (MB)
	4532  -  ResidentSetSize of job (KB)
...
006 (6053340.000.000) 08/17 01:19:33 Image size of job updated: 117844
	5  -  MemoryUsage of job (MB)
	4532  -  ResidentSetSize of job (KB)
...
040 (6053340.000.000) 08/17 01:19:33 Started transferring output files
...
040 (6053340.000.000) 08/17 01:19:33 Finished transferring output files
...
005 (6053340.000.000) 08/17 01:19:33 Job terminated.
	(1) Normal termination (return value 0)
		Usr 0 00:00:38, Sys 0 00:00:03  -  Run Remote Usage
		Usr 0 00:00:00, Sys 0 00:00:00  -  Run Local Usage
		Usr 0 00:00:38, Sys 0 00:00:03  -  Total Remote Usage
		Usr 0 00:00:00, Sys 0 00:00:00  -  Total Local Usage
	16550  -  Run Bytes Sent By Job
	1275  -  Run Bytes Received By Job
	16550  -  Total Bytes Sent By Job
	1275  -  Total Bytes Received By Job
	Partitionable Resources :    Usage  Request Allocated 
	   Cpus                 :                 1         1 
	   Disk (KB)            :       37  6144000   6146890 
	   GPUs                 :                           0 
	   Memory (MB)          :        5     3000      3000 
	   TimeExecute (s)      :       67                    
	   TimeSlotBusy (s)     :       69                    
...
