000 (6053723.000.000) 08/17 01:34:08 Job submitted from host: <188.185.133.2:9618?addrs=188.185.133.2-9618+[2001-1458-d03-2--100-208]-9618&alias=bigbird102.cern.ch&noUDP&sock=schedd_5723_1498>
    DAG Node: C_W15_II_M0_A00_S7_F0
...
040 (6053723.000.000) 08/17 01:35:03 Started transferring input files
	Transferring to host: <188.185.197.65:9618?addrs=188.185.197.65-9618+[2001-1458-303-24--100-3d]-9618&alias=b9p14p2446.cern.ch&noUDP&sock=slot1_27_3057_aed5_23910>
...
040 (6053723.000.000) 08/17 01:35:03 Finished transferring input files
...
001 (6053723.000.000) 08/17 01:35:04 Job executing on host: <188.185.197.65:9618?addrs=188.185.197.65-9618+[2001-1458-303-24--100-3d]-9618&alias=b9p14p2446.cern.ch&noUDP&sock=startd_2489_d350>
	SlotName: slot1_27@b9p14p2446.cern.ch
	CondorScratchDir = "/pool/condor/dir_3621469"
	Cpus = 1
	Disk = 6149272
	GPUs = 0
	Memory = 3000
...
006 (6053723.000.000) 08/17 01:35:13 Image size of job updated: 55304
	28  -  MemoryUsage of job (MB)
	27760  -  ResidentSetSize of job (KB)
...
006 (6053723.000.000) 08/17 01:40:14 Image size of job updated: 91944
	90  -  MemoryUsage of job (MB)
	91944  -  ResidentSetSize of job (KB)
...
006 (6053723.000.000) 08/17 01:45:14 Image size of job updated: 104036
	102  -  MemoryUsage of job (MB)
	104036  -  ResidentSetSize of job (KB)
...
006 (6053723.000.000) 08/17 01:55:15 Image size of job updated: 104040
	102  -  MemoryUsage of job (MB)
	104040  -  ResidentSetSize of job (KB)
...
006 (6053723.000.000) 08/17 02:00:15 Image size of job updated: 114880
	113  -  MemoryUsage of job (MB)
	114880  -  ResidentSetSize of job (KB)
...
006 (6053723.000.000) 08/17 02:07:35 Image size of job updated: 114888
	113  -  MemoryUsage of job (MB)
	114880  -  ResidentSetSize of job (KB)
...
040 (6053723.000.000) 08/17 02:07:35 Started transferring output files
...
040 (6053723.000.000) 08/17 02:07:35 Finished transferring output files
...
005 (6053723.000.000) 08/17 02:07:35 Job terminated.
	(1) Normal termination (return value 0)
		Usr 0 00:31:44, Sys 0 00:00:04  -  Run Remote Usage
		Usr 0 00:00:00, Sys 0 00:00:00  -  Run Local Usage
		Usr 0 00:31:44, Sys 0 00:00:04  -  Total Remote Usage
		Usr 0 00:00:00, Sys 0 00:00:00  -  Total Local Usage
	17363  -  Run Bytes Sent By Job
	1271  -  Run Bytes Received By Job
	17363  -  Total Bytes Sent By Job
	1271  -  Total Bytes Received By Job
	Partitionable Resources :    Usage  Request Allocated 
	   Cpus                 :     0.99        1         1 
	   Disk (KB)            : 39672     6144000   6149272 
	   GPUs                 :                           0 
	   Memory (MB)          :   113        3000      3000 
	   TimeExecute (s)      :  1951                       
	   TimeSlotBusy (s)     :  1952                       
...
