000 (6053419.000.000) 08/17 01:20:55 Job submitted from host: <188.185.133.2:9618?addrs=188.185.133.2-9618+[2001-1458-d03-2--100-208]-9618&alias=bigbird102.cern.ch&noUDP&sock=schedd_5723_1498>
    DAG Node: C_W15_HL_M2_A10_S2_F2
...
040 (6053419.000.000) 08/17 01:20:59 Started transferring input files
	Transferring to host: <188.185.196.51:9618?addrs=188.185.196.51-9618+[2001-1458-303-23--100-2f]-9618&alias=b9p16p9669.cern.ch&noUDP&sock=slot1_16_3962_565a_31400>
...
040 (6053419.000.000) 08/17 01:20:59 Finished transferring input files
...
001 (6053419.000.000) 08/17 01:21:00 Job executing on host: <188.185.196.51:9618?addrs=188.185.196.51-9618+[2001-1458-303-23--100-2f]-9618&alias=b9p16p9669.cern.ch&noUDP&sock=startd_3912_e295>
	SlotName: slot1_16@b9p16p9669.cern.ch
	CondorScratchDir = "/pool/condor/dir_2478670"
	Cpus = 1
	Disk = 6145918
	GPUs = 0
	Memory = 3000
...
006 (6053419.000.000) 08/17 01:21:08 Image size of job updated: 58016
	47  -  MemoryUsage of job (MB)
	47796  -  ResidentSetSize of job (KB)
...
006 (6053419.000.000) 08/17 01:26:08 Image size of job updated: 95156
	93  -  MemoryUsage of job (MB)
	95156  -  ResidentSetSize of job (KB)
...
006 (6053419.000.000) 08/17 01:31:09 Image size of job updated: 95208
	93  -  MemoryUsage of job (MB)
	95208  -  ResidentSetSize of job (KB)
...
006 (6053419.000.000) 08/17 01:36:09 Image size of job updated: 95320
	94  -  MemoryUsage of job (MB)
	95320  -  ResidentSetSize of job (KB)
...
006 (6053419.000.000) 08/17 01:41:09 Image size of job updated: 95372
	94  -  MemoryUsage of job (MB)
	95372  -  ResidentSetSize of job (KB)
...
006 (6053419.000.000) 08/17 01:46:10 Image size of job updated: 95488
	94  -  MemoryUsage of job (MB)
	95488  -  ResidentSetSize of job (KB)
...
006 (6053419.000.000) 08/17 01:56:11 Image size of job updated: 95656
	94  -  MemoryUsage of job (MB)
	95656  -  ResidentSetSize of job (KB)
...
006 (6053419.000.000) 08/17 02:05:21 Image size of job updated: 95828
	94  -  MemoryUsage of job (MB)
	95656  -  ResidentSetSize of job (KB)
...
040 (6053419.000.000) 08/17 02:05:21 Started transferring output files
...
040 (6053419.000.000) 08/17 02:05:21 Finished transferring output files
...
005 (6053419.000.000) 08/17 02:05:21 Job terminated.
	(1) Normal termination (return value 0)
		Usr 0 00:43:58, Sys 0 00:00:06  -  Run Remote Usage
		Usr 0 00:00:00, Sys 0 00:00:00  -  Run Local Usage
		Usr 0 00:43:58, Sys 0 00:00:06  -  Total Remote Usage
		Usr 0 00:00:00, Sys 0 00:00:00  -  Total Local Usage
	16967  -  Run Bytes Sent By Job
	1271  -  Run Bytes Received By Job
	16967  -  Total Bytes Sent By Job
	1271  -  Total Bytes Received By Job
	Partitionable Resources :    Usage  Request Allocated 
	   Cpus                 :     1.00        1         1 
	   Disk (KB)            : 39670     6144000   6145918 
	   GPUs                 :                           0 
	   Memory (MB)          :    94        3000      3000 
	   TimeExecute (s)      :  2661                       
	   TimeSlotBusy (s)     :  2662                       
...
