000 (6053166.000.000) 08/17 01:15:07 Job submitted from host: <188.185.133.2:9618?addrs=188.185.133.2-9618+[2001-1458-d03-2--100-208]-9618&alias=bigbird102.cern.ch&noUDP&sock=schedd_5723_1498>
    DAG Node: P_W15_LI_M1_A07_S2
...
040 (6053166.000.000) 08/17 01:17:27 Started transferring input files
	Transferring to host: <188.185.196.71:9618?addrs=188.185.196.71-9618+[2001-1458-303-23--100-43]-9618&alias=b9p16p0802.cern.ch&noUDP&sock=slot1_17_4362_2c6a_29553>
...
040 (6053166.000.000) 08/17 01:17:27 Finished transferring input files
...
001 (6053166.000.000) 08/17 01:17:28 Job executing on host: <188.185.196.71:9618?addrs=188.185.196.71-9618+[2001-1458-303-23--100-43]-9618&alias=b9p16p0802.cern.ch&noUDP&sock=startd_3301_ca37>
	SlotName: slot1_17@b9p16p0802.cern.ch
	CondorScratchDir = "/pool/condor/dir_3031152"
	Cpus = 1
	Disk = 6146688
	GPUs = 0
	Memory = 3000
...
006 (6053166.000.000) 08/17 01:17:36 Image size of job updated: 62232
	61  -  MemoryUsage of job (MB)
	62232  -  ResidentSetSize of job (KB)
...
006 (6053166.000.000) 08/17 01:22:36 Image size of job updated: 139148
	136  -  MemoryUsage of job (MB)
	139148  -  ResidentSetSize of job (KB)
...
006 (6053166.000.000) 08/17 01:27:37 Image size of job updated: 150756
	148  -  MemoryUsage of job (MB)
	150756  -  ResidentSetSize of job (KB)
...
006 (6053166.000.000) 08/17 01:32:37 Image size of job updated: 173004
	169  -  MemoryUsage of job (MB)
	173004  -  ResidentSetSize of job (KB)
...
006 (6053166.000.000) 08/17 01:37:38 Image size of job updated: 184456
	181  -  MemoryUsage of job (MB)
	184456  -  ResidentSetSize of job (KB)
...
006 (6053166.000.000) 08/17 01:42:39 Image size of job updated: 206820
	202  -  MemoryUsage of job (MB)
	206820  -  ResidentSetSize of job (KB)
...
006 (6053166.000.000) 08/17 01:47:39 Image size of job updated: 209052
	205  -  MemoryUsage of job (MB)
	209052  -  ResidentSetSize of job (KB)
...
006 (6053166.000.000) 08/17 01:52:40 Image size of job updated: 218040
	213  -  MemoryUsage of job (MB)
	218040  -  ResidentSetSize of job (KB)
...
006 (6053166.000.000) 08/17 01:53:12 Image size of job updated: 218044
	213  -  MemoryUsage of job (MB)
	218040  -  ResidentSetSize of job (KB)
...
040 (6053166.000.000) 08/17 01:53:12 Started transferring output files
...
040 (6053166.000.000) 08/17 01:53:12 Finished transferring output files
...
005 (6053166.000.000) 08/17 01:53:12 Job terminated.
	(1) Normal termination (return value 0)
		Usr 0 00:35:16, Sys 0 00:00:06  -  Run Remote Usage
		Usr 0 00:00:00, Sys 0 00:00:00  -  Run Local Usage
		Usr 0 00:35:16, Sys 0 00:00:06  -  Total Remote Usage
		Usr 0 00:00:00, Sys 0 00:00:00  -  Total Local Usage
	17207  -  Run Bytes Sent By Job
	1275  -  Run Bytes Received By Job
	17207  -  Total Bytes Sent By Job
	1275  -  Total Bytes Received By Job
	Partitionable Resources :    Usage  Request Allocated 
	   Cpus                 :     0.99        1         1 
	   Disk (KB)            : 39670     6144000   6146688 
	   GPUs                 :                           0 
	   Memory (MB)          :   213        3000      3000 
	   TimeExecute (s)      :  2144                       
	   TimeSlotBusy (s)     :  2146                       
...
