000 (6053323.000.000) 08/17 01:15:16 Job submitted from host: <188.185.133.2:9618?addrs=188.185.133.2-9618+[2001-1458-d03-2--100-208]-9618&alias=bigbird102.cern.ch&noUDP&sock=schedd_5723_1498>
    DAG Node: P_W15_HI_M2_A10_S7
...
040 (6053323.000.000) 08/17 01:18:28 Started transferring input files
	Transferring to host: <188.185.196.133:9618?addrs=188.185.196.133-9618+[2001-1458-303-23--100-81]-9618&alias=b9p16p2227.cern.ch&noUDP&sock=slot1_25_3233_b0dd_32421>
...
040 (6053323.000.000) 08/17 01:18:28 Finished transferring input files
...
001 (6053323.000.000) 08/17 01:18:29 Job executing on host: <188.185.196.133:9618?addrs=188.185.196.133-9618+[2001-1458-303-23--100-81]-9618&alias=b9p16p2227.cern.ch&noUDP&sock=startd_2644_247e>
	SlotName: slot1_25@b9p16p2227.cern.ch
	CondorScratchDir = "/pool/condor/dir_825024"
	Cpus = 1
	Disk = 6146475
	GPUs = 0
	Memory = 3000
...
006 (6053323.000.000) 08/17 01:18:38 Image size of job updated: 56056
	55  -  MemoryUsage of job (MB)
	56056  -  ResidentSetSize of job (KB)
...
006 (6053323.000.000) 08/17 01:19:28 Image size of job updated: 111764
	55  -  MemoryUsage of job (MB)
	56056  -  ResidentSetSize of job (KB)
...
040 (6053323.000.000) 08/17 01:19:28 Started transferring output files
...
040 (6053323.000.000) 08/17 01:19:28 Finished transferring output files
...
005 (6053323.000.000) 08/17 01:19:28 Job terminated.
	(1) Normal termination (return value 0)
		Usr 0 00:00:44, Sys 0 00:00:03  -  Run Remote Usage
		Usr 0 00:00:00, Sys 0 00:00:00  -  Run Local Usage
		Usr 0 00:00:44, Sys 0 00:00:03  -  Total Remote Usage
		Usr 0 00:00:00, Sys 0 00:00:00  -  Total Local Usage
	16610  -  Run Bytes Sent By Job
	1275  -  Run Bytes Received By Job
	16610  -  Total Bytes Sent By Job
	1275  -  Total Bytes Received By Job
	Partitionable Resources :    Usage  Request Allocated 
	   Cpus                 :        0        1         1 
	   Disk (KB)            :     8854  6144000   6146475 
	   GPUs                 :                           0 
	   Memory (MB)          :       55     3000      3000 
	   TimeExecute (s)      :       59                    
	   TimeSlotBusy (s)     :       60                    
...
