000 (6053297.000.000) 08/17 01:15:15 Job submitted from host: <188.185.133.2:9618?addrs=188.185.133.2-9618+[2001-1458-d03-2--100-208]-9618&alias=bigbird102.cern.ch&noUDP&sock=schedd_5723_1498>
    DAG Node: P_W15_HL_M2_A10_S5
...
040 (6053297.000.000) 08/17 01:18:13 Started transferring input files
	Transferring to host: <188.185.194.151:9618?addrs=188.185.194.151-9618+[2001-1458-303-21--100-93]-9618&alias=b9p20p9170.cern.ch&noUDP&sock=slot1_25_3666_c74e_29491>
...
040 (6053297.000.000) 08/17 01:18:13 Finished transferring input files
...
001 (6053297.000.000) 08/17 01:18:14 Job executing on host: <188.185.194.151:9618?addrs=188.185.194.151-9618+[2001-1458-303-21--100-93]-9618&alias=b9p20p9170.cern.ch&noUDP&sock=startd_2932_afc5>
	SlotName: slot1_25@b9p20p9170.cern.ch
	CondorScratchDir = "/pool/condor/dir_229911"
	Cpus = 1
	Disk = 6146689
	GPUs = 0
	Memory = 3000
...
006 (6053297.000.000) 08/17 01:18:22 Image size of job updated: 4536
	5  -  MemoryUsage of job (MB)
	4536  -  ResidentSetSize of job (KB)
...
006 (6053297.000.000) 08/17 01:21:40 Image size of job updated: 115788
	5  -  MemoryUsage of job (MB)
	4536  -  ResidentSetSize of job (KB)
...
040 (6053297.000.000) 08/17 01:21:40 Started transferring output files
...
040 (6053297.000.000) 08/17 01:21:40 Finished transferring output files
...
005 (6053297.000.000) 08/17 01:21:40 Job terminated.
	(1) Normal termination (return value 0)
		Usr 0 00:03:01, Sys 0 00:00:03  -  Run Remote Usage
		Usr 0 00:00:00, Sys 0 00:00:00  -  Run Local Usage
		Usr 0 00:03:01, Sys 0 00:00:03  -  Total Remote Usage
		Usr 0 00:00:00, Sys 0 00:00:00  -  Total Local Usage
	16607  -  Run Bytes Sent By Job
	1275  -  Run Bytes Received By Job
	16607  -  Total Bytes Sent By Job
	1275  -  Total Bytes Received By Job
	Partitionable Resources :    Usage  Request Allocated 
	   Cpus                 :     0.99        1         1 
	   Disk (KB)            :    46     6144000   6146689 
	   GPUs                 :                           0 
	   Memory (MB)          :     5        3000      3000 
	   TimeExecute (s)      :   206                       
	   TimeSlotBusy (s)     :   209                       
...
