000 (6053794.000.000) 08/17 01:43:04 Job submitted from host: <188.185.133.2:9618?addrs=188.185.133.2-9618+[2001-1458-d03-2--100-208]-9618&alias=bigbird102.cern.ch&noUDP&sock=schedd_5723_1498>
    DAG Node: C_W15_IH_M1_A07_S2_F0
...
040 (6053794.000.000) 08/17 01:44:20 Started transferring input files
	Transferring to host: <188.185.194.170:9618?addrs=188.185.194.170-9618+[2001-1458-303-21--100-a6]-9618&alias=b9p20p0078.cern.ch&noUDP&sock=slot1_17_3969_44fa_30341>
...
040 (6053794.000.000) 08/17 01:44:20 Finished transferring input files
...
001 (6053794.000.000) 08/17 01:44:21 Job executing on host: <188.185.194.170:9618?addrs=188.185.194.170-9618+[2001-1458-303-21--100-a6]-9618&alias=b9p20p0078.cern.ch&noUDP&sock=startd_3806_2d8b>
	SlotName: slot1_17@b9p20p0078.cern.ch
	CondorScratchDir = "/pool/condor/dir_3339703"
	Cpus = 1
	Disk = 6146352
	GPUs = 0
	Memory = 3000
...
006 (6053794.000.000) 08/17 01:44:30 Image size of job updated: 45488
	37  -  MemoryUsage of job (MB)
	36992  -  ResidentSetSize of job (KB)
...
006 (6053794.000.000) 08/17 01:49:31 Image size of job updated: 96492
	95  -  MemoryUsage of job (MB)
	96492  -  ResidentSetSize of job (KB)
...
006 (6053794.000.000) 08/17 01:54:31 Image size of job updated: 108584
	107  -  MemoryUsage of job (MB)
	108584  -  ResidentSetSize of job (KB)
...
006 (6053794.000.000) 08/17 01:59:33 Image size of job updated: 119424
	117  -  MemoryUsage of job (MB)
	119424  -  ResidentSetSize of job (KB)
...
006 (6053794.000.000) 08/17 02:02:53 Image size of job updated: 119428
	117  -  MemoryUsage of job (MB)
	119424  -  ResidentSetSize of job (KB)
...
040 (6053794.000.000) 08/17 02:02:53 Started transferring output files
...
040 (6053794.000.000) 08/17 02:02:53 Finished transferring output files
...
005 (6053794.000.000) 08/17 02:02:53 Job terminated.
	(1) Normal termination (return value 0)
		Usr 0 00:18:14, Sys 0 00:00:05  -  Run Remote Usage
		Usr 0 00:00:00, Sys 0 00:00:00  -  Run Local Usage
		Usr 0 00:18:14, Sys 0 00:00:05  -  Total Remote Usage
		Usr 0 00:00:00, Sys 0 00:00:00  -  Total Local Usage
	17701  -  Run Bytes Sent By Job
	1271  -  Run Bytes Received By Job
	17701  -  Total Bytes Sent By Job
	1271  -  Total Bytes Received By Job
	Partitionable Resources :    Usage  Request Allocated 
	   Cpus                 :     0.99        1         1 
	   Disk (KB)            : 39673     6144000   6146352 
	   GPUs                 :                           0 
	   Memory (MB)          :   117        3000      3000 
	   TimeExecute (s)      :  1112                       
	   TimeSlotBusy (s)     :  1113                       
...
