000 (6053789.000.000) 08/17 01:42:34 Job submitted from host: <188.185.133.2:9618?addrs=188.185.133.2-9618+[2001-1458-d03-2--100-208]-9618&alias=bigbird102.cern.ch&noUDP&sock=schedd_5723_1498>
    DAG Node: C_W15_HI_M1_A07_S7_F0
...
040 (6053789.000.000) 08/17 01:42:41 Started transferring input files
	Transferring to host: <188.185.194.82:9618?addrs=188.185.194.82-9618+[2001-1458-303-21--100-4e]-9618&alias=b9p20p5054.cern.ch&noUDP&sock=slot1_3_1564702_dbc5_30091>
...
040 (6053789.000.000) 08/17 01:42:41 Finished transferring input files
...
001 (6053789.000.000) 08/17 01:42:42 Job executing on host: <188.185.194.82:9618?addrs=188.185.194.82-9618+[2001-1458-303-21--100-4e]-9618&alias=b9p20p5054.cern.ch&noUDP&sock=startd_5718_a69f>
	SlotName: slot1_3@b9p20p5054.cern.ch
	CondorScratchDir = "/pool/condor/dir_4186073"
	Cpus = 1
	Disk = 6151912
	GPUs = 0
	Memory = 3000
...
006 (6053789.000.000) 08/17 01:42:51 Image size of job updated: 35548
	35  -  MemoryUsage of job (MB)
	35548  -  ResidentSetSize of job (KB)
...
006 (6053789.000.000) 08/17 01:47:52 Image size of job updated: 96496
	95  -  MemoryUsage of job (MB)
	96496  -  ResidentSetSize of job (KB)
...
006 (6053789.000.000) 08/17 01:52:53 Image size of job updated: 97172
	95  -  MemoryUsage of job (MB)
	97172  -  ResidentSetSize of job (KB)
...
006 (6053789.000.000) 08/17 01:57:53 Image size of job updated: 108584
	107  -  MemoryUsage of job (MB)
	108584  -  ResidentSetSize of job (KB)
...
006 (6053789.000.000) 08/17 02:02:54 Image size of job updated: 119428
	117  -  MemoryUsage of job (MB)
	119428  -  ResidentSetSize of job (KB)
...
006 (6053789.000.000) 08/17 02:10:42 Image size of job updated: 119436
	117  -  MemoryUsage of job (MB)
	119428  -  ResidentSetSize of job (KB)
...
040 (6053789.000.000) 08/17 02:10:42 Started transferring output files
...
040 (6053789.000.000) 08/17 02:10:43 Finished transferring output files
...
005 (6053789.000.000) 08/17 02:10:43 Job terminated.
	(1) Normal termination (return value 0)
		Usr 0 00:27:34, Sys 0 00:00:07  -  Run Remote Usage
		Usr 0 00:00:00, Sys 0 00:00:00  -  Run Local Usage
		Usr 0 00:27:34, Sys 0 00:00:07  -  Total Remote Usage
		Usr 0 00:00:00, Sys 0 00:00:00  -  Total Local Usage
	17697  -  Run Bytes Sent By Job
	1271  -  Run Bytes Received By Job
	17697  -  Total Bytes Sent By Job
	1271  -  Total Bytes Received By Job
	Partitionable Resources :    Usage  Request Allocated 
	   Cpus                 :     0.99        1         1 
	   Disk (KB)            : 39673     6144000   6151912 
	   GPUs                 :                           0 
	   Memory (MB)          :   117        3000      3000 
	   TimeExecute (s)      :  1680                       
	   TimeSlotBusy (s)     :  1682                       
...
