000 (6053618.000.000) 08/17 01:26:49 Job submitted from host: <188.185.133.2:9618?addrs=188.185.133.2-9618+[2001-1458-d03-2--100-208]-9618&alias=bigbird102.cern.ch&noUDP&sock=schedd_5723_1498>
    DAG Node: C_W15_LH_M0_A00_S0_F0
...
040 (6053618.000.000) 08/17 01:28:23 Started transferring input files
	Transferring to host: <188.185.193.9:9618?addrs=188.185.193.9-9618+[2001-1458-303-20--100-5]-9618&alias=b9p19p4166.cern.ch&noUDP&sock=slot1_36_3632_d28d_32915>
...
040 (6053618.000.000) 08/17 01:28:23 Finished transferring input files
...
001 (6053618.000.000) 08/17 01:28:24 Job executing on host: <188.185.193.9:9618?addrs=188.185.193.9-9618+[2001-1458-303-20--100-5]-9618&alias=b9p19p4166.cern.ch&noUDP&sock=startd_2894_9f2b>
	SlotName: slot1_36@b9p19p4166.cern.ch
	CondorScratchDir = "/pool/condor/dir_1847505"
	Cpus = 1
	Disk = 6144915
	GPUs = 0
	Memory = 3000
...
006 (6053618.000.000) 08/17 01:28:32 Image size of job updated: 55080
	54  -  MemoryUsage of job (MB)
	55080  -  ResidentSetSize of job (KB)
...
006 (6053618.000.000) 08/17 01:33:32 Image size of job updated: 95316
	94  -  MemoryUsage of job (MB)
	95316  -  ResidentSetSize of job (KB)
...
006 (6053618.000.000) 08/17 01:38:33 Image size of job updated: 107240
	105  -  MemoryUsage of job (MB)
	107240  -  ResidentSetSize of job (KB)
...
006 (6053618.000.000) 08/17 01:43:34 Image size of job updated: 107244
	105  -  MemoryUsage of job (MB)
	107244  -  ResidentSetSize of job (KB)
...
006 (6053618.000.000) 08/17 01:48:34 Image size of job updated: 107248
	105  -  MemoryUsage of job (MB)
	107248  -  ResidentSetSize of job (KB)
...
006 (6053618.000.000) 08/17 01:53:35 Image size of job updated: 118084
	116  -  MemoryUsage of job (MB)
	118084  -  ResidentSetSize of job (KB)
...
006 (6053618.000.000) 08/17 01:58:35 Image size of job updated: 118088
	116  -  MemoryUsage of job (MB)
	118088  -  ResidentSetSize of job (KB)
...
006 (6053618.000.000) 08/17 01:59:37 Image size of job updated: 118092
	116  -  MemoryUsage of job (MB)
	118088  -  ResidentSetSize of job (KB)
...
040 (6053618.000.000) 08/17 01:59:37 Started transferring output files
...
040 (6053618.000.000) 08/17 01:59:37 Finished transferring output files
...
005 (6053618.000.000) 08/17 01:59:37 Job terminated.
	(1) Normal termination (return value 0)
		Usr 0 00:30:53, Sys 0 00:00:05  -  Run Remote Usage
		Usr 0 00:00:00, Sys 0 00:00:00  -  Run Local Usage
		Usr 0 00:30:53, Sys 0 00:00:05  -  Total Remote Usage
		Usr 0 00:00:00, Sys 0 00:00:00  -  Total Local Usage
	17363  -  Run Bytes Sent By Job
	1271  -  Run Bytes Received By Job
	17363  -  Total Bytes Sent By Job
	1271  -  Total Bytes Received By Job
	Partitionable Resources :    Usage  Request Allocated 
	   Cpus                 :     0.99        1         1 
	   Disk (KB)            : 39672     6144000   6144915 
	   GPUs                 :                           0 
	   Memory (MB)          :   116        3000      3000 
	   TimeExecute (s)      :  1873                       
	   TimeSlotBusy (s)     :  1875                       
...
