000 (6053219.000.000) 08/17 01:15:08 Job submitted from host: <188.185.133.2:9618?addrs=188.185.133.2-9618+[2001-1458-d03-2--100-208]-9618&alias=bigbird102.cern.ch&noUDP&sock=schedd_5723_1498>
    DAG Node: P_W15_IL_M1_A07_S7
...
040 (6053219.000.000) 08/17 01:17:45 Started transferring input files
	Transferring to host: <188.185.196.142:9618?addrs=188.185.196.142-9618+[2001-1458-303-23--100-8a]-9618&alias=b9p16p3107.cern.ch&noUDP&sock=slot1_11_3938_6d59_29934>
...
040 (6053219.000.000) 08/17 01:17:45 Finished transferring input files
...
001 (6053219.000.000) 08/17 01:17:46 Job executing on host: <188.185.196.142:9618?addrs=188.185.196.142-9618+[2001-1458-303-23--100-8a]-9618&alias=b9p16p3107.cern.ch&noUDP&sock=startd_3893_da48>
	SlotName: slot1_11@b9p16p3107.cern.ch
	CondorScratchDir = "/pool/condor/dir_346120"
	Cpus = 1
	Disk = 6146758
	GPUs = 0
	Memory = 3000
...
006 (6053219.000.000) 08/17 01:17:55 Image size of job updated: 60108
	59  -  MemoryUsage of job (MB)
	60108  -  ResidentSetSize of job (KB)
...
006 (6053219.000.000) 08/17 01:22:55 Image size of job updated: 141168
	138  -  MemoryUsage of job (MB)
	141168  -  ResidentSetSize of job (KB)
...
006 (6053219.000.000) 08/17 01:27:55 Image size of job updated: 152776
	150  -  MemoryUsage of job (MB)
	152776  -  ResidentSetSize of job (KB)
...
006 (6053219.000.000) 08/17 01:32:56 Image size of job updated: 164176
	161  -  MemoryUsage of job (MB)
	164176  -  ResidentSetSize of job (KB)
...
006 (6053219.000.000) 08/17 01:37:56 Image size of job updated: 186472
	183  -  MemoryUsage of job (MB)
	186472  -  ResidentSetSize of job (KB)
...
006 (6053219.000.000) 08/17 01:42:57 Image size of job updated: 197408
	193  -  MemoryUsage of job (MB)
	197408  -  ResidentSetSize of job (KB)
...
006 (6053219.000.000) 08/17 01:47:57 Image size of job updated: 220056
	215  -  MemoryUsage of job (MB)
	220056  -  ResidentSetSize of job (KB)
...
006 (6053219.000.000) 08/17 01:49:41 Image size of job updated: 220064
	215  -  MemoryUsage of job (MB)
	220056  -  ResidentSetSize of job (KB)
...
040 (6053219.000.000) 08/17 01:49:41 Started transferring output files
...
040 (6053219.000.000) 08/17 01:49:41 Finished transferring output files
...
005 (6053219.000.000) 08/17 01:49:42 Job terminated.
	(1) Normal termination (return value 0)
		Usr 0 00:31:30, Sys 0 00:00:06  -  Run Remote Usage
		Usr 0 00:00:00, Sys 0 00:00:00  -  Run Local Usage
		Usr 0 00:31:30, Sys 0 00:00:06  -  Total Remote Usage
		Usr 0 00:00:00, Sys 0 00:00:00  -  Total Local Usage
	17206  -  Run Bytes Sent By Job
	1275  -  Run Bytes Received By Job
	17206  -  Total Bytes Sent By Job
	1275  -  Total Bytes Received By Job
	Partitionable Resources :    Usage  Request Allocated 
	   Cpus                 :     0.99        1         1 
	   Disk (KB)            : 39670     6144000   6146758 
	   GPUs                 :                           0 
	   Memory (MB)          :   215        3000      3000 
	   TimeExecute (s)      :  1915                       
	   TimeSlotBusy (s)     :  1917                       
...
