000 (6053576.000.000) 08/17 01:24:17 Job submitted from host: <188.185.133.2:9618?addrs=188.185.133.2-9618+[2001-1458-d03-2--100-208]-9618&alias=bigbird102.cern.ch&noUDP&sock=schedd_5723_1498>
    DAG Node: C_W15_HI_M0_A00_S4_F0
...
040 (6053576.000.000) 08/17 01:24:38 Started transferring input files
	Transferring to host: <188.185.194.17:9618?addrs=188.185.194.17-9618+[2001-1458-303-21--100-d]-9618&alias=b9p20p4452.cern.ch&noUDP&sock=slot1_40_3840_6095_29228>
...
040 (6053576.000.000) 08/17 01:24:38 Finished transferring input files
...
001 (6053576.000.000) 08/17 01:24:39 Job executing on host: <188.185.194.17:9618?addrs=188.185.194.17-9618+[2001-1458-303-21--100-d]-9618&alias=b9p20p4452.cern.ch&noUDP&sock=startd_3546_d6eb>
	SlotName: slot1_40@b9p20p4452.cern.ch
	CondorScratchDir = "/pool/condor/dir_1077349"
	Cpus = 1
	Disk = 6146086
	GPUs = 0
	Memory = 3000
...
006 (6053576.000.000) 08/17 01:24:47 Image size of job updated: 56100
	55  -  MemoryUsage of job (MB)
	56100  -  ResidentSetSize of job (KB)
...
006 (6053576.000.000) 08/17 01:29:47 Image size of job updated: 94460
	93  -  MemoryUsage of job (MB)
	94460  -  ResidentSetSize of job (KB)
...
006 (6053576.000.000) 08/17 01:34:48 Image size of job updated: 106548
	105  -  MemoryUsage of job (MB)
	106548  -  ResidentSetSize of job (KB)
...
006 (6053576.000.000) 08/17 01:44:48 Image size of job updated: 117392
	115  -  MemoryUsage of job (MB)
	117392  -  ResidentSetSize of job (KB)
...
006 (6053576.000.000) 08/17 01:49:00 Image size of job updated: 117396
	115  -  MemoryUsage of job (MB)
	117392  -  ResidentSetSize of job (KB)
...
040 (6053576.000.000) 08/17 01:49:00 Started transferring output files
...
040 (6053576.000.000) 08/17 01:49:00 Finished transferring output files
...
005 (6053576.000.000) 08/17 01:49:00 Job terminated.
	(1) Normal termination (return value 0)
		Usr 0 00:23:53, Sys 0 00:00:05  -  Run Remote Usage
		Usr 0 00:00:00, Sys 0 00:00:00  -  Run Local Usage
		Usr 0 00:23:53, Sys 0 00:00:05  -  Total Remote Usage
		Usr 0 00:00:00, Sys 0 00:00:00  -  Total Local Usage
	17364  -  Run Bytes Sent By Job
	1271  -  Run Bytes Received By Job
	17364  -  Total Bytes Sent By Job
	1271  -  Total Bytes Received By Job
	Partitionable Resources :    Usage  Request Allocated 
	   Cpus                 :     0.99        1         1 
	   Disk (KB)            : 39672     6144000   6146086 
	   GPUs                 :                           0 
	   Memory (MB)          :   115        3000      3000 
	   TimeExecute (s)      :  1461                       
	   TimeSlotBusy (s)     :  1463                       
...
