000 (6053233.000.000) 08/17 01:15:14 Job submitted from host: <188.185.133.2:9618?addrs=188.185.133.2-9618+[2001-1458-d03-2--100-208]-9618&alias=bigbird102.cern.ch&noUDP&sock=schedd_5723_1498>
    DAG Node: P_W15_II_M0_A00_S5
...
040 (6053233.000.000) 08/17 01:17:50 Started transferring input files
	Transferring to host: <188.185.196.97:9618?addrs=188.185.196.97-9618+[2001-1458-303-23--100-5d]-9618&alias=b9p16p8550.cern.ch&noUDP&sock=slot1_39_4385_610b_30900>
...
040 (6053233.000.000) 08/17 01:17:50 Finished transferring input files
...
001 (6053233.000.000) 08/17 01:17:52 Job executing on host: <188.185.196.97:9618?addrs=188.185.196.97-9618+[2001-1458-303-23--100-5d]-9618&alias=b9p16p8550.cern.ch&noUDP&sock=startd_3366_5fdf>
	SlotName: slot1_39@b9p16p8550.cern.ch
	CondorScratchDir = "/pool/condor/dir_4005274"
	Cpus = 1
	Disk = 6146900
	GPUs = 0
	Memory = 3000
...
006 (6053233.000.000) 08/17 01:18:00 Image size of job updated: 16192
	16  -  MemoryUsage of job (MB)
	16192  -  ResidentSetSize of job (KB)
...
006 (6053233.000.000) 08/17 01:23:00 Image size of job updated: 139184
	136  -  MemoryUsage of job (MB)
	139184  -  ResidentSetSize of job (KB)
...
006 (6053233.000.000) 08/17 01:27:56 Image size of job updated: 164412
	136  -  MemoryUsage of job (MB)
	139184  -  ResidentSetSize of job (KB)
...
040 (6053233.000.000) 08/17 01:27:56 Started transferring output files
...
040 (6053233.000.000) 08/17 01:27:56 Finished transferring output files
...
005 (6053233.000.000) 08/17 01:27:56 Job terminated.
	(1) Normal termination (return value 0)
		Usr 0 00:09:35, Sys 0 00:00:04  -  Run Remote Usage
		Usr 0 00:00:00, Sys 0 00:00:00  -  Run Local Usage
		Usr 0 00:09:35, Sys 0 00:00:04  -  Total Remote Usage
		Usr 0 00:00:00, Sys 0 00:00:00  -  Total Local Usage
	16872  -  Run Bytes Sent By Job
	1275  -  Run Bytes Received By Job
	16872  -  Total Bytes Sent By Job
	1275  -  Total Bytes Received By Job
	Partitionable Resources :    Usage  Request Allocated 
	   Cpus                 :     0.99        1         1 
	   Disk (KB)            : 39668     6144000   6146900 
	   GPUs                 :                           0 
	   Memory (MB)          :   136        3000      3000 
	   TimeExecute (s)      :   605                       
	   TimeSlotBusy (s)     :   607                       
...
