000 (6053287.000.000) 08/17 01:15:15 Job submitted from host: <188.185.133.2:9618?addrs=188.185.133.2-9618+[2001-1458-d03-2--100-208]-9618&alias=bigbird102.cern.ch&noUDP&sock=schedd_5723_1498>
    DAG Node: P_W15_HL_M1_A07_S3
...
040 (6053287.000.000) 08/17 01:18:05 Started transferring input files
	Transferring to host: <188.185.193.117:9618?addrs=188.185.193.117-9618+[2001-1458-303-20--100-71]-9618&alias=b9p19p0088.cern.ch&noUDP&sock=slot1_6_3621_126c_38693>
...
040 (6053287.000.000) 08/17 01:18:05 Finished transferring input files
...
001 (6053287.000.000) 08/17 01:18:06 Job executing on host: <188.185.193.117:9618?addrs=188.185.193.117-9618+[2001-1458-303-20--100-71]-9618&alias=b9p19p0088.cern.ch&noUDP&sock=startd_2573_7145>
	SlotName: slot1_6@b9p19p0088.cern.ch
	CondorScratchDir = "/pool/condor/dir_3867122"
	Cpus = 1
	Disk = 6146251
	GPUs = 0
	Memory = 3000
...
006 (6053287.000.000) 08/17 01:18:15 Image size of job updated: 17744
	18  -  MemoryUsage of job (MB)
	17744  -  ResidentSetSize of job (KB)
...
006 (6053287.000.000) 08/17 01:23:16 Image size of job updated: 139108
	136  -  MemoryUsage of job (MB)
	139108  -  ResidentSetSize of job (KB)
...
006 (6053287.000.000) 08/17 01:28:16 Image size of job updated: 150712
	148  -  MemoryUsage of job (MB)
	150712  -  ResidentSetSize of job (KB)
...
006 (6053287.000.000) 08/17 01:33:17 Image size of job updated: 162112
	159  -  MemoryUsage of job (MB)
	162112  -  ResidentSetSize of job (KB)
...
006 (6053287.000.000) 08/17 01:38:17 Image size of job updated: 172968
	169  -  MemoryUsage of job (MB)
	172968  -  ResidentSetSize of job (KB)
...
006 (6053287.000.000) 08/17 01:43:17 Image size of job updated: 195344
	191  -  MemoryUsage of job (MB)
	195344  -  ResidentSetSize of job (KB)
...
006 (6053287.000.000) 08/17 01:48:18 Image size of job updated: 217996
	213  -  MemoryUsage of job (MB)
	217996  -  ResidentSetSize of job (KB)
...
006 (6053287.000.000) 08/17 01:50:41 Image size of job updated: 218004
	213  -  MemoryUsage of job (MB)
	217996  -  ResidentSetSize of job (KB)
...
040 (6053287.000.000) 08/17 01:50:41 Started transferring output files
...
040 (6053287.000.000) 08/17 01:50:41 Finished transferring output files
...
005 (6053287.000.000) 08/17 01:50:41 Job terminated.
	(1) Normal termination (return value 0)
		Usr 0 00:31:51, Sys 0 00:00:05  -  Run Remote Usage
		Usr 0 00:00:00, Sys 0 00:00:00  -  Run Local Usage
		Usr 0 00:31:51, Sys 0 00:00:05  -  Total Remote Usage
		Usr 0 00:00:00, Sys 0 00:00:00  -  Total Local Usage
	17204  -  Run Bytes Sent By Job
	1275  -  Run Bytes Received By Job
	17204  -  Total Bytes Sent By Job
	1275  -  Total Bytes Received By Job
	Partitionable Resources :    Usage  Request Allocated 
	   Cpus                 :     1.00        1         1 
	   Disk (KB)            : 39669     6144000   6146251 
	   GPUs                 :                           0 
	   Memory (MB)          :   213        3000      3000 
	   TimeExecute (s)      :  1955                       
	   TimeSlotBusy (s)     :  1957                       
...
