000 (6053295.000.000) 08/17 01:15:15 Job submitted from host: <188.185.133.2:9618?addrs=188.185.133.2-9618+[2001-1458-d03-2--100-208]-9618&alias=bigbird102.cern.ch&noUDP&sock=schedd_5723_1498>
    DAG Node: P_W15_HL_M2_A10_S3
...
040 (6053295.000.000) 08/17 01:18:11 Started transferring input files
	Transferring to host: <188.185.196.152:9618?addrs=188.185.196.152-9618+[2001-1458-303-23--100-94]-9618&alias=b9p16p5942.cern.ch&noUDP&sock=slot1_14_3939_21b9_30399>
...
040 (6053295.000.000) 08/17 01:18:11 Finished transferring input files
...
001 (6053295.000.000) 08/17 01:18:12 Job executing on host: <188.185.196.152:9618?addrs=188.185.196.152-9618+[2001-1458-303-23--100-94]-9618&alias=b9p16p5942.cern.ch&noUDP&sock=startd_2703_9c95>
	SlotName: slot1_14@b9p16p5942.cern.ch
	CondorScratchDir = "/pool/condor/dir_3512670"
	Cpus = 1
	Disk = 6146480
	GPUs = 0
	Memory = 3000
...
006 (6053295.000.000) 08/17 01:18:21 Image size of job updated: 4524
	5  -  MemoryUsage of job (MB)
	4524  -  ResidentSetSize of job (KB)
...
006 (6053295.000.000) 08/17 01:22:18 Image size of job updated: 111724
	5  -  MemoryUsage of job (MB)
	4524  -  ResidentSetSize of job (KB)
...
040 (6053295.000.000) 08/17 01:22:18 Started transferring output files
...
040 (6053295.000.000) 08/17 01:22:18 Finished transferring output files
...
005 (6053295.000.000) 08/17 01:22:18 Job terminated.
	(1) Normal termination (return value 0)
		Usr 0 00:03:38, Sys 0 00:00:04  -  Run Remote Usage
		Usr 0 00:00:00, Sys 0 00:00:00  -  Run Local Usage
		Usr 0 00:03:38, Sys 0 00:00:04  -  Total Remote Usage
		Usr 0 00:00:00, Sys 0 00:00:00  -  Total Local Usage
	16608  -  Run Bytes Sent By Job
	1275  -  Run Bytes Received By Job
	16608  -  Total Bytes Sent By Job
	1275  -  Total Bytes Received By Job
	Partitionable Resources :    Usage  Request Allocated 
	   Cpus                 :        0        1         1 
	   Disk (KB)            :       45  6144000   6146480 
	   GPUs                 :                           0 
	   Memory (MB)          :        5     3000      3000 
	   TimeExecute (s)      :      246                    
	   TimeSlotBusy (s)     :      248                    
...
