000 (6053246.000.000) 08/17 01:15:14 Job submitted from host: <188.185.133.2:9618?addrs=188.185.133.2-9618+[2001-1458-d03-2--100-208]-9618&alias=bigbird102.cern.ch&noUDP&sock=schedd_5723_1498>
    DAG Node: P_W15_II_M2_A10_S2
...
040 (6053246.000.000) 08/17 01:18:29 Started transferring input files
	Transferring to host: <188.185.194.119:9618?addrs=188.185.194.119-9618+[2001-1458-303-21--100-73]-9618&alias=b9p20p0758.cern.ch&noUDP&sock=slot1_22_6394_e6bd_30492>
...
040 (6053246.000.000) 08/17 01:18:29 Finished transferring input files
...
001 (6053246.000.000) 08/17 01:18:30 Job executing on host: <188.185.194.119:9618?addrs=188.185.194.119-9618+[2001-1458-303-21--100-73]-9618&alias=b9p20p0758.cern.ch&noUDP&sock=startd_5477_584c>
	SlotName: slot1_22@b9p20p0758.cern.ch
	CondorScratchDir = "/pool/condor/dir_2450967"
	Cpus = 1
	Disk = 6146862
	GPUs = 0
	Memory = 3000
...
006 (6053246.000.000) 08/17 01:18:39 Image size of job updated: 60100
	59  -  MemoryUsage of job (MB)
	60100  -  ResidentSetSize of job (KB)
...
006 (6053246.000.000) 08/17 01:20:04 Image size of job updated: 115840
	59  -  MemoryUsage of job (MB)
	60100  -  ResidentSetSize of job (KB)
...
040 (6053246.000.000) 08/17 01:20:04 Started transferring output files
...
040 (6053246.000.000) 08/17 01:20:04 Finished transferring output files
...
005 (6053246.000.000) 08/17 01:20:04 Job terminated.
	(1) Normal termination (return value 0)
		Usr 0 00:01:20, Sys 0 00:00:03  -  Run Remote Usage
		Usr 0 00:00:00, Sys 0 00:00:00  -  Run Local Usage
		Usr 0 00:01:20, Sys 0 00:00:03  -  Total Remote Usage
		Usr 0 00:00:00, Sys 0 00:00:00  -  Total Local Usage
	16610  -  Run Bytes Sent By Job
	1275  -  Run Bytes Received By Job
	16610  -  Total Bytes Sent By Job
	1275  -  Total Bytes Received By Job
	Partitionable Resources :    Usage  Request Allocated 
	   Cpus                 :        0        1         1 
	   Disk (KB)            :     8696  6144000   6146862 
	   GPUs                 :                           0 
	   Memory (MB)          :       59     3000      3000 
	   TimeExecute (s)      :       94                    
	   TimeSlotBusy (s)     :       95                    
...
