000 (6053823.000.000) 08/17 01:47:46 Job submitted from host: <188.185.133.2:9618?addrs=188.185.133.2-9618+[2001-1458-d03-2--100-208]-9618&alias=bigbird102.cern.ch&noUDP&sock=schedd_5723_1498>
    DAG Node: C_W15_LI_M1_A07_S3_F0
...
040 (6053823.000.000) 08/17 01:47:48 Started transferring input files
	Transferring to host: <128.142.161.114:9618?addrs=128.142.161.114-9618+[2001-1458-301-b8--100-30]-9618&alias=b9g03p3124.cern.ch&noUDP&sock=slot1_8_4954_4a83_41036>
...
040 (6053823.000.000) 08/17 01:47:48 Finished transferring input files
...
001 (6053823.000.000) 08/17 01:47:49 Job executing on host: <128.142.161.114:9618?addrs=128.142.161.114-9618+[2001-1458-301-b8--100-30]-9618&alias=b9g03p3124.cern.ch&noUDP&sock=startd_4016_386e>
	SlotName: slot1_8@b9g03p3124.cern.ch
	CondorScratchDir = "/pool/condor/dir_1571463"
	Cpus = 1
	Disk = 6249302
	GPUs = 0
	Memory = 3000
...
006 (6053823.000.000) 08/17 01:47:58 Image size of job updated: 54360
	27  -  MemoryUsage of job (MB)
	27636  -  ResidentSetSize of job (KB)
...
006 (6053823.000.000) 08/17 01:52:59 Image size of job updated: 92604
	91  -  MemoryUsage of job (MB)
	92604  -  ResidentSetSize of job (KB)
...
006 (6053823.000.000) 08/17 01:57:59 Image size of job updated: 104532
	103  -  MemoryUsage of job (MB)
	104532  -  ResidentSetSize of job (KB)
...
006 (6053823.000.000) 08/17 02:02:59 Image size of job updated: 115376
	113  -  MemoryUsage of job (MB)
	115376  -  ResidentSetSize of job (KB)
...
040 (6053823.000.000) 08/17 02:03:07 Started transferring output files
...
040 (6053823.000.000) 08/17 02:03:07 Finished transferring output files
...
005 (6053823.000.000) 08/17 02:03:07 Job terminated.
	(1) Normal termination (return value 0)
		Usr 0 00:15:06, Sys 0 00:00:04  -  Run Remote Usage
		Usr 0 00:00:00, Sys 0 00:00:00  -  Run Local Usage
		Usr 0 00:15:06, Sys 0 00:00:04  -  Total Remote Usage
		Usr 0 00:00:00, Sys 0 00:00:00  -  Total Local Usage
	17697  -  Run Bytes Sent By Job
	1271  -  Run Bytes Received By Job
	17697  -  Total Bytes Sent By Job
	1271  -  Total Bytes Received By Job
	Partitionable Resources :    Usage  Request Allocated 
	   Cpus                 :     0.99        1         1 
	   Disk (KB)            : 39673     6144000   6249302 
	   GPUs                 :                           0 
	   Memory (MB)          :   113        3000      3000 
	   TimeExecute (s)      :   918                       
	   TimeSlotBusy (s)     :   919                       
...
