000 (6053657.000.000) 08/17 01:29:14 Job submitted from host: <188.185.133.2:9618?addrs=188.185.133.2-9618+[2001-1458-d03-2--100-208]-9618&alias=bigbird102.cern.ch&noUDP&sock=schedd_5723_1498>
    DAG Node: C_W15_HL_M0_A00_S2_F0
...
040 (6053657.000.000) 08/17 01:29:57 Started transferring input files
	Transferring to host: <188.185.195.97:9618?addrs=188.185.195.97-9618+[2001-1458-303-22--100-5d]-9618&alias=b9p17p6795.cern.ch&noUDP&sock=slot1_17_7335_ebc3_16027>
...
040 (6053657.000.000) 08/17 01:29:57 Finished transferring input files
...
001 (6053657.000.000) 08/17 01:29:58 Job executing on host: <188.185.195.97:9618?addrs=188.185.195.97-9618+[2001-1458-303-22--100-5d]-9618&alias=b9p17p6795.cern.ch&noUDP&sock=startd_6568_ae1f>
	SlotName: slot1_17@b9p17p6795.cern.ch
	CondorScratchDir = "/pool/condor/dir_185211"
	Cpus = 1
	Disk = 6146876
	GPUs = 0
	Memory = 3000
...
006 (6053657.000.000) 08/17 01:30:06 Image size of job updated: 15980
	16  -  MemoryUsage of job (MB)
	15980  -  ResidentSetSize of job (KB)
...
006 (6053657.000.000) 08/17 01:35:07 Image size of job updated: 95488
	94  -  MemoryUsage of job (MB)
	95488  -  ResidentSetSize of job (KB)
...
006 (6053657.000.000) 08/17 01:40:08 Image size of job updated: 107248
	105  -  MemoryUsage of job (MB)
	107248  -  ResidentSetSize of job (KB)
...
006 (6053657.000.000) 08/17 01:45:08 Image size of job updated: 118088
	116  -  MemoryUsage of job (MB)
	118088  -  ResidentSetSize of job (KB)
...
006 (6053657.000.000) 08/17 01:49:01 Image size of job updated: 118096
	116  -  MemoryUsage of job (MB)
	118088  -  ResidentSetSize of job (KB)
...
040 (6053657.000.000) 08/17 01:49:01 Started transferring output files
...
040 (6053657.000.000) 08/17 01:49:01 Finished transferring output files
...
005 (6053657.000.000) 08/17 01:49:02 Job terminated.
	(1) Normal termination (return value 0)
		Usr 0 00:18:42, Sys 0 00:00:04  -  Run Remote Usage
		Usr 0 00:00:00, Sys 0 00:00:00  -  Run Local Usage
		Usr 0 00:18:42, Sys 0 00:00:04  -  Total Remote Usage
		Usr 0 00:00:00, Sys 0 00:00:00  -  Total Local Usage
	17366  -  Run Bytes Sent By Job
	1271  -  Run Bytes Received By Job
	17366  -  Total Bytes Sent By Job
	1271  -  Total Bytes Received By Job
	Partitionable Resources :    Usage  Request Allocated 
	   Cpus                 :     1.00        1         1 
	   Disk (KB)            : 39671     6144000   6146876 
	   GPUs                 :                           0 
	   Memory (MB)          :   116        3000      3000 
	   TimeExecute (s)      :  1143                       
	   TimeSlotBusy (s)     :  1145                       
...
