000 (6053241.000.000) 08/17 01:15:14 Job submitted from host: <188.185.133.2:9618?addrs=188.185.133.2-9618+[2001-1458-d03-2--100-208]-9618&alias=bigbird102.cern.ch&noUDP&sock=schedd_5723_1498>
    DAG Node: P_W15_II_M1_A07_S5
...
040 (6053241.000.000) 08/17 01:17:53 Started transferring input files
	Transferring to host: <188.185.194.186:9618?addrs=188.185.194.186-9618+[2001-1458-303-21--100-b6]-9618&alias=b9p20p8645.cern.ch&noUDP&sock=slot1_19_6401_d55d_30600>
...
040 (6053241.000.000) 08/17 01:17:53 Finished transferring input files
...
001 (6053241.000.000) 08/17 01:17:54 Job executing on host: <188.185.194.186:9618?addrs=188.185.194.186-9618+[2001-1458-303-21--100-b6]-9618&alias=b9p20p8645.cern.ch&noUDP&sock=startd_5433_2a21>
	SlotName: slot1_19@b9p20p8645.cern.ch
	CondorScratchDir = "/pool/condor/dir_3097758"
	Cpus = 1
	Disk = 6146511
	GPUs = 0
	Memory = 3000
...
006 (6053241.000.000) 08/17 01:18:02 Image size of job updated: 6660
	7  -  MemoryUsage of job (MB)
	6660  -  ResidentSetSize of job (KB)
...
006 (6053241.000.000) 08/17 01:23:02 Image size of job updated: 123416
	121  -  MemoryUsage of job (MB)
	123416  -  ResidentSetSize of job (KB)
...
006 (6053241.000.000) 08/17 01:28:03 Image size of job updated: 135128
	132  -  MemoryUsage of job (MB)
	135128  -  ResidentSetSize of job (KB)
...
006 (6053241.000.000) 08/17 01:33:03 Image size of job updated: 146732
	144  -  MemoryUsage of job (MB)
	146732  -  ResidentSetSize of job (KB)
...
006 (6053241.000.000) 08/17 01:38:03 Image size of job updated: 158132
	155  -  MemoryUsage of job (MB)
	158132  -  ResidentSetSize of job (KB)
...
006 (6053241.000.000) 08/17 01:43:04 Image size of job updated: 168984
	166  -  MemoryUsage of job (MB)
	168984  -  ResidentSetSize of job (KB)
...
006 (6053241.000.000) 08/17 01:48:04 Image size of job updated: 168992
	166  -  MemoryUsage of job (MB)
	168992  -  ResidentSetSize of job (KB)
...
006 (6053241.000.000) 08/17 01:53:05 Image size of job updated: 180432
	177  -  MemoryUsage of job (MB)
	180432  -  ResidentSetSize of job (KB)
...
006 (6053241.000.000) 08/17 01:58:05 Image size of job updated: 191368
	187  -  MemoryUsage of job (MB)
	191368  -  ResidentSetSize of job (KB)
...
006 (6053241.000.000) 08/17 02:03:05 Image size of job updated: 202800
	199  -  MemoryUsage of job (MB)
	202800  -  ResidentSetSize of job (KB)
...
006 (6053241.000.000) 08/17 02:08:06 Image size of job updated: 214016
	209  -  MemoryUsage of job (MB)
	214016  -  ResidentSetSize of job (KB)
...
006 (6053241.000.000) 08/17 02:13:06 Image size of job updated: 214024
	210  -  MemoryUsage of job (MB)
	214024  -  ResidentSetSize of job (KB)
...
040 (6053241.000.000) 08/17 02:13:15 Started transferring output files
...
040 (6053241.000.000) 08/17 02:13:15 Finished transferring output files
...
005 (6053241.000.000) 08/17 02:13:16 Job terminated.
	(1) Normal termination (return value 0)
		Usr 0 00:54:30, Sys 0 00:00:07  -  Run Remote Usage
		Usr 0 00:00:00, Sys 0 00:00:00  -  Run Local Usage
		Usr 0 00:54:30, Sys 0 00:00:07  -  Total Remote Usage
		Usr 0 00:00:00, Sys 0 00:00:00  -  Total Local Usage
	17204  -  Run Bytes Sent By Job
	1275  -  Run Bytes Received By Job
	17204  -  Total Bytes Sent By Job
	1275  -  Total Bytes Received By Job
	Partitionable Resources :    Usage  Request Allocated 
	   Cpus                 :     0.99        1         1 
	   Disk (KB)            : 39670     6144000   6146511 
	   GPUs                 :                           0 
	   Memory (MB)          :   210        3000      3000 
	   TimeExecute (s)      :  3321                       
	   TimeSlotBusy (s)     :  3323                       
...
