000 (6053643.000.000) 08/17 01:28:21 Job submitted from host: <188.185.133.2:9618?addrs=188.185.133.2-9618+[2001-1458-d03-2--100-208]-9618&alias=bigbird102.cern.ch&noUDP&sock=schedd_5723_1498>
    DAG Node: C_W15_IL_M0_A00_S6_F0
...
040 (6053643.000.000) 08/17 01:29:53 Started transferring input files
	Transferring to host: <188.185.194.8:9618?addrs=188.185.194.8-9618+[2001-1458-303-21--100-4]-9618&alias=b9p20p0596.cern.ch&noUDP&sock=slot1_9_3920_be98_30582>
...
040 (6053643.000.000) 08/17 01:29:53 Finished transferring input files
...
001 (6053643.000.000) 08/17 01:29:54 Job executing on host: <188.185.194.8:9618?addrs=188.185.194.8-9618+[2001-1458-303-21--100-4]-9618&alias=b9p20p0596.cern.ch&noUDP&sock=startd_3618_39bd>
	SlotName: slot1_9@b9p20p0596.cern.ch
	CondorScratchDir = "/pool/condor/dir_1661511"
	Cpus = 1
	Disk = 6146821
	GPUs = 0
	Memory = 3000
...
006 (6053643.000.000) 08/17 01:30:02 Image size of job updated: 60120
	59  -  MemoryUsage of job (MB)
	60120  -  ResidentSetSize of job (KB)
...
006 (6053643.000.000) 08/17 01:35:02 Image size of job updated: 96492
	95  -  MemoryUsage of job (MB)
	96492  -  ResidentSetSize of job (KB)
...
006 (6053643.000.000) 08/17 01:40:03 Image size of job updated: 108580
	107  -  MemoryUsage of job (MB)
	108580  -  ResidentSetSize of job (KB)
...
006 (6053643.000.000) 08/17 01:45:03 Image size of job updated: 108588
	107  -  MemoryUsage of job (MB)
	108588  -  ResidentSetSize of job (KB)
...
006 (6053643.000.000) 08/17 01:50:04 Image size of job updated: 119424
	117  -  MemoryUsage of job (MB)
	119424  -  ResidentSetSize of job (KB)
...
006 (6053643.000.000) 08/17 01:52:56 Image size of job updated: 119432
	117  -  MemoryUsage of job (MB)
	119424  -  ResidentSetSize of job (KB)
...
040 (6053643.000.000) 08/17 01:52:56 Started transferring output files
...
040 (6053643.000.000) 08/17 01:52:56 Finished transferring output files
...
005 (6053643.000.000) 08/17 01:52:56 Job terminated.
	(1) Normal termination (return value 0)
		Usr 0 00:22:44, Sys 0 00:00:05  -  Run Remote Usage
		Usr 0 00:00:00, Sys 0 00:00:00  -  Run Local Usage
		Usr 0 00:22:44, Sys 0 00:00:05  -  Total Remote Usage
		Usr 0 00:00:00, Sys 0 00:00:00  -  Total Local Usage
	17364  -  Run Bytes Sent By Job
	1271  -  Run Bytes Received By Job
	17364  -  Total Bytes Sent By Job
	1271  -  Total Bytes Received By Job
	Partitionable Resources :    Usage  Request Allocated 
	   Cpus                 :     1.00        1         1 
	   Disk (KB)            : 39671     6144000   6146821 
	   GPUs                 :                           0 
	   Memory (MB)          :   117        3000      3000 
	   TimeExecute (s)      :  1382                       
	   TimeSlotBusy (s)     :  1383                       
...
