000 (6053250.000.000) 08/17 01:15:14 Job submitted from host: <188.185.133.2:9618?addrs=188.185.133.2-9618+[2001-1458-d03-2--100-208]-9618&alias=bigbird102.cern.ch&noUDP&sock=schedd_5723_1498>
    DAG Node: P_W15_II_M2_A10_S6
...
040 (6053250.000.000) 08/17 01:17:56 Started transferring input files
	Transferring to host: <188.185.193.78:9618?addrs=188.185.193.78-9618+[2001-1458-303-20--100-4a]-9618&alias=b9p19p4622.cern.ch&noUDP&sock=slot1_19_6706_bbca_30689>
...
040 (6053250.000.000) 08/17 01:17:56 Finished transferring input files
...
001 (6053250.000.000) 08/17 01:17:57 Job executing on host: <188.185.193.78:9618?addrs=188.185.193.78-9618+[2001-1458-303-20--100-4a]-9618&alias=b9p19p4622.cern.ch&noUDP&sock=startd_6037_7555>
	SlotName: slot1_19@b9p19p4622.cern.ch
	CondorScratchDir = "/pool/condor/dir_49706"
	Cpus = 1
	Disk = 6146776
	GPUs = 0
	Memory = 3000
...
006 (6053250.000.000) 08/17 01:18:05 Image size of job updated: 17032
	17  -  MemoryUsage of job (MB)
	17032  -  ResidentSetSize of job (KB)
...
006 (6053250.000.000) 08/17 01:19:41 Image size of job updated: 115848
	17  -  MemoryUsage of job (MB)
	17144  -  ResidentSetSize of job (KB)
...
040 (6053250.000.000) 08/17 01:19:41 Started transferring output files
...
040 (6053250.000.000) 08/17 01:19:41 Finished transferring output files
...
005 (6053250.000.000) 08/17 01:19:41 Job terminated.
	(1) Normal termination (return value 0)
		Usr 0 00:01:19, Sys 0 00:00:03  -  Run Remote Usage
		Usr 0 00:00:00, Sys 0 00:00:00  -  Run Local Usage
		Usr 0 00:01:19, Sys 0 00:00:03  -  Total Remote Usage
		Usr 0 00:00:00, Sys 0 00:00:00  -  Total Local Usage
	16605  -  Run Bytes Sent By Job
	1275  -  Run Bytes Received By Job
	16605  -  Total Bytes Sent By Job
	1275  -  Total Bytes Received By Job
	Partitionable Resources :    Usage  Request Allocated 
	   Cpus                 :     0.07        1         1 
	   Disk (KB)            :  8365     6144000   6146776 
	   GPUs                 :                           0 
	   Memory (MB)          :    17        3000      3000 
	   TimeExecute (s)      :   104                       
	   TimeSlotBusy (s)     :   106                       
...
