000 (6053161.000.000) 08/17 01:15:07 Job submitted from host: <188.185.133.2:9618?addrs=188.185.133.2-9618+[2001-1458-d03-2--100-208]-9618&alias=bigbird102.cern.ch&noUDP&sock=schedd_5723_1498>
    DAG Node: P_W15_LI_M0_A00_S5
...
040 (6053161.000.000) 08/17 01:17:25 Started transferring input files
	Transferring to host: <188.185.192.100:9618?addrs=188.185.192.100-9618+[2001-1458-303-1f--100-60]-9618&alias=b9p13p1244.cern.ch&noUDP&sock=slot1_35_4610_e975_31385>
...
040 (6053161.000.000) 08/17 01:17:25 Finished transferring input files
...
001 (6053161.000.000) 08/17 01:17:26 Job executing on host: <188.185.192.100:9618?addrs=188.185.192.100-9618+[2001-1458-303-1f--100-60]-9618&alias=b9p13p1244.cern.ch&noUDP&sock=startd_3630_74e0>
	SlotName: slot1_35@b9p13p1244.cern.ch
	CondorScratchDir = "/pool/condor/dir_1533194"
	Cpus = 1
	Disk = 6146805
	GPUs = 0
	Memory = 3000
...
006 (6053161.000.000) 08/17 01:17:34 Image size of job updated: 44020
	43  -  MemoryUsage of job (MB)
	44020  -  ResidentSetSize of job (KB)
...
006 (6053161.000.000) 08/17 01:22:34 Image size of job updated: 157936
	155  -  MemoryUsage of job (MB)
	157936  -  ResidentSetSize of job (KB)
...
006 (6053161.000.000) 08/17 01:24:04 Image size of job updated: 157940
	155  -  MemoryUsage of job (MB)
	157936  -  ResidentSetSize of job (KB)
...
040 (6053161.000.000) 08/17 01:24:04 Started transferring output files
...
040 (6053161.000.000) 08/17 01:24:04 Finished transferring output files
...
005 (6053161.000.000) 08/17 01:24:04 Job terminated.
	(1) Normal termination (return value 0)
		Usr 0 00:06:29, Sys 0 00:00:03  -  Run Remote Usage
		Usr 0 00:00:00, Sys 0 00:00:00  -  Run Local Usage
		Usr 0 00:06:29, Sys 0 00:00:03  -  Total Remote Usage
		Usr 0 00:00:00, Sys 0 00:00:00  -  Total Local Usage
	16872  -  Run Bytes Sent By Job
	1275  -  Run Bytes Received By Job
	16872  -  Total Bytes Sent By Job
	1275  -  Total Bytes Received By Job
	Partitionable Resources :    Usage  Request Allocated 
	   Cpus                 :        0        1         1 
	   Disk (KB)            :    39668  6144000   6146805 
	   GPUs                 :                           0 
	   Memory (MB)          :      155     3000      3000 
	   TimeExecute (s)      :      398                    
	   TimeSlotBusy (s)     :      399                    
...
