000 (6053874.000.000) 08/17 01:55:35 Job submitted from host: <188.185.133.2:9618?addrs=188.185.133.2-9618+[2001-1458-d03-2--100-208]-9618&alias=bigbird102.cern.ch&noUDP&sock=schedd_5723_1498>
    DAG Node: C_W15_IL_M1_A07_S4_F0
...
040 (6053874.000.000) 08/17 01:55:35 Started transferring input files
	Transferring to host: <188.185.196.52:9618?addrs=188.185.196.52-9618+[2001-1458-303-23--100-30]-9618&alias=b9p16p0444.cern.ch&noUDP&sock=slot1_24_6845_abef_29635>
...
040 (6053874.000.000) 08/17 01:55:35 Finished transferring input files
...
001 (6053874.000.000) 08/17 01:55:36 Job executing on host: <188.185.196.52:9618?addrs=188.185.196.52-9618+[2001-1458-303-23--100-30]-9618&alias=b9p16p0444.cern.ch&noUDP&sock=startd_6164_91dc>
	SlotName: slot1_24@b9p16p0444.cern.ch
	CondorScratchDir = "/pool/condor/dir_4122495"
	Cpus = 1
	Disk = 6186523
	GPUs = 0
	Memory = 3000
...
006 (6053874.000.000) 08/17 01:55:44 Image size of job updated: 46364
	46  -  MemoryUsage of job (MB)
	46364  -  ResidentSetSize of job (KB)
...
006 (6053874.000.000) 08/17 02:00:44 Image size of job updated: 98536
	97  -  MemoryUsage of job (MB)
	98536  -  ResidentSetSize of job (KB)
...
006 (6053874.000.000) 08/17 02:05:45 Image size of job updated: 110624
	109  -  MemoryUsage of job (MB)
	110624  -  ResidentSetSize of job (KB)
...
006 (6053874.000.000) 08/17 02:10:45 Image size of job updated: 110632
	109  -  MemoryUsage of job (MB)
	110632  -  ResidentSetSize of job (KB)
...
006 (6053874.000.000) 08/17 02:15:47 Image size of job updated: 121468
	119  -  MemoryUsage of job (MB)
	121468  -  ResidentSetSize of job (KB)
...
006 (6053874.000.000) 08/17 02:19:02 Image size of job updated: 121476
	119  -  MemoryUsage of job (MB)
	121468  -  ResidentSetSize of job (KB)
...
040 (6053874.000.000) 08/17 02:19:02 Started transferring output files
...
040 (6053874.000.000) 08/17 02:19:02 Finished transferring output files
...
005 (6053874.000.000) 08/17 02:19:02 Job terminated.
	(1) Normal termination (return value 0)
		Usr 0 00:23:08, Sys 0 00:00:06  -  Run Remote Usage
		Usr 0 00:00:00, Sys 0 00:00:00  -  Run Local Usage
		Usr 0 00:23:08, Sys 0 00:00:06  -  Total Remote Usage
		Usr 0 00:00:00, Sys 0 00:00:00  -  Total Local Usage
	17698  -  Run Bytes Sent By Job
	1271  -  Run Bytes Received By Job
	17698  -  Total Bytes Sent By Job
	1271  -  Total Bytes Received By Job
	Partitionable Resources :    Usage  Request Allocated 
	   Cpus                 :     0.99        1         1 
	   Disk (KB)            : 39673     6144000   6186523 
	   GPUs                 :                           0 
	   Memory (MB)          :   119        3000      3000 
	   TimeExecute (s)      :  1406                       
	   TimeSlotBusy (s)     :  1407                       
...
