000 (6053199.000.000) 08/17 01:15:08 Job submitted from host: <188.185.133.2:9618?addrs=188.185.133.2-9618+[2001-1458-d03-2--100-208]-9618&alias=bigbird102.cern.ch&noUDP&sock=schedd_5723_1498>
    DAG Node: P_W15_LH_M2_A10_S3
...
040 (6053199.000.000) 08/17 01:17:40 Started transferring input files
	Transferring to host: <188.185.194.45:9618?addrs=188.185.194.45-9618+[2001-1458-303-21--100-29]-9618&alias=b9p20p6512.cern.ch&noUDP&sock=slot1_8_3540_0009_30718>
...
040 (6053199.000.000) 08/17 01:17:40 Finished transferring input files
...
001 (6053199.000.000) 08/17 01:17:41 Job executing on host: <188.185.194.45:9618?addrs=188.185.194.45-9618+[2001-1458-303-21--100-29]-9618&alias=b9p20p6512.cern.ch&noUDP&sock=startd_2596_37f2>
	SlotName: slot1_8@b9p20p6512.cern.ch
	CondorScratchDir = "/pool/condor/dir_1547533"
	Cpus = 1
	Disk = 6146418
	GPUs = 0
	Memory = 3000
...
006 (6053199.000.000) 08/17 01:17:49 Image size of job updated: 26676
	27  -  MemoryUsage of job (MB)
	26676  -  ResidentSetSize of job (KB)
...
006 (6053199.000.000) 08/17 01:20:38 Image size of job updated: 115792
	27  -  MemoryUsage of job (MB)
	26676  -  ResidentSetSize of job (KB)
...
040 (6053199.000.000) 08/17 01:20:38 Started transferring output files
...
040 (6053199.000.000) 08/17 01:20:38 Finished transferring output files
...
005 (6053199.000.000) 08/17 01:20:39 Job terminated.
	(1) Normal termination (return value 0)
		Usr 0 00:02:41, Sys 0 00:00:03  -  Run Remote Usage
		Usr 0 00:00:00, Sys 0 00:00:00  -  Run Local Usage
		Usr 0 00:02:41, Sys 0 00:00:03  -  Total Remote Usage
		Usr 0 00:00:00, Sys 0 00:00:00  -  Total Local Usage
	16608  -  Run Bytes Sent By Job
	1275  -  Run Bytes Received By Job
	16608  -  Total Bytes Sent By Job
	1275  -  Total Bytes Received By Job
	Partitionable Resources :    Usage  Request Allocated 
	   Cpus                 :        0        1         1 
	   Disk (KB)            :     8406  6144000   6146418 
	   GPUs                 :                           0 
	   Memory (MB)          :       27     3000      3000 
	   TimeExecute (s)      :      177                    
	   TimeSlotBusy (s)     :      179                    
...
