000 (6053171.000.000) 08/17 01:15:07 Job submitted from host: <188.185.133.2:9618?addrs=188.185.133.2-9618+[2001-1458-d03-2--100-208]-9618&alias=bigbird102.cern.ch&noUDP&sock=schedd_5723_1498>
    DAG Node: P_W15_LI_M1_A07_S7
...
040 (6053171.000.000) 08/17 01:17:29 Started transferring input files
	Transferring to host: <188.185.197.8:9618?addrs=188.185.197.8-9618+[2001-1458-303-24--100-4]-9618&alias=b9p14p6428.cern.ch&noUDP&sock=slot1_40_6824_e00f_23951>
...
040 (6053171.000.000) 08/17 01:17:29 Finished transferring input files
...
001 (6053171.000.000) 08/17 01:17:30 Job executing on host: <188.185.197.8:9618?addrs=188.185.197.8-9618+[2001-1458-303-24--100-4]-9618&alias=b9p14p6428.cern.ch&noUDP&sock=startd_6037_7555>
	SlotName: slot1_40@b9p14p6428.cern.ch
	CondorScratchDir = "/pool/condor/dir_933069"
	Cpus = 1
	Disk = 6146730
	GPUs = 0
	Memory = 3000
...
006 (6053171.000.000) 08/17 01:17:38 Image size of job updated: 32800
	33  -  MemoryUsage of job (MB)
	32800  -  ResidentSetSize of job (KB)
...
006 (6053171.000.000) 08/17 01:22:38 Image size of job updated: 139132
	136  -  MemoryUsage of job (MB)
	139132  -  ResidentSetSize of job (KB)
...
006 (6053171.000.000) 08/17 01:27:39 Image size of job updated: 150736
	148  -  MemoryUsage of job (MB)
	150736  -  ResidentSetSize of job (KB)
...
006 (6053171.000.000) 08/17 01:32:39 Image size of job updated: 162136
	159  -  MemoryUsage of job (MB)
	162136  -  ResidentSetSize of job (KB)
...
006 (6053171.000.000) 08/17 01:37:40 Image size of job updated: 184432
	181  -  MemoryUsage of job (MB)
	184432  -  ResidentSetSize of job (KB)
...
006 (6053171.000.000) 08/17 01:42:41 Image size of job updated: 195364
	191  -  MemoryUsage of job (MB)
	195364  -  ResidentSetSize of job (KB)
...
006 (6053171.000.000) 08/17 01:47:41 Image size of job updated: 206800
	202  -  MemoryUsage of job (MB)
	206800  -  ResidentSetSize of job (KB)
...
006 (6053171.000.000) 08/17 01:52:42 Image size of job updated: 218016
	213  -  MemoryUsage of job (MB)
	218016  -  ResidentSetSize of job (KB)
...
006 (6053171.000.000) 08/17 01:53:38 Image size of job updated: 218024
	213  -  MemoryUsage of job (MB)
	218016  -  ResidentSetSize of job (KB)
...
040 (6053171.000.000) 08/17 01:53:38 Started transferring output files
...
040 (6053171.000.000) 08/17 01:53:38 Finished transferring output files
...
005 (6053171.000.000) 08/17 01:53:38 Job terminated.
	(1) Normal termination (return value 0)
		Usr 0 00:35:38, Sys 0 00:00:05  -  Run Remote Usage
		Usr 0 00:00:00, Sys 0 00:00:00  -  Run Local Usage
		Usr 0 00:35:38, Sys 0 00:00:05  -  Total Remote Usage
		Usr 0 00:00:00, Sys 0 00:00:00  -  Total Local Usage
	17206  -  Run Bytes Sent By Job
	1275  -  Run Bytes Received By Job
	17206  -  Total Bytes Sent By Job
	1275  -  Total Bytes Received By Job
	Partitionable Resources :    Usage  Request Allocated 
	   Cpus                 :     0.99        1         1 
	   Disk (KB)            : 39670     6144000   6146730 
	   GPUs                 :                           0 
	   Memory (MB)          :   213        3000      3000 
	   TimeExecute (s)      :  2168                       
	   TimeSlotBusy (s)     :  2170                       
...
