000 (6053300.000.000) 08/17 01:15:15 Job submitted from host: <188.185.133.2:9618?addrs=188.185.133.2-9618+[2001-1458-d03-2--100-208]-9618&alias=bigbird102.cern.ch&noUDP&sock=schedd_5723_1498>
    DAG Node: P_W15_HI_M0_A00_S0
...
040 (6053300.000.000) 08/17 01:18:29 Started transferring input files
	Transferring to host: <188.185.194.17:9618?addrs=188.185.194.17-9618+[2001-1458-303-21--100-d]-9618&alias=b9p20p4452.cern.ch&noUDP&sock=slot1_40_3840_6095_29223>
...
040 (6053300.000.000) 08/17 01:18:29 Finished transferring input files
...
001 (6053300.000.000) 08/17 01:18:30 Job executing on host: <188.185.194.17:9618?addrs=188.185.194.17-9618+[2001-1458-303-21--100-d]-9618&alias=b9p20p4452.cern.ch&noUDP&sock=startd_3546_d6eb>
	SlotName: slot1_40@b9p20p4452.cern.ch
	CondorScratchDir = "/pool/condor/dir_1062802"
	Cpus = 1
	Disk = 6146785
	GPUs = 0
	Memory = 3000
...
006 (6053300.000.000) 08/17 01:18:39 Image size of job updated: 43848
	43  -  MemoryUsage of job (MB)
	43848  -  ResidentSetSize of job (KB)
...
006 (6053300.000.000) 08/17 01:23:39 Image size of job updated: 158092
	155  -  MemoryUsage of job (MB)
	158092  -  ResidentSetSize of job (KB)
...
006 (6053300.000.000) 08/17 01:24:37 Image size of job updated: 158096
	155  -  MemoryUsage of job (MB)
	158092  -  ResidentSetSize of job (KB)
...
040 (6053300.000.000) 08/17 01:24:37 Started transferring output files
...
040 (6053300.000.000) 08/17 01:24:37 Finished transferring output files
...
005 (6053300.000.000) 08/17 01:24:37 Job terminated.
	(1) Normal termination (return value 0)
		Usr 0 00:05:51, Sys 0 00:00:04  -  Run Remote Usage
		Usr 0 00:00:00, Sys 0 00:00:00  -  Run Local Usage
		Usr 0 00:05:51, Sys 0 00:00:04  -  Total Remote Usage
		Usr 0 00:00:00, Sys 0 00:00:00  -  Total Local Usage
	16874  -  Run Bytes Sent By Job
	1275  -  Run Bytes Received By Job
	16874  -  Total Bytes Sent By Job
	1275  -  Total Bytes Received By Job
	Partitionable Resources :    Usage  Request Allocated 
	   Cpus                 :     0.99        1         1 
	   Disk (KB)            : 39669     6144000   6146785 
	   GPUs                 :                           0 
	   Memory (MB)          :   155        3000      3000 
	   TimeExecute (s)      :   367                       
	   TimeSlotBusy (s)     :   368                       
...
