000 (6053153.000.000) 08/17 01:15:07 Job submitted from host: <188.185.133.2:9618?addrs=188.185.133.2-9618+[2001-1458-d03-2--100-208]-9618&alias=bigbird102.cern.ch&noUDP&sock=schedd_5723_1498>
    DAG Node: P_W15_LL_M2_A10_S5
...
040 (6053153.000.000) 08/17 01:17:23 Started transferring input files
	Transferring to host: <188.185.195.143:9618?addrs=188.185.195.143-9618+[2001-1458-303-22--100-8b]-9618&alias=b9p17p7191.cern.ch&noUDP&sock=slot1_33_3974_cadb_31763>
...
040 (6053153.000.000) 08/17 01:17:23 Finished transferring input files
...
001 (6053153.000.000) 08/17 01:17:24 Job executing on host: <188.185.195.143:9618?addrs=188.185.195.143-9618+[2001-1458-303-22--100-8b]-9618&alias=b9p17p7191.cern.ch&noUDP&sock=startd_3924_1db8>
	SlotName: slot1_33@b9p17p7191.cern.ch
	CondorScratchDir = "/pool/condor/dir_3581675"
	Cpus = 1
	Disk = 6147036
	GPUs = 0
	Memory = 3000
...
006 (6053153.000.000) 08/17 01:17:33 Image size of job updated: 32808
	33  -  MemoryUsage of job (MB)
	32808  -  ResidentSetSize of job (KB)
...
006 (6053153.000.000) 08/17 01:22:33 Image size of job updated: 115792
	33  -  MemoryUsage of job (MB)
	32808  -  ResidentSetSize of job (KB)
...
040 (6053153.000.000) 08/17 01:22:33 Started transferring output files
...
040 (6053153.000.000) 08/17 01:22:33 Finished transferring output files
...
005 (6053153.000.000) 08/17 01:22:33 Job terminated.
	(1) Normal termination (return value 0)
		Usr 0 00:04:51, Sys 0 00:00:04  -  Run Remote Usage
		Usr 0 00:00:00, Sys 0 00:00:00  -  Run Local Usage
		Usr 0 00:04:51, Sys 0 00:00:04  -  Total Remote Usage
		Usr 0 00:00:00, Sys 0 00:00:00  -  Total Local Usage
	16608  -  Run Bytes Sent By Job
	1275  -  Run Bytes Received By Job
	16608  -  Total Bytes Sent By Job
	1275  -  Total Bytes Received By Job
	Partitionable Resources :    Usage  Request Allocated 
	   Cpus                 :        0        1         1 
	   Disk (KB)            :     8406  6144000   6147036 
	   GPUs                 :                           0 
	   Memory (MB)          :       33     3000      3000 
	   TimeExecute (s)      :      309                    
	   TimeSlotBusy (s)     :      311                    
...
