000 (6053321.000.000) 08/17 01:15:16 Job submitted from host: <188.185.133.2:9618?addrs=188.185.133.2-9618+[2001-1458-d03-2--100-208]-9618&alias=bigbird102.cern.ch&noUDP&sock=schedd_5723_1498>
    DAG Node: P_W15_HI_M2_A10_S5
...
040 (6053321.000.000) 08/17 01:18:19 Started transferring input files
	Transferring to host: <188.185.194.135:9618?addrs=188.185.194.135-9618+[2001-1458-303-21--100-83]-9618&alias=b9p20p5089.cern.ch&noUDP&sock=slot1_7_6782_484d_31278>
...
040 (6053321.000.000) 08/17 01:18:19 Finished transferring input files
...
001 (6053321.000.000) 08/17 01:18:20 Job executing on host: <188.185.194.135:9618?addrs=188.185.194.135-9618+[2001-1458-303-21--100-83]-9618&alias=b9p20p5089.cern.ch&noUDP&sock=startd_6138_bc66>
	SlotName: slot1_7@b9p20p5089.cern.ch
	CondorScratchDir = "/pool/condor/dir_341410"
	Cpus = 1
	Disk = 6146995
	GPUs = 0
	Memory = 3000
...
006 (6053321.000.000) 08/17 01:18:29 Image size of job updated: 60128
	59  -  MemoryUsage of job (MB)
	60128  -  ResidentSetSize of job (KB)
...
006 (6053321.000.000) 08/17 01:19:13 Image size of job updated: 115828
	59  -  MemoryUsage of job (MB)
	60128  -  ResidentSetSize of job (KB)
...
040 (6053321.000.000) 08/17 01:19:13 Started transferring output files
...
040 (6053321.000.000) 08/17 01:19:13 Finished transferring output files
...
005 (6053321.000.000) 08/17 01:19:13 Job terminated.
	(1) Normal termination (return value 0)
		Usr 0 00:00:42, Sys 0 00:00:03  -  Run Remote Usage
		Usr 0 00:00:00, Sys 0 00:00:00  -  Run Local Usage
		Usr 0 00:00:42, Sys 0 00:00:03  -  Total Remote Usage
		Usr 0 00:00:00, Sys 0 00:00:00  -  Total Local Usage
	16607  -  Run Bytes Sent By Job
	1275  -  Run Bytes Received By Job
	16607  -  Total Bytes Sent By Job
	1275  -  Total Bytes Received By Job
	Partitionable Resources :    Usage  Request Allocated 
	   Cpus                 :        0        1         1 
	   Disk (KB)            :     8695  6144000   6146995 
	   GPUs                 :                           0 
	   Memory (MB)          :       59     3000      3000 
	   TimeExecute (s)      :       53                    
	   TimeSlotBusy (s)     :       55                    
...
