000 (6053294.000.000) 08/17 01:15:15 Job submitted from host: <188.185.133.2:9618?addrs=188.185.133.2-9618+[2001-1458-d03-2--100-208]-9618&alias=bigbird102.cern.ch&noUDP&sock=schedd_5723_1498>
    DAG Node: P_W15_HL_M2_A10_S2
...
040 (6053294.000.000) 08/17 01:18:11 Started transferring input files
	Transferring to host: <188.185.193.155:9618?addrs=188.185.193.155-9618+[2001-1458-303-20--100-97]-9618&alias=b9p19p5754.cern.ch&noUDP&sock=slot1_23_4142_29e2_27759>
...
040 (6053294.000.000) 08/17 01:18:11 Finished transferring input files
...
001 (6053294.000.000) 08/17 01:18:12 Job executing on host: <188.185.193.155:9618?addrs=188.185.193.155-9618+[2001-1458-303-20--100-97]-9618&alias=b9p19p5754.cern.ch&noUDP&sock=startd_3118_4462>
	SlotName: slot1_23@b9p19p5754.cern.ch
	CondorScratchDir = "/pool/condor/dir_1146944"
	Cpus = 1
	Disk = 6146827
	GPUs = 0
	Memory = 3000
...
006 (6053294.000.000) 08/17 01:18:21 Image size of job updated: 44052
	44  -  MemoryUsage of job (MB)
	44052  -  ResidentSetSize of job (KB)
...
006 (6053294.000.000) 08/17 01:20:48 Image size of job updated: 111728
	44  -  MemoryUsage of job (MB)
	44252  -  ResidentSetSize of job (KB)
...
040 (6053294.000.000) 08/17 01:20:48 Started transferring output files
...
040 (6053294.000.000) 08/17 01:20:48 Finished transferring output files
...
005 (6053294.000.000) 08/17 01:20:49 Job terminated.
	(1) Normal termination (return value 0)
		Usr 0 00:02:27, Sys 0 00:00:03  -  Run Remote Usage
		Usr 0 00:00:00, Sys 0 00:00:00  -  Run Local Usage
		Usr 0 00:02:27, Sys 0 00:00:03  -  Total Remote Usage
		Usr 0 00:00:00, Sys 0 00:00:00  -  Total Local Usage
	16610  -  Run Bytes Sent By Job
	1275  -  Run Bytes Received By Job
	16610  -  Total Bytes Sent By Job
	1275  -  Total Bytes Received By Job
	Partitionable Resources :    Usage  Request Allocated 
	   Cpus                 :        0        1         1 
	   Disk (KB)            :     8714  6144000   6146827 
	   GPUs                 :                           0 
	   Memory (MB)          :       44     3000      3000 
	   TimeExecute (s)      :      156                    
	   TimeSlotBusy (s)     :      158                    
...
