000 (6053299.000.000) 08/17 01:15:15 Job submitted from host: <188.185.133.2:9618?addrs=188.185.133.2-9618+[2001-1458-d03-2--100-208]-9618&alias=bigbird102.cern.ch&noUDP&sock=schedd_5723_1498>
    DAG Node: P_W15_HL_M2_A10_S7
...
040 (6053299.000.000) 08/17 01:18:13 Started transferring input files
	Transferring to host: <188.185.194.114:9618?addrs=188.185.194.114-9618+[2001-1458-303-21--100-6e]-9618&alias=b9p20p8518.cern.ch&noUDP&sock=slot1_16_4208_aaa4_28931>
...
040 (6053299.000.000) 08/17 01:18:13 Finished transferring input files
...
001 (6053299.000.000) 08/17 01:18:14 Job executing on host: <188.185.194.114:9618?addrs=188.185.194.114-9618+[2001-1458-303-21--100-6e]-9618&alias=b9p20p8518.cern.ch&noUDP&sock=startd_3083_4292>
	SlotName: slot1_16@b9p20p8518.cern.ch
	CondorScratchDir = "/pool/condor/dir_698628"
	Cpus = 1
	Disk = 6146951
	GPUs = 0
	Memory = 3000
...
006 (6053299.000.000) 08/17 01:18:22 Image size of job updated: 4532
	4  -  MemoryUsage of job (MB)
	3964  -  ResidentSetSize of job (KB)
...
006 (6053299.000.000) 08/17 01:22:01 Image size of job updated: 115784
	4  -  MemoryUsage of job (MB)
	3964  -  ResidentSetSize of job (KB)
...
040 (6053299.000.000) 08/17 01:22:01 Started transferring output files
...
040 (6053299.000.000) 08/17 01:22:01 Finished transferring output files
...
005 (6053299.000.000) 08/17 01:22:01 Job terminated.
	(1) Normal termination (return value 0)
		Usr 0 00:03:21, Sys 0 00:00:03  -  Run Remote Usage
		Usr 0 00:00:00, Sys 0 00:00:00  -  Run Local Usage
		Usr 0 00:03:21, Sys 0 00:00:03  -  Total Remote Usage
		Usr 0 00:00:00, Sys 0 00:00:00  -  Total Local Usage
	16610  -  Run Bytes Sent By Job
	1275  -  Run Bytes Received By Job
	16610  -  Total Bytes Sent By Job
	1275  -  Total Bytes Received By Job
	Partitionable Resources :    Usage  Request Allocated 
	   Cpus                 :        0        1         1 
	   Disk (KB)            :       46  6144000   6146951 
	   GPUs                 :                           0 
	   Memory (MB)          :        4     3000      3000 
	   TimeExecute (s)      :      227                    
	   TimeSlotBusy (s)     :      230                    
...
