000 (6053237.000.000) 08/17 01:15:14 Job submitted from host: <188.185.133.2:9618?addrs=188.185.133.2-9618+[2001-1458-d03-2--100-208]-9618&alias=bigbird102.cern.ch&noUDP&sock=schedd_5723_1498>
    DAG Node: P_W15_II_M1_A07_S1
...
040 (6053237.000.000) 08/17 01:17:52 Started transferring input files
	Transferring to host: <188.185.193.11:9618?addrs=188.185.193.11-9618+[2001-1458-303-20--100-7]-9618&alias=b9p19p1478.cern.ch&noUDP&sock=slot1_18_6379_551c_31779>
...
040 (6053237.000.000) 08/17 01:17:52 Finished transferring input files
...
001 (6053237.000.000) 08/17 01:17:53 Job executing on host: <188.185.193.11:9618?addrs=188.185.193.11-9618+[2001-1458-303-20--100-7]-9618&alias=b9p19p1478.cern.ch&noUDP&sock=startd_5435_8952>
	SlotName: slot1_18@b9p19p1478.cern.ch
	CondorScratchDir = "/pool/condor/dir_2279129"
	Cpus = 1
	Disk = 6146748
	GPUs = 0
	Memory = 3000
...
006 (6053237.000.000) 08/17 01:18:01 Image size of job updated: 14920
	15  -  MemoryUsage of job (MB)
	14920  -  ResidentSetSize of job (KB)
...
006 (6053237.000.000) 08/17 01:23:01 Image size of job updated: 127468
	125  -  MemoryUsage of job (MB)
	127468  -  ResidentSetSize of job (KB)
...
006 (6053237.000.000) 08/17 01:28:02 Image size of job updated: 139184
	136  -  MemoryUsage of job (MB)
	139184  -  ResidentSetSize of job (KB)
...
006 (6053237.000.000) 08/17 01:33:03 Image size of job updated: 150780
	148  -  MemoryUsage of job (MB)
	150780  -  ResidentSetSize of job (KB)
...
006 (6053237.000.000) 08/17 01:38:03 Image size of job updated: 162180
	159  -  MemoryUsage of job (MB)
	162180  -  ResidentSetSize of job (KB)
...
006 (6053237.000.000) 08/17 01:43:04 Image size of job updated: 173032
	169  -  MemoryUsage of job (MB)
	173032  -  ResidentSetSize of job (KB)
...
006 (6053237.000.000) 08/17 01:48:04 Image size of job updated: 184480
	181  -  MemoryUsage of job (MB)
	184480  -  ResidentSetSize of job (KB)
...
006 (6053237.000.000) 08/17 01:53:05 Image size of job updated: 195412
	191  -  MemoryUsage of job (MB)
	195412  -  ResidentSetSize of job (KB)
...
006 (6053237.000.000) 08/17 01:58:06 Image size of job updated: 206848
	202  -  MemoryUsage of job (MB)
	206848  -  ResidentSetSize of job (KB)
...
006 (6053237.000.000) 08/17 02:03:06 Image size of job updated: 218064
	213  -  MemoryUsage of job (MB)
	218064  -  ResidentSetSize of job (KB)
...
006 (6053237.000.000) 08/17 02:06:37 Image size of job updated: 220296
	213  -  MemoryUsage of job (MB)
	218064  -  ResidentSetSize of job (KB)
...
040 (6053237.000.000) 08/17 02:06:37 Started transferring output files
...
040 (6053237.000.000) 08/17 02:06:37 Finished transferring output files
...
005 (6053237.000.000) 08/17 02:06:37 Job terminated.
	(1) Normal termination (return value 0)
		Usr 0 00:47:56, Sys 0 00:00:07  -  Run Remote Usage
		Usr 0 00:00:00, Sys 0 00:00:00  -  Run Local Usage
		Usr 0 00:47:56, Sys 0 00:00:07  -  Total Remote Usage
		Usr 0 00:00:00, Sys 0 00:00:00  -  Total Local Usage
	17206  -  Run Bytes Sent By Job
	1275  -  Run Bytes Received By Job
	17206  -  Total Bytes Sent By Job
	1275  -  Total Bytes Received By Job
	Partitionable Resources :    Usage  Request Allocated 
	   Cpus                 :     0.99        1         1 
	   Disk (KB)            : 39670     6144000   6146748 
	   GPUs                 :                           0 
	   Memory (MB)          :   213        3000      3000 
	   TimeExecute (s)      :  2924                       
	   TimeSlotBusy (s)     :  2927                       
...
