000 (6053255.000.000) 08/17 01:15:14 Job submitted from host: <188.185.133.2:9618?addrs=188.185.133.2-9618+[2001-1458-d03-2--100-208]-9618&alias=bigbird102.cern.ch&noUDP&sock=schedd_5723_1498>
    DAG Node: P_W15_IH_M0_A00_S3
...
040 (6053255.000.000) 08/17 01:17:57 Started transferring input files
	Transferring to host: <188.185.192.90:9618?addrs=188.185.192.90-9618+[2001-1458-303-1f--100-56]-9618&alias=b9p13p5359.cern.ch&noUDP&sock=slot1_15_6090_b4b1_33292>
...
040 (6053255.000.000) 08/17 01:17:57 Finished transferring input files
...
001 (6053255.000.000) 08/17 01:17:58 Job executing on host: <188.185.192.90:9618?addrs=188.185.192.90-9618+[2001-1458-303-1f--100-56]-9618&alias=b9p13p5359.cern.ch&noUDP&sock=startd_4548_20d1>
	SlotName: slot1_15@b9p13p5359.cern.ch
	CondorScratchDir = "/pool/condor/dir_3095652"
	Cpus = 1
	Disk = 6146751
	GPUs = 0
	Memory = 3000
...
006 (6053255.000.000) 08/17 01:18:07 Image size of job updated: 4532
	3  -  MemoryUsage of job (MB)
	2476  -  ResidentSetSize of job (KB)
...
006 (6053255.000.000) 08/17 01:23:08 Image size of job updated: 161996
	159  -  MemoryUsage of job (MB)
	161996  -  ResidentSetSize of job (KB)
...
006 (6053255.000.000) 08/17 01:24:38 Image size of job updated: 164228
	159  -  MemoryUsage of job (MB)
	161996  -  ResidentSetSize of job (KB)
...
040 (6053255.000.000) 08/17 01:24:38 Started transferring output files
...
040 (6053255.000.000) 08/17 01:24:38 Finished transferring output files
...
005 (6053255.000.000) 08/17 01:24:38 Job terminated.
	(1) Normal termination (return value 0)
		Usr 0 00:06:10, Sys 0 00:00:04  -  Run Remote Usage
		Usr 0 00:00:00, Sys 0 00:00:00  -  Run Local Usage
		Usr 0 00:06:10, Sys 0 00:00:04  -  Total Remote Usage
		Usr 0 00:00:00, Sys 0 00:00:00  -  Total Local Usage
	16872  -  Run Bytes Sent By Job
	1275  -  Run Bytes Received By Job
	16872  -  Total Bytes Sent By Job
	1275  -  Total Bytes Received By Job
	Partitionable Resources :    Usage  Request Allocated 
	   Cpus                 :        0        1         1 
	   Disk (KB)            :    39668  6144000   6146751 
	   GPUs                 :                           0 
	   Memory (MB)          :      159     3000      3000 
	   TimeExecute (s)      :      400                    
	   TimeSlotBusy (s)     :      402                    
...
