000 (6053224.000.000) 08/17 01:15:08 Job submitted from host: <188.185.133.2:9618?addrs=188.185.133.2-9618+[2001-1458-d03-2--100-208]-9618&alias=bigbird102.cern.ch&noUDP&sock=schedd_5723_1498>
    DAG Node: P_W15_IL_M2_A10_S4
...
040 (6053224.000.000) 08/17 01:17:46 Started transferring input files
	Transferring to host: <188.185.196.18:9618?addrs=188.185.196.18-9618+[2001-1458-303-23--100-e]-9618&alias=b9p16p3827.cern.ch&noUDP&sock=slot1_15_4028_d71d_32285>
...
040 (6053224.000.000) 08/17 01:17:46 Finished transferring input files
...
001 (6053224.000.000) 08/17 01:17:47 Job executing on host: <188.185.196.18:9618?addrs=188.185.196.18-9618+[2001-1458-303-23--100-e]-9618&alias=b9p16p3827.cern.ch&noUDP&sock=startd_3081_e361>
	SlotName: slot1_15@b9p16p3827.cern.ch
	CondorScratchDir = "/pool/condor/dir_3203406"
	Cpus = 1
	Disk = 6146610
	GPUs = 0
	Memory = 3000
...
006 (6053224.000.000) 08/17 01:17:55 Image size of job updated: 18640
	19  -  MemoryUsage of job (MB)
	18640  -  ResidentSetSize of job (KB)
...
006 (6053224.000.000) 08/17 01:19:55 Image size of job updated: 115836
	19  -  MemoryUsage of job (MB)
	18640  -  ResidentSetSize of job (KB)
...
040 (6053224.000.000) 08/17 01:19:55 Started transferring output files
...
040 (6053224.000.000) 08/17 01:19:55 Finished transferring output files
...
005 (6053224.000.000) 08/17 01:19:55 Job terminated.
	(1) Normal termination (return value 0)
		Usr 0 00:01:50, Sys 0 00:00:03  -  Run Remote Usage
		Usr 0 00:00:00, Sys 0 00:00:00  -  Run Local Usage
		Usr 0 00:01:50, Sys 0 00:00:03  -  Total Remote Usage
		Usr 0 00:00:00, Sys 0 00:00:00  -  Total Local Usage
	16607  -  Run Bytes Sent By Job
	1275  -  Run Bytes Received By Job
	16607  -  Total Bytes Sent By Job
	1275  -  Total Bytes Received By Job
	Partitionable Resources :    Usage  Request Allocated 
	   Cpus                 :     0.42        1         1 
	   Disk (KB)            :  8378     6144000   6146610 
	   GPUs                 :                           0 
	   Memory (MB)          :    19        3000      3000 
	   TimeExecute (s)      :   128                       
	   TimeSlotBusy (s)     :   129                       
...
