000 (6053396.000.000) 08/17 01:19:49 Job submitted from host: <188.185.133.2:9618?addrs=188.185.133.2-9618+[2001-1458-d03-2--100-208]-9618&alias=bigbird102.cern.ch&noUDP&sock=schedd_5723_1498>
    DAG Node: C_W15_HI_M2_A10_S0_F2
...
040 (6053396.000.000) 08/17 01:19:55 Started transferring input files
	Transferring to host: <188.185.194.96:9618?addrs=188.185.194.96-9618+[2001-1458-303-21--100-5c]-9618&alias=b9p20p8169.cern.ch&noUDP&sock=slot1_29_3328_a080_31209>
...
040 (6053396.000.000) 08/17 01:19:55 Finished transferring input files
...
001 (6053396.000.000) 08/17 01:19:56 Job executing on host: <188.185.194.96:9618?addrs=188.185.194.96-9618+[2001-1458-303-21--100-5c]-9618&alias=b9p20p8169.cern.ch&noUDP&sock=startd_2588_bb30>
	SlotName: slot1_29@b9p20p8169.cern.ch
	CondorScratchDir = "/pool/condor/dir_1139091"
	Cpus = 1
	Disk = 6147131
	GPUs = 0
	Memory = 3000
...
006 (6053396.000.000) 08/17 01:20:04 Image size of job updated: 51040
	50  -  MemoryUsage of job (MB)
	51040  -  ResidentSetSize of job (KB)
...
006 (6053396.000.000) 08/17 01:25:04 Image size of job updated: 96496
	95  -  MemoryUsage of job (MB)
	96496  -  ResidentSetSize of job (KB)
...
006 (6053396.000.000) 08/17 01:30:05 Image size of job updated: 96828
	95  -  MemoryUsage of job (MB)
	96828  -  ResidentSetSize of job (KB)
...
006 (6053396.000.000) 08/17 01:35:05 Image size of job updated: 96832
	95  -  MemoryUsage of job (MB)
	96832  -  ResidentSetSize of job (KB)
...
006 (6053396.000.000) 08/17 01:40:06 Image size of job updated: 97172
	95  -  MemoryUsage of job (MB)
	97172  -  ResidentSetSize of job (KB)
...
040 (6053396.000.000) 08/17 01:41:54 Started transferring output files
...
040 (6053396.000.000) 08/17 01:41:54 Finished transferring output files
...
005 (6053396.000.000) 08/17 01:41:54 Job terminated.
	(1) Normal termination (return value 0)
		Usr 0 00:21:42, Sys 0 00:00:04  -  Run Remote Usage
		Usr 0 00:00:00, Sys 0 00:00:00  -  Run Local Usage
		Usr 0 00:21:42, Sys 0 00:00:04  -  Total Remote Usage
		Usr 0 00:00:00, Sys 0 00:00:00  -  Total Local Usage
	16963  -  Run Bytes Sent By Job
	1271  -  Run Bytes Received By Job
	16963  -  Total Bytes Sent By Job
	1271  -  Total Bytes Received By Job
	Partitionable Resources :    Usage  Request Allocated 
	   Cpus                 :     0.99        1         1 
	   Disk (KB)            : 39670     6144000   6147131 
	   GPUs                 :                           0 
	   Memory (MB)          :    95        3000      3000 
	   TimeExecute (s)      :  1318                       
	   TimeSlotBusy (s)     :  1319                       
...
