000 (6053206.000.000) 08/17 01:15:08 Job submitted from host: <188.185.133.2:9618?addrs=188.185.133.2-9618+[2001-1458-d03-2--100-208]-9618&alias=bigbird102.cern.ch&noUDP&sock=schedd_5723_1498>
    DAG Node: P_W15_IL_M0_A00_S2
...
040 (6053206.000.000) 08/17 01:17:42 Started transferring input files
	Transferring to host: <188.185.194.184:9618?addrs=188.185.194.184-9618+[2001-1458-303-21--100-b4]-9618&alias=b9p20p7797.cern.ch&noUDP&sock=slot1_41_3284_9fff_32580>
...
040 (6053206.000.000) 08/17 01:17:42 Finished transferring input files
...
001 (6053206.000.000) 08/17 01:17:43 Job executing on host: <188.185.194.184:9618?addrs=188.185.194.184-9618+[2001-1458-303-21--100-b4]-9618&alias=b9p20p7797.cern.ch&noUDP&sock=startd_2554_68f8>
	SlotName: slot1_41@b9p20p7797.cern.ch
	CondorScratchDir = "/pool/condor/dir_229325"
	Cpus = 1
	Disk = 6146803
	GPUs = 0
	Memory = 3000
...
006 (6053206.000.000) 08/17 01:17:52 Image size of job updated: 21888
	22  -  MemoryUsage of job (MB)
	21888  -  ResidentSetSize of job (KB)
...
006 (6053206.000.000) 08/17 01:22:53 Image size of job updated: 146692
	144  -  MemoryUsage of job (MB)
	146692  -  ResidentSetSize of job (KB)
...
006 (6053206.000.000) 08/17 01:26:35 Image size of job updated: 160320
	144  -  MemoryUsage of job (MB)
	146692  -  ResidentSetSize of job (KB)
...
040 (6053206.000.000) 08/17 01:26:35 Started transferring output files
...
040 (6053206.000.000) 08/17 01:26:35 Finished transferring output files
...
005 (6053206.000.000) 08/17 01:26:35 Job terminated.
	(1) Normal termination (return value 0)
		Usr 0 00:08:19, Sys 0 00:00:06  -  Run Remote Usage
		Usr 0 00:00:00, Sys 0 00:00:00  -  Run Local Usage
		Usr 0 00:08:19, Sys 0 00:00:06  -  Total Remote Usage
		Usr 0 00:00:00, Sys 0 00:00:00  -  Total Local Usage
	16873  -  Run Bytes Sent By Job
	1275  -  Run Bytes Received By Job
	16873  -  Total Bytes Sent By Job
	1275  -  Total Bytes Received By Job
	Partitionable Resources :    Usage  Request Allocated 
	   Cpus                 :        0        1         1 
	   Disk (KB)            :    39668  6144000   6146803 
	   GPUs                 :                           0 
	   Memory (MB)          :      144     3000      3000 
	   TimeExecute (s)      :      532                    
	   TimeSlotBusy (s)     :      534                    
...
