000 (6053257.000.000) 08/17 01:15:14 Job submitted from host: <188.185.133.2:9618?addrs=188.185.133.2-9618+[2001-1458-d03-2--100-208]-9618&alias=bigbird102.cern.ch&noUDP&sock=schedd_5723_1498>
    DAG Node: P_W15_IH_M0_A00_S5
...
040 (6053257.000.000) 08/17 01:17:58 Started transferring input files
	Transferring to host: <188.185.196.45:9618?addrs=188.185.196.45-9618+[2001-1458-303-23--100-29]-9618&alias=b9p16p5161.cern.ch&noUDP&sock=slot1_15_3488_5c87_30276>
...
040 (6053257.000.000) 08/17 01:17:58 Finished transferring input files
...
001 (6053257.000.000) 08/17 01:17:59 Job executing on host: <188.185.196.45:9618?addrs=188.185.196.45-9618+[2001-1458-303-23--100-29]-9618&alias=b9p16p5161.cern.ch&noUDP&sock=startd_2657_0f39>
	SlotName: slot1_15@b9p16p5161.cern.ch
	CondorScratchDir = "/pool/condor/dir_3250711"
	Cpus = 1
	Disk = 6147810
	GPUs = 0
	Memory = 3000
...
006 (6053257.000.000) 08/17 01:18:08 Image size of job updated: 17736
	18  -  MemoryUsage of job (MB)
	17736  -  ResidentSetSize of job (KB)
...
006 (6053257.000.000) 08/17 01:22:46 Image size of job updated: 162140
	18  -  MemoryUsage of job (MB)
	17736  -  ResidentSetSize of job (KB)
...
040 (6053257.000.000) 08/17 01:22:46 Started transferring output files
...
040 (6053257.000.000) 08/17 01:22:46 Finished transferring output files
...
005 (6053257.000.000) 08/17 01:22:46 Job terminated.
	(1) Normal termination (return value 0)
		Usr 0 00:04:21, Sys 0 00:00:04  -  Run Remote Usage
		Usr 0 00:00:00, Sys 0 00:00:00  -  Run Local Usage
		Usr 0 00:04:21, Sys 0 00:00:04  -  Total Remote Usage
		Usr 0 00:00:00, Sys 0 00:00:00  -  Total Local Usage
	16872  -  Run Bytes Sent By Job
	1275  -  Run Bytes Received By Job
	16872  -  Total Bytes Sent By Job
	1275  -  Total Bytes Received By Job
	Partitionable Resources :    Usage  Request Allocated 
	   Cpus                 :        0        1         1 
	   Disk (KB)            :     8378  6144000   6147810 
	   GPUs                 :                           0 
	   Memory (MB)          :       18     3000      3000 
	   TimeExecute (s)      :      287                    
	   TimeSlotBusy (s)     :      289                    
...
