000 (6053234.000.000) 08/17 01:15:14 Job submitted from host: <188.185.133.2:9618?addrs=188.185.133.2-9618+[2001-1458-d03-2--100-208]-9618&alias=bigbird102.cern.ch&noUDP&sock=schedd_5723_1498>
    DAG Node: P_W15_II_M0_A00_S6
...
040 (6053234.000.000) 08/17 01:17:50 Started transferring input files
	Transferring to host: <188.185.195.165:9618?addrs=188.185.195.165-9618+[2001-1458-303-22--100-a1]-9618&alias=b9p17p6053.cern.ch&noUDP&sock=slot1_36_4239_8245_30602>
...
040 (6053234.000.000) 08/17 01:17:50 Finished transferring input files
...
001 (6053234.000.000) 08/17 01:17:51 Job executing on host: <188.185.195.165:9618?addrs=188.185.195.165-9618+[2001-1458-303-22--100-a1]-9618&alias=b9p17p6053.cern.ch&noUDP&sock=startd_3152_969b>
	SlotName: slot1_36@b9p17p6053.cern.ch
	CondorScratchDir = "/pool/condor/dir_1542715"
	Cpus = 1
	Disk = 6145578
	GPUs = 0
	Memory = 3000
...
006 (6053234.000.000) 08/17 01:18:00 Image size of job updated: 8872
	9  -  MemoryUsage of job (MB)
	8872  -  ResidentSetSize of job (KB)
...
006 (6053234.000.000) 08/17 01:23:00 Image size of job updated: 135120
	132  -  MemoryUsage of job (MB)
	135120  -  ResidentSetSize of job (KB)
...
006 (6053234.000.000) 08/17 01:28:01 Image size of job updated: 158124
	155  -  MemoryUsage of job (MB)
	158124  -  ResidentSetSize of job (KB)
...
006 (6053234.000.000) 08/17 01:30:09 Image size of job updated: 158128
	155  -  MemoryUsage of job (MB)
	158124  -  ResidentSetSize of job (KB)
...
040 (6053234.000.000) 08/17 01:30:09 Started transferring output files
...
040 (6053234.000.000) 08/17 01:30:09 Finished transferring output files
...
005 (6053234.000.000) 08/17 01:30:09 Job terminated.
	(1) Normal termination (return value 0)
		Usr 0 00:11:42, Sys 0 00:00:05  -  Run Remote Usage
		Usr 0 00:00:00, Sys 0 00:00:00  -  Run Local Usage
		Usr 0 00:11:42, Sys 0 00:00:05  -  Total Remote Usage
		Usr 0 00:00:00, Sys 0 00:00:00  -  Total Local Usage
	16871  -  Run Bytes Sent By Job
	1275  -  Run Bytes Received By Job
	16871  -  Total Bytes Sent By Job
	1275  -  Total Bytes Received By Job
	Partitionable Resources :    Usage  Request Allocated 
	   Cpus                 :     0.99        1         1 
	   Disk (KB)            : 39668     6144000   6145578 
	   GPUs                 :                           0 
	   Memory (MB)          :   155        3000      3000 
	   TimeExecute (s)      :   738                       
	   TimeSlotBusy (s)     :   740                       
...
