000 (6053405.000.000) 08/17 01:20:09 Job submitted from host: <188.185.133.2:9618?addrs=188.185.133.2-9618+[2001-1458-d03-2--100-208]-9618&alias=bigbird102.cern.ch&noUDP&sock=schedd_5723_1498>
    DAG Node: C_W15_LI_M2_A10_S7_F2
...
040 (6053405.000.000) 08/17 01:20:15 Started transferring input files
	Transferring to host: <188.185.195.41:9618?addrs=188.185.195.41-9618+[2001-1458-303-22--100-25]-9618&alias=b9p17p3567.cern.ch&noUDP&sock=slot1_4_5733_2ac2_29942>
...
040 (6053405.000.000) 08/17 01:20:15 Finished transferring input files
...
001 (6053405.000.000) 08/17 01:20:16 Job executing on host: <188.185.195.41:9618?addrs=188.185.195.41-9618+[2001-1458-303-22--100-25]-9618&alias=b9p17p3567.cern.ch&noUDP&sock=startd_4538_44de>
	SlotName: slot1_4@b9p17p3567.cern.ch
	CondorScratchDir = "/pool/condor/dir_3571592"
	Cpus = 1
	Disk = 6146219
	GPUs = 0
	Memory = 3000
...
006 (6053405.000.000) 08/17 01:20:25 Image size of job updated: 60116
	59  -  MemoryUsage of job (MB)
	60116  -  ResidentSetSize of job (KB)
...
006 (6053405.000.000) 08/17 01:25:26 Image size of job updated: 96492
	95  -  MemoryUsage of job (MB)
	96492  -  ResidentSetSize of job (KB)
...
006 (6053405.000.000) 08/17 01:30:26 Image size of job updated: 96660
	95  -  MemoryUsage of job (MB)
	96660  -  ResidentSetSize of job (KB)
...
006 (6053405.000.000) 08/17 01:35:27 Image size of job updated: 96712
	95  -  MemoryUsage of job (MB)
	96712  -  ResidentSetSize of job (KB)
...
006 (6053405.000.000) 08/17 01:40:28 Image size of job updated: 96828
	95  -  MemoryUsage of job (MB)
	96828  -  ResidentSetSize of job (KB)
...
006 (6053405.000.000) 08/17 01:45:28 Image size of job updated: 96996
	95  -  MemoryUsage of job (MB)
	96996  -  ResidentSetSize of job (KB)
...
006 (6053405.000.000) 08/17 02:00:29 Image size of job updated: 97164
	95  -  MemoryUsage of job (MB)
	97164  -  ResidentSetSize of job (KB)
...
006 (6053405.000.000) 08/17 02:05:30 Image size of job updated: 97168
	95  -  MemoryUsage of job (MB)
	97168  -  ResidentSetSize of job (KB)
...
040 (6053405.000.000) 08/17 02:07:24 Started transferring output files
...
040 (6053405.000.000) 08/17 02:07:24 Finished transferring output files
...
005 (6053405.000.000) 08/17 02:07:24 Job terminated.
	(1) Normal termination (return value 0)
		Usr 0 00:46:41, Sys 0 00:00:05  -  Run Remote Usage
		Usr 0 00:00:00, Sys 0 00:00:00  -  Run Local Usage
		Usr 0 00:46:41, Sys 0 00:00:05  -  Total Remote Usage
		Usr 0 00:00:00, Sys 0 00:00:00  -  Total Local Usage
	16963  -  Run Bytes Sent By Job
	1271  -  Run Bytes Received By Job
	16963  -  Total Bytes Sent By Job
	1271  -  Total Bytes Received By Job
	Partitionable Resources :    Usage  Request Allocated 
	   Cpus                 :     0.99        1         1 
	   Disk (KB)            : 39670     6144000   6146219 
	   GPUs                 :                           0 
	   Memory (MB)          :    95        3000      3000 
	   TimeExecute (s)      :  2828                       
	   TimeSlotBusy (s)     :  2829                       
...
