000 (6053341.000.000) 08/17 01:15:26 Job submitted from host: <188.185.133.2:9618?addrs=188.185.133.2-9618+[2001-1458-d03-2--100-208]-9618&alias=bigbird102.cern.ch&noUDP&sock=schedd_5723_1498>
    DAG Node: P_W15_HH_M2_A10_S1
...
040 (6053341.000.000) 08/17 01:18:26 Started transferring input files
	Transferring to host: <188.185.197.47:9618?addrs=188.185.197.47-9618+[2001-1458-303-24--100-2b]-9618&alias=b9p14p3415.cern.ch&noUDP&sock=slot1_25_5538_c59a_23160>
...
040 (6053341.000.000) 08/17 01:18:26 Finished transferring input files
...
001 (6053341.000.000) 08/17 01:18:27 Job executing on host: <188.185.197.47:9618?addrs=188.185.197.47-9618+[2001-1458-303-24--100-2b]-9618&alias=b9p14p3415.cern.ch&noUDP&sock=startd_4404_5b2d>
	SlotName: slot1_25@b9p14p3415.cern.ch
	CondorScratchDir = "/pool/condor/dir_3380714"
	Cpus = 1
	Disk = 6147652
	GPUs = 0
	Memory = 3000
...
006 (6053341.000.000) 08/17 01:18:36 Image size of job updated: 12896
	13  -  MemoryUsage of job (MB)
	12896  -  ResidentSetSize of job (KB)
...
006 (6053341.000.000) 08/17 01:19:29 Image size of job updated: 115764
	13  -  MemoryUsage of job (MB)
	12896  -  ResidentSetSize of job (KB)
...
040 (6053341.000.000) 08/17 01:19:29 Started transferring output files
...
040 (6053341.000.000) 08/17 01:19:29 Finished transferring output files
...
005 (6053341.000.000) 08/17 01:19:29 Job terminated.
	(1) Normal termination (return value 0)
		Usr 0 00:00:36, Sys 0 00:00:03  -  Run Remote Usage
		Usr 0 00:00:00, Sys 0 00:00:00  -  Run Local Usage
		Usr 0 00:00:36, Sys 0 00:00:03  -  Total Remote Usage
		Usr 0 00:00:00, Sys 0 00:00:00  -  Total Local Usage
	16550  -  Run Bytes Sent By Job
	1275  -  Run Bytes Received By Job
	16550  -  Total Bytes Sent By Job
	1275  -  Total Bytes Received By Job
	Partitionable Resources :    Usage  Request Allocated 
	   Cpus                 :     0.43        1         1 
	   Disk (KB)            :    46     6144000   6147652 
	   GPUs                 :                           0 
	   Memory (MB)          :    13        3000      3000 
	   TimeExecute (s)      :    62                       
	   TimeSlotBusy (s)     :    64                       
...
