000 (6053160.000.000) 08/17 01:15:07 Job submitted from host: <188.185.133.2:9618?addrs=188.185.133.2-9618+[2001-1458-d03-2--100-208]-9618&alias=bigbird102.cern.ch&noUDP&sock=schedd_5723_1498>
    DAG Node: P_W15_LI_M0_A00_S4
...
040 (6053160.000.000) 08/17 01:17:26 Started transferring input files
	Transferring to host: <188.185.192.33:9618?addrs=188.185.192.33-9618+[2001-1458-303-1f--100-1d]-9618&alias=b9p13p1334.cern.ch&noUDP&sock=slot1_25_9644_d201_32010>
...
040 (6053160.000.000) 08/17 01:17:26 Finished transferring input files
...
001 (6053160.000.000) 08/17 01:17:27 Job executing on host: <188.185.192.33:9618?addrs=188.185.192.33-9618+[2001-1458-303-1f--100-1d]-9618&alias=b9p13p1334.cern.ch&noUDP&sock=startd_8674_3893>
	SlotName: slot1_25@b9p13p1334.cern.ch
	CondorScratchDir = "/pool/condor/dir_2813389"
	Cpus = 1
	Disk = 6146928
	GPUs = 0
	Memory = 3000
...
006 (6053160.000.000) 08/17 01:17:35 Image size of job updated: 26420
	26  -  MemoryUsage of job (MB)
	26420  -  ResidentSetSize of job (KB)
...
006 (6053160.000.000) 08/17 01:22:35 Image size of job updated: 150584
	148  -  MemoryUsage of job (MB)
	150584  -  ResidentSetSize of job (KB)
...
006 (6053160.000.000) 08/17 01:27:36 Image size of job updated: 161992
	148  -  MemoryUsage of job (MB)
	150584  -  ResidentSetSize of job (KB)
...
040 (6053160.000.000) 08/17 01:27:39 Started transferring output files
...
040 (6053160.000.000) 08/17 01:27:39 Finished transferring output files
...
005 (6053160.000.000) 08/17 01:27:39 Job terminated.
	(1) Normal termination (return value 0)
		Usr 0 00:09:52, Sys 0 00:00:04  -  Run Remote Usage
		Usr 0 00:00:00, Sys 0 00:00:00  -  Run Local Usage
		Usr 0 00:09:52, Sys 0 00:00:04  -  Total Remote Usage
		Usr 0 00:00:00, Sys 0 00:00:00  -  Total Local Usage
	16871  -  Run Bytes Sent By Job
	1275  -  Run Bytes Received By Job
	16871  -  Total Bytes Sent By Job
	1275  -  Total Bytes Received By Job
	Partitionable Resources :    Usage  Request Allocated 
	   Cpus                 :     0.99        1         1 
	   Disk (KB)            : 39668     6144000   6146928 
	   GPUs                 :                           0 
	   Memory (MB)          :   148        3000      3000 
	   TimeExecute (s)      :   612                       
	   TimeSlotBusy (s)     :   614                       
...
