000 (6053208.000.000) 08/17 01:15:08 Job submitted from host: <188.185.133.2:9618?addrs=188.185.133.2-9618+[2001-1458-d03-2--100-208]-9618&alias=bigbird102.cern.ch&noUDP&sock=schedd_5723_1498>
    DAG Node: P_W15_IL_M0_A00_S4
...
040 (6053208.000.000) 08/17 01:17:42 Started transferring input files
	Transferring to host: <188.185.193.9:9618?addrs=188.185.193.9-9618+[2001-1458-303-20--100-5]-9618&alias=b9p19p4166.cern.ch&noUDP&sock=slot1_36_3632_d28d_32907>
...
040 (6053208.000.000) 08/17 01:17:42 Finished transferring input files
...
001 (6053208.000.000) 08/17 01:17:43 Job executing on host: <188.185.193.9:9618?addrs=188.185.193.9-9618+[2001-1458-303-20--100-5]-9618&alias=b9p19p4166.cern.ch&noUDP&sock=startd_2894_9f2b>
	SlotName: slot1_36@b9p19p4166.cern.ch
	CondorScratchDir = "/pool/condor/dir_1825348"
	Cpus = 1
	Disk = 6146805
	GPUs = 0
	Memory = 3000
...
006 (6053208.000.000) 08/17 01:17:52 Image size of job updated: 18736
	19  -  MemoryUsage of job (MB)
	18736  -  ResidentSetSize of job (KB)
...
006 (6053208.000.000) 08/17 01:22:53 Image size of job updated: 150740
	148  -  MemoryUsage of job (MB)
	150740  -  ResidentSetSize of job (KB)
...
006 (6053208.000.000) 08/17 01:27:53 Image size of job updated: 162144
	159  -  MemoryUsage of job (MB)
	162144  -  ResidentSetSize of job (KB)
...
040 (6053208.000.000) 08/17 01:28:20 Started transferring output files
...
040 (6053208.000.000) 08/17 01:28:20 Finished transferring output files
...
005 (6053208.000.000) 08/17 01:28:21 Job terminated.
	(1) Normal termination (return value 0)
		Usr 0 00:10:10, Sys 0 00:00:05  -  Run Remote Usage
		Usr 0 00:00:00, Sys 0 00:00:00  -  Run Local Usage
		Usr 0 00:10:10, Sys 0 00:00:05  -  Total Remote Usage
		Usr 0 00:00:00, Sys 0 00:00:00  -  Total Local Usage
	16871  -  Run Bytes Sent By Job
	1275  -  Run Bytes Received By Job
	16871  -  Total Bytes Sent By Job
	1275  -  Total Bytes Received By Job
	Partitionable Resources :    Usage  Request Allocated 
	   Cpus                 :     0.99        1         1 
	   Disk (KB)            : 39668     6144000   6146805 
	   GPUs                 :                           0 
	   Memory (MB)          :   159        3000      3000 
	   TimeExecute (s)      :   637                       
	   TimeSlotBusy (s)     :   639                       
...
