000 (6053928.000.000) 08/17 02:04:20 Job submitted from host: <188.185.133.2:9618?addrs=188.185.133.2-9618+[2001-1458-d03-2--100-208]-9618&alias=bigbird102.cern.ch&noUDP&sock=schedd_5723_1498>
    DAG Node: C_W15_IL_M1_A07_S2_F0
...
040 (6053928.000.000) 08/17 02:05:31 Started transferring input files
	Transferring to host: <128.142.248.176:9618?addrs=128.142.248.176-9618+[2001-1458-301-73--100-af]-9618&alias=b9g23p9233.cern.ch&noUDP&sock=slot1_16_7574_516d_23235>
...
040 (6053928.000.000) 08/17 02:05:31 Finished transferring input files
...
001 (6053928.000.000) 08/17 02:05:32 Job executing on host: <128.142.248.176:9618?addrs=128.142.248.176-9618+[2001-1458-301-73--100-af]-9618&alias=b9g23p9233.cern.ch&noUDP&sock=startd_6676_c25a>
	SlotName: slot1_16@b9g23p9233.cern.ch
	CondorScratchDir = "/pool/condor/dir_1129542"
	Cpus = 1
	Disk = 6146766
	GPUs = 0
	Memory = 3000
...
006 (6053928.000.000) 08/17 02:05:41 Image size of job updated: 48312
	48  -  MemoryUsage of job (MB)
	48312  -  ResidentSetSize of job (KB)
...
006 (6053928.000.000) 08/17 02:10:43 Image size of job updated: 96664
	95  -  MemoryUsage of job (MB)
	96664  -  ResidentSetSize of job (KB)
...
006 (6053928.000.000) 08/17 02:15:43 Image size of job updated: 108424
	106  -  MemoryUsage of job (MB)
	108424  -  ResidentSetSize of job (KB)
...
006 (6053928.000.000) 08/17 02:20:43 Image size of job updated: 119264
	117  -  MemoryUsage of job (MB)
	119264  -  ResidentSetSize of job (KB)
...
006 (6053928.000.000) 08/17 02:25:02 Image size of job updated: 119272
	117  -  MemoryUsage of job (MB)
	119264  -  ResidentSetSize of job (KB)
...
040 (6053928.000.000) 08/17 02:25:02 Started transferring output files
...
040 (6053928.000.000) 08/17 02:25:02 Finished transferring output files
...
005 (6053928.000.000) 08/17 02:25:02 Job terminated.
	(1) Normal termination (return value 0)
		Usr 0 00:19:11, Sys 0 00:00:04  -  Run Remote Usage
		Usr 0 00:00:00, Sys 0 00:00:00  -  Run Local Usage
		Usr 0 00:19:11, Sys 0 00:00:04  -  Total Remote Usage
		Usr 0 00:00:00, Sys 0 00:00:00  -  Total Local Usage
	17701  -  Run Bytes Sent By Job
	1271  -  Run Bytes Received By Job
	17701  -  Total Bytes Sent By Job
	1271  -  Total Bytes Received By Job
	Partitionable Resources :    Usage  Request Allocated 
	   Cpus                 :     0.99        1         1 
	   Disk (KB)            : 39672     6144000   6146766 
	   GPUs                 :                           0 
	   Memory (MB)          :   117        3000      3000 
	   TimeExecute (s)      :  1170                       
	   TimeSlotBusy (s)     :  1171                       
...
