000 (6053655.000.000) 08/17 01:28:58 Job submitted from host: <188.185.133.2:9618?addrs=188.185.133.2-9618+[2001-1458-d03-2--100-208]-9618&alias=bigbird102.cern.ch&noUDP&sock=schedd_5723_1498>
    DAG Node: C_W15_LH_M0_A00_S5_F0
...
040 (6053655.000.000) 08/17 01:29:56 Started transferring input files
	Transferring to host: <128.142.248.191:9618?addrs=128.142.248.191-9618+[2001-1458-301-73--100-be]-9618&alias=b9g23p4601.cern.ch&noUDP&sock=slot1_11_9071_170a_23169>
...
040 (6053655.000.000) 08/17 01:29:56 Finished transferring input files
...
001 (6053655.000.000) 08/17 01:29:57 Job executing on host: <128.142.248.191:9618?addrs=128.142.248.191-9618+[2001-1458-301-73--100-be]-9618&alias=b9g23p4601.cern.ch&noUDP&sock=startd_7827_3fdc>
	SlotName: slot1_11@b9g23p4601.cern.ch
	CondorScratchDir = "/pool/condor/dir_1543318"
	Cpus = 1
	Disk = 6146852
	GPUs = 0
	Memory = 3000
...
006 (6053655.000.000) 08/17 01:30:06 Image size of job updated: 26440
	26  -  MemoryUsage of job (MB)
	26440  -  ResidentSetSize of job (KB)
...
006 (6053655.000.000) 08/17 01:35:07 Image size of job updated: 95168
	93  -  MemoryUsage of job (MB)
	95168  -  ResidentSetSize of job (KB)
...
006 (6053655.000.000) 08/17 01:40:07 Image size of job updated: 95676
	94  -  MemoryUsage of job (MB)
	95676  -  ResidentSetSize of job (KB)
...
006 (6053655.000.000) 08/17 01:45:08 Image size of job updated: 107096
	105  -  MemoryUsage of job (MB)
	107096  -  ResidentSetSize of job (KB)
...
006 (6053655.000.000) 08/17 01:50:09 Image size of job updated: 117936
	116  -  MemoryUsage of job (MB)
	117936  -  ResidentSetSize of job (KB)
...
006 (6053655.000.000) 08/17 01:55:09 Image size of job updated: 117940
	116  -  MemoryUsage of job (MB)
	117940  -  ResidentSetSize of job (KB)
...
006 (6053655.000.000) 08/17 01:59:13 Image size of job updated: 117944
	116  -  MemoryUsage of job (MB)
	117940  -  ResidentSetSize of job (KB)
...
040 (6053655.000.000) 08/17 01:59:13 Started transferring output files
...
040 (6053655.000.000) 08/17 01:59:13 Finished transferring output files
...
005 (6053655.000.000) 08/17 01:59:13 Job terminated.
	(1) Normal termination (return value 0)
		Usr 0 00:28:48, Sys 0 00:00:05  -  Run Remote Usage
		Usr 0 00:00:00, Sys 0 00:00:00  -  Run Local Usage
		Usr 0 00:28:48, Sys 0 00:00:05  -  Total Remote Usage
		Usr 0 00:00:00, Sys 0 00:00:00  -  Total Local Usage
	17364  -  Run Bytes Sent By Job
	1271  -  Run Bytes Received By Job
	17364  -  Total Bytes Sent By Job
	1271  -  Total Bytes Received By Job
	Partitionable Resources :    Usage  Request Allocated 
	   Cpus                 :     0.99        1         1 
	   Disk (KB)            : 39671     6144000   6146852 
	   GPUs                 :                           0 
	   Memory (MB)          :   116        3000      3000 
	   TimeExecute (s)      :  1756                       
	   TimeSlotBusy (s)     :  1758                       
...
