000 (6053183.000.000) 08/17 01:15:08 Job submitted from host: <188.185.133.2:9618?addrs=188.185.133.2-9618+[2001-1458-d03-2--100-208]-9618&alias=bigbird102.cern.ch&noUDP&sock=schedd_5723_1498>
    DAG Node: P_W15_LH_M0_A00_S3
...
040 (6053183.000.000) 08/17 01:17:32 Started transferring input files
	Transferring to host: <128.142.248.241:9618?addrs=128.142.248.241-9618+[2001-1458-301-73--100-f0]-9618&alias=b9g23p2273.cern.ch&noUDP&sock=slot1_36_7203_ea3e_22750>
...
040 (6053183.000.000) 08/17 01:17:32 Finished transferring input files
...
001 (6053183.000.000) 08/17 01:17:33 Job executing on host: <128.142.248.241:9618?addrs=128.142.248.241-9618+[2001-1458-301-73--100-f0]-9618&alias=b9g23p2273.cern.ch&noUDP&sock=startd_6427_f745>
	SlotName: slot1_36@b9g23p2273.cern.ch
	CondorScratchDir = "/pool/condor/dir_3197801"
	Cpus = 1
	Disk = 6146760
	GPUs = 0
	Memory = 3000
...
006 (6053183.000.000) 08/17 01:17:42 Image size of job updated: 45316
	27  -  MemoryUsage of job (MB)
	27256  -  ResidentSetSize of job (KB)
...
006 (6053183.000.000) 08/17 01:22:43 Image size of job updated: 152604
	150  -  MemoryUsage of job (MB)
	152604  -  ResidentSetSize of job (KB)
...
006 (6053183.000.000) 08/17 01:26:48 Image size of job updated: 164012
	150  -  MemoryUsage of job (MB)
	152604  -  ResidentSetSize of job (KB)
...
040 (6053183.000.000) 08/17 01:26:48 Started transferring output files
...
040 (6053183.000.000) 08/17 01:26:48 Finished transferring output files
...
005 (6053183.000.000) 08/17 01:26:49 Job terminated.
	(1) Normal termination (return value 0)
		Usr 0 00:09:01, Sys 0 00:00:05  -  Run Remote Usage
		Usr 0 00:00:00, Sys 0 00:00:00  -  Run Local Usage
		Usr 0 00:09:01, Sys 0 00:00:05  -  Total Remote Usage
		Usr 0 00:00:00, Sys 0 00:00:00  -  Total Local Usage
	16872  -  Run Bytes Sent By Job
	1275  -  Run Bytes Received By Job
	16872  -  Total Bytes Sent By Job
	1275  -  Total Bytes Received By Job
	Partitionable Resources :    Usage  Request Allocated 
	   Cpus                 :     0.99        1         1 
	   Disk (KB)            : 39668     6144000   6146760 
	   GPUs                 :                           0 
	   Memory (MB)          :   150        3000      3000 
	   TimeExecute (s)      :   555                       
	   TimeSlotBusy (s)     :   557                       
...
