000 (6053235.000.000) 08/17 01:15:14 Job submitted from host: <188.185.133.2:9618?addrs=188.185.133.2-9618+[2001-1458-d03-2--100-208]-9618&alias=bigbird102.cern.ch&noUDP&sock=schedd_5723_1498>
    DAG Node: P_W15_II_M0_A00_S7
...
040 (6053235.000.000) 08/17 01:17:51 Started transferring input files
	Transferring to host: <188.185.193.124:9618?addrs=188.185.193.124-9618+[2001-1458-303-20--100-78]-9618&alias=b9p19p8329.cern.ch&noUDP&sock=slot1_33_3326_37c0_27123>
...
040 (6053235.000.000) 08/17 01:17:51 Finished transferring input files
...
001 (6053235.000.000) 08/17 01:17:52 Job executing on host: <188.185.193.124:9618?addrs=188.185.193.124-9618+[2001-1458-303-20--100-78]-9618&alias=b9p19p8329.cern.ch&noUDP&sock=startd_2550_aa97>
	SlotName: slot1_33@b9p19p8329.cern.ch
	CondorScratchDir = "/pool/condor/dir_3678372"
	Cpus = 1
	Disk = 6146999
	GPUs = 0
	Memory = 3000
...
006 (6053235.000.000) 08/17 01:18:00 Image size of job updated: 7256
	8  -  MemoryUsage of job (MB)
	7256  -  ResidentSetSize of job (KB)
...
006 (6053235.000.000) 08/17 01:23:00 Image size of job updated: 139180
	136  -  MemoryUsage of job (MB)
	139180  -  ResidentSetSize of job (KB)
...
006 (6053235.000.000) 08/17 01:28:01 Image size of job updated: 150784
	148  -  MemoryUsage of job (MB)
	150784  -  ResidentSetSize of job (KB)
...
006 (6053235.000.000) 08/17 01:33:01 Image size of job updated: 162184
	159  -  MemoryUsage of job (MB)
	162184  -  ResidentSetSize of job (KB)
...
006 (6053235.000.000) 08/17 01:34:00 Image size of job updated: 162188
	159  -  MemoryUsage of job (MB)
	162184  -  ResidentSetSize of job (KB)
...
040 (6053235.000.000) 08/17 01:34:00 Started transferring output files
...
040 (6053235.000.000) 08/17 01:34:00 Finished transferring output files
...
005 (6053235.000.000) 08/17 01:34:00 Job terminated.
	(1) Normal termination (return value 0)
		Usr 0 00:15:00, Sys 0 00:00:06  -  Run Remote Usage
		Usr 0 00:00:00, Sys 0 00:00:00  -  Run Local Usage
		Usr 0 00:15:00, Sys 0 00:00:06  -  Total Remote Usage
		Usr 0 00:00:00, Sys 0 00:00:00  -  Total Local Usage
	16875  -  Run Bytes Sent By Job
	1275  -  Run Bytes Received By Job
	16875  -  Total Bytes Sent By Job
	1275  -  Total Bytes Received By Job
	Partitionable Resources :    Usage  Request Allocated 
	   Cpus                 :     0.97        1         1 
	   Disk (KB)            : 39668     6144000   6146999 
	   GPUs                 :                           0 
	   Memory (MB)          :   159        3000      3000 
	   TimeExecute (s)      :   968                       
	   TimeSlotBusy (s)     :   970                       
...
