000 (6053249.000.000) 08/17 01:15:14 Job submitted from host: <188.185.133.2:9618?addrs=188.185.133.2-9618+[2001-1458-d03-2--100-208]-9618&alias=bigbird102.cern.ch&noUDP&sock=schedd_5723_1498>
    DAG Node: P_W15_II_M2_A10_S5
...
040 (6053249.000.000) 08/17 01:17:55 Started transferring input files
	Transferring to host: <188.185.192.131:9618?addrs=188.185.192.131-9618+[2001-1458-303-1f--100-7f]-9618&alias=b9p13p9186.cern.ch&noUDP&sock=slot1_28_4508_0b30_32298>
...
040 (6053249.000.000) 08/17 01:17:55 Finished transferring input files
...
001 (6053249.000.000) 08/17 01:17:56 Job executing on host: <188.185.192.131:9618?addrs=188.185.192.131-9618+[2001-1458-303-1f--100-7f]-9618&alias=b9p13p9186.cern.ch&noUDP&sock=startd_3448_9ea3>
	SlotName: slot1_28@b9p13p9186.cern.ch
	CondorScratchDir = "/pool/condor/dir_1652700"
	Cpus = 1
	Disk = 6146846
	GPUs = 0
	Memory = 3000
...
006 (6053249.000.000) 08/17 01:18:04 Image size of job updated: 13072
	13  -  MemoryUsage of job (MB)
	13072  -  ResidentSetSize of job (KB)
...
006 (6053249.000.000) 08/17 01:19:38 Image size of job updated: 111792
	13  -  MemoryUsage of job (MB)
	13072  -  ResidentSetSize of job (KB)
...
040 (6053249.000.000) 08/17 01:19:38 Started transferring output files
...
040 (6053249.000.000) 08/17 01:19:38 Finished transferring output files
...
005 (6053249.000.000) 08/17 01:19:38 Job terminated.
	(1) Normal termination (return value 0)
		Usr 0 00:01:17, Sys 0 00:00:03  -  Run Remote Usage
		Usr 0 00:00:00, Sys 0 00:00:00  -  Run Local Usage
		Usr 0 00:01:17, Sys 0 00:00:03  -  Total Remote Usage
		Usr 0 00:00:00, Sys 0 00:00:00  -  Total Local Usage
	16608  -  Run Bytes Sent By Job
	1275  -  Run Bytes Received By Job
	16608  -  Total Bytes Sent By Job
	1275  -  Total Bytes Received By Job
	Partitionable Resources :    Usage  Request Allocated 
	   Cpus                 :        0        1         1 
	   Disk (KB)            :     8365  6144000   6146846 
	   GPUs                 :                           0 
	   Memory (MB)          :       13     3000      3000 
	   TimeExecute (s)      :      102                    
	   TimeSlotBusy (s)     :      104                    
...
