LOCALIZED_INCLUDE_REPLACEMENTS=7
EVENT_OUTPUT_INCLUDE_REMOVED=PASS
TTSP pinned runtime loaded
REPO=/afs/cern.ch/user/c/cglenn/FCCWork/whizard/whizard_ttbar_spinpol
whizard=/cvmfs/sft-nightlies.cern.ch/lcg/views/devkey-head/Fri/x86_64-el9-gcc14-opt/bin/whizard
WHIZARD 3.1.8
pythia8-config=/cvmfs/sft-nightlies.cern.ch/lcg/views/devkey-head/Fri/x86_64-el9-gcc14-opt/bin/pythia8-config
8.316
HepMC3-config=/cvmfs/sft-nightlies.cern.ch/lcg/views/devkey-head/Fri/x86_64-el9-gcc14-opt/bin/HepMC3-config
3.03.01
Qualified WHIZARD MPI runtime loaded
WHIZARD_MPI_ROOT=/afs/cern.ch/user/c/cglenn/FCCWork/whizard/whizard_ttbar_spinpol/local/whizard-3.1.8-mpi-omp-qualified-20260811
whizard=/afs/cern.ch/user/c/cglenn/FCCWork/whizard/whizard_ttbar_spinpol/local/whizard-3.1.8-mpi-omp-qualified-20260811/bin/whizard
WHIZARD 3.1.8
Copyright (C) 1999-2026 Wolfgang Kilian, Thorsten Ohl, Juergen Reuter
              ---------------------------------------                
This is free software; see the source for copying conditions.  There is NO
warranty; not even for MERCHANTABILITY or FITNESS FOR A PARTICULAR PURPOSE.

============================================================
PHASE11_TTBAR_SUITE_FIXED_CHILD_V1
MODE=W15_II_M1_A07_S6_F0
PARENT_MODE=W15_II_M1_A07_S6
ADAPTIVE_ID=A07
FIXED_ID=F0
SEED_ID=S6
FIXED_SEED=958460417
ADAPTIVE_SCHEDULE=10:100000:"gw"
FIXED_SCHEDULE=3:200000:""
FULL_SCHEDULE=10:100000:"gw",3:200000:""
PARENT_TAR=/eos/user/c/cglenn/FCCWork/whizard/whizard_ttbar_spinpol/production/full6f_365gev_ee_ttbar_spinpol_v1/phase11_diagnostics/excess_weight_rootcause_v1/ttbar_restricted_region_suite_v1/regions/20260816T231425Z_U9region_core_W15_S8_np1_v1p0p1/adaptive/W15_II_M1_A07_S6/integration_artifacts.tar.gz
WORK=/pool/condor/dir_3921034/cglenn_W15_II_M1_A07_S6_F0_830yua
WHIZARD=WHIZARD 3.1.8
============================================================
===== EFFECTIVE integration.inc =====
$integration_method = "vamp2"
$rng_method = "rng_stream"
$vamp_parallel_method = "simple"

?omega_openmp = false
openmp_num_threads = 1

seed = 958460417

iterations = 10:100000:"gw",3:200000:""

integrate (proc_epmum)
===== EFFECTIVE process.sin =====
include("common/model.inc")
include("common/beams.inc")
include("common/isr.inc")
include("common/polarization.inc")
process proc_epmum = e1, E1 => b, bbar, E1, n1, e2, N2

include("common/region_cuts.inc")
include("common/integration.inc")
| Writing log to 'whizard.log'
|=============================================================================|
|                                                                             |
|    WW             WW  WW   WW  WW  WWWWWW      WW      WWWWW    WWWW        |
|     WW    WW     WW   WW   WW  WW     WW      WWWW     WW  WW   WW  WW      |
|      WW  WW WW  WW    WWWWWWW  WW    WW      WW  WW    WWWWW    WW   WW     |
|       WWWW   WWWW     WW   WW  WW   WW      WWWWWWWW   WW  WW   WW  WW      |
|        WW     WW      WW   WW  WW  WWWWWW  WW      WW  WW   WW  WWWW        |
|                                                                             |
|                                                                             |
|                                        W                                    |
|                                       sW                                    |
|                                       WW                                    |
|                                      sWW                                    |
|                                      WWW                                    |
|                                     wWWW                                    |
|                                    wWWWW                                    |
|                                    WW WW                                    |
|                                    WW WW                                    |
|                                   wWW WW                                    |
|                                  wWW  WW                                    |
|                                  WW   WW                                    |
|                                  WW   WW                                    |
|                                 WW    WW                                    |
|                                 WW    WW                                    |
|                                WW     WW                                    |
|                                WW     WW                                    |
|           wwwwww              WW      WW                                    |
|              WWWWWww          WW      WW                                    |
|                 WWWWWwwwww   WW       WW                                    |
|                     wWWWwwwwwWW       WW                                    |
|                 wWWWWWWWWWWwWWW       WW                                    |
|                wWWWWW       wW        WWWWWWW                               |
|                  WWWW       wW        WW  wWWWWWWWwww                       |
|                   WWWW                      wWWWWWWWwwww                    |
|                     WWWW                      WWWW     WWw                  |
|                       WWWWww                   WWWW                         |
|                           WWWwwww              WWWW                         |
|                               wWWWWwww       wWWWWW                         |
|                                     WwwwwwwwwWWW                            |
|                                                                             |
|                                                                             |
|                                                                             |
|  by:   Wolfgang Kilian, Thorsten Ohl, Juergen Reuter                        |
|        with contributions from Christian Speckner                           |
|        Contact: <whizard@desy.de>                                           |
|                                                                             |
|  if you use WHIZARD please cite:                                            |
|        W. Kilian, T. Ohl, J. Reuter,  Eur.Phys.J.C71 (2011) 1742            |
|                                          [arXiv: 0708.4233 [hep-ph]]        |
|        M. Moretti, T. Ohl, J. Reuter, arXiv: hep-ph/0102195                 |
|                                                                             |
|=============================================================================|
|                               WHIZARD 3.1.8
|=============================================================================|
| Reading model file '/afs/cern.ch/user/c/cglenn/FCCWork/whizard/whizard_ttbar_spinpol/local/whizard-3.1.8-mpi-omp-qualified-20260811/share/whizard/models/SM.mdl'
| Preloaded model: SM
| Process library 'default_lib': initialized
| Preloaded library: default_lib
| Reading model file '/afs/cern.ch/user/c/cglenn/FCCWork/whizard/whizard_ttbar_spinpol/local/whizard-3.1.8-mpi-omp-qualified-20260811/share/whizard/models/SM_hadrons.mdl'
| Reading commands from file 'process.sin'
| Including Sindarin from 'common/model.inc'
| Switching to model 'SM', scheme 'default'
| End of included 'common/model.inc'
| Including Sindarin from 'common/beams.inc'
sqrts =  3.650000000000E+02
| End of included 'common/beams.inc'
| Including Sindarin from 'common/isr.inc'
?isr_handler = true
$isr_handler_mode = "recoil"
?keep_beams = true
?keep_remnants = true
isr_mass =  5.109970000000E-04
| End of included 'common/isr.inc'
| Including Sindarin from 'common/polarization.inc'
| End of included 'common/polarization.inc'
| Process library 'default_lib': recorded process 'proc_epmum'
| Including Sindarin from 'common/region_cuts.inc'
| End of included 'common/region_cuts.inc'
| Including Sindarin from 'common/integration.inc'
$integration_method = "vamp2"
$rng_method = "rng_stream"
$vamp_parallel_method = "simple"
?omega_openmp = false
openmp_num_threads = 1
seed = 958460417
| Integrate: current process library needs compilation
| Process library 'default_lib': compiling ...
| Process library 'default_lib': writing makefile
| Process library 'default_lib': writing driver
| Process library 'default_lib': creating source code
  RM        proc_epmum_i1.f90,.mod,.lo
  OMEGA     proc_epmum_i1.f90
[1/1] e- e+ -> b bbar e+ nue mu- numubar ... allowed. [time: 0.76 secs, total: 0.76 secs, remaining: 0.00 secs]
all processes done. [total time: 0.76 secs]
SUMMARY: 215 fusions, 46 propagators, 402 diagrams
SUMMARY: 53 vertices
| Process library 'default_lib': compiling sources
  FC        default_lib.lo
| Process library 'default_lib': linking
  FCLD      default_lib.la
| Process library 'default_lib': loading
| Process library 'default_lib': ... success.
| Integrate: compilation done
| RNG: Initializing RNG Stream random-number generator
| RNG: Setting seed for random-number generator to 29185
| Initializing integration for process proc_epmum:
| Beam structure: e-, e+ => isr
|   polarization (beam 1):
|     @(-1: -1: ( 1.000000000000E+00, 0.000000000000E+00))
|   polarization (beam 2):
|     @(+1: +1: ( 1.000000000000E+00, 0.000000000000E+00))
|   polarization degree = 1.0000000, 1.0000000
| Beam data (collision):
|   e-  (mass = 5.1099700E-04 GeV)  polarized
|   e+  (mass = 5.1099700E-04 GeV)  polarized
|   sqrts = 3.650000000000E+02 GeV
| Phase space: keeping configuration file 'proc_epmum.i1.phs'
| ------------------------------------------------------------------------
| Process [scattering]: 'proc_epmum'
|   Library name  = 'default_lib'
|   Process index = 1
|   Process components:
|     1: 'proc_epmum_i1':   e-, e+ => b, bbar, e+, nue, mu-, numubar [omega]
| ------------------------------------------------------------------------
| Phase space: 890 channels, 14 dimensions
| Phase space: found 890 channels, collected in 239 groves.
| Phase space: Using 1060 equivalences between channels.
| Phase space: wood
| Beam structure: isr, none => none, isr
| Beam structure: 2 channels, 2 dimensions
| Applying user-defined cuts.
| OpenMP: Using 1 thread
| Starting integration for process 'proc_epmum'
| Integrate: iterations = 10:100000:"gw", 3:200000:""
| Integrator: 239 chains, 890 channels, 16 dimensions
| Integrator: Using VAMP2 channel equivalences
| Integrator: Write grid header and grids to 'proc_epmum.m1.vg2'
| Integrator: Grid checkpoint after each iteration
| Integrator: 100000 initial calls, 20 max. bins, stratified = T
| Integrator: VAMP2
|=============================================================================|
| It      Calls  Integral[fb]  Error[fb]   Err[%]    Acc  Eff[%]   Chi2 N[It] |
|=============================================================================|
| VAMP2: Using grids and results from file ’proc_epmum.m1.vg2’.
   1      99999  1.1430696E+01  1.38E+00   12.07   38.16*   3.68
   2     100003  1.1416555E+01  2.09E-01    1.83    5.79*   1.20
   3     100002  1.1454247E+01  1.01E-01    0.88    2.79*   2.12
   4      99999  1.1366426E+01  7.43E-02    0.65    2.07*   5.44
   5     100001  1.1399469E+01  6.57E-02    0.58    1.82*   5.17
   6      99998  1.1310862E+01  5.90E-02    0.52    1.65*   6.83
   7     100001  1.1441708E+01  6.99E-02    0.61    1.93    5.51
   8      99996  1.1360043E+01  5.71E-02    0.50    1.59*   5.73
   9     100003  1.1394672E+01  5.50E-02    0.48    1.53*   7.08
  10      99997  1.1397961E+01  5.93E-02    0.52    1.65    4.63
|-----------------------------------------------------------------------------|
  10     999999  1.1383477E+01  2.27E-02    0.20    1.99    4.63    0.35  10
|-----------------------------------------------------------------------------|
| VAMP2: header: parameter mismatch, discarding pass from file 'proc_epmum.m1.vg2'.
  11     199998  1.1416327E+01  4.30E-02    0.38    1.69    5.66
  12     199998  1.1566689E+01  1.17E-01    1.01    4.53    1.35
  13     199998  1.1419921E+01  7.25E-02    0.63    2.84*   2.53
|-----------------------------------------------------------------------------|
  13     599994  1.1430838E+01  3.53E-02    0.31    2.39    2.53    0.74   3
|=============================================================================|
| Time estimate for generating 10000 events: 0d:00h:29m:25s
| End of included 'common/integration.inc'
| WHIZARD run finished.
|=============================================================================|
WHIZARD_RC=0
REUSE_COUNT=1
NEW_GRID_INIT_COUNT=0
PHS_UNCHANGED=1
FIXED_CHILD_STATUS=PASS
