LOCALIZED_INCLUDE_REPLACEMENTS=7
EVENT_OUTPUT_INCLUDE_REMOVED=PASS
TTSP pinned runtime loaded
REPO=/afs/cern.ch/user/c/cglenn/FCCWork/whizard/whizard_ttbar_spinpol
whizard=/cvmfs/sft-nightlies.cern.ch/lcg/views/devkey-head/Fri/x86_64-el9-gcc14-opt/bin/whizard
WHIZARD 3.1.8
pythia8-config=/cvmfs/sft-nightlies.cern.ch/lcg/views/devkey-head/Fri/x86_64-el9-gcc14-opt/bin/pythia8-config
8.316
HepMC3-config=/cvmfs/sft-nightlies.cern.ch/lcg/views/devkey-head/Fri/x86_64-el9-gcc14-opt/bin/HepMC3-config
3.03.01
Qualified WHIZARD MPI runtime loaded
WHIZARD_MPI_ROOT=/afs/cern.ch/user/c/cglenn/FCCWork/whizard/whizard_ttbar_spinpol/local/whizard-3.1.8-mpi-omp-qualified-20260811
whizard=/afs/cern.ch/user/c/cglenn/FCCWork/whizard/whizard_ttbar_spinpol/local/whizard-3.1.8-mpi-omp-qualified-20260811/bin/whizard
WHIZARD 3.1.8
Copyright (C) 1999-2026 Wolfgang Kilian, Thorsten Ohl, Juergen Reuter
              ---------------------------------------                
This is free software; see the source for copying conditions.  There is NO
warranty; not even for MERCHANTABILITY or FITNESS FOR A PARTICULAR PURPOSE.

============================================================
PHASE11_TTBAR_SUITE_FIXED_CHILD_V1
MODE=W15_IL_M1_A07_S2_F0
PARENT_MODE=W15_IL_M1_A07_S2
ADAPTIVE_ID=A07
FIXED_ID=F0
SEED_ID=S2
FIXED_SEED=1596606550
ADAPTIVE_SCHEDULE=10:100000:"gw"
FIXED_SCHEDULE=3:200000:""
FULL_SCHEDULE=10:100000:"gw",3:200000:""
PARENT_TAR=/eos/user/c/cglenn/FCCWork/whizard/whizard_ttbar_spinpol/production/full6f_365gev_ee_ttbar_spinpol_v1/phase11_diagnostics/excess_weight_rootcause_v1/ttbar_restricted_region_suite_v1/regions/20260816T231425Z_U9region_core_W15_S8_np1_v1p0p1/adaptive/W15_IL_M1_A07_S2/integration_artifacts.tar.gz
WORK=/pool/condor/dir_1129542/cglenn_W15_IL_M1_A07_S2_F0_JplKVM
WHIZARD=WHIZARD 3.1.8
============================================================
===== EFFECTIVE integration.inc =====
$integration_method = "vamp2"
$rng_method = "rng_stream"
$vamp_parallel_method = "simple"

?omega_openmp = false
openmp_num_threads = 1

seed = 1596606550

iterations = 10:100000:"gw",3:200000:""

integrate (proc_epmum)
===== EFFECTIVE process.sin =====
include("common/model.inc")
include("common/beams.inc")
include("common/isr.inc")
include("common/polarization.inc")
process proc_epmum = e1, E1 => b, bbar, E1, n1, e2, N2

include("common/region_cuts.inc")
include("common/integration.inc")
| Writing log to 'whizard.log'
|=============================================================================|
|                                                                             |
|    WW             WW  WW   WW  WW  WWWWWW      WW      WWWWW    WWWW        |
|     WW    WW     WW   WW   WW  WW     WW      WWWW     WW  WW   WW  WW      |
|      WW  WW WW  WW    WWWWWWW  WW    WW      WW  WW    WWWWW    WW   WW     |
|       WWWW   WWWW     WW   WW  WW   WW      WWWWWWWW   WW  WW   WW  WW      |
|        WW     WW      WW   WW  WW  WWWWWW  WW      WW  WW   WW  WWWW        |
|                                                                             |
|                                                                             |
|                                        W                                    |
|                                       sW                                    |
|                                       WW                                    |
|                                      sWW                                    |
|                                      WWW                                    |
|                                     wWWW                                    |
|                                    wWWWW                                    |
|                                    WW WW                                    |
|                                    WW WW                                    |
|                                   wWW WW                                    |
|                                  wWW  WW                                    |
|                                  WW   WW                                    |
|                                  WW   WW                                    |
|                                 WW    WW                                    |
|                                 WW    WW                                    |
|                                WW     WW                                    |
|                                WW     WW                                    |
|           wwwwww              WW      WW                                    |
|              WWWWWww          WW      WW                                    |
|                 WWWWWwwwww   WW       WW                                    |
|                     wWWWwwwwwWW       WW                                    |
|                 wWWWWWWWWWWwWWW       WW                                    |
|                wWWWWW       wW        WWWWWWW                               |
|                  WWWW       wW        WW  wWWWWWWWwww                       |
|                   WWWW                      wWWWWWWWwwww                    |
|                     WWWW                      WWWW     WWw                  |
|                       WWWWww                   WWWW                         |
|                           WWWwwww              WWWW                         |
|                               wWWWWwww       wWWWWW                         |
|                                     WwwwwwwwwWWW                            |
|                                                                             |
|                                                                             |
|                                                                             |
|  by:   Wolfgang Kilian, Thorsten Ohl, Juergen Reuter                        |
|        with contributions from Christian Speckner                           |
|        Contact: <whizard@desy.de>                                           |
|                                                                             |
|  if you use WHIZARD please cite:                                            |
|        W. Kilian, T. Ohl, J. Reuter,  Eur.Phys.J.C71 (2011) 1742            |
|                                          [arXiv: 0708.4233 [hep-ph]]        |
|        M. Moretti, T. Ohl, J. Reuter, arXiv: hep-ph/0102195                 |
|                                                                             |
|=============================================================================|
|                               WHIZARD 3.1.8
|=============================================================================|
| Reading model file '/afs/cern.ch/user/c/cglenn/FCCWork/whizard/whizard_ttbar_spinpol/local/whizard-3.1.8-mpi-omp-qualified-20260811/share/whizard/models/SM.mdl'
| Preloaded model: SM
| Process library 'default_lib': initialized
| Preloaded library: default_lib
| Reading model file '/afs/cern.ch/user/c/cglenn/FCCWork/whizard/whizard_ttbar_spinpol/local/whizard-3.1.8-mpi-omp-qualified-20260811/share/whizard/models/SM_hadrons.mdl'
| Reading commands from file 'process.sin'
| Including Sindarin from 'common/model.inc'
| Switching to model 'SM', scheme 'default'
| End of included 'common/model.inc'
| Including Sindarin from 'common/beams.inc'
sqrts =  3.650000000000E+02
| End of included 'common/beams.inc'
| Including Sindarin from 'common/isr.inc'
?isr_handler = true
$isr_handler_mode = "recoil"
?keep_beams = true
?keep_remnants = true
isr_mass =  5.109970000000E-04
| End of included 'common/isr.inc'
| Including Sindarin from 'common/polarization.inc'
| End of included 'common/polarization.inc'
| Process library 'default_lib': recorded process 'proc_epmum'
| Including Sindarin from 'common/region_cuts.inc'
| End of included 'common/region_cuts.inc'
| Including Sindarin from 'common/integration.inc'
$integration_method = "vamp2"
$rng_method = "rng_stream"
$vamp_parallel_method = "simple"
?omega_openmp = false
openmp_num_threads = 1
seed = 1596606550
| Integrate: current process library needs compilation
| Process library 'default_lib': compiling ...
| Process library 'default_lib': writing makefile
| Process library 'default_lib': writing driver
| Process library 'default_lib': creating source code
  RM        proc_epmum_i1.f90,.mod,.lo
  OMEGA     proc_epmum_i1.f90
[1/1] e- e+ -> b bbar e+ nue mu- numubar ... allowed. [time: 0.82 secs, total: 0.82 secs, remaining: 0.00 secs]
all processes done. [total time: 0.82 secs]
SUMMARY: 215 fusions, 46 propagators, 402 diagrams
SUMMARY: 53 vertices
| Process library 'default_lib': compiling sources
  FC        default_lib.lo
| Process library 'default_lib': linking
  FCLD      default_lib.la
| Process library 'default_lib': loading
| Process library 'default_lib': ... success.
| Integrate: compilation done
| RNG: Initializing RNG Stream random-number generator
| RNG: Setting seed for random-number generator to 18518
| Initializing integration for process proc_epmum:
| Beam structure: e-, e+ => isr
|   polarization (beam 1):
|     @(-1: -1: ( 1.000000000000E+00, 0.000000000000E+00))
|   polarization (beam 2):
|     @(+1: +1: ( 1.000000000000E+00, 0.000000000000E+00))
|   polarization degree = 1.0000000, 1.0000000
| Beam data (collision):
|   e-  (mass = 5.1099700E-04 GeV)  polarized
|   e+  (mass = 5.1099700E-04 GeV)  polarized
|   sqrts = 3.650000000000E+02 GeV
| Phase space: keeping configuration file 'proc_epmum.i1.phs'
| ------------------------------------------------------------------------
| Process [scattering]: 'proc_epmum'
|   Library name  = 'default_lib'
|   Process index = 1
|   Process components:
|     1: 'proc_epmum_i1':   e-, e+ => b, bbar, e+, nue, mu-, numubar [omega]
| ------------------------------------------------------------------------
| Phase space: 890 channels, 14 dimensions
| Phase space: found 890 channels, collected in 239 groves.
| Phase space: Using 1060 equivalences between channels.
| Phase space: wood
| Beam structure: isr, none => none, isr
| Beam structure: 2 channels, 2 dimensions
| Applying user-defined cuts.
| OpenMP: Using 1 thread
| Starting integration for process 'proc_epmum'
| Integrate: iterations = 10:100000:"gw", 3:200000:""
| Integrator: 239 chains, 890 channels, 16 dimensions
| Integrator: Using VAMP2 channel equivalences
| Integrator: Write grid header and grids to 'proc_epmum.m1.vg2'
| Integrator: Grid checkpoint after each iteration
| Integrator: 100000 initial calls, 20 max. bins, stratified = T
| Integrator: VAMP2
|=============================================================================|
| It      Calls  Integral[fb]  Error[fb]   Err[%]    Acc  Eff[%]   Chi2 N[It] |
|=============================================================================|
| VAMP2: Using grids and results from file ’proc_epmum.m1.vg2’.
   1      99999  2.4455060E-01  3.52E-02   14.38   45.48*   1.89
   2      99996  2.2917384E-01  1.59E-02    6.96   22.01*   0.37
   3      99994  2.3857302E-01  1.66E-02    6.98   22.06    0.40
   4     100004  2.1700905E-01  4.33E-03    1.99    6.31*   0.54
   5      99996  2.3993137E-01  9.82E-03    4.09   12.95    0.57
   6     100001  2.3395354E-01  6.36E-03    2.72    8.59*   0.53
   7      99998  2.4242658E-01  1.50E-02    6.20   19.61    0.63
   8     100000  2.2698793E-01  3.07E-03    1.35    4.28*   0.72
   9      99998  2.3019996E-01  4.55E-03    1.98    6.26    0.70
  10      99999  2.3853916E-01  9.75E-03    4.09   12.92    0.98
|-----------------------------------------------------------------------------|
  10     999985  2.2767569E-01  1.94E-03    0.85    8.52    0.98    1.32  10
|-----------------------------------------------------------------------------|
| VAMP2: header: parameter mismatch, discarding pass from file 'proc_epmum.m1.vg2'.
  11     200002  2.2838316E-01  1.62E-03    0.71    3.18*   1.25
  12     200002  2.2779297E-01  1.58E-03    0.69    3.10*   1.12
  13     200002  2.5635289E-01  2.95E-02   11.52   51.54    0.22
|-----------------------------------------------------------------------------|
  13     600006  2.2812103E-01  1.13E-03    0.50    3.84    0.22    0.49   3
|=============================================================================|
| Time estimate for generating 10000 events: 0d:02h:23m:26s
| End of included 'common/integration.inc'
| WHIZARD run finished.
|=============================================================================|
WHIZARD_RC=0
REUSE_COUNT=1
NEW_GRID_INIT_COUNT=0
PHS_UNCHANGED=1
FIXED_CHILD_STATUS=PASS
