LOCALIZED_INCLUDE_REPLACEMENTS=7
EVENT_OUTPUT_INCLUDE_REMOVED=PASS
TTSP pinned runtime loaded
REPO=/afs/cern.ch/user/c/cglenn/FCCWork/whizard/whizard_ttbar_spinpol
whizard=/cvmfs/sft-nightlies.cern.ch/lcg/views/devkey-head/Fri/x86_64-el9-gcc14-opt/bin/whizard
WHIZARD 3.1.8
pythia8-config=/cvmfs/sft-nightlies.cern.ch/lcg/views/devkey-head/Fri/x86_64-el9-gcc14-opt/bin/pythia8-config
8.316
HepMC3-config=/cvmfs/sft-nightlies.cern.ch/lcg/views/devkey-head/Fri/x86_64-el9-gcc14-opt/bin/HepMC3-config
3.03.01
Qualified WHIZARD MPI runtime loaded
WHIZARD_MPI_ROOT=/afs/cern.ch/user/c/cglenn/FCCWork/whizard/whizard_ttbar_spinpol/local/whizard-3.1.8-mpi-omp-qualified-20260811
whizard=/afs/cern.ch/user/c/cglenn/FCCWork/whizard/whizard_ttbar_spinpol/local/whizard-3.1.8-mpi-omp-qualified-20260811/bin/whizard
WHIZARD 3.1.8
Copyright (C) 1999-2026 Wolfgang Kilian, Thorsten Ohl, Juergen Reuter
              ---------------------------------------                
This is free software; see the source for copying conditions.  There is NO
warranty; not even for MERCHANTABILITY or FITNESS FOR A PARTICULAR PURPOSE.

============================================================
PHASE11_TTBAR_SUITE_FIXED_CHILD_V1
MODE=W15_HI_M1_A07_S4_F0
PARENT_MODE=W15_HI_M1_A07_S4
ADAPTIVE_ID=A07
FIXED_ID=F0
SEED_ID=S4
FIXED_SEED=462903030
ADAPTIVE_SCHEDULE=10:100000:"gw"
FIXED_SCHEDULE=3:200000:""
FULL_SCHEDULE=10:100000:"gw",3:200000:""
PARENT_TAR=/eos/user/c/cglenn/FCCWork/whizard/whizard_ttbar_spinpol/production/full6f_365gev_ee_ttbar_spinpol_v1/phase11_diagnostics/excess_weight_rootcause_v1/ttbar_restricted_region_suite_v1/regions/20260816T231425Z_U9region_core_W15_S8_np1_v1p0p1/adaptive/W15_HI_M1_A07_S4/integration_artifacts.tar.gz
WORK=/pool/condor/dir_1652272/cglenn_W15_HI_M1_A07_S4_F0_G3K7Kp
WHIZARD=WHIZARD 3.1.8
============================================================
===== EFFECTIVE integration.inc =====
$integration_method = "vamp2"
$rng_method = "rng_stream"
$vamp_parallel_method = "simple"

?omega_openmp = false
openmp_num_threads = 1

seed = 462903030

iterations = 10:100000:"gw",3:200000:""

integrate (proc_epmum)
===== EFFECTIVE process.sin =====
include("common/model.inc")
include("common/beams.inc")
include("common/isr.inc")
include("common/polarization.inc")
process proc_epmum = e1, E1 => b, bbar, E1, n1, e2, N2

include("common/region_cuts.inc")
include("common/integration.inc")
| Writing log to 'whizard.log'
|=============================================================================|
|                                                                             |
|    WW             WW  WW   WW  WW  WWWWWW      WW      WWWWW    WWWW        |
|     WW    WW     WW   WW   WW  WW     WW      WWWW     WW  WW   WW  WW      |
|      WW  WW WW  WW    WWWWWWW  WW    WW      WW  WW    WWWWW    WW   WW     |
|       WWWW   WWWW     WW   WW  WW   WW      WWWWWWWW   WW  WW   WW  WW      |
|        WW     WW      WW   WW  WW  WWWWWW  WW      WW  WW   WW  WWWW        |
|                                                                             |
|                                                                             |
|                                        W                                    |
|                                       sW                                    |
|                                       WW                                    |
|                                      sWW                                    |
|                                      WWW                                    |
|                                     wWWW                                    |
|                                    wWWWW                                    |
|                                    WW WW                                    |
|                                    WW WW                                    |
|                                   wWW WW                                    |
|                                  wWW  WW                                    |
|                                  WW   WW                                    |
|                                  WW   WW                                    |
|                                 WW    WW                                    |
|                                 WW    WW                                    |
|                                WW     WW                                    |
|                                WW     WW                                    |
|           wwwwww              WW      WW                                    |
|              WWWWWww          WW      WW                                    |
|                 WWWWWwwwww   WW       WW                                    |
|                     wWWWwwwwwWW       WW                                    |
|                 wWWWWWWWWWWwWWW       WW                                    |
|                wWWWWW       wW        WWWWWWW                               |
|                  WWWW       wW        WW  wWWWWWWWwww                       |
|                   WWWW                      wWWWWWWWwwww                    |
|                     WWWW                      WWWW     WWw                  |
|                       WWWWww                   WWWW                         |
|                           WWWwwww              WWWW                         |
|                               wWWWWwww       wWWWWW                         |
|                                     WwwwwwwwwWWW                            |
|                                                                             |
|                                                                             |
|                                                                             |
|  by:   Wolfgang Kilian, Thorsten Ohl, Juergen Reuter                        |
|        with contributions from Christian Speckner                           |
|        Contact: <whizard@desy.de>                                           |
|                                                                             |
|  if you use WHIZARD please cite:                                            |
|        W. Kilian, T. Ohl, J. Reuter,  Eur.Phys.J.C71 (2011) 1742            |
|                                          [arXiv: 0708.4233 [hep-ph]]        |
|        M. Moretti, T. Ohl, J. Reuter, arXiv: hep-ph/0102195                 |
|                                                                             |
|=============================================================================|
|                               WHIZARD 3.1.8
|=============================================================================|
| Reading model file '/afs/cern.ch/user/c/cglenn/FCCWork/whizard/whizard_ttbar_spinpol/local/whizard-3.1.8-mpi-omp-qualified-20260811/share/whizard/models/SM.mdl'
| Preloaded model: SM
| Process library 'default_lib': initialized
| Preloaded library: default_lib
| Reading model file '/afs/cern.ch/user/c/cglenn/FCCWork/whizard/whizard_ttbar_spinpol/local/whizard-3.1.8-mpi-omp-qualified-20260811/share/whizard/models/SM_hadrons.mdl'
| Reading commands from file 'process.sin'
| Including Sindarin from 'common/model.inc'
| Switching to model 'SM', scheme 'default'
| End of included 'common/model.inc'
| Including Sindarin from 'common/beams.inc'
sqrts =  3.650000000000E+02
| End of included 'common/beams.inc'
| Including Sindarin from 'common/isr.inc'
?isr_handler = true
$isr_handler_mode = "recoil"
?keep_beams = true
?keep_remnants = true
isr_mass =  5.109970000000E-04
| End of included 'common/isr.inc'
| Including Sindarin from 'common/polarization.inc'
| End of included 'common/polarization.inc'
| Process library 'default_lib': recorded process 'proc_epmum'
| Including Sindarin from 'common/region_cuts.inc'
| End of included 'common/region_cuts.inc'
| Including Sindarin from 'common/integration.inc'
$integration_method = "vamp2"
$rng_method = "rng_stream"
$vamp_parallel_method = "simple"
?omega_openmp = false
openmp_num_threads = 1
seed = 462903030
| Integrate: current process library needs compilation
| Process library 'default_lib': compiling ...
| Process library 'default_lib': writing makefile
| Process library 'default_lib': writing driver
| Process library 'default_lib': creating source code
  RM        proc_epmum_i1.f90,.mod,.lo
  OMEGA     proc_epmum_i1.f90
[1/1] e- e+ -> b bbar e+ nue mu- numubar ... allowed. [time: 0.47 secs, total: 0.47 secs, remaining: 0.00 secs]
all processes done. [total time: 0.47 secs]
SUMMARY: 215 fusions, 46 propagators, 402 diagrams
SUMMARY: 53 vertices
| Process library 'default_lib': compiling sources
  FC        default_lib.lo
| Process library 'default_lib': linking
  FCLD      default_lib.la
| Process library 'default_lib': loading
| Process library 'default_lib': ... success.
| Integrate: compilation done
| RNG: Initializing RNG Stream random-number generator
| RNG: Setting seed for random-number generator to 22262
| Initializing integration for process proc_epmum:
| Beam structure: e-, e+ => isr
|   polarization (beam 1):
|     @(-1: -1: ( 1.000000000000E+00, 0.000000000000E+00))
|   polarization (beam 2):
|     @(+1: +1: ( 1.000000000000E+00, 0.000000000000E+00))
|   polarization degree = 1.0000000, 1.0000000
| Beam data (collision):
|   e-  (mass = 5.1099700E-04 GeV)  polarized
|   e+  (mass = 5.1099700E-04 GeV)  polarized
|   sqrts = 3.650000000000E+02 GeV
| Phase space: keeping configuration file 'proc_epmum.i1.phs'
| ------------------------------------------------------------------------
| Process [scattering]: 'proc_epmum'
|   Library name  = 'default_lib'
|   Process index = 1
|   Process components:
|     1: 'proc_epmum_i1':   e-, e+ => b, bbar, e+, nue, mu-, numubar [omega]
| ------------------------------------------------------------------------
| Phase space: 890 channels, 14 dimensions
| Phase space: found 890 channels, collected in 239 groves.
| Phase space: Using 1060 equivalences between channels.
| Phase space: wood
| Beam structure: isr, none => none, isr
| Beam structure: 2 channels, 2 dimensions
| Applying user-defined cuts.
| OpenMP: Using 1 thread
| Starting integration for process 'proc_epmum'
| Integrate: iterations = 10:100000:"gw", 3:200000:""
| Integrator: 239 chains, 890 channels, 16 dimensions
| Integrator: Using VAMP2 channel equivalences
| Integrator: Write grid header and grids to 'proc_epmum.m1.vg2'
| Integrator: Grid checkpoint after each iteration
| Integrator: 100000 initial calls, 20 max. bins, stratified = T
| Integrator: VAMP2
|=============================================================================|
| It      Calls  Integral[fb]  Error[fb]   Err[%]    Acc  Eff[%]   Chi2 N[It] |
|=============================================================================|
| VAMP2: Using grids and results from file ’proc_epmum.m1.vg2’.
   1      99995  3.7352170E-03  1.85E-03   49.46  156.41*   0.91
   2     100001  3.2005673E-02  7.81E-03   24.39   77.12*   0.10
   3     100005  2.4528077E-02  1.46E-03    5.96   18.85*   0.23
   4      99999  2.4570920E-02  1.15E-03    4.68   14.80*   0.16
   5     100007  2.2678977E-02  5.80E-04    2.56    8.09*   0.26
   6     100001  2.5275531E-02  5.11E-04    2.02    6.39*   0.24
   7      99999  2.5110583E-02  4.83E-04    1.92    6.09*   0.24
   8      99997  2.7192907E-02  1.30E-03    4.79   15.13    0.08
   9     100002  2.5777236E-02  9.81E-04    3.81   12.04*   0.09
  10     100002  2.5828992E-02  1.08E-03    4.17   13.20    0.09
|-----------------------------------------------------------------------------|
  10    1000008  2.4390426E-02  2.57E-04    1.05   10.55    0.09   16.48  10
|-----------------------------------------------------------------------------|
| VAMP2: header: parameter mismatch, discarding pass from file 'proc_epmum.m1.vg2'.
  11     200000  2.5366138E-02  4.34E-04    1.71    7.66*   0.15
  12     200000  2.5151771E-02  4.67E-04    1.86    8.30    0.14
  13     200000  2.4406270E-02  3.67E-04    1.50    6.72*   0.20
|-----------------------------------------------------------------------------|
  13     600000  2.4897550E-02  2.40E-04    0.97    7.48    0.20    1.63   3
|=============================================================================|
| Time estimate for generating 10000 events: 0d:02h:00m:46s
| End of included 'common/integration.inc'
| WHIZARD run finished.
|=============================================================================|
WHIZARD_RC=0
REUSE_COUNT=1
NEW_GRID_INIT_COUNT=0
PHS_UNCHANGED=1
FIXED_CHILD_STATUS=PASS
