|=============================================================================|
|                                                                             |
|    WW             WW  WW   WW  WW  WWWWWW      WW      WWWWW    WWWW        |
|     WW    WW     WW   WW   WW  WW     WW      WWWW     WW  WW   WW  WW      |
|      WW  WW WW  WW    WWWWWWW  WW    WW      WW  WW    WWWWW    WW   WW     |
|       WWWW   WWWW     WW   WW  WW   WW      WWWWWWWW   WW  WW   WW  WW      |
|        WW     WW      WW   WW  WW  WWWWWW  WW      WW  WW   WW  WWWW        |
|                                                                             |
|                                                                             |
|                                        W                                    |
|                                       sW                                    |
|                                       WW                                    |
|                                      sWW                                    |
|                                      WWW                                    |
|                                     wWWW                                    |
|                                    wWWWW                                    |
|                                    WW WW                                    |
|                                    WW WW                                    |
|                                   wWW WW                                    |
|                                  wWW  WW                                    |
|                                  WW   WW                                    |
|                                  WW   WW                                    |
|                                 WW    WW                                    |
|                                 WW    WW                                    |
|                                WW     WW                                    |
|                                WW     WW                                    |
|           wwwwww              WW      WW                                    |
|              WWWWWww          WW      WW                                    |
|                 WWWWWwwwww   WW       WW                                    |
|                     wWWWwwwwwWW       WW                                    |
|                 wWWWWWWWWWWwWWW       WW                                    |
|                wWWWWW       wW        WWWWWWW                               |
|                  WWWW       wW        WW  wWWWWWWWwww                       |
|                   WWWW                      wWWWWWWWwwww                    |
|                     WWWW                      WWWW     WWw                  |
|                       WWWWww                   WWWW                         |
|                           WWWwwww              WWWW                         |
|                               wWWWWwww       wWWWWW                         |
|                                     WwwwwwwwwWWW                            |
|                                                                             |
|                                                                             |
|                                                                             |
|  by:   Wolfgang Kilian, Thorsten Ohl, Juergen Reuter                        |
|        with contributions from Christian Speckner                           |
|        Contact: <whizard@desy.de>                                           |
|                                                                             |
|  if you use WHIZARD please cite:                                            |
|        W. Kilian, T. Ohl, J. Reuter,  Eur.Phys.J.C71 (2011) 1742            |
|                                          [arXiv: 0708.4233 [hep-ph]]        |
|        M. Moretti, T. Ohl, J. Reuter, arXiv: hep-ph/0102195                 |
|                                                                             |
|=============================================================================|
|                               WHIZARD 3.1.5
|=============================================================================|
| Reading model file '/cvmfs/sw.hsf.org/key4hep/releases/2026-04-08/x86_64-almalinux9-gcc14.2.0-opt/whizard/3.1.5-nmagsz/share/whizard/models/SM.mdl'
| Preloaded model: SM
| Process library 'default_lib': initialized
| Preloaded library: default_lib
| Reading model file '/cvmfs/sw.hsf.org/key4hep/releases/2026-04-08/x86_64-almalinux9-gcc14.2.0-opt/whizard/3.1.5-nmagsz/share/whizard/models/SM_hadrons.mdl'
| Reading commands from file 'input.sin'
| Switching to model 'SM', scheme 'default'
| Process library 'default_lib': recorded process 'tt_prod'
| Process library 'default_lib': recorded process 't_decay'
| Process library 'default_lib': recorded process 'tbar_decay'
| Integrate: current process library needs compilation
| Process library 'default_lib': compiling ...
| Process library 'default_lib': writing makefile
| Process library 'default_lib': writing driver
| Process library 'default_lib': creating source code
| Process library 'default_lib': compiling sources
| Process library 'default_lib': linking
| Process library 'default_lib': loading
| Process library 'default_lib': ... success.
| Integrate: compilation done
| RNG: Initializing TAO random-number generator
| RNG: Setting seed for random-number generator to 9002
| Initializing integration for process t_decay:
| Beam structure: [any particles]
| Beam data (decay):
|   t  (mass = 1.7310000E+02 GeV)
| Phase space: generating configuration ...
| Phase space: ... success.
| Phase space: writing configuration file 't_decay.i1.phs'
| ------------------------------------------------------------------------
| Process [decay]: 't_decay'
|   Library name  = 'default_lib'
|   Process index = 2
|   Process components:
|     1: 't_decay_i1':   t => b, e+, nue [omega]
| ------------------------------------------------------------------------
| Phase space: 2 channels, 5 dimensions
| Phase space: found 2 channels, collected in 2 groves.
| Phase space: Using 2 equivalences between channels.
| Phase space: wood
Warning: No cuts have been defined.
| OpenMP: Using 1 thread
| Starting integration for process 't_decay'
| Integrate: iterations = 3:5000:"gw", 3:20000
| Integrator: 2 chains, 2 channels, 5 dimensions
| Integrator: Using VAMP channel equivalences
| Integrator: 5000 initial calls, 20 bins, stratified = T
| Integrator: VAMP
|=============================================================================|
| It      Calls  Integral[GeV] Error[GeV]  Err[%]    Acc  Eff[%]   Chi2 N[It] |
|=============================================================================|
   1       5000  1.6286164E-01  1.50E-03    0.92    0.65*  37.75
   2       4999  1.6358842E-01  8.43E-04    0.52    0.36*  63.30
   3       4998  1.6326787E-01  6.14E-04    0.38    0.27*  63.54
|-----------------------------------------------------------------------------|
   3      14997  1.6332769E-01  4.71E-04    0.29    0.35   63.54    0.10   3
|-----------------------------------------------------------------------------|
   4      19999  1.6364686E-01  3.03E-04    0.19    0.26*  60.21
   5      19999  1.6349099E-01  3.06E-04    0.19    0.26   60.15
   6      19999  1.6433961E-01  2.98E-04    0.18    0.26*  60.46
|-----------------------------------------------------------------------------|
   6      59997  1.6383307E-01  1.75E-04    0.11    0.26   60.46    2.25   3
|=============================================================================|
| Time estimate for generating 10000 events: 0d:00h:00m:00s
| RNG: Initializing TAO random-number generator
| RNG: Setting seed for random-number generator to 9003
| Initializing integration for process tbar_decay:
| Beam structure: [any particles]
| Beam data (decay):
|   tbar  (mass = 1.7310000E+02 GeV)
| Phase space: generating configuration ...
| Phase space: ... success.
| Phase space: writing configuration file 'tbar_decay.i1.phs'
| ------------------------------------------------------------------------
| Process [decay]: 'tbar_decay'
|   Library name  = 'default_lib'
|   Process index = 3
|   Process components:
|     1: 'tbar_decay_i1':   tbar => bbar, mu-, numubar [omega]
| ------------------------------------------------------------------------
| Phase space: 2 channels, 5 dimensions
| Phase space: found 2 channels, collected in 2 groves.
| Phase space: Using 2 equivalences between channels.
| Phase space: wood
Warning: No cuts have been defined.
| OpenMP: Using 1 thread
| Starting integration for process 'tbar_decay'
| Integrate: iterations = 3:5000:"gw", 3:20000
| Integrator: 2 chains, 2 channels, 5 dimensions
| Integrator: Using VAMP channel equivalences
| Integrator: 5000 initial calls, 20 bins, stratified = T
| Integrator: VAMP
|=============================================================================|
| It      Calls  Integral[GeV] Error[GeV]  Err[%]    Acc  Eff[%]   Chi2 N[It] |
|=============================================================================|
   1       5000  1.6600865E-01  1.50E-03    0.91    0.64*  38.48
   2       4999  1.6268078E-01  8.71E-04    0.54    0.38*  63.49
   3       4998  1.6480844E-01  6.18E-04    0.38    0.27*  63.58
|-----------------------------------------------------------------------------|
   3      14997  1.6428895E-01  4.78E-04    0.29    0.36   63.58    2.71   3
|-----------------------------------------------------------------------------|
   4      19999  1.6299354E-01  3.13E-04    0.19    0.27   63.86
   5      19999  1.6333295E-01  3.15E-04    0.19    0.27   63.99
   6      19999  1.6334396E-01  3.13E-04    0.19    0.27*  63.92
|-----------------------------------------------------------------------------|
   6      59997  1.6322317E-01  1.81E-04    0.11    0.27   63.92    0.40   3
|=============================================================================|
| Time estimate for generating 10000 events: 0d:00h:00m:00s
sqrts =  5.000000000000E+02
?diagonal_decay = false
?isotropic_decay = false
?polarized_events = true
| RNG: Initializing TAO random-number generator
| RNG: Setting seed for random-number generator to 9004
| Initializing integration for process tt_prod:
| Beam structure: e-, e+
|   polarization (beam 1):
|     @(-1: -1: ( 1.000000000000E+00, 0.000000000000E+00))
|   polarization (beam 2):
|     @(+1: +1: ( 1.000000000000E+00, 0.000000000000E+00))
|   polarization degree = 1.0000000, 1.0000000
| Beam data (collision):
|   e-  (mass = 5.1099700E-04 GeV)  polarized
|   e+  (mass = 5.1099700E-04 GeV)  polarized
|   sqrts = 5.000000000000E+02 GeV
| Phase space: generating configuration ...
| Phase space: ... success.
| Phase space: writing configuration file 'tt_prod.i1.phs'
| ------------------------------------------------------------------------
| Process [scattering]: 'tt_prod'
|   Library name  = 'default_lib'
|   Process index = 1
|   Process components:
|     1: 'tt_prod_i1':   e-, e+ => t, tbar [omega]
| ------------------------------------------------------------------------
| Phase space: 1 channels, 2 dimensions
| Phase space: found 1 channel, collected in 1 grove.
| Phase space: Using 1 equivalence between channels.
| Phase space: wood
Warning: No cuts have been defined.
| OpenMP: Using 1 thread
| Starting integration for process 'tt_prod'
| Integrate: iterations = 5:20000:"gw", 5:50000
| Integrator: 1 chains, 1 channels, 2 dimensions
| Integrator: Using VAMP channel equivalences
| Integrator: 20000 initial calls, 20 bins, stratified = T
| Integrator: VAMP
|=============================================================================|
| It      Calls  Integral[fb]  Error[fb]   Err[%]    Acc  Eff[%]   Chi2 N[It] |
|=============================================================================|
   1      18432  1.5381934E+03  6.03E-02    0.00    0.01*  49.43
   2      18432  1.5380866E+03  5.21E-02    0.00    0.00*  81.91
   3      18432  1.5381008E+03  5.09E-02    0.00    0.00*  60.51
   4      18432  1.5381101E+03  5.08E-02    0.00    0.00*  77.38
   5      18432  1.5380803E+03  5.06E-02    0.00    0.00*  63.43
|-----------------------------------------------------------------------------|
   5      92160  1.5381096E+03  2.35E-02    0.00    0.00   63.43    0.62   5
|-----------------------------------------------------------------------------|
   6      49968  1.5380870E+03  2.02E-02    0.00    0.00*  63.43
   7      49968  1.5380890E+03  2.02E-02    0.00    0.00   63.43
   8      49968  1.5381041E+03  2.03E-02    0.00    0.00   63.43
   9      49968  1.5380705E+03  2.03E-02    0.00    0.00   63.43
  10      49968  1.5381377E+03  2.03E-02    0.00    0.00   63.43
|-----------------------------------------------------------------------------|
  10     249840  1.5380976E+03  9.06E-03    0.00    0.00   63.43    1.56   5
|=============================================================================|
| Time estimate for generating 10000 events: 0d:00h:00m:00s
| Unstable particle t: computed branching ratios:
|   t_decay: 1.0000000E+00   b, e+, nue
|   Total width = 1.6383307E-01 GeV (computed)
|               = 1.5230000E+00 GeV (preset)
|   Decay options: helicity treated exactly
| Unstable particle tbar: computed branching ratios:
|   tbar_decay: 1.0000000E+00   bbar, mu-, numubar
|   Total width = 1.6322317E-01 GeV (computed)
|               = 1.5230000E+00 GeV (preset)
|   Decay options: helicity treated exactly
seed = 111001
n_events = 10000
$sample = "ee_ttbar_emu_LR100_sc_500GeV"
?polarized_events = true
| Starting simulation for process 'tt_prod'
| Simulate: using integration grids from file 'tt_prod.m1.vg'
| Simulate: activating decays
| Simulate: using integration grids from file 't_decay.m1.vg'
| Simulate: using integration grids from file 'tbar_decay.m1.vg'
| RNG: Initializing TAO random-number generator
| RNG: Setting seed for random-number generator to 12697
| OpenMP: Using 1 thread
| Simulation: requested number of events = 10000
|             corr. to luminosity [fb-1] =   6.5015E+00
| Events: writing to LHEF file 'ee_ttbar_emu_LR100_sc_500GeV.lhe'
| Events: writing to raw file 'ee_ttbar_emu_LR100_sc_500GeV.evx'
| Events: generating 10000 unweighted, polarized events ...
| Events: event normalization mode '1'
|         ... event sample complete.
| Events: actual unweighting efficiency =  63.60 %
Warning: Encountered events with excess weight: 1 events (  0.010 %)
| Maximum excess weight = 1.013E-05
| Average excess weight = 1.013E-09
| Events: closing LHEF file 'ee_ttbar_emu_LR100_sc_500GeV.lhe'
| Events: closing raw file 'ee_ttbar_emu_LR100_sc_500GeV.evx'
| There were no errors and    4 warning(s).
| WHIZARD run finished.
|=============================================================================|
