000 (6053098.000.000) 08/17 01:09:23 Job submitted from host: <188.185.133.2:9618?addrs=188.185.133.2-9618+[2001-1458-d03-2--100-208]-9618&alias=bigbird102.cern.ch&noUDP&sock=schedd_5723_1498>
    DAG Node: P_A11_S7
...
040 (6053098.000.000) 08/17 01:11:41 Started transferring input files
	Transferring to host: <188.185.192.64:9618?addrs=188.185.192.64-9618+[2001-1458-303-1f--100-3c]-9618&alias=b9p13p4717.cern.ch&noUDP&sock=slot1_30_10678_5deb_29834>
...
040 (6053098.000.000) 08/17 01:11:41 Finished transferring input files
...
001 (6053098.000.000) 08/17 01:11:42 Job executing on host: <188.185.192.64:9618?addrs=188.185.192.64-9618+[2001-1458-303-1f--100-3c]-9618&alias=b9p13p4717.cern.ch&noUDP&sock=startd_8916_367e>
	SlotName: slot1_30@b9p13p4717.cern.ch
	CondorScratchDir = "/pool/condor/dir_277686"
	Cpus = 1
	Disk = 6146536
	GPUs = 0
	Memory = 3000
...
006 (6053098.000.000) 08/17 01:11:42 Image size of job updated: 316
	0  -  MemoryUsage of job (MB)
	0  -  ResidentSetSize of job (KB)
...
040 (6053098.000.000) 08/17 01:11:42 Started transferring output files
...
040 (6053098.000.000) 08/17 01:11:42 Finished transferring output files
...
005 (6053098.000.000) 08/17 01:11:43 Job terminated.
	(1) Normal termination (return value 1)
		Usr 0 00:00:00, Sys 0 00:00:00  -  Run Remote Usage
		Usr 0 00:00:00, Sys 0 00:00:00  -  Run Local Usage
		Usr 0 00:00:00, Sys 0 00:00:00  -  Total Remote Usage
		Usr 0 00:00:00, Sys 0 00:00:00  -  Total Local Usage
	78  -  Run Bytes Sent By Job
	7129  -  Run Bytes Received By Job
	78  -  Total Bytes Sent By Job
	7129  -  Total Bytes Received By Job
	Partitionable Resources :    Usage  Request Allocated 
	   Cpus                 :        0        1         1 
	   Disk (KB)            :       38  6144000   6146536 
	   GPUs                 :                           0 
	   Memory (MB)          :        0     3000      3000 
	   TimeExecute (s)      :        0                    
	   TimeSlotBusy (s)     :        2                    
...
