000 (6053096.000.000) 08/17 01:09:23 Job submitted from host: <188.185.133.2:9618?addrs=188.185.133.2-9618+[2001-1458-d03-2--100-208]-9618&alias=bigbird102.cern.ch&noUDP&sock=schedd_5723_1498>
    DAG Node: P_A11_S5
...
040 (6053096.000.000) 08/17 01:11:41 Started transferring input files
	Transferring to host: <188.185.193.127:9618?addrs=188.185.193.127-9618+[2001-1458-303-20--100-7b]-9618&alias=b9p19p4258.cern.ch&noUDP&sock=slot1_15_4419_55cd_30717>
...
040 (6053096.000.000) 08/17 01:11:41 Finished transferring input files
...
001 (6053096.000.000) 08/17 01:11:42 Job executing on host: <188.185.193.127:9618?addrs=188.185.193.127-9618+[2001-1458-303-20--100-7b]-9618&alias=b9p19p4258.cern.ch&noUDP&sock=startd_3227_0835>
	SlotName: slot1_15@b9p19p4258.cern.ch
	CondorScratchDir = "/pool/condor/dir_3620434"
	Cpus = 1
	Disk = 6146680
	GPUs = 0
	Memory = 3000
...
006 (6053096.000.000) 08/17 01:11:42 Image size of job updated: 260
	0  -  MemoryUsage of job (MB)
	0  -  ResidentSetSize of job (KB)
...
040 (6053096.000.000) 08/17 01:11:42 Started transferring output files
...
040 (6053096.000.000) 08/17 01:11:42 Finished transferring output files
...
005 (6053096.000.000) 08/17 01:11:43 Job terminated.
	(1) Normal termination (return value 1)
		Usr 0 00:00:00, Sys 0 00:00:00  -  Run Remote Usage
		Usr 0 00:00:00, Sys 0 00:00:00  -  Run Local Usage
		Usr 0 00:00:00, Sys 0 00:00:00  -  Total Remote Usage
		Usr 0 00:00:00, Sys 0 00:00:00  -  Total Local Usage
	79  -  Run Bytes Sent By Job
	7129  -  Run Bytes Received By Job
	79  -  Total Bytes Sent By Job
	7129  -  Total Bytes Received By Job
	Partitionable Resources :    Usage  Request Allocated 
	   Cpus                 :        0        1         1 
	   Disk (KB)            :       37  6144000   6146680 
	   GPUs                 :                           0 
	   Memory (MB)          :        0     3000      3000 
	   TimeExecute (s)      :        0                    
	   TimeSlotBusy (s)     :        2                    
...
