000 (6053014.000.000) 08/17 01:09:21 Job submitted from host: <188.185.133.2:9618?addrs=188.185.133.2-9618+[2001-1458-d03-2--100-208]-9618&alias=bigbird102.cern.ch&noUDP&sock=schedd_5723_1498>
    DAG Node: P_A01_S3
...
040 (6053014.000.000) 08/17 01:11:14 Started transferring input files
	Transferring to host: <188.185.192.96:9618?addrs=188.185.192.96-9618+[2001-1458-303-1f--100-5c]-9618&alias=b9p13p7489.cern.ch&noUDP&sock=slot1_17_6258_13b8_30782>
...
040 (6053014.000.000) 08/17 01:11:14 Finished transferring input files
...
001 (6053014.000.000) 08/17 01:11:15 Job executing on host: <188.185.192.96:9618?addrs=188.185.192.96-9618+[2001-1458-303-1f--100-5c]-9618&alias=b9p13p7489.cern.ch&noUDP&sock=startd_4689_d7ab>
	SlotName: slot1_17@b9p13p7489.cern.ch
	CondorScratchDir = "/pool/condor/dir_2139330"
	Cpus = 1
	Disk = 6146832
	GPUs = 0
	Memory = 3000
...
006 (6053014.000.000) 08/17 01:11:16 Image size of job updated: 104
	0  -  MemoryUsage of job (MB)
	0  -  ResidentSetSize of job (KB)
...
040 (6053014.000.000) 08/17 01:11:16 Started transferring output files
...
040 (6053014.000.000) 08/17 01:11:16 Finished transferring output files
...
005 (6053014.000.000) 08/17 01:11:16 Job terminated.
	(1) Normal termination (return value 1)
		Usr 0 00:00:00, Sys 0 00:00:00  -  Run Remote Usage
		Usr 0 00:00:00, Sys 0 00:00:00  -  Run Local Usage
		Usr 0 00:00:00, Sys 0 00:00:00  -  Total Remote Usage
		Usr 0 00:00:00, Sys 0 00:00:00  -  Total Local Usage
	79  -  Run Bytes Sent By Job
	7129  -  Run Bytes Received By Job
	79  -  Total Bytes Sent By Job
	7129  -  Total Bytes Received By Job
	Partitionable Resources :    Usage  Request Allocated 
	   Cpus                 :        0        1         1 
	   Disk (KB)            :       38  6144000   6146832 
	   GPUs                 :                           0 
	   Memory (MB)          :        0     3000      3000 
	   TimeExecute (s)      :        1                    
	   TimeSlotBusy (s)     :        3                    
...
