000 (6053100.000.000) 08/17 01:09:23 Job submitted from host: <188.185.133.2:9618?addrs=188.185.133.2-9618+[2001-1458-d03-2--100-208]-9618&alias=bigbird102.cern.ch&noUDP&sock=schedd_5723_1498>
    DAG Node: P_A12_S1
...
040 (6053100.000.000) 08/17 01:11:51 Started transferring input files
	Transferring to host: <188.185.195.8:9618?addrs=188.185.195.8-9618+[2001-1458-303-22--100-4]-9618&alias=b9p17p3223.cern.ch&noUDP&sock=slot1_12_3947_c4ba_31803>
...
040 (6053100.000.000) 08/17 01:11:51 Finished transferring input files
...
001 (6053100.000.000) 08/17 01:11:52 Job executing on host: <188.185.195.8:9618?addrs=188.185.195.8-9618+[2001-1458-303-22--100-4]-9618&alias=b9p17p3223.cern.ch&noUDP&sock=startd_3902_06a2>
	SlotName: slot1_12@b9p17p3223.cern.ch
	CondorScratchDir = "/pool/condor/dir_3316208"
	Cpus = 1
	Disk = 6146630
	GPUs = 0
	Memory = 3000
...
006 (6053100.000.000) 08/17 01:11:54 Image size of job updated: 248
	0  -  MemoryUsage of job (MB)
	0  -  ResidentSetSize of job (KB)
...
040 (6053100.000.000) 08/17 01:11:54 Started transferring output files
...
040 (6053100.000.000) 08/17 01:11:54 Finished transferring output files
...
005 (6053100.000.000) 08/17 01:11:54 Job terminated.
	(1) Normal termination (return value 1)
		Usr 0 00:00:00, Sys 0 00:00:00  -  Run Remote Usage
		Usr 0 00:00:00, Sys 0 00:00:00  -  Run Local Usage
		Usr 0 00:00:00, Sys 0 00:00:00  -  Total Remote Usage
		Usr 0 00:00:00, Sys 0 00:00:00  -  Total Local Usage
	79  -  Run Bytes Sent By Job
	7129  -  Run Bytes Received By Job
	79  -  Total Bytes Sent By Job
	7129  -  Total Bytes Received By Job
	Partitionable Resources :    Usage  Request Allocated 
	   Cpus                 :        0        1         1 
	   Disk (KB)            :       37  6144000   6146630 
	   GPUs                 :                           0 
	   Memory (MB)          :        0     3000      3000 
	   TimeExecute (s)      :        2                    
	   TimeSlotBusy (s)     :        4                    
...
