000 (6053008.000.000) 08/17 01:09:21 Job submitted from host: <188.185.133.2:9618?addrs=188.185.133.2-9618+[2001-1458-d03-2--100-208]-9618&alias=bigbird102.cern.ch&noUDP&sock=schedd_5723_1498>
    DAG Node: P_A00_S5
...
040 (6053008.000.000) 08/17 01:11:14 Started transferring input files
	Transferring to host: <128.142.161.103:9618?addrs=128.142.161.103-9618+[2001-1458-301-b8--100-25]-9618&alias=b9g03p9337.cern.ch&noUDP&sock=slot1_42_3319_4920_31781>
...
040 (6053008.000.000) 08/17 01:11:14 Finished transferring input files
...
001 (6053008.000.000) 08/17 01:11:15 Job executing on host: <128.142.161.103:9618?addrs=128.142.161.103-9618+[2001-1458-301-b8--100-25]-9618&alias=b9g03p9337.cern.ch&noUDP&sock=startd_2641_15b5>
	SlotName: slot1_42@b9g03p9337.cern.ch
	CondorScratchDir = "/pool/condor/dir_2748811"
	Cpus = 1
	Disk = 6146876
	GPUs = 0
	Memory = 3000
...
006 (6053008.000.000) 08/17 01:11:18 Image size of job updated: 372
	0  -  MemoryUsage of job (MB)
	0  -  ResidentSetSize of job (KB)
...
040 (6053008.000.000) 08/17 01:11:18 Started transferring output files
...
040 (6053008.000.000) 08/17 01:11:18 Finished transferring output files
...
005 (6053008.000.000) 08/17 01:11:18 Job terminated.
	(1) Normal termination (return value 1)
		Usr 0 00:00:00, Sys 0 00:00:00  -  Run Remote Usage
		Usr 0 00:00:00, Sys 0 00:00:00  -  Run Local Usage
		Usr 0 00:00:00, Sys 0 00:00:00  -  Total Remote Usage
		Usr 0 00:00:00, Sys 0 00:00:00  -  Total Local Usage
	79  -  Run Bytes Sent By Job
	7129  -  Run Bytes Received By Job
	79  -  Total Bytes Sent By Job
	7129  -  Total Bytes Received By Job
	Partitionable Resources :    Usage  Request Allocated 
	   Cpus                 :        0        1         1 
	   Disk (KB)            :       37  6144000   6146876 
	   GPUs                 :                           0 
	   Memory (MB)          :        0     3000      3000 
	   TimeExecute (s)      :        3                    
	   TimeSlotBusy (s)     :        6                    
...
