000 (6053017.000.000) 08/17 01:09:21 Job submitted from host: <188.185.133.2:9618?addrs=188.185.133.2-9618+[2001-1458-d03-2--100-208]-9618&alias=bigbird102.cern.ch&noUDP&sock=schedd_5723_1498>
    DAG Node: P_A01_S6
...
040 (6053017.000.000) 08/17 01:11:15 Started transferring input files
	Transferring to host: <188.185.192.67:9618?addrs=188.185.192.67-9618+[2001-1458-303-1f--100-3f]-9618&alias=b9p13p9348.cern.ch&noUDP&sock=slot1_27_8156_63c5_31575>
...
040 (6053017.000.000) 08/17 01:11:15 Finished transferring input files
...
001 (6053017.000.000) 08/17 01:11:16 Job executing on host: <188.185.192.67:9618?addrs=188.185.192.67-9618+[2001-1458-303-1f--100-3f]-9618&alias=b9p13p9348.cern.ch&noUDP&sock=startd_6935_6961>
	SlotName: slot1_27@b9p13p9348.cern.ch
	CondorScratchDir = "/pool/condor/dir_495812"
	Cpus = 1
	Disk = 6146816
	GPUs = 0
	Memory = 3000
...
006 (6053017.000.000) 08/17 01:11:17 Image size of job updated: 260
	0  -  MemoryUsage of job (MB)
	0  -  ResidentSetSize of job (KB)
...
040 (6053017.000.000) 08/17 01:11:17 Started transferring output files
...
040 (6053017.000.000) 08/17 01:11:17 Finished transferring output files
...
005 (6053017.000.000) 08/17 01:11:17 Job terminated.
	(1) Normal termination (return value 1)
		Usr 0 00:00:00, Sys 0 00:00:00  -  Run Remote Usage
		Usr 0 00:00:00, Sys 0 00:00:00  -  Run Local Usage
		Usr 0 00:00:00, Sys 0 00:00:00  -  Total Remote Usage
		Usr 0 00:00:00, Sys 0 00:00:00  -  Total Local Usage
	78  -  Run Bytes Sent By Job
	7129  -  Run Bytes Received By Job
	78  -  Total Bytes Sent By Job
	7129  -  Total Bytes Received By Job
	Partitionable Resources :    Usage  Request Allocated 
	   Cpus                 :        0        1         1 
	   Disk (KB)            :       37  6144000   6146816 
	   GPUs                 :                           0 
	   Memory (MB)          :        0     3000      3000 
	   TimeExecute (s)      :        1                    
	   TimeSlotBusy (s)     :        3                    
...
