000 (6053031.000.000) 08/17 01:09:21 Job submitted from host: <188.185.133.2:9618?addrs=188.185.133.2-9618+[2001-1458-d03-2--100-208]-9618&alias=bigbird102.cern.ch&noUDP&sock=schedd_5723_1498>
    DAG Node: P_A03_S4
...
040 (6053031.000.000) 08/17 01:11:20 Started transferring input files
	Transferring to host: <188.185.194.36:9618?addrs=188.185.194.36-9618+[2001-1458-303-21--100-20]-9618&alias=b9p20p9229.cern.ch&noUDP&sock=slot1_13_6451_101f_32033>
...
040 (6053031.000.000) 08/17 01:11:20 Finished transferring input files
...
001 (6053031.000.000) 08/17 01:11:21 Job executing on host: <188.185.194.36:9618?addrs=188.185.194.36-9618+[2001-1458-303-21--100-20]-9618&alias=b9p20p9229.cern.ch&noUDP&sock=startd_5923_4389>
	SlotName: slot1_13@b9p20p9229.cern.ch
	CondorScratchDir = "/pool/condor/dir_3712008"
	Cpus = 1
	Disk = 6146770
	GPUs = 0
	Memory = 3000
...
006 (6053031.000.000) 08/17 01:11:22 Image size of job updated: 236
	0  -  MemoryUsage of job (MB)
	0  -  ResidentSetSize of job (KB)
...
040 (6053031.000.000) 08/17 01:11:22 Started transferring output files
...
040 (6053031.000.000) 08/17 01:11:22 Finished transferring output files
...
005 (6053031.000.000) 08/17 01:11:22 Job terminated.
	(1) Normal termination (return value 1)
		Usr 0 00:00:00, Sys 0 00:00:00  -  Run Remote Usage
		Usr 0 00:00:00, Sys 0 00:00:00  -  Run Local Usage
		Usr 0 00:00:00, Sys 0 00:00:00  -  Total Remote Usage
		Usr 0 00:00:00, Sys 0 00:00:00  -  Total Local Usage
	79  -  Run Bytes Sent By Job
	7129  -  Run Bytes Received By Job
	79  -  Total Bytes Sent By Job
	7129  -  Total Bytes Received By Job
	Partitionable Resources :    Usage  Request Allocated 
	   Cpus                 :        0        1         1 
	   Disk (KB)            :       37  6144000   6146770 
	   GPUs                 :                           0 
	   Memory (MB)          :        0     3000      3000 
	   TimeExecute (s)      :        1                    
	   TimeSlotBusy (s)     :        3                    
...
