000 (6053090.000.000) 08/17 01:09:22 Job submitted from host: <188.185.133.2:9618?addrs=188.185.133.2-9618+[2001-1458-d03-2--100-208]-9618&alias=bigbird102.cern.ch&noUDP&sock=schedd_5723_1498>
    DAG Node: P_A10_S7
...
040 (6053090.000.000) 08/17 01:11:38 Started transferring input files
	Transferring to host: <128.142.248.79:9618?addrs=128.142.248.79-9618+[2001-1458-301-73--100-13f]-9618&alias=b9g23p1840.cern.ch&noUDP&sock=slot1_31_4038_e2dd_22889>
...
040 (6053090.000.000) 08/17 01:11:38 Finished transferring input files
...
001 (6053090.000.000) 08/17 01:11:39 Job executing on host: <128.142.248.79:9618?addrs=128.142.248.79-9618+[2001-1458-301-73--100-13f]-9618&alias=b9g23p1840.cern.ch&noUDP&sock=startd_3575_bb2a>
	SlotName: slot1_31@b9g23p1840.cern.ch
	CondorScratchDir = "/pool/condor/dir_847458"
	Cpus = 1
	Disk = 6147537
	GPUs = 0
	Memory = 3000
...
006 (6053090.000.000) 08/17 01:11:40 Image size of job updated: 288
	0  -  MemoryUsage of job (MB)
	0  -  ResidentSetSize of job (KB)
...
040 (6053090.000.000) 08/17 01:11:40 Started transferring output files
...
040 (6053090.000.000) 08/17 01:11:40 Finished transferring output files
...
005 (6053090.000.000) 08/17 01:11:40 Job terminated.
	(1) Normal termination (return value 1)
		Usr 0 00:00:00, Sys 0 00:00:00  -  Run Remote Usage
		Usr 0 00:00:00, Sys 0 00:00:00  -  Run Local Usage
		Usr 0 00:00:00, Sys 0 00:00:00  -  Total Remote Usage
		Usr 0 00:00:00, Sys 0 00:00:00  -  Total Local Usage
	78  -  Run Bytes Sent By Job
	7129  -  Run Bytes Received By Job
	78  -  Total Bytes Sent By Job
	7129  -  Total Bytes Received By Job
	Partitionable Resources :    Usage  Request Allocated 
	   Cpus                 :        0        1         1 
	   Disk (KB)            :       38  6144000   6147537 
	   GPUs                 :                           0 
	   Memory (MB)          :        0     3000      3000 
	   TimeExecute (s)      :        1                    
	   TimeSlotBusy (s)     :        2                    
...
