000 (6053119.000.000) 08/17 01:09:28 Job submitted from host: <188.185.133.2:9618?addrs=188.185.133.2-9618+[2001-1458-d03-2--100-208]-9618&alias=bigbird102.cern.ch&noUDP&sock=schedd_5723_1498>
    DAG Node: P_A14_S4
...
040 (6053119.000.000) 08/17 01:11:47 Started transferring input files
	Transferring to host: <188.185.196.136:9618?addrs=188.185.196.136-9618+[2001-1458-303-23--100-84]-9618&alias=b9p16p7012.cern.ch&noUDP&sock=slot1_12_6034_3fae_31358>
...
040 (6053119.000.000) 08/17 01:11:47 Finished transferring input files
...
001 (6053119.000.000) 08/17 01:11:48 Job executing on host: <188.185.196.136:9618?addrs=188.185.196.136-9618+[2001-1458-303-23--100-84]-9618&alias=b9p16p7012.cern.ch&noUDP&sock=startd_4860_225d>
	SlotName: slot1_12@b9p16p7012.cern.ch
	CondorScratchDir = "/pool/condor/dir_3763173"
	Cpus = 1
	Disk = 6146757
	GPUs = 0
	Memory = 3000
...
006 (6053119.000.000) 08/17 01:11:49 Image size of job updated: 316
	0  -  MemoryUsage of job (MB)
	0  -  ResidentSetSize of job (KB)
...
040 (6053119.000.000) 08/17 01:11:49 Started transferring output files
...
040 (6053119.000.000) 08/17 01:11:49 Finished transferring output files
...
005 (6053119.000.000) 08/17 01:11:49 Job terminated.
	(1) Normal termination (return value 1)
		Usr 0 00:00:00, Sys 0 00:00:00  -  Run Remote Usage
		Usr 0 00:00:00, Sys 0 00:00:00  -  Run Local Usage
		Usr 0 00:00:00, Sys 0 00:00:00  -  Total Remote Usage
		Usr 0 00:00:00, Sys 0 00:00:00  -  Total Local Usage
	79  -  Run Bytes Sent By Job
	7129  -  Run Bytes Received By Job
	79  -  Total Bytes Sent By Job
	7129  -  Total Bytes Received By Job
	Partitionable Resources :    Usage  Request Allocated 
	   Cpus                 :        0        1         1 
	   Disk (KB)            :       37  6144000   6146757 
	   GPUs                 :                           0 
	   Memory (MB)          :        0     3000      3000 
	   TimeExecute (s)      :        1                    
	   TimeSlotBusy (s)     :        3                    
...
