000 (6053092.000.000) 08/17 01:09:22 Job submitted from host: <188.185.133.2:9618?addrs=188.185.133.2-9618+[2001-1458-d03-2--100-208]-9618&alias=bigbird102.cern.ch&noUDP&sock=schedd_5723_1498>
    DAG Node: P_A11_S1
...
040 (6053092.000.000) 08/17 01:11:39 Started transferring input files
	Transferring to host: <188.185.192.105:9618?addrs=188.185.192.105-9618+[2001-1458-303-1f--100-65]-9618&alias=b9p13p2526.cern.ch&noUDP&sock=slot1_19_3481_6de7_30576>
...
040 (6053092.000.000) 08/17 01:11:39 Finished transferring input files
...
001 (6053092.000.000) 08/17 01:11:40 Job executing on host: <188.185.192.105:9618?addrs=188.185.192.105-9618+[2001-1458-303-1f--100-65]-9618&alias=b9p13p2526.cern.ch&noUDP&sock=startd_2727_12da>
	SlotName: slot1_19@b9p13p2526.cern.ch
	CondorScratchDir = "/pool/condor/dir_1238116"
	Cpus = 1
	Disk = 6146812
	GPUs = 0
	Memory = 3000
...
006 (6053092.000.000) 08/17 01:11:41 Image size of job updated: 188
	0  -  MemoryUsage of job (MB)
	0  -  ResidentSetSize of job (KB)
...
040 (6053092.000.000) 08/17 01:11:41 Started transferring output files
...
040 (6053092.000.000) 08/17 01:11:41 Finished transferring output files
...
005 (6053092.000.000) 08/17 01:11:41 Job terminated.
	(1) Normal termination (return value 1)
		Usr 0 00:00:00, Sys 0 00:00:00  -  Run Remote Usage
		Usr 0 00:00:00, Sys 0 00:00:00  -  Run Local Usage
		Usr 0 00:00:00, Sys 0 00:00:00  -  Total Remote Usage
		Usr 0 00:00:00, Sys 0 00:00:00  -  Total Local Usage
	79  -  Run Bytes Sent By Job
	7129  -  Run Bytes Received By Job
	79  -  Total Bytes Sent By Job
	7129  -  Total Bytes Received By Job
	Partitionable Resources :    Usage  Request Allocated 
	   Cpus                 :        0        1         1 
	   Disk (KB)            :       38  6144000   6146812 
	   GPUs                 :                           0 
	   Memory (MB)          :        0     3000      3000 
	   TimeExecute (s)      :        1                    
	   TimeSlotBusy (s)     :        3                    
...
