000 (6053057.000.000) 08/17 01:09:22 Job submitted from host: <188.185.133.2:9618?addrs=188.185.133.2-9618+[2001-1458-d03-2--100-208]-9618&alias=bigbird102.cern.ch&noUDP&sock=schedd_5723_1498>
    DAG Node: P_A06_S6
...
040 (6053057.000.000) 08/17 01:11:28 Started transferring input files
	Transferring to host: <188.185.197.144:9618?addrs=188.185.197.144-9618+[2001-1458-303-24--100-8c]-9618&alias=b9p14p2427.cern.ch&noUDP&sock=slot1_4_4743_9f5a_23823>
...
040 (6053057.000.000) 08/17 01:11:28 Finished transferring input files
...
001 (6053057.000.000) 08/17 01:11:29 Job executing on host: <188.185.197.144:9618?addrs=188.185.197.144-9618+[2001-1458-303-24--100-8c]-9618&alias=b9p14p2427.cern.ch&noUDP&sock=startd_3815_59e5>
	SlotName: slot1_4@b9p14p2427.cern.ch
	CondorScratchDir = "/pool/condor/dir_2694187"
	Cpus = 1
	Disk = 6146839
	GPUs = 0
	Memory = 3000
...
006 (6053057.000.000) 08/17 01:11:30 Image size of job updated: 236
	0  -  MemoryUsage of job (MB)
	0  -  ResidentSetSize of job (KB)
...
040 (6053057.000.000) 08/17 01:11:30 Started transferring output files
...
040 (6053057.000.000) 08/17 01:11:30 Finished transferring output files
...
005 (6053057.000.000) 08/17 01:11:30 Job terminated.
	(1) Normal termination (return value 1)
		Usr 0 00:00:00, Sys 0 00:00:00  -  Run Remote Usage
		Usr 0 00:00:00, Sys 0 00:00:00  -  Run Local Usage
		Usr 0 00:00:00, Sys 0 00:00:00  -  Total Remote Usage
		Usr 0 00:00:00, Sys 0 00:00:00  -  Total Local Usage
	79  -  Run Bytes Sent By Job
	7129  -  Run Bytes Received By Job
	79  -  Total Bytes Sent By Job
	7129  -  Total Bytes Received By Job
	Partitionable Resources :    Usage  Request Allocated 
	   Cpus                 :        0        1         1 
	   Disk (KB)            :       37  6144000   6146839 
	   GPUs                 :                           0 
	   Memory (MB)          :        0     3000      3000 
	   TimeExecute (s)      :        1                    
	   TimeSlotBusy (s)     :        3                    
...
