000 (6053027.000.000) 08/17 01:09:21 Job submitted from host: <188.185.133.2:9618?addrs=188.185.133.2-9618+[2001-1458-d03-2--100-208]-9618&alias=bigbird102.cern.ch&noUDP&sock=schedd_5723_1498>
    DAG Node: P_A03_S0
...
040 (6053027.000.000) 08/17 01:11:19 Started transferring input files
	Transferring to host: <128.142.162.24:9618?addrs=128.142.162.24-9618+[2001-1458-301-7b--100-11]-9618&alias=b9g42p1012.cern.ch&noUDP&sock=slot1_1_3546_3a49_22397>
...
040 (6053027.000.000) 08/17 01:11:19 Finished transferring input files
...
001 (6053027.000.000) 08/17 01:11:20 Job executing on host: <128.142.162.24:9618?addrs=128.142.162.24-9618+[2001-1458-301-7b--100-11]-9618&alias=b9g42p1012.cern.ch&noUDP&sock=startd_3364_00af>
	SlotName: slot1_1@b9g42p1012.cern.ch
	CondorScratchDir = "/pool/condor/dir_926379"
	Cpus = 1
	Disk = 6146783
	GPUs = 0
	Memory = 3000
...
006 (6053027.000.000) 08/17 01:11:21 Image size of job updated: 20
	0  -  MemoryUsage of job (MB)
	0  -  ResidentSetSize of job (KB)
...
040 (6053027.000.000) 08/17 01:11:21 Started transferring output files
...
040 (6053027.000.000) 08/17 01:11:21 Finished transferring output files
...
005 (6053027.000.000) 08/17 01:11:21 Job terminated.
	(1) Normal termination (return value 1)
		Usr 0 00:00:00, Sys 0 00:00:00  -  Run Remote Usage
		Usr 0 00:00:00, Sys 0 00:00:00  -  Run Local Usage
		Usr 0 00:00:00, Sys 0 00:00:00  -  Total Remote Usage
		Usr 0 00:00:00, Sys 0 00:00:00  -  Total Local Usage
	78  -  Run Bytes Sent By Job
	7129  -  Run Bytes Received By Job
	78  -  Total Bytes Sent By Job
	7129  -  Total Bytes Received By Job
	Partitionable Resources :    Usage  Request Allocated 
	   Cpus                 :        0        1         1 
	   Disk (KB)            :       37  6144000   6146783 
	   GPUs                 :                           0 
	   Memory (MB)          :        0     3000      3000 
	   TimeExecute (s)      :        1                    
	   TimeSlotBusy (s)     :        3                    
...
