000 (6053011.000.000) 08/17 01:09:21 Job submitted from host: <188.185.133.2:9618?addrs=188.185.133.2-9618+[2001-1458-d03-2--100-208]-9618&alias=bigbird102.cern.ch&noUDP&sock=schedd_5723_1498>
    DAG Node: P_A01_S0
...
040 (6053011.000.000) 08/17 01:11:13 Started transferring input files
	Transferring to host: <128.142.33.49:9618?addrs=128.142.33.49-9618+[2001-1458-301-53--100-2e]-9618&alias=b9g34p0153.cern.ch&noUDP&sock=slot1_7_3213_995c_29996>
...
040 (6053011.000.000) 08/17 01:11:13 Finished transferring input files
...
001 (6053011.000.000) 08/17 01:11:14 Job executing on host: <128.142.33.49:9618?addrs=128.142.33.49-9618+[2001-1458-301-53--100-2e]-9618&alias=b9g34p0153.cern.ch&noUDP&sock=startd_2489_d350>
	SlotName: slot1_7@b9g34p0153.cern.ch
	CondorScratchDir = "/pool/condor/dir_588023"
	Cpus = 1
	Disk = 6146799
	GPUs = 0
	Memory = 3000
...
006 (6053011.000.000) 08/17 01:11:15 Image size of job updated: 172
	0  -  MemoryUsage of job (MB)
	0  -  ResidentSetSize of job (KB)
...
040 (6053011.000.000) 08/17 01:11:15 Started transferring output files
...
040 (6053011.000.000) 08/17 01:11:15 Finished transferring output files
...
005 (6053011.000.000) 08/17 01:11:15 Job terminated.
	(1) Normal termination (return value 1)
		Usr 0 00:00:00, Sys 0 00:00:00  -  Run Remote Usage
		Usr 0 00:00:00, Sys 0 00:00:00  -  Run Local Usage
		Usr 0 00:00:00, Sys 0 00:00:00  -  Total Remote Usage
		Usr 0 00:00:00, Sys 0 00:00:00  -  Total Local Usage
	78  -  Run Bytes Sent By Job
	7129  -  Run Bytes Received By Job
	78  -  Total Bytes Sent By Job
	7129  -  Total Bytes Received By Job
	Partitionable Resources :    Usage  Request Allocated 
	   Cpus                 :        0        1         1 
	   Disk (KB)            :       37  6144000   6146799 
	   GPUs                 :                           0 
	   Memory (MB)          :        0     3000      3000 
	   TimeExecute (s)      :        1                    
	   TimeSlotBusy (s)     :        3                    
...
