000 (6053021.000.000) 08/17 01:09:21 Job submitted from host: <188.185.133.2:9618?addrs=188.185.133.2-9618+[2001-1458-d03-2--100-208]-9618&alias=bigbird102.cern.ch&noUDP&sock=schedd_5723_1498>
    DAG Node: P_A02_S2
...
040 (6053021.000.000) 08/17 01:11:17 Started transferring input files
	Transferring to host: <188.185.197.60:9618?addrs=188.185.197.60-9618+[2001-1458-303-24--100-38]-9618&alias=b9p14p0206.cern.ch&noUDP&sock=slot1_40_4192_64a4_23047>
...
040 (6053021.000.000) 08/17 01:11:17 Finished transferring input files
...
001 (6053021.000.000) 08/17 01:11:18 Job executing on host: <188.185.197.60:9618?addrs=188.185.197.60-9618+[2001-1458-303-24--100-38]-9618&alias=b9p14p0206.cern.ch&noUDP&sock=startd_3051_4f8a>
	SlotName: slot1_40@b9p14p0206.cern.ch
	CondorScratchDir = "/pool/condor/dir_381307"
	Cpus = 1
	Disk = 6146795
	GPUs = 0
	Memory = 3000
...
006 (6053021.000.000) 08/17 01:11:19 Image size of job updated: 344
	0  -  MemoryUsage of job (MB)
	0  -  ResidentSetSize of job (KB)
...
040 (6053021.000.000) 08/17 01:11:19 Started transferring output files
...
040 (6053021.000.000) 08/17 01:11:19 Finished transferring output files
...
005 (6053021.000.000) 08/17 01:11:19 Job terminated.
	(1) Normal termination (return value 1)
		Usr 0 00:00:00, Sys 0 00:00:00  -  Run Remote Usage
		Usr 0 00:00:00, Sys 0 00:00:00  -  Run Local Usage
		Usr 0 00:00:00, Sys 0 00:00:00  -  Total Remote Usage
		Usr 0 00:00:00, Sys 0 00:00:00  -  Total Local Usage
	78  -  Run Bytes Sent By Job
	7129  -  Run Bytes Received By Job
	78  -  Total Bytes Sent By Job
	7129  -  Total Bytes Received By Job
	Partitionable Resources :    Usage  Request Allocated 
	   Cpus                 :        0        1         1 
	   Disk (KB)            :       37  6144000   6146795 
	   GPUs                 :                           0 
	   Memory (MB)          :        0     3000      3000 
	   TimeExecute (s)      :        1                    
	   TimeSlotBusy (s)     :        3                    
...
