000 (6053129.000.000) 08/17 01:09:28 Job submitted from host: <188.185.133.2:9618?addrs=188.185.133.2-9618+[2001-1458-d03-2--100-208]-9618&alias=bigbird102.cern.ch&noUDP&sock=schedd_5723_1498>
    DAG Node: L_FCCLEGACY_S6
...
040 (6053129.000.000) 08/17 01:11:52 Started transferring input files
	Transferring to host: <128.142.248.176:9618?addrs=128.142.248.176-9618+[2001-1458-301-73--100-af]-9618&alias=b9g23p9233.cern.ch&noUDP&sock=slot1_31_7574_516d_23199>
...
040 (6053129.000.000) 08/17 01:11:52 Finished transferring input files
...
001 (6053129.000.000) 08/17 01:11:53 Job executing on host: <128.142.248.176:9618?addrs=128.142.248.176-9618+[2001-1458-301-73--100-af]-9618&alias=b9g23p9233.cern.ch&noUDP&sock=startd_6676_c25a>
	SlotName: slot1_31@b9g23p9233.cern.ch
	CondorScratchDir = "/pool/condor/dir_1065829"
	Cpus = 1
	Disk = 6146548
	GPUs = 0
	Memory = 3000
...
006 (6053129.000.000) 08/17 01:11:53 Image size of job updated: 228
	0  -  MemoryUsage of job (MB)
	0  -  ResidentSetSize of job (KB)
...
040 (6053129.000.000) 08/17 01:11:53 Started transferring output files
...
040 (6053129.000.000) 08/17 01:11:53 Finished transferring output files
...
005 (6053129.000.000) 08/17 01:11:54 Job terminated.
	(1) Normal termination (return value 1)
		Usr 0 00:00:00, Sys 0 00:00:00  -  Run Remote Usage
		Usr 0 00:00:00, Sys 0 00:00:00  -  Run Local Usage
		Usr 0 00:00:00, Sys 0 00:00:00  -  Total Remote Usage
		Usr 0 00:00:00, Sys 0 00:00:00  -  Total Local Usage
	75  -  Run Bytes Sent By Job
	3370  -  Run Bytes Received By Job
	75  -  Total Bytes Sent By Job
	3370  -  Total Bytes Received By Job
	Partitionable Resources :    Usage  Request Allocated 
	   Cpus                 :        0        1         1 
	   Disk (KB)            :       35  6144000   6146548 
	   GPUs                 :                           0 
	   Memory (MB)          :        0     3000      3000 
	   TimeExecute (s)      :        0                    
	   TimeSlotBusy (s)     :        1                    
...
