000 (6053130.000.000) 08/17 01:09:28 Job submitted from host: <188.185.133.2:9618?addrs=188.185.133.2-9618+[2001-1458-d03-2--100-208]-9618&alias=bigbird102.cern.ch&noUDP&sock=schedd_5723_1498>
    DAG Node: L_FCCLEGACY_S7
...
040 (6053130.000.000) 08/17 01:11:51 Started transferring input files
	Transferring to host: <188.185.194.43:9618?addrs=188.185.194.43-9618+[2001-1458-303-21--100-27]-9618&alias=b9p20p9200.cern.ch&noUDP&sock=slot1_29_4459_84ce_31312>
...
040 (6053130.000.000) 08/17 01:11:51 Finished transferring input files
...
001 (6053130.000.000) 08/17 01:11:52 Job executing on host: <188.185.194.43:9618?addrs=188.185.194.43-9618+[2001-1458-303-21--100-27]-9618&alias=b9p20p9200.cern.ch&noUDP&sock=startd_3316_1423>
	SlotName: slot1_29@b9p20p9200.cern.ch
	CondorScratchDir = "/pool/condor/dir_2435238"
	Cpus = 1
	Disk = 6145320
	GPUs = 0
	Memory = 3000
...
006 (6053130.000.000) 08/17 01:11:52 Image size of job updated: 236
	0  -  MemoryUsage of job (MB)
	0  -  ResidentSetSize of job (KB)
...
040 (6053130.000.000) 08/17 01:11:53 Started transferring output files
...
040 (6053130.000.000) 08/17 01:11:53 Finished transferring output files
...
005 (6053130.000.000) 08/17 01:11:53 Job terminated.
	(1) Normal termination (return value 1)
		Usr 0 00:00:00, Sys 0 00:00:00  -  Run Remote Usage
		Usr 0 00:00:00, Sys 0 00:00:00  -  Run Local Usage
		Usr 0 00:00:00, Sys 0 00:00:00  -  Total Remote Usage
		Usr 0 00:00:00, Sys 0 00:00:00  -  Total Local Usage
	75  -  Run Bytes Sent By Job
	3370  -  Run Bytes Received By Job
	75  -  Total Bytes Sent By Job
	3370  -  Total Bytes Received By Job
	Partitionable Resources :    Usage  Request Allocated 
	   Cpus                 :        0        1         1 
	   Disk (KB)            :       33  6144000   6145320 
	   GPUs                 :                           0 
	   Memory (MB)          :        0     3000      3000 
	   TimeExecute (s)      :        0                    
	   TimeSlotBusy (s)     :        2                    
...
