000 (6053124.000.000) 08/17 01:09:28 Job submitted from host: <188.185.133.2:9618?addrs=188.185.133.2-9618+[2001-1458-d03-2--100-208]-9618&alias=bigbird102.cern.ch&noUDP&sock=schedd_5723_1498>
    DAG Node: L_FCCLEGACY_S1
...
040 (6053124.000.000) 08/17 01:11:49 Started transferring input files
	Transferring to host: <188.185.194.163:9618?addrs=188.185.194.163-9618+[2001-1458-303-21--100-9f]-9618&alias=b9p20p3182.cern.ch&noUDP&sock=slot1_28_6501_4ae1_30840>
...
040 (6053124.000.000) 08/17 01:11:49 Finished transferring input files
...
001 (6053124.000.000) 08/17 01:11:50 Job executing on host: <188.185.194.163:9618?addrs=188.185.194.163-9618+[2001-1458-303-21--100-9f]-9618&alias=b9p20p3182.cern.ch&noUDP&sock=startd_5810_c156>
	SlotName: slot1_28@b9p20p3182.cern.ch
	CondorScratchDir = "/pool/condor/dir_1350242"
	Cpus = 1
	Disk = 6146468
	GPUs = 0
	Memory = 3000
...
006 (6053124.000.000) 08/17 01:11:51 Image size of job updated: 312
	0  -  MemoryUsage of job (MB)
	0  -  ResidentSetSize of job (KB)
...
040 (6053124.000.000) 08/17 01:11:51 Started transferring output files
...
040 (6053124.000.000) 08/17 01:11:51 Finished transferring output files
...
005 (6053124.000.000) 08/17 01:11:51 Job terminated.
	(1) Normal termination (return value 1)
		Usr 0 00:00:00, Sys 0 00:00:00  -  Run Remote Usage
		Usr 0 00:00:00, Sys 0 00:00:00  -  Run Local Usage
		Usr 0 00:00:00, Sys 0 00:00:00  -  Total Remote Usage
		Usr 0 00:00:00, Sys 0 00:00:00  -  Total Local Usage
	75  -  Run Bytes Sent By Job
	3370  -  Run Bytes Received By Job
	75  -  Total Bytes Sent By Job
	3370  -  Total Bytes Received By Job
	Partitionable Resources :    Usage  Request Allocated 
	   Cpus                 :        0        1         1 
	   Disk (KB)            :       34  6144000   6146468 
	   GPUs                 :                           0 
	   Memory (MB)          :        0     3000      3000 
	   TimeExecute (s)      :        1                    
	   TimeSlotBusy (s)     :        3                    
...
